[0.588s] Invoking command in '/home/daniel/code/2025-phd-daniel-guerrero/robot_ws/build/carla_ackermann_msgs': AMENT_PREFIX_PATH=/home/daniel/code/2025-phd-daniel-guerrero/robot_ws/install/carla_msgs:${AMENT_PREFIX_PATH} CMAKE_PREFIX_PATH=/home/daniel/code/2025-phd-daniel-guerrero/robot_ws/install/carla_msgs:/opt/ros/humble LD_LIBRARY_PATH=/home/daniel/code/2025-phd-daniel-guerrero/robot_ws/install/carla_msgs/lib:${LD_LIBRARY_PATH} PYTHONPATH=/home/daniel/code/2025-phd-daniel-guerrero/robot_ws/install/carla_msgs/local/lib/python3.10/dist-packages:${PYTHONPATH} /opt/cmake-3.28.3-linux-x86_64/bin/cmake /home/daniel/code/2025-phd-daniel-guerrero/robot_ws/src/carla_ros/carla_ackermann_msgs -DAMENT_CMAKE_SYMLINK_INSTALL=1 -DCMAKE_INSTALL_PREFIX=/home/daniel/code/2025-phd-daniel-guerrero/robot_ws/install/carla_ackermann_msgs
[1.154s] -- The C compiler identification is GNU 11.4.0
[1.154s] -- The CXX compiler identification is GNU 7.5.0
[1.154s] -- Detecting C compiler ABI info
[1.154s] -- Detecting C compiler ABI info - done
[1.154s] -- Check for working C compiler: /usr/bin/cc - skipped
[1.154s] -- Detecting C compile features
[1.154s] -- Detecting C compile features - done
[1.154s] -- Detecting CXX compiler ABI info
[1.154s] -- Detecting CXX compiler ABI info - done
[1.154s] -- Check for working CXX compiler: /usr/bin/c++ - skipped
[1.154s] -- Detecting CXX compile features
[1.154s] -- Detecting CXX compile features - done
[1.154s] -- Found ros_environment: 3.2.2 (/opt/ros/humble/share/ros_environment/cmake)
[1.154s] -- Found ament_cmake: 1.3.11 (/opt/ros/humble/share/ament_cmake/cmake)
[1.154s] -- Found Python3: /usr/bin/python3 (found version "3.10.12") found components: Interpreter 
[1.154s] -- Override CMake install command with custom implementation using symlinks instead of copying resources
[1.154s] -- Found builtin_interfaces: 1.2.1 (/opt/ros/humble/share/builtin_interfaces/cmake)
[1.155s] -- Found rosidl_generator_c: 3.1.6 (/opt/ros/humble/share/rosidl_generator_c/cmake)
[1.155s] -- Found rosidl_adapter: 3.1.6 (/opt/ros/humble/share/rosidl_adapter/cmake)
[1.155s] -- Found rosidl_generator_cpp: 3.1.6 (/opt/ros/humble/share/rosidl_generator_cpp/cmake)
[1.155s] -- Using all available rosidl_typesupport_c: rosidl_typesupport_fastrtps_c;rosidl_typesupport_introspection_c
[1.155s] -- Using all available rosidl_typesupport_cpp: rosidl_typesupport_fastrtps_cpp;rosidl_typesupport_introspection_cpp
[1.155s] [33mCMake Warning (dev) at CMakeLists.txt:1 (project):
[1.155s]   cmake_minimum_required() should be called prior to this top-level project()
[1.155s]   call.  Please see the cmake-commands(7) manual for usage documentation of
[1.155s]   both commands.
[1.155s] This warning is for project developers.  Use -Wno-dev to suppress it.
[1.155s] [0m
[1.164s] -- Found std_msgs: 4.8.0 (/opt/ros/humble/share/std_msgs/cmake)
[1.179s] -- Found carla_msgs: 1.3.0 (/home/daniel/code/2025-phd-daniel-guerrero/robot_ws/install/carla_msgs/share/carla_msgs/cmake)
[1.237s] -- Found rosidl_default_generators: 1.2.0 (/opt/ros/humble/share/rosidl_default_generators/cmake)
[1.740s] -- Found ament_cmake_cppcheck: 0.12.12 (/opt/ros/humble/share/ament_cmake_cppcheck/cmake)
[1.742s] -- Found ament_cmake_cpplint: 0.12.12 (/opt/ros/humble/share/ament_cmake_cpplint/cmake)
[1.745s] -- Found ament_cmake_uncrustify: 0.12.12 (/opt/ros/humble/share/ament_cmake_uncrustify/cmake)
[1.748s] -- Found ament_cmake_ros: 0.10.0 (/opt/ros/humble/share/ament_cmake_ros/cmake)
[2.691s] -- Using all available rosidl_typesupport_c: rosidl_typesupport_fastrtps_c;rosidl_typesupport_introspection_c
[3.030s] -- Using all available rosidl_typesupport_cpp: rosidl_typesupport_fastrtps_cpp;rosidl_typesupport_introspection_cpp
[3.036s] [33mCMake Warning (dev) at /opt/ros/humble/share/rosidl_generator_py/cmake/rosidl_generator_py_generate_interfaces.cmake:20 (find_package):
[3.036s]   Policy CMP0148 is not set: The FindPythonInterp and FindPythonLibs modules
[3.036s]   are removed.  Run "cmake --help-policy CMP0148" for policy details.  Use
[3.036s]   the cmake_policy command to set the policy and suppress this warning.
[3.036s] 
[3.036s] Call Stack (most recent call first):
[3.036s]   /opt/ros/humble/share/ament_cmake_core/cmake/core/ament_execute_extensions.cmake:48 (include)
[3.036s]   /opt/ros/humble/share/rosidl_cmake/cmake/rosidl_generate_interfaces.cmake:286 (ament_execute_extensions)
[3.036s]   CMakeLists.txt:51 (rosidl_generate_interfaces)
[3.037s] This warning is for project developers.  Use -Wno-dev to suppress it.
[3.037s] [0m
[3.055s] -- Found PythonInterp: /usr/bin/python3 (found suitable version "3.10.12", minimum required is "3.6") 
[3.058s] -- Found python_cmake_module: 0.10.0 (/opt/ros/humble/share/python_cmake_module/cmake)
[3.059s] [33mCMake Warning (dev) at /opt/ros/humble/share/python_cmake_module/cmake/Modules/FindPythonExtra.cmake:52 (find_package):
[3.059s]   Policy CMP0148 is not set: The FindPythonInterp and FindPythonLibs modules
[3.059s]   are removed.  Run "cmake --help-policy CMP0148" for policy details.  Use
[3.059s]   the cmake_policy command to set the policy and suppress this warning.
[3.059s] 
[3.060s] Call Stack (most recent call first):
[3.060s]   /opt/ros/humble/share/rosidl_generator_py/cmake/rosidl_generator_py_generate_interfaces.cmake:23 (find_package)
[3.060s]   /opt/ros/humble/share/ament_cmake_core/cmake/core/ament_execute_extensions.cmake:48 (include)
[3.060s]   /opt/ros/humble/share/rosidl_cmake/cmake/rosidl_generate_interfaces.cmake:286 (ament_execute_extensions)
[3.060s]   CMakeLists.txt:51 (rosidl_generate_interfaces)
[3.060s] This warning is for project developers.  Use -Wno-dev to suppress it.
[3.060s] [0m
[3.078s] [33mCMake Warning (dev) at /opt/ros/humble/share/python_cmake_module/cmake/Modules/FindPythonExtra.cmake:140 (find_package):
[3.078s]   Policy CMP0148 is not set: The FindPythonInterp and FindPythonLibs modules
[3.078s]   are removed.  Run "cmake --help-policy CMP0148" for policy details.  Use
[3.078s]   the cmake_policy command to set the policy and suppress this warning.
[3.078s] 
[3.078s] Call Stack (most recent call first):
[3.078s]   /opt/ros/humble/share/rosidl_generator_py/cmake/rosidl_generator_py_generate_interfaces.cmake:23 (find_package)
[3.078s]   /opt/ros/humble/share/ament_cmake_core/cmake/core/ament_execute_extensions.cmake:48 (include)
[3.078s]   /opt/ros/humble/share/rosidl_cmake/cmake/rosidl_generate_interfaces.cmake:286 (ament_execute_extensions)
[3.078s]   CMakeLists.txt:51 (rosidl_generate_interfaces)
[3.078s] This warning is for project developers.  Use -Wno-dev to suppress it.
[3.079s] [0m
[3.088s] -- Found PythonLibs: /usr/lib/x86_64-linux-gnu/libpython3.10.so (found suitable version "3.10.12", minimum required is "3.5") 
[3.088s] -- Using PYTHON_EXECUTABLE: /usr/bin/python3
[3.088s] -- Using PYTHON_INCLUDE_DIRS: /usr/include/python3.10
[3.089s] -- Using PYTHON_LIBRARIES: /usr/lib/x86_64-linux-gnu/libpython3.10.so
[3.107s] -- Found PythonExtra: .so  
[3.208s] -- Found ament_cmake_flake8: 0.12.12 (/opt/ros/humble/share/ament_cmake_flake8/cmake)
[3.210s] -- Found ament_cmake_pep257: 0.12.12 (/opt/ros/humble/share/ament_cmake_pep257/cmake)
[3.214s] -- Found ament_lint_auto: 0.12.12 (/opt/ros/humble/share/ament_lint_auto/cmake)
[3.229s] -- Added test 'copyright' to check source files copyright and LICENSE
[3.230s] -- Added test 'lint_cmake' to check CMake code style
[3.230s] -- Added test 'xmllint' to check XML markup files
[3.234s] -- Configuring done (2.6s)
[3.284s] -- Generating done (0.0s)
[3.295s] -- Build files have been written to: /home/daniel/code/2025-phd-daniel-guerrero/robot_ws/build/carla_ackermann_msgs
[3.303s] Invoked command in '/home/daniel/code/2025-phd-daniel-guerrero/robot_ws/build/carla_ackermann_msgs' returned '0': AMENT_PREFIX_PATH=/home/daniel/code/2025-phd-daniel-guerrero/robot_ws/install/carla_msgs:${AMENT_PREFIX_PATH} CMAKE_PREFIX_PATH=/home/daniel/code/2025-phd-daniel-guerrero/robot_ws/install/carla_msgs:/opt/ros/humble LD_LIBRARY_PATH=/home/daniel/code/2025-phd-daniel-guerrero/robot_ws/install/carla_msgs/lib:${LD_LIBRARY_PATH} PYTHONPATH=/home/daniel/code/2025-phd-daniel-guerrero/robot_ws/install/carla_msgs/local/lib/python3.10/dist-packages:${PYTHONPATH} /opt/cmake-3.28.3-linux-x86_64/bin/cmake /home/daniel/code/2025-phd-daniel-guerrero/robot_ws/src/carla_ros/carla_ackermann_msgs -DAMENT_CMAKE_SYMLINK_INSTALL=1 -DCMAKE_INSTALL_PREFIX=/home/daniel/code/2025-phd-daniel-guerrero/robot_ws/install/carla_ackermann_msgs
[3.305s] Invoking command in '/home/daniel/code/2025-phd-daniel-guerrero/robot_ws/build/carla_ackermann_msgs': AMENT_PREFIX_PATH=/home/daniel/code/2025-phd-daniel-guerrero/robot_ws/install/carla_msgs:${AMENT_PREFIX_PATH} CMAKE_PREFIX_PATH=/home/daniel/code/2025-phd-daniel-guerrero/robot_ws/install/carla_msgs:/opt/ros/humble LD_LIBRARY_PATH=/home/daniel/code/2025-phd-daniel-guerrero/robot_ws/install/carla_msgs/lib:${LD_LIBRARY_PATH} PYTHONPATH=/home/daniel/code/2025-phd-daniel-guerrero/robot_ws/install/carla_msgs/local/lib/python3.10/dist-packages:${PYTHONPATH} /opt/cmake-3.28.3-linux-x86_64/bin/cmake --build /home/daniel/code/2025-phd-daniel-guerrero/robot_ws/build/carla_ackermann_msgs -- -j12 -l12
[3.322s] [  1%] [34m[1mGenerating C code for ROS interfaces[0m
[3.325s] [  3%] [34m[1mGenerating C++ code for ROS interfaces[0m
[3.326s] [  3%] Built target ament_cmake_python_symlink_carla_ackermann_msgs
[3.601s] running egg_info
[3.602s] creating carla_ackermann_msgs.egg-info
[3.602s] writing carla_ackermann_msgs.egg-info/PKG-INFO
[3.602s] writing dependency_links to carla_ackermann_msgs.egg-info/dependency_links.txt
[3.602s] writing top-level names to carla_ackermann_msgs.egg-info/top_level.txt
[3.602s] writing manifest file 'carla_ackermann_msgs.egg-info/SOURCES.txt'
[3.603s] reading manifest file 'carla_ackermann_msgs.egg-info/SOURCES.txt'
[3.604s] writing manifest file 'carla_ackermann_msgs.egg-info/SOURCES.txt'
[3.621s] [  3%] Built target ament_cmake_python_build_carla_ackermann_msgs_egg
[3.804s] [  3%] Built target carla_ackermann_msgs__cpp
[3.809s] [  4%] [34m[1mGenerating C++ type support dispatch for ROS interfaces[0m
[3.810s] [  6%] [34m[1mGenerating C++ type support for eProsima Fast-RTPS[0m
[3.812s] [  7%] [34m[1mGenerating C++ introspection for ROS interfaces[0m
[3.829s] [ 11%] [32mBuilding C object CMakeFiles/carla_ackermann_msgs__rosidl_generator_c.dir/rosidl_generator_c/carla_ackermann_msgs/msg/detail/ego_vehicle_control_current__functions.c.o[0m
[3.829s] [ 11%] [32mBuilding C object CMakeFiles/carla_ackermann_msgs__rosidl_generator_c.dir/rosidl_generator_c/carla_ackermann_msgs/msg/detail/ego_vehicle_control_info__functions.c.o[0m
[3.830s] [ 12%] [32mBuilding C object CMakeFiles/carla_ackermann_msgs__rosidl_generator_c.dir/rosidl_generator_c/carla_ackermann_msgs/msg/detail/ego_vehicle_control_maxima__functions.c.o[0m
[3.830s] [ 14%] [32mBuilding C object CMakeFiles/carla_ackermann_msgs__rosidl_generator_c.dir/rosidl_generator_c/carla_ackermann_msgs/msg/detail/ego_vehicle_control_target__functions.c.o[0m
[3.831s] [ 15%] [32mBuilding C object CMakeFiles/carla_ackermann_msgs__rosidl_generator_c.dir/rosidl_generator_c/carla_ackermann_msgs/msg/detail/ego_vehicle_control_status__functions.c.o[0m
[3.904s] [ 17%] [32m[1mLinking C shared library libcarla_ackermann_msgs__rosidl_generator_c.so[0m
[3.935s] [ 17%] Built target carla_ackermann_msgs__rosidl_generator_c
[3.940s] [ 22%] [34m[1mGenerating C introspection for ROS interfaces[0m
[3.940s] [ 22%] [34m[1mGenerating C type support dispatch for ROS interfaces[0m
[3.941s] [ 22%] [34m[1mGenerating C type support for eProsima Fast-RTPS[0m
[4.383s] [ 25%] [32mBuilding CXX object CMakeFiles/carla_ackermann_msgs__rosidl_typesupport_cpp.dir/rosidl_typesupport_cpp/carla_ackermann_msgs/msg/ego_vehicle_control_current__type_support.cpp.o[0m
[4.383s] [ 23%] [32mBuilding CXX object CMakeFiles/carla_ackermann_msgs__rosidl_typesupport_cpp.dir/rosidl_typesupport_cpp/carla_ackermann_msgs/msg/ego_vehicle_control_info__type_support.cpp.o[0m
[4.385s] [ 26%] [32mBuilding CXX object CMakeFiles/carla_ackermann_msgs__rosidl_typesupport_cpp.dir/rosidl_typesupport_cpp/carla_ackermann_msgs/msg/ego_vehicle_control_maxima__type_support.cpp.o[0m
[4.385s] [ 28%] [32mBuilding CXX object CMakeFiles/carla_ackermann_msgs__rosidl_typesupport_cpp.dir/rosidl_typesupport_cpp/carla_ackermann_msgs/msg/ego_vehicle_control_status__type_support.cpp.o[0m
[4.390s] [ 30%] [32mBuilding CXX object CMakeFiles/carla_ackermann_msgs__rosidl_typesupport_cpp.dir/rosidl_typesupport_cpp/carla_ackermann_msgs/msg/ego_vehicle_control_target__type_support.cpp.o[0m
[4.496s] [ 31%] [32mBuilding CXX object CMakeFiles/carla_ackermann_msgs__rosidl_typesupport_introspection_cpp.dir/rosidl_typesupport_introspection_cpp/carla_ackermann_msgs/msg/detail/ego_vehicle_control_info__type_support.cpp.o[0m
[4.504s] [ 33%] [32mBuilding CXX object CMakeFiles/carla_ackermann_msgs__rosidl_typesupport_introspection_cpp.dir/rosidl_typesupport_introspection_cpp/carla_ackermann_msgs/msg/detail/ego_vehicle_control_current__type_support.cpp.o[0m
[4.516s] [ 34%] [32mBuilding CXX object CMakeFiles/carla_ackermann_msgs__rosidl_typesupport_introspection_cpp.dir/rosidl_typesupport_introspection_cpp/carla_ackermann_msgs/msg/detail/ego_vehicle_control_maxima__type_support.cpp.o[0m
[4.543s] [ 36%] [32mBuilding CXX object CMakeFiles/carla_ackermann_msgs__rosidl_typesupport_fastrtps_c.dir/rosidl_typesupport_fastrtps_c/carla_ackermann_msgs/msg/detail/ego_vehicle_control_info__type_support_c.cpp.o[0m
[4.588s] [ 38%] [32mBuilding CXX object CMakeFiles/carla_ackermann_msgs__rosidl_typesupport_fastrtps_cpp.dir/rosidl_typesupport_fastrtps_cpp/carla_ackermann_msgs/msg/detail/dds_fastrtps/ego_vehicle_control_info__type_support.cpp.o[0m
[4.598s] [ 39%] [32mBuilding CXX object CMakeFiles/carla_ackermann_msgs__rosidl_typesupport_c.dir/rosidl_typesupport_c/carla_ackermann_msgs/msg/ego_vehicle_control_info__type_support.cpp.o[0m
[4.669s] [ 41%] [32mBuilding CXX object CMakeFiles/carla_ackermann_msgs__rosidl_typesupport_c.dir/rosidl_typesupport_c/carla_ackermann_msgs/msg/ego_vehicle_control_current__type_support.cpp.o[0m
[4.673s] [ 42%] [32mBuilding CXX object CMakeFiles/carla_ackermann_msgs__rosidl_typesupport_fastrtps_c.dir/rosidl_typesupport_fastrtps_c/carla_ackermann_msgs/msg/detail/ego_vehicle_control_current__type_support_c.cpp.o[0m
[4.687s] [ 44%] [32mBuilding CXX object CMakeFiles/carla_ackermann_msgs__rosidl_typesupport_fastrtps_c.dir/rosidl_typesupport_fastrtps_c/carla_ackermann_msgs/msg/detail/ego_vehicle_control_maxima__type_support_c.cpp.o[0m
[4.728s] [ 46%] [32mBuilding CXX object CMakeFiles/carla_ackermann_msgs__rosidl_typesupport_fastrtps_c.dir/rosidl_typesupport_fastrtps_c/carla_ackermann_msgs/msg/detail/ego_vehicle_control_status__type_support_c.cpp.o[0m
[4.745s] [ 47%] [32mBuilding CXX object CMakeFiles/carla_ackermann_msgs__rosidl_typesupport_c.dir/rosidl_typesupport_c/carla_ackermann_msgs/msg/ego_vehicle_control_maxima__type_support.cpp.o[0m
[4.760s] [ 49%] [32mBuilding C object CMakeFiles/carla_ackermann_msgs__rosidl_typesupport_introspection_c.dir/rosidl_typesupport_introspection_c/carla_ackermann_msgs/msg/detail/ego_vehicle_control_info__type_support.c.o[0m
[4.787s] [ 50%] [32m[1mLinking CXX shared library libcarla_ackermann_msgs__rosidl_typesupport_cpp.so[0m
[4.787s] [ 52%] [32mBuilding CXX object CMakeFiles/carla_ackermann_msgs__rosidl_typesupport_fastrtps_c.dir/rosidl_typesupport_fastrtps_c/carla_ackermann_msgs/msg/detail/ego_vehicle_control_target__type_support_c.cpp.o[0m
[4.791s] [ 53%] [32mBuilding CXX object CMakeFiles/carla_ackermann_msgs__rosidl_typesupport_c.dir/rosidl_typesupport_c/carla_ackermann_msgs/msg/ego_vehicle_control_status__type_support.cpp.o[0m
[4.856s] [ 57%] [32mBuilding C object CMakeFiles/carla_ackermann_msgs__rosidl_typesupport_introspection_c.dir/rosidl_typesupport_introspection_c/carla_ackermann_msgs/msg/detail/ego_vehicle_control_current__type_support.c.o[0m
[4.856s] [ 57%] [32mBuilding CXX object CMakeFiles/carla_ackermann_msgs__rosidl_typesupport_c.dir/rosidl_typesupport_c/carla_ackermann_msgs/msg/ego_vehicle_control_target__type_support.cpp.o[0m
[4.866s] [ 57%] Built target carla_ackermann_msgs__rosidl_typesupport_cpp
[4.876s] [ 58%] [32mBuilding CXX object CMakeFiles/carla_ackermann_msgs__rosidl_typesupport_fastrtps_cpp.dir/rosidl_typesupport_fastrtps_cpp/carla_ackermann_msgs/msg/detail/dds_fastrtps/ego_vehicle_control_current__type_support.cpp.o[0m
[4.905s] [ 60%] [32mBuilding CXX object CMakeFiles/carla_ackermann_msgs__rosidl_typesupport_introspection_cpp.dir/rosidl_typesupport_introspection_cpp/carla_ackermann_msgs/msg/detail/ego_vehicle_control_status__type_support.cpp.o[0m
[4.912s] [ 61%] [32m[1mLinking CXX shared library libcarla_ackermann_msgs__rosidl_typesupport_c.so[0m
[4.932s] [ 63%] [32mBuilding C object CMakeFiles/carla_ackermann_msgs__rosidl_typesupport_introspection_c.dir/rosidl_typesupport_introspection_c/carla_ackermann_msgs/msg/detail/ego_vehicle_control_maxima__type_support.c.o[0m
[4.945s] [ 65%] [32mBuilding CXX object CMakeFiles/carla_ackermann_msgs__rosidl_typesupport_fastrtps_cpp.dir/rosidl_typesupport_fastrtps_cpp/carla_ackermann_msgs/msg/detail/dds_fastrtps/ego_vehicle_control_maxima__type_support.cpp.o[0m
[4.982s] [ 66%] [32mBuilding C object CMakeFiles/carla_ackermann_msgs__rosidl_typesupport_introspection_c.dir/rosidl_typesupport_introspection_c/carla_ackermann_msgs/msg/detail/ego_vehicle_control_status__type_support.c.o[0m
[4.982s] [ 66%] Built target carla_ackermann_msgs__rosidl_typesupport_c
[4.989s] [ 68%] [32mBuilding CXX object CMakeFiles/carla_ackermann_msgs__rosidl_typesupport_fastrtps_cpp.dir/rosidl_typesupport_fastrtps_cpp/carla_ackermann_msgs/msg/detail/dds_fastrtps/ego_vehicle_control_status__type_support.cpp.o[0m
[4.993s] [ 69%] [32mBuilding CXX object CMakeFiles/carla_ackermann_msgs__rosidl_typesupport_fastrtps_cpp.dir/rosidl_typesupport_fastrtps_cpp/carla_ackermann_msgs/msg/detail/dds_fastrtps/ego_vehicle_control_target__type_support.cpp.o[0m
[4.999s] [ 71%] [32mBuilding CXX object CMakeFiles/carla_ackermann_msgs__rosidl_typesupport_introspection_cpp.dir/rosidl_typesupport_introspection_cpp/carla_ackermann_msgs/msg/detail/ego_vehicle_control_target__type_support.cpp.o[0m
[5.068s] [ 73%] [32mBuilding C object CMakeFiles/carla_ackermann_msgs__rosidl_typesupport_introspection_c.dir/rosidl_typesupport_introspection_c/carla_ackermann_msgs/msg/detail/ego_vehicle_control_target__type_support.c.o[0m
[5.124s] [ 74%] [32m[1mLinking C shared library libcarla_ackermann_msgs__rosidl_typesupport_introspection_c.so[0m
[5.172s] [ 74%] Built target carla_ackermann_msgs__rosidl_typesupport_introspection_c
[5.269s] [ 76%] [32m[1mLinking CXX shared library libcarla_ackermann_msgs__rosidl_typesupport_introspection_cpp.so[0m
[5.294s] [ 77%] [32m[1mLinking CXX shared library libcarla_ackermann_msgs__rosidl_typesupport_fastrtps_c.so[0m
[5.353s] [ 77%] Built target carla_ackermann_msgs__rosidl_typesupport_introspection_cpp
[5.369s] [ 77%] Built target carla_ackermann_msgs__rosidl_typesupport_fastrtps_c
[5.450s] [ 79%] [32m[1mLinking CXX shared library libcarla_ackermann_msgs__rosidl_typesupport_fastrtps_cpp.so[0m
[5.501s] [ 79%] Built target carla_ackermann_msgs__rosidl_typesupport_fastrtps_cpp
[5.509s] [ 79%] Built target carla_ackermann_msgs
[5.516s] [ 80%] [34m[1mGenerating Python code for ROS interfaces[0m
[6.277s] [ 80%] Built target carla_ackermann_msgs__py
[6.284s] [ 82%] [32mBuilding C object CMakeFiles/carla_ackermann_msgs__rosidl_generator_py.dir/rosidl_generator_py/carla_ackermann_msgs/msg/_ego_vehicle_control_info_s.c.o[0m
[6.284s] [ 84%] [32mBuilding C object CMakeFiles/carla_ackermann_msgs__rosidl_generator_py.dir/rosidl_generator_py/carla_ackermann_msgs/msg/_ego_vehicle_control_maxima_s.c.o[0m
[6.285s] [ 85%] [32mBuilding C object CMakeFiles/carla_ackermann_msgs__rosidl_generator_py.dir/rosidl_generator_py/carla_ackermann_msgs/msg/_ego_vehicle_control_current_s.c.o[0m
[6.285s] [ 88%] [32mBuilding C object CMakeFiles/carla_ackermann_msgs__rosidl_generator_py.dir/rosidl_generator_py/carla_ackermann_msgs/msg/_ego_vehicle_control_target_s.c.o[0m
[6.285s] [ 88%] [32mBuilding C object CMakeFiles/carla_ackermann_msgs__rosidl_generator_py.dir/rosidl_generator_py/carla_ackermann_msgs/msg/_ego_vehicle_control_status_s.c.o[0m
[6.407s] [ 90%] [32m[1mLinking C shared library rosidl_generator_py/carla_ackermann_msgs/libcarla_ackermann_msgs__rosidl_generator_py.so[0m
[6.434s] [ 90%] Built target carla_ackermann_msgs__rosidl_generator_py
[6.441s] [ 92%] [32mBuilding C object CMakeFiles/carla_ackermann_msgs__rosidl_typesupport_fastrtps_c__pyext.dir/rosidl_generator_py/carla_ackermann_msgs/_carla_ackermann_msgs_s.ep.rosidl_typesupport_fastrtps_c.c.o[0m
[6.441s] [ 93%] [32mBuilding C object CMakeFiles/carla_ackermann_msgs__rosidl_typesupport_c__pyext.dir/rosidl_generator_py/carla_ackermann_msgs/_carla_ackermann_msgs_s.ep.rosidl_typesupport_c.c.o[0m
[6.442s] [ 95%] [32mBuilding C object CMakeFiles/carla_ackermann_msgs__rosidl_typesupport_introspection_c__pyext.dir/rosidl_generator_py/carla_ackermann_msgs/_carla_ackermann_msgs_s.ep.rosidl_typesupport_introspection_c.c.o[0m
[6.535s] [ 96%] [32m[1mLinking C shared library rosidl_generator_py/carla_ackermann_msgs/carla_ackermann_msgs_s__rosidl_typesupport_fastrtps_c.cpython-310-x86_64-linux-gnu.so[0m
[6.536s] [ 98%] [32m[1mLinking C shared library rosidl_generator_py/carla_ackermann_msgs/carla_ackermann_msgs_s__rosidl_typesupport_introspection_c.cpython-310-x86_64-linux-gnu.so[0m
[6.536s] [100%] [32m[1mLinking C shared library rosidl_generator_py/carla_ackermann_msgs/carla_ackermann_msgs_s__rosidl_typesupport_c.cpython-310-x86_64-linux-gnu.so[0m
[6.564s] [100%] Built target carla_ackermann_msgs__rosidl_typesupport_fastrtps_c__pyext
[6.565s] [100%] Built target carla_ackermann_msgs__rosidl_typesupport_introspection_c__pyext
[6.565s] [100%] Built target carla_ackermann_msgs__rosidl_typesupport_c__pyext
[6.571s] Invoked command in '/home/daniel/code/2025-phd-daniel-guerrero/robot_ws/build/carla_ackermann_msgs' returned '0': AMENT_PREFIX_PATH=/home/daniel/code/2025-phd-daniel-guerrero/robot_ws/install/carla_msgs:${AMENT_PREFIX_PATH} CMAKE_PREFIX_PATH=/home/daniel/code/2025-phd-daniel-guerrero/robot_ws/install/carla_msgs:/opt/ros/humble LD_LIBRARY_PATH=/home/daniel/code/2025-phd-daniel-guerrero/robot_ws/install/carla_msgs/lib:${LD_LIBRARY_PATH} PYTHONPATH=/home/daniel/code/2025-phd-daniel-guerrero/robot_ws/install/carla_msgs/local/lib/python3.10/dist-packages:${PYTHONPATH} /opt/cmake-3.28.3-linux-x86_64/bin/cmake --build /home/daniel/code/2025-phd-daniel-guerrero/robot_ws/build/carla_ackermann_msgs -- -j12 -l12
[6.572s] Invoking command in '/home/daniel/code/2025-phd-daniel-guerrero/robot_ws/build/carla_ackermann_msgs': AMENT_PREFIX_PATH=/home/daniel/code/2025-phd-daniel-guerrero/robot_ws/install/carla_msgs:${AMENT_PREFIX_PATH} CMAKE_PREFIX_PATH=/home/daniel/code/2025-phd-daniel-guerrero/robot_ws/install/carla_msgs:/opt/ros/humble LD_LIBRARY_PATH=/home/daniel/code/2025-phd-daniel-guerrero/robot_ws/install/carla_msgs/lib:${LD_LIBRARY_PATH} PYTHONPATH=/home/daniel/code/2025-phd-daniel-guerrero/robot_ws/install/carla_msgs/local/lib/python3.10/dist-packages:${PYTHONPATH} /opt/cmake-3.28.3-linux-x86_64/bin/cmake --install /home/daniel/code/2025-phd-daniel-guerrero/robot_ws/build/carla_ackermann_msgs
[6.574s] -- Install configuration: ""
[6.574s] -- Execute custom install script
[6.575s] -- Symlinking: /home/daniel/code/2025-phd-daniel-guerrero/robot_ws/install/carla_ackermann_msgs/share/ament_index/resource_index/rosidl_interfaces/carla_ackermann_msgs
[6.577s] -- Symlinking: /home/daniel/code/2025-phd-daniel-guerrero/robot_ws/install/carla_ackermann_msgs/include/carla_ackermann_msgs/carla_ackermann_msgs/msg/detail/ego_vehicle_control_current__functions.h
[6.579s] -- Symlinking: /home/daniel/code/2025-phd-daniel-guerrero/robot_ws/install/carla_ackermann_msgs/include/carla_ackermann_msgs/carla_ackermann_msgs/msg/detail/ego_vehicle_control_current__struct.h
[6.581s] -- Symlinking: /home/daniel/code/2025-phd-daniel-guerrero/robot_ws/install/carla_ackermann_msgs/include/carla_ackermann_msgs/carla_ackermann_msgs/msg/detail/ego_vehicle_control_current__type_support.h
[6.583s] -- Symlinking: /home/daniel/code/2025-phd-daniel-guerrero/robot_ws/install/carla_ackermann_msgs/include/carla_ackermann_msgs/carla_ackermann_msgs/msg/detail/ego_vehicle_control_info__functions.h
[6.585s] -- Symlinking: /home/daniel/code/2025-phd-daniel-guerrero/robot_ws/install/carla_ackermann_msgs/include/carla_ackermann_msgs/carla_ackermann_msgs/msg/detail/ego_vehicle_control_info__struct.h
[6.587s] -- Symlinking: /home/daniel/code/2025-phd-daniel-guerrero/robot_ws/install/carla_ackermann_msgs/include/carla_ackermann_msgs/carla_ackermann_msgs/msg/detail/ego_vehicle_control_info__type_support.h
[6.589s] -- Symlinking: /home/daniel/code/2025-phd-daniel-guerrero/robot_ws/install/carla_ackermann_msgs/include/carla_ackermann_msgs/carla_ackermann_msgs/msg/detail/ego_vehicle_control_maxima__functions.h
[6.590s] -- Symlinking: /home/daniel/code/2025-phd-daniel-guerrero/robot_ws/install/carla_ackermann_msgs/include/carla_ackermann_msgs/carla_ackermann_msgs/msg/detail/ego_vehicle_control_maxima__struct.h
[6.592s] -- Symlinking: /home/daniel/code/2025-phd-daniel-guerrero/robot_ws/install/carla_ackermann_msgs/include/carla_ackermann_msgs/carla_ackermann_msgs/msg/detail/ego_vehicle_control_maxima__type_support.h
[6.594s] -- Symlinking: /home/daniel/code/2025-phd-daniel-guerrero/robot_ws/install/carla_ackermann_msgs/include/carla_ackermann_msgs/carla_ackermann_msgs/msg/detail/ego_vehicle_control_status__functions.h
[6.596s] -- Symlinking: /home/daniel/code/2025-phd-daniel-guerrero/robot_ws/install/carla_ackermann_msgs/include/carla_ackermann_msgs/carla_ackermann_msgs/msg/detail/ego_vehicle_control_status__struct.h
[6.598s] -- Symlinking: /home/daniel/code/2025-phd-daniel-guerrero/robot_ws/install/carla_ackermann_msgs/include/carla_ackermann_msgs/carla_ackermann_msgs/msg/detail/ego_vehicle_control_status__type_support.h
[6.599s] -- Symlinking: /home/daniel/code/2025-phd-daniel-guerrero/robot_ws/install/carla_ackermann_msgs/include/carla_ackermann_msgs/carla_ackermann_msgs/msg/detail/ego_vehicle_control_target__functions.h
[6.601s] -- Symlinking: /home/daniel/code/2025-phd-daniel-guerrero/robot_ws/install/carla_ackermann_msgs/include/carla_ackermann_msgs/carla_ackermann_msgs/msg/detail/ego_vehicle_control_target__struct.h
[6.603s] -- Symlinking: /home/daniel/code/2025-phd-daniel-guerrero/robot_ws/install/carla_ackermann_msgs/include/carla_ackermann_msgs/carla_ackermann_msgs/msg/detail/ego_vehicle_control_target__type_support.h
[6.605s] -- Symlinking: /home/daniel/code/2025-phd-daniel-guerrero/robot_ws/install/carla_ackermann_msgs/include/carla_ackermann_msgs/carla_ackermann_msgs/msg/ego_vehicle_control_current.h
[6.607s] -- Symlinking: /home/daniel/code/2025-phd-daniel-guerrero/robot_ws/install/carla_ackermann_msgs/include/carla_ackermann_msgs/carla_ackermann_msgs/msg/ego_vehicle_control_info.h
[6.608s] -- Symlinking: /home/daniel/code/2025-phd-daniel-guerrero/robot_ws/install/carla_ackermann_msgs/include/carla_ackermann_msgs/carla_ackermann_msgs/msg/ego_vehicle_control_maxima.h
[6.610s] -- Symlinking: /home/daniel/code/2025-phd-daniel-guerrero/robot_ws/install/carla_ackermann_msgs/include/carla_ackermann_msgs/carla_ackermann_msgs/msg/ego_vehicle_control_status.h
[6.612s] -- Symlinking: /home/daniel/code/2025-phd-daniel-guerrero/robot_ws/install/carla_ackermann_msgs/include/carla_ackermann_msgs/carla_ackermann_msgs/msg/ego_vehicle_control_target.h
[6.614s] -- Symlinking: /home/daniel/code/2025-phd-daniel-guerrero/robot_ws/install/carla_ackermann_msgs/include/carla_ackermann_msgs/carla_ackermann_msgs/msg/rosidl_generator_c__visibility_control.h
[6.616s] -- Symlinking: /home/daniel/code/2025-phd-daniel-guerrero/robot_ws/install/carla_ackermann_msgs/share/carla_ackermann_msgs/environment/library_path.sh
[6.618s] -- Symlinking: /home/daniel/code/2025-phd-daniel-guerrero/robot_ws/install/carla_ackermann_msgs/share/carla_ackermann_msgs/environment/library_path.dsv
[6.620s] -- Symlinking: /home/daniel/code/2025-phd-daniel-guerrero/robot_ws/install/carla_ackermann_msgs/include/carla_ackermann_msgs/carla_ackermann_msgs/msg/detail/ego_vehicle_control_current__rosidl_typesupport_fastrtps_c.h
[6.622s] -- Symlinking: /home/daniel/code/2025-phd-daniel-guerrero/robot_ws/install/carla_ackermann_msgs/include/carla_ackermann_msgs/carla_ackermann_msgs/msg/detail/ego_vehicle_control_info__rosidl_typesupport_fastrtps_c.h
[6.624s] -- Symlinking: /home/daniel/code/2025-phd-daniel-guerrero/robot_ws/install/carla_ackermann_msgs/include/carla_ackermann_msgs/carla_ackermann_msgs/msg/detail/ego_vehicle_control_maxima__rosidl_typesupport_fastrtps_c.h
[6.625s] -- Symlinking: /home/daniel/code/2025-phd-daniel-guerrero/robot_ws/install/carla_ackermann_msgs/include/carla_ackermann_msgs/carla_ackermann_msgs/msg/detail/ego_vehicle_control_status__rosidl_typesupport_fastrtps_c.h
[6.627s] -- Symlinking: /home/daniel/code/2025-phd-daniel-guerrero/robot_ws/install/carla_ackermann_msgs/include/carla_ackermann_msgs/carla_ackermann_msgs/msg/detail/ego_vehicle_control_target__rosidl_typesupport_fastrtps_c.h
[6.629s] -- Symlinking: /home/daniel/code/2025-phd-daniel-guerrero/robot_ws/install/carla_ackermann_msgs/include/carla_ackermann_msgs/carla_ackermann_msgs/msg/rosidl_typesupport_fastrtps_c__visibility_control.h
[6.632s] -- Symlinking: /home/daniel/code/2025-phd-daniel-guerrero/robot_ws/install/carla_ackermann_msgs/include/carla_ackermann_msgs/carla_ackermann_msgs/msg/detail/ego_vehicle_control_current__builder.hpp
[6.634s] -- Symlinking: /home/daniel/code/2025-phd-daniel-guerrero/robot_ws/install/carla_ackermann_msgs/include/carla_ackermann_msgs/carla_ackermann_msgs/msg/detail/ego_vehicle_control_current__struct.hpp
[6.635s] -- Symlinking: /home/daniel/code/2025-phd-daniel-guerrero/robot_ws/install/carla_ackermann_msgs/include/carla_ackermann_msgs/carla_ackermann_msgs/msg/detail/ego_vehicle_control_current__traits.hpp
[6.637s] -- Symlinking: /home/daniel/code/2025-phd-daniel-guerrero/robot_ws/install/carla_ackermann_msgs/include/carla_ackermann_msgs/carla_ackermann_msgs/msg/detail/ego_vehicle_control_current__type_support.hpp
[6.639s] -- Symlinking: /home/daniel/code/2025-phd-daniel-guerrero/robot_ws/install/carla_ackermann_msgs/include/carla_ackermann_msgs/carla_ackermann_msgs/msg/detail/ego_vehicle_control_info__builder.hpp
[6.641s] -- Symlinking: /home/daniel/code/2025-phd-daniel-guerrero/robot_ws/install/carla_ackermann_msgs/include/carla_ackermann_msgs/carla_ackermann_msgs/msg/detail/ego_vehicle_control_info__struct.hpp
[6.643s] -- Symlinking: /home/daniel/code/2025-phd-daniel-guerrero/robot_ws/install/carla_ackermann_msgs/include/carla_ackermann_msgs/carla_ackermann_msgs/msg/detail/ego_vehicle_control_info__traits.hpp
[6.645s] -- Symlinking: /home/daniel/code/2025-phd-daniel-guerrero/robot_ws/install/carla_ackermann_msgs/include/carla_ackermann_msgs/carla_ackermann_msgs/msg/detail/ego_vehicle_control_info__type_support.hpp
[6.647s] -- Symlinking: /home/daniel/code/2025-phd-daniel-guerrero/robot_ws/install/carla_ackermann_msgs/include/carla_ackermann_msgs/carla_ackermann_msgs/msg/detail/ego_vehicle_control_maxima__builder.hpp
[6.648s] -- Symlinking: /home/daniel/code/2025-phd-daniel-guerrero/robot_ws/install/carla_ackermann_msgs/include/carla_ackermann_msgs/carla_ackermann_msgs/msg/detail/ego_vehicle_control_maxima__struct.hpp
[6.650s] -- Symlinking: /home/daniel/code/2025-phd-daniel-guerrero/robot_ws/install/carla_ackermann_msgs/include/carla_ackermann_msgs/carla_ackermann_msgs/msg/detail/ego_vehicle_control_maxima__traits.hpp
[6.652s] -- Symlinking: /home/daniel/code/2025-phd-daniel-guerrero/robot_ws/install/carla_ackermann_msgs/include/carla_ackermann_msgs/carla_ackermann_msgs/msg/detail/ego_vehicle_control_maxima__type_support.hpp
[6.654s] -- Symlinking: /home/daniel/code/2025-phd-daniel-guerrero/robot_ws/install/carla_ackermann_msgs/include/carla_ackermann_msgs/carla_ackermann_msgs/msg/detail/ego_vehicle_control_status__builder.hpp
[6.656s] -- Symlinking: /home/daniel/code/2025-phd-daniel-guerrero/robot_ws/install/carla_ackermann_msgs/include/carla_ackermann_msgs/carla_ackermann_msgs/msg/detail/ego_vehicle_control_status__struct.hpp
[6.658s] -- Symlinking: /home/daniel/code/2025-phd-daniel-guerrero/robot_ws/install/carla_ackermann_msgs/include/carla_ackermann_msgs/carla_ackermann_msgs/msg/detail/ego_vehicle_control_status__traits.hpp
[6.660s] -- Symlinking: /home/daniel/code/2025-phd-daniel-guerrero/robot_ws/install/carla_ackermann_msgs/include/carla_ackermann_msgs/carla_ackermann_msgs/msg/detail/ego_vehicle_control_status__type_support.hpp
[6.662s] -- Symlinking: /home/daniel/code/2025-phd-daniel-guerrero/robot_ws/install/carla_ackermann_msgs/include/carla_ackermann_msgs/carla_ackermann_msgs/msg/detail/ego_vehicle_control_target__builder.hpp
[6.663s] -- Symlinking: /home/daniel/code/2025-phd-daniel-guerrero/robot_ws/install/carla_ackermann_msgs/include/carla_ackermann_msgs/carla_ackermann_msgs/msg/detail/ego_vehicle_control_target__struct.hpp
[6.665s] -- Symlinking: /home/daniel/code/2025-phd-daniel-guerrero/robot_ws/install/carla_ackermann_msgs/include/carla_ackermann_msgs/carla_ackermann_msgs/msg/detail/ego_vehicle_control_target__traits.hpp
[6.667s] -- Symlinking: /home/daniel/code/2025-phd-daniel-guerrero/robot_ws/install/carla_ackermann_msgs/include/carla_ackermann_msgs/carla_ackermann_msgs/msg/detail/ego_vehicle_control_target__type_support.hpp
[6.669s] -- Symlinking: /home/daniel/code/2025-phd-daniel-guerrero/robot_ws/install/carla_ackermann_msgs/include/carla_ackermann_msgs/carla_ackermann_msgs/msg/ego_vehicle_control_current.hpp
[6.671s] -- Symlinking: /home/daniel/code/2025-phd-daniel-guerrero/robot_ws/install/carla_ackermann_msgs/include/carla_ackermann_msgs/carla_ackermann_msgs/msg/ego_vehicle_control_info.hpp
[6.673s] -- Symlinking: /home/daniel/code/2025-phd-daniel-guerrero/robot_ws/install/carla_ackermann_msgs/include/carla_ackermann_msgs/carla_ackermann_msgs/msg/ego_vehicle_control_maxima.hpp
[6.675s] -- Symlinking: /home/daniel/code/2025-phd-daniel-guerrero/robot_ws/install/carla_ackermann_msgs/include/carla_ackermann_msgs/carla_ackermann_msgs/msg/ego_vehicle_control_status.hpp
[6.677s] -- Symlinking: /home/daniel/code/2025-phd-daniel-guerrero/robot_ws/install/carla_ackermann_msgs/include/carla_ackermann_msgs/carla_ackermann_msgs/msg/ego_vehicle_control_target.hpp
[6.678s] -- Symlinking: /home/daniel/code/2025-phd-daniel-guerrero/robot_ws/install/carla_ackermann_msgs/include/carla_ackermann_msgs/carla_ackermann_msgs/msg/rosidl_generator_cpp__visibility_control.hpp
[6.681s] -- Symlinking: /home/daniel/code/2025-phd-daniel-guerrero/robot_ws/install/carla_ackermann_msgs/include/carla_ackermann_msgs/carla_ackermann_msgs/msg/detail/ego_vehicle_control_current__rosidl_typesupport_fastrtps_cpp.hpp
[6.683s] -- Symlinking: /home/daniel/code/2025-phd-daniel-guerrero/robot_ws/install/carla_ackermann_msgs/include/carla_ackermann_msgs/carla_ackermann_msgs/msg/detail/ego_vehicle_control_info__rosidl_typesupport_fastrtps_cpp.hpp
[6.685s] -- Symlinking: /home/daniel/code/2025-phd-daniel-guerrero/robot_ws/install/carla_ackermann_msgs/include/carla_ackermann_msgs/carla_ackermann_msgs/msg/detail/ego_vehicle_control_maxima__rosidl_typesupport_fastrtps_cpp.hpp
[6.687s] -- Symlinking: /home/daniel/code/2025-phd-daniel-guerrero/robot_ws/install/carla_ackermann_msgs/include/carla_ackermann_msgs/carla_ackermann_msgs/msg/detail/ego_vehicle_control_status__rosidl_typesupport_fastrtps_cpp.hpp
[6.688s] -- Symlinking: /home/daniel/code/2025-phd-daniel-guerrero/robot_ws/install/carla_ackermann_msgs/include/carla_ackermann_msgs/carla_ackermann_msgs/msg/detail/ego_vehicle_control_target__rosidl_typesupport_fastrtps_cpp.hpp
[6.690s] -- Symlinking: /home/daniel/code/2025-phd-daniel-guerrero/robot_ws/install/carla_ackermann_msgs/include/carla_ackermann_msgs/carla_ackermann_msgs/msg/rosidl_typesupport_fastrtps_cpp__visibility_control.h
[6.693s] -- Symlinking: /home/daniel/code/2025-phd-daniel-guerrero/robot_ws/install/carla_ackermann_msgs/include/carla_ackermann_msgs/carla_ackermann_msgs/msg/detail/ego_vehicle_control_current__rosidl_typesupport_introspection_c.h
[6.694s] -- Symlinking: /home/daniel/code/2025-phd-daniel-guerrero/robot_ws/install/carla_ackermann_msgs/include/carla_ackermann_msgs/carla_ackermann_msgs/msg/detail/ego_vehicle_control_info__rosidl_typesupport_introspection_c.h
[6.696s] -- Symlinking: /home/daniel/code/2025-phd-daniel-guerrero/robot_ws/install/carla_ackermann_msgs/include/carla_ackermann_msgs/carla_ackermann_msgs/msg/detail/ego_vehicle_control_maxima__rosidl_typesupport_introspection_c.h
[6.698s] -- Symlinking: /home/daniel/code/2025-phd-daniel-guerrero/robot_ws/install/carla_ackermann_msgs/include/carla_ackermann_msgs/carla_ackermann_msgs/msg/detail/ego_vehicle_control_status__rosidl_typesupport_introspection_c.h
[6.700s] -- Symlinking: /home/daniel/code/2025-phd-daniel-guerrero/robot_ws/install/carla_ackermann_msgs/include/carla_ackermann_msgs/carla_ackermann_msgs/msg/detail/ego_vehicle_control_target__rosidl_typesupport_introspection_c.h
[6.702s] -- Symlinking: /home/daniel/code/2025-phd-daniel-guerrero/robot_ws/install/carla_ackermann_msgs/include/carla_ackermann_msgs/carla_ackermann_msgs/msg/rosidl_typesupport_introspection_c__visibility_control.h
[6.704s] -- Symlinking: /home/daniel/code/2025-phd-daniel-guerrero/robot_ws/install/carla_ackermann_msgs/include/carla_ackermann_msgs/carla_ackermann_msgs/msg/detail/ego_vehicle_control_current__rosidl_typesupport_introspection_cpp.hpp
[6.706s] -- Symlinking: /home/daniel/code/2025-phd-daniel-guerrero/robot_ws/install/carla_ackermann_msgs/include/carla_ackermann_msgs/carla_ackermann_msgs/msg/detail/ego_vehicle_control_info__rosidl_typesupport_introspection_cpp.hpp
[6.708s] -- Symlinking: /home/daniel/code/2025-phd-daniel-guerrero/robot_ws/install/carla_ackermann_msgs/include/carla_ackermann_msgs/carla_ackermann_msgs/msg/detail/ego_vehicle_control_maxima__rosidl_typesupport_introspection_cpp.hpp
[6.710s] -- Symlinking: /home/daniel/code/2025-phd-daniel-guerrero/robot_ws/install/carla_ackermann_msgs/include/carla_ackermann_msgs/carla_ackermann_msgs/msg/detail/ego_vehicle_control_status__rosidl_typesupport_introspection_cpp.hpp
[6.712s] -- Symlinking: /home/daniel/code/2025-phd-daniel-guerrero/robot_ws/install/carla_ackermann_msgs/include/carla_ackermann_msgs/carla_ackermann_msgs/msg/detail/ego_vehicle_control_target__rosidl_typesupport_introspection_cpp.hpp
[6.714s] -- Symlinking: /home/daniel/code/2025-phd-daniel-guerrero/robot_ws/install/carla_ackermann_msgs/share/carla_ackermann_msgs/environment/pythonpath.sh
[6.715s] -- Symlinking: /home/daniel/code/2025-phd-daniel-guerrero/robot_ws/install/carla_ackermann_msgs/share/carla_ackermann_msgs/environment/pythonpath.dsv
[6.718s] -- Symlinking: /home/daniel/code/2025-phd-daniel-guerrero/robot_ws/install/carla_ackermann_msgs/local/lib/python3.10/dist-packages/carla_ackermann_msgs-1.0.0-py3.10.egg-info/PKG-INFO
[6.720s] -- Symlinking: /home/daniel/code/2025-phd-daniel-guerrero/robot_ws/install/carla_ackermann_msgs/local/lib/python3.10/dist-packages/carla_ackermann_msgs-1.0.0-py3.10.egg-info/SOURCES.txt
[6.722s] -- Symlinking: /home/daniel/code/2025-phd-daniel-guerrero/robot_ws/install/carla_ackermann_msgs/local/lib/python3.10/dist-packages/carla_ackermann_msgs-1.0.0-py3.10.egg-info/dependency_links.txt
[6.723s] -- Symlinking: /home/daniel/code/2025-phd-daniel-guerrero/robot_ws/install/carla_ackermann_msgs/local/lib/python3.10/dist-packages/carla_ackermann_msgs-1.0.0-py3.10.egg-info/top_level.txt
[6.726s] -- Symlinking: /home/daniel/code/2025-phd-daniel-guerrero/robot_ws/install/carla_ackermann_msgs/local/lib/python3.10/dist-packages/carla_ackermann_msgs/__init__.py
[6.728s] -- Symlinking: /home/daniel/code/2025-phd-daniel-guerrero/robot_ws/install/carla_ackermann_msgs/local/lib/python3.10/dist-packages/carla_ackermann_msgs/_carla_ackermann_msgs_s.ep.rosidl_typesupport_c.c
[6.730s] -- Symlinking: /home/daniel/code/2025-phd-daniel-guerrero/robot_ws/install/carla_ackermann_msgs/local/lib/python3.10/dist-packages/carla_ackermann_msgs/_carla_ackermann_msgs_s.ep.rosidl_typesupport_fastrtps_c.c
[6.732s] -- Symlinking: /home/daniel/code/2025-phd-daniel-guerrero/robot_ws/install/carla_ackermann_msgs/local/lib/python3.10/dist-packages/carla_ackermann_msgs/_carla_ackermann_msgs_s.ep.rosidl_typesupport_introspection_c.c
[6.734s] -- Symlinking: /home/daniel/code/2025-phd-daniel-guerrero/robot_ws/install/carla_ackermann_msgs/local/lib/python3.10/dist-packages/carla_ackermann_msgs/carla_ackermann_msgs_s__rosidl_typesupport_c.cpython-310-x86_64-linux-gnu.so
[6.735s] -- Symlinking: /home/daniel/code/2025-phd-daniel-guerrero/robot_ws/install/carla_ackermann_msgs/local/lib/python3.10/dist-packages/carla_ackermann_msgs/carla_ackermann_msgs_s__rosidl_typesupport_fastrtps_c.cpython-310-x86_64-linux-gnu.so
[6.737s] -- Symlinking: /home/daniel/code/2025-phd-daniel-guerrero/robot_ws/install/carla_ackermann_msgs/local/lib/python3.10/dist-packages/carla_ackermann_msgs/carla_ackermann_msgs_s__rosidl_typesupport_introspection_c.cpython-310-x86_64-linux-gnu.so
[6.739s] -- Symlinking: /home/daniel/code/2025-phd-daniel-guerrero/robot_ws/install/carla_ackermann_msgs/local/lib/python3.10/dist-packages/carla_ackermann_msgs/libcarla_ackermann_msgs__rosidl_generator_py.so
[6.741s] -- Symlinking: /home/daniel/code/2025-phd-daniel-guerrero/robot_ws/install/carla_ackermann_msgs/local/lib/python3.10/dist-packages/carla_ackermann_msgs/msg/__init__.py
[6.743s] -- Symlinking: /home/daniel/code/2025-phd-daniel-guerrero/robot_ws/install/carla_ackermann_msgs/local/lib/python3.10/dist-packages/carla_ackermann_msgs/msg/_ego_vehicle_control_current.py
[6.745s] -- Symlinking: /home/daniel/code/2025-phd-daniel-guerrero/robot_ws/install/carla_ackermann_msgs/local/lib/python3.10/dist-packages/carla_ackermann_msgs/msg/_ego_vehicle_control_current_s.c
[6.747s] -- Symlinking: /home/daniel/code/2025-phd-daniel-guerrero/robot_ws/install/carla_ackermann_msgs/local/lib/python3.10/dist-packages/carla_ackermann_msgs/msg/_ego_vehicle_control_info.py
[6.748s] -- Symlinking: /home/daniel/code/2025-phd-daniel-guerrero/robot_ws/install/carla_ackermann_msgs/local/lib/python3.10/dist-packages/carla_ackermann_msgs/msg/_ego_vehicle_control_info_s.c
[6.750s] -- Symlinking: /home/daniel/code/2025-phd-daniel-guerrero/robot_ws/install/carla_ackermann_msgs/local/lib/python3.10/dist-packages/carla_ackermann_msgs/msg/_ego_vehicle_control_maxima.py
[6.752s] -- Symlinking: /home/daniel/code/2025-phd-daniel-guerrero/robot_ws/install/carla_ackermann_msgs/local/lib/python3.10/dist-packages/carla_ackermann_msgs/msg/_ego_vehicle_control_maxima_s.c
[6.754s] -- Symlinking: /home/daniel/code/2025-phd-daniel-guerrero/robot_ws/install/carla_ackermann_msgs/local/lib/python3.10/dist-packages/carla_ackermann_msgs/msg/_ego_vehicle_control_status.py
[6.756s] -- Symlinking: /home/daniel/code/2025-phd-daniel-guerrero/robot_ws/install/carla_ackermann_msgs/local/lib/python3.10/dist-packages/carla_ackermann_msgs/msg/_ego_vehicle_control_status_s.c
[6.758s] -- Symlinking: /home/daniel/code/2025-phd-daniel-guerrero/robot_ws/install/carla_ackermann_msgs/local/lib/python3.10/dist-packages/carla_ackermann_msgs/msg/_ego_vehicle_control_target.py
[6.760s] -- Symlinking: /home/daniel/code/2025-phd-daniel-guerrero/robot_ws/install/carla_ackermann_msgs/local/lib/python3.10/dist-packages/carla_ackermann_msgs/msg/_ego_vehicle_control_target_s.c
[6.762s] -- Up-to-date symlink: /home/daniel/code/2025-phd-daniel-guerrero/robot_ws/install/carla_ackermann_msgs/local/lib/python3.10/dist-packages/carla_ackermann_msgs/carla_ackermann_msgs_s__rosidl_typesupport_fastrtps_c.cpython-310-x86_64-linux-gnu.so
[6.762s] -- Up-to-date symlink: /home/daniel/code/2025-phd-daniel-guerrero/robot_ws/install/carla_ackermann_msgs/local/lib/python3.10/dist-packages/carla_ackermann_msgs/carla_ackermann_msgs_s__rosidl_typesupport_introspection_c.cpython-310-x86_64-linux-gnu.so
[6.762s] -- Up-to-date symlink: /home/daniel/code/2025-phd-daniel-guerrero/robot_ws/install/carla_ackermann_msgs/local/lib/python3.10/dist-packages/carla_ackermann_msgs/carla_ackermann_msgs_s__rosidl_typesupport_c.cpython-310-x86_64-linux-gnu.so
[6.763s] -- Symlinking: /home/daniel/code/2025-phd-daniel-guerrero/robot_ws/install/carla_ackermann_msgs/share/carla_ackermann_msgs/msg/EgoVehicleControlInfo.idl
[6.764s] -- Symlinking: /home/daniel/code/2025-phd-daniel-guerrero/robot_ws/install/carla_ackermann_msgs/share/carla_ackermann_msgs/msg/EgoVehicleControlCurrent.idl
[6.766s] -- Symlinking: /home/daniel/code/2025-phd-daniel-guerrero/robot_ws/install/carla_ackermann_msgs/share/carla_ackermann_msgs/msg/EgoVehicleControlMaxima.idl
[6.768s] -- Symlinking: /home/daniel/code/2025-phd-daniel-guerrero/robot_ws/install/carla_ackermann_msgs/share/carla_ackermann_msgs/msg/EgoVehicleControlStatus.idl
[6.770s] -- Symlinking: /home/daniel/code/2025-phd-daniel-guerrero/robot_ws/install/carla_ackermann_msgs/share/carla_ackermann_msgs/msg/EgoVehicleControlTarget.idl
[6.772s] -- Symlinking: /home/daniel/code/2025-phd-daniel-guerrero/robot_ws/install/carla_ackermann_msgs/share/carla_ackermann_msgs/msg/EgoVehicleControlInfo.msg
[6.774s] -- Symlinking: /home/daniel/code/2025-phd-daniel-guerrero/robot_ws/install/carla_ackermann_msgs/share/carla_ackermann_msgs/msg/EgoVehicleControlCurrent.msg
[6.775s] -- Symlinking: /home/daniel/code/2025-phd-daniel-guerrero/robot_ws/install/carla_ackermann_msgs/share/carla_ackermann_msgs/msg/EgoVehicleControlMaxima.msg
[6.777s] -- Symlinking: /home/daniel/code/2025-phd-daniel-guerrero/robot_ws/install/carla_ackermann_msgs/share/carla_ackermann_msgs/msg/EgoVehicleControlStatus.msg
[6.779s] -- Symlinking: /home/daniel/code/2025-phd-daniel-guerrero/robot_ws/install/carla_ackermann_msgs/share/carla_ackermann_msgs/msg/EgoVehicleControlTarget.msg
[6.781s] -- Symlinking: /home/daniel/code/2025-phd-daniel-guerrero/robot_ws/install/carla_ackermann_msgs/share/ament_index/resource_index/package_run_dependencies/carla_ackermann_msgs
[6.783s] -- Symlinking: /home/daniel/code/2025-phd-daniel-guerrero/robot_ws/install/carla_ackermann_msgs/share/ament_index/resource_index/parent_prefix_path/carla_ackermann_msgs
[6.785s] -- Symlinking: /home/daniel/code/2025-phd-daniel-guerrero/robot_ws/install/carla_ackermann_msgs/share/carla_ackermann_msgs/environment/ament_prefix_path.sh
[6.786s] -- Symlinking: /home/daniel/code/2025-phd-daniel-guerrero/robot_ws/install/carla_ackermann_msgs/share/carla_ackermann_msgs/environment/ament_prefix_path.dsv
[6.788s] -- Symlinking: /home/daniel/code/2025-phd-daniel-guerrero/robot_ws/install/carla_ackermann_msgs/share/carla_ackermann_msgs/environment/path.sh
[6.790s] -- Symlinking: /home/daniel/code/2025-phd-daniel-guerrero/robot_ws/install/carla_ackermann_msgs/share/carla_ackermann_msgs/environment/path.dsv
[6.792s] -- Symlinking: /home/daniel/code/2025-phd-daniel-guerrero/robot_ws/install/carla_ackermann_msgs/share/carla_ackermann_msgs/local_setup.bash
[6.794s] -- Symlinking: /home/daniel/code/2025-phd-daniel-guerrero/robot_ws/install/carla_ackermann_msgs/share/carla_ackermann_msgs/local_setup.sh
[6.795s] -- Symlinking: /home/daniel/code/2025-phd-daniel-guerrero/robot_ws/install/carla_ackermann_msgs/share/carla_ackermann_msgs/local_setup.zsh
[6.797s] -- Symlinking: /home/daniel/code/2025-phd-daniel-guerrero/robot_ws/install/carla_ackermann_msgs/share/carla_ackermann_msgs/local_setup.dsv
[6.799s] -- Symlinking: /home/daniel/code/2025-phd-daniel-guerrero/robot_ws/install/carla_ackermann_msgs/share/carla_ackermann_msgs/package.dsv
[6.801s] -- Symlinking: /home/daniel/code/2025-phd-daniel-guerrero/robot_ws/install/carla_ackermann_msgs/share/ament_index/resource_index/packages/carla_ackermann_msgs
[6.803s] -- Symlinking: /home/daniel/code/2025-phd-daniel-guerrero/robot_ws/install/carla_ackermann_msgs/share/carla_ackermann_msgs/cmake/rosidl_cmake-extras.cmake
[6.805s] -- Symlinking: /home/daniel/code/2025-phd-daniel-guerrero/robot_ws/install/carla_ackermann_msgs/share/carla_ackermann_msgs/cmake/ament_cmake_export_dependencies-extras.cmake
[6.807s] -- Symlinking: /home/daniel/code/2025-phd-daniel-guerrero/robot_ws/install/carla_ackermann_msgs/share/carla_ackermann_msgs/cmake/ament_cmake_export_include_directories-extras.cmake
[6.809s] -- Symlinking: /home/daniel/code/2025-phd-daniel-guerrero/robot_ws/install/carla_ackermann_msgs/share/carla_ackermann_msgs/cmake/ament_cmake_export_libraries-extras.cmake
[6.810s] -- Symlinking: /home/daniel/code/2025-phd-daniel-guerrero/robot_ws/install/carla_ackermann_msgs/share/carla_ackermann_msgs/cmake/ament_cmake_export_targets-extras.cmake
[6.812s] -- Symlinking: /home/daniel/code/2025-phd-daniel-guerrero/robot_ws/install/carla_ackermann_msgs/share/carla_ackermann_msgs/cmake/rosidl_cmake_export_typesupport_targets-extras.cmake
[6.814s] -- Symlinking: /home/daniel/code/2025-phd-daniel-guerrero/robot_ws/install/carla_ackermann_msgs/share/carla_ackermann_msgs/cmake/rosidl_cmake_export_typesupport_libraries-extras.cmake
[6.816s] -- Symlinking: /home/daniel/code/2025-phd-daniel-guerrero/robot_ws/install/carla_ackermann_msgs/share/carla_ackermann_msgs/cmake/carla_ackermann_msgsConfig.cmake
[6.818s] -- Symlinking: /home/daniel/code/2025-phd-daniel-guerrero/robot_ws/install/carla_ackermann_msgs/share/carla_ackermann_msgs/cmake/carla_ackermann_msgsConfig-version.cmake
[6.819s] -- Symlinking: /home/daniel/code/2025-phd-daniel-guerrero/robot_ws/install/carla_ackermann_msgs/share/carla_ackermann_msgs/package.xml
[6.821s] -- Installing: /home/daniel/code/2025-phd-daniel-guerrero/robot_ws/install/carla_ackermann_msgs/lib/libcarla_ackermann_msgs__rosidl_generator_c.so
[6.822s] -- Set non-toolchain portion of runtime path of "/home/daniel/code/2025-phd-daniel-guerrero/robot_ws/install/carla_ackermann_msgs/lib/libcarla_ackermann_msgs__rosidl_generator_c.so" to ""
[6.822s] -- Installing: /home/daniel/code/2025-phd-daniel-guerrero/robot_ws/install/carla_ackermann_msgs/lib/libcarla_ackermann_msgs__rosidl_typesupport_fastrtps_c.so
[6.822s] -- Set non-toolchain portion of runtime path of "/home/daniel/code/2025-phd-daniel-guerrero/robot_ws/install/carla_ackermann_msgs/lib/libcarla_ackermann_msgs__rosidl_typesupport_fastrtps_c.so" to ""
[6.822s] -- Installing: /home/daniel/code/2025-phd-daniel-guerrero/robot_ws/install/carla_ackermann_msgs/lib/libcarla_ackermann_msgs__rosidl_typesupport_fastrtps_cpp.so
[6.823s] -- Set non-toolchain portion of runtime path of "/home/daniel/code/2025-phd-daniel-guerrero/robot_ws/install/carla_ackermann_msgs/lib/libcarla_ackermann_msgs__rosidl_typesupport_fastrtps_cpp.so" to ""
[6.823s] -- Installing: /home/daniel/code/2025-phd-daniel-guerrero/robot_ws/install/carla_ackermann_msgs/lib/libcarla_ackermann_msgs__rosidl_typesupport_introspection_c.so
[6.823s] -- Set non-toolchain portion of runtime path of "/home/daniel/code/2025-phd-daniel-guerrero/robot_ws/install/carla_ackermann_msgs/lib/libcarla_ackermann_msgs__rosidl_typesupport_introspection_c.so" to ""
[6.823s] -- Installing: /home/daniel/code/2025-phd-daniel-guerrero/robot_ws/install/carla_ackermann_msgs/lib/libcarla_ackermann_msgs__rosidl_typesupport_c.so
[6.823s] -- Set non-toolchain portion of runtime path of "/home/daniel/code/2025-phd-daniel-guerrero/robot_ws/install/carla_ackermann_msgs/lib/libcarla_ackermann_msgs__rosidl_typesupport_c.so" to ""
[6.823s] -- Installing: /home/daniel/code/2025-phd-daniel-guerrero/robot_ws/install/carla_ackermann_msgs/lib/libcarla_ackermann_msgs__rosidl_typesupport_introspection_cpp.so
[6.824s] -- Set non-toolchain portion of runtime path of "/home/daniel/code/2025-phd-daniel-guerrero/robot_ws/install/carla_ackermann_msgs/lib/libcarla_ackermann_msgs__rosidl_typesupport_introspection_cpp.so" to ""
[6.824s] -- Installing: /home/daniel/code/2025-phd-daniel-guerrero/robot_ws/install/carla_ackermann_msgs/lib/libcarla_ackermann_msgs__rosidl_typesupport_cpp.so
[6.824s] -- Set non-toolchain portion of runtime path of "/home/daniel/code/2025-phd-daniel-guerrero/robot_ws/install/carla_ackermann_msgs/lib/libcarla_ackermann_msgs__rosidl_typesupport_cpp.so" to ""
[6.855s] Listing '/home/daniel/code/2025-phd-daniel-guerrero/robot_ws/install/carla_ackermann_msgs/local/lib/python3.10/dist-packages/carla_ackermann_msgs'...
[6.855s] Compiling '/home/daniel/code/2025-phd-daniel-guerrero/robot_ws/install/carla_ackermann_msgs/local/lib/python3.10/dist-packages/carla_ackermann_msgs/__init__.py'...
[6.855s] Listing '/home/daniel/code/2025-phd-daniel-guerrero/robot_ws/install/carla_ackermann_msgs/local/lib/python3.10/dist-packages/carla_ackermann_msgs/msg'...
[6.855s] Compiling '/home/daniel/code/2025-phd-daniel-guerrero/robot_ws/install/carla_ackermann_msgs/local/lib/python3.10/dist-packages/carla_ackermann_msgs/msg/__init__.py'...
[6.855s] Compiling '/home/daniel/code/2025-phd-daniel-guerrero/robot_ws/install/carla_ackermann_msgs/local/lib/python3.10/dist-packages/carla_ackermann_msgs/msg/_ego_vehicle_control_current.py'...
[6.855s] Compiling '/home/daniel/code/2025-phd-daniel-guerrero/robot_ws/install/carla_ackermann_msgs/local/lib/python3.10/dist-packages/carla_ackermann_msgs/msg/_ego_vehicle_control_info.py'...
[6.855s] Compiling '/home/daniel/code/2025-phd-daniel-guerrero/robot_ws/install/carla_ackermann_msgs/local/lib/python3.10/dist-packages/carla_ackermann_msgs/msg/_ego_vehicle_control_maxima.py'...
[6.855s] Compiling '/home/daniel/code/2025-phd-daniel-guerrero/robot_ws/install/carla_ackermann_msgs/local/lib/python3.10/dist-packages/carla_ackermann_msgs/msg/_ego_vehicle_control_status.py'...
[6.855s] Compiling '/home/daniel/code/2025-phd-daniel-guerrero/robot_ws/install/carla_ackermann_msgs/local/lib/python3.10/dist-packages/carla_ackermann_msgs/msg/_ego_vehicle_control_target.py'...
[6.858s] -- Installing: /home/daniel/code/2025-phd-daniel-guerrero/robot_ws/install/carla_ackermann_msgs/lib/libcarla_ackermann_msgs__rosidl_generator_py.so
[6.859s] -- Set non-toolchain portion of runtime path of "/home/daniel/code/2025-phd-daniel-guerrero/robot_ws/install/carla_ackermann_msgs/lib/libcarla_ackermann_msgs__rosidl_generator_py.so" to ""
[6.859s] -- Installing: /home/daniel/code/2025-phd-daniel-guerrero/robot_ws/install/carla_ackermann_msgs/share/carla_ackermann_msgs/cmake/export_carla_ackermann_msgs__rosidl_generator_cExport.cmake
[6.859s] -- Installing: /home/daniel/code/2025-phd-daniel-guerrero/robot_ws/install/carla_ackermann_msgs/share/carla_ackermann_msgs/cmake/export_carla_ackermann_msgs__rosidl_generator_cExport-noconfig.cmake
[6.859s] -- Installing: /home/daniel/code/2025-phd-daniel-guerrero/robot_ws/install/carla_ackermann_msgs/share/carla_ackermann_msgs/cmake/export_carla_ackermann_msgs__rosidl_typesupport_fastrtps_cExport.cmake
[6.860s] -- Installing: /home/daniel/code/2025-phd-daniel-guerrero/robot_ws/install/carla_ackermann_msgs/share/carla_ackermann_msgs/cmake/export_carla_ackermann_msgs__rosidl_typesupport_fastrtps_cExport-noconfig.cmake
[6.860s] -- Installing: /home/daniel/code/2025-phd-daniel-guerrero/robot_ws/install/carla_ackermann_msgs/share/carla_ackermann_msgs/cmake/export_carla_ackermann_msgs__rosidl_generator_cppExport.cmake
[6.860s] -- Installing: /home/daniel/code/2025-phd-daniel-guerrero/robot_ws/install/carla_ackermann_msgs/share/carla_ackermann_msgs/cmake/export_carla_ackermann_msgs__rosidl_typesupport_fastrtps_cppExport.cmake
[6.861s] -- Installing: /home/daniel/code/2025-phd-daniel-guerrero/robot_ws/install/carla_ackermann_msgs/share/carla_ackermann_msgs/cmake/export_carla_ackermann_msgs__rosidl_typesupport_fastrtps_cppExport-noconfig.cmake
[6.861s] -- Installing: /home/daniel/code/2025-phd-daniel-guerrero/robot_ws/install/carla_ackermann_msgs/share/carla_ackermann_msgs/cmake/carla_ackermann_msgs__rosidl_typesupport_introspection_cExport.cmake
[6.861s] -- Installing: /home/daniel/code/2025-phd-daniel-guerrero/robot_ws/install/carla_ackermann_msgs/share/carla_ackermann_msgs/cmake/carla_ackermann_msgs__rosidl_typesupport_introspection_cExport-noconfig.cmake
[6.861s] -- Installing: /home/daniel/code/2025-phd-daniel-guerrero/robot_ws/install/carla_ackermann_msgs/share/carla_ackermann_msgs/cmake/carla_ackermann_msgs__rosidl_typesupport_cExport.cmake
[6.862s] -- Installing: /home/daniel/code/2025-phd-daniel-guerrero/robot_ws/install/carla_ackermann_msgs/share/carla_ackermann_msgs/cmake/carla_ackermann_msgs__rosidl_typesupport_cExport-noconfig.cmake
[6.862s] -- Installing: /home/daniel/code/2025-phd-daniel-guerrero/robot_ws/install/carla_ackermann_msgs/share/carla_ackermann_msgs/cmake/carla_ackermann_msgs__rosidl_typesupport_introspection_cppExport.cmake
[6.862s] -- Installing: /home/daniel/code/2025-phd-daniel-guerrero/robot_ws/install/carla_ackermann_msgs/share/carla_ackermann_msgs/cmake/carla_ackermann_msgs__rosidl_typesupport_introspection_cppExport-noconfig.cmake
[6.863s] -- Installing: /home/daniel/code/2025-phd-daniel-guerrero/robot_ws/install/carla_ackermann_msgs/share/carla_ackermann_msgs/cmake/carla_ackermann_msgs__rosidl_typesupport_cppExport.cmake
[6.863s] -- Installing: /home/daniel/code/2025-phd-daniel-guerrero/robot_ws/install/carla_ackermann_msgs/share/carla_ackermann_msgs/cmake/carla_ackermann_msgs__rosidl_typesupport_cppExport-noconfig.cmake
[6.863s] -- Installing: /home/daniel/code/2025-phd-daniel-guerrero/robot_ws/install/carla_ackermann_msgs/share/carla_ackermann_msgs/cmake/export_carla_ackermann_msgs__rosidl_generator_pyExport.cmake
[6.864s] -- Installing: /home/daniel/code/2025-phd-daniel-guerrero/robot_ws/install/carla_ackermann_msgs/share/carla_ackermann_msgs/cmake/export_carla_ackermann_msgs__rosidl_generator_pyExport-noconfig.cmake
[6.867s] Invoked command in '/home/daniel/code/2025-phd-daniel-guerrero/robot_ws/build/carla_ackermann_msgs' returned '0': AMENT_PREFIX_PATH=/home/daniel/code/2025-phd-daniel-guerrero/robot_ws/install/carla_msgs:${AMENT_PREFIX_PATH} CMAKE_PREFIX_PATH=/home/daniel/code/2025-phd-daniel-guerrero/robot_ws/install/carla_msgs:/opt/ros/humble LD_LIBRARY_PATH=/home/daniel/code/2025-phd-daniel-guerrero/robot_ws/install/carla_msgs/lib:${LD_LIBRARY_PATH} PYTHONPATH=/home/daniel/code/2025-phd-daniel-guerrero/robot_ws/install/carla_msgs/local/lib/python3.10/dist-packages:${PYTHONPATH} /opt/cmake-3.28.3-linux-x86_64/bin/cmake --install /home/daniel/code/2025-phd-daniel-guerrero/robot_ws/build/carla_ackermann_msgs
