[1.748s] Invoking command in '/home/daniel/code/2025-phd-daniel-guerrero/ros-bridge/build/carla_twist_to_control': PYTHONPATH=/home/daniel/code/2025-phd-daniel-guerrero/ros-bridge/build/carla_twist_to_control/prefix_override:/usr/lib/python3/dist-packages/colcon_core/task/python/colcon_distutils_commands:/home/daniel/code/2025-phd-daniel-guerrero/ros-bridge/install/carla_twist_to_control/lib/python3.10/site-packages:${PYTHONPATH} /usr/bin/python3 -W ignore:setup.py install is deprecated -W ignore:easy_install command is deprecated setup.py develop --editable --build-directory /home/daniel/code/2025-phd-daniel-guerrero/ros-bridge/build/carla_twist_to_control/build --no-deps symlink_data
[2.117s] running develop
[2.287s] running egg_info
[2.287s] creating src/carla_twist_to_control.egg-info
[2.287s] writing src/carla_twist_to_control.egg-info/PKG-INFO
[2.287s] writing dependency_links to src/carla_twist_to_control.egg-info/dependency_links.txt
[2.288s] writing entry points to src/carla_twist_to_control.egg-info/entry_points.txt
[2.288s] writing requirements to src/carla_twist_to_control.egg-info/requires.txt
[2.288s] writing top-level names to src/carla_twist_to_control.egg-info/top_level.txt
[2.288s] writing manifest file 'src/carla_twist_to_control.egg-info/SOURCES.txt'
[2.289s] reading manifest file 'src/carla_twist_to_control.egg-info/SOURCES.txt'
[2.290s] writing manifest file 'src/carla_twist_to_control.egg-info/SOURCES.txt'
[2.324s] running build_ext
[2.324s] Creating /home/daniel/code/2025-phd-daniel-guerrero/ros-bridge/install/carla_twist_to_control/lib/python3.10/site-packages/carla-twist-to-control.egg-link (link to src)
[2.325s] Installing carla_twist_to_control script to /home/daniel/code/2025-phd-daniel-guerrero/ros-bridge/install/carla_twist_to_control/lib/carla_twist_to_control
[2.325s] 
[2.325s] Installed /home/daniel/code/2025-phd-daniel-guerrero/ros-bridge/build/carla_twist_to_control/src
[2.325s] running symlink_data
[2.325s] creating /home/daniel/code/2025-phd-daniel-guerrero/ros-bridge/install/carla_twist_to_control/share/ament_index
[2.325s] creating /home/daniel/code/2025-phd-daniel-guerrero/ros-bridge/install/carla_twist_to_control/share/ament_index/resource_index
[2.325s] creating /home/daniel/code/2025-phd-daniel-guerrero/ros-bridge/install/carla_twist_to_control/share/ament_index/resource_index/packages
[2.325s] symbolically linking /home/daniel/code/2025-phd-daniel-guerrero/ros-bridge/build/carla_twist_to_control/resource/carla_twist_to_control -> /home/daniel/code/2025-phd-daniel-guerrero/ros-bridge/install/carla_twist_to_control/share/ament_index/resource_index/packages
[2.326s] symbolically linking /home/daniel/code/2025-phd-daniel-guerrero/ros-bridge/build/carla_twist_to_control/package.xml -> /home/daniel/code/2025-phd-daniel-guerrero/ros-bridge/install/carla_twist_to_control/share/carla_twist_to_control
[2.326s] symbolically linking /home/daniel/code/2025-phd-daniel-guerrero/ros-bridge/build/carla_twist_to_control/launch/carla_twist_to_control.launch.py -> /home/daniel/code/2025-phd-daniel-guerrero/ros-bridge/install/carla_twist_to_control/share/carla_twist_to_control
[2.368s] Invoked command in '/home/daniel/code/2025-phd-daniel-guerrero/ros-bridge/build/carla_twist_to_control' returned '0': PYTHONPATH=/home/daniel/code/2025-phd-daniel-guerrero/ros-bridge/build/carla_twist_to_control/prefix_override:/usr/lib/python3/dist-packages/colcon_core/task/python/colcon_distutils_commands:/home/daniel/code/2025-phd-daniel-guerrero/ros-bridge/install/carla_twist_to_control/lib/python3.10/site-packages:${PYTHONPATH} /usr/bin/python3 -W ignore:setup.py install is deprecated -W ignore:easy_install command is deprecated setup.py develop --editable --build-directory /home/daniel/code/2025-phd-daniel-guerrero/ros-bridge/build/carla_twist_to_control/build --no-deps symlink_data
