[0.573s] Invoking command in '/home/daniel/code/2025-phd-daniel-guerrero/robot_ws/build/carla_waypoint_types': CMAKE_PREFIX_PATH=/opt/ros/humble /opt/cmake-3.28.3-linux-x86_64/bin/cmake /home/daniel/code/2025-phd-daniel-guerrero/robot_ws/src/carla_ros/carla_waypoint_types -DAMENT_CMAKE_SYMLINK_INSTALL=1 -DCMAKE_INSTALL_PREFIX=/home/daniel/code/2025-phd-daniel-guerrero/robot_ws/install/carla_waypoint_types
[0.860s] -- Found ros_environment: 3.2.2 (/opt/ros/humble/share/ros_environment/cmake)
[0.860s] -- Found ament_cmake: 1.3.11 (/opt/ros/humble/share/ament_cmake/cmake)
[0.860s] -- Found Python3: /usr/bin/python3 (found version "3.10.12") found components: Interpreter 
[0.860s] -- Override CMake install command with custom implementation using symlinks instead of copying resources
[0.860s] -- Found nav_msgs: 4.8.0 (/opt/ros/humble/share/nav_msgs/cmake)
[0.860s] -- Found rosidl_generator_c: 3.1.6 (/opt/ros/humble/share/rosidl_generator_c/cmake)
[0.860s] -- Found rosidl_adapter: 3.1.6 (/opt/ros/humble/share/rosidl_adapter/cmake)
[0.860s] -- Found rosidl_generator_cpp: 3.1.6 (/opt/ros/humble/share/rosidl_generator_cpp/cmake)
[0.860s] -- Using all available rosidl_typesupport_c: rosidl_typesupport_fastrtps_c;rosidl_typesupport_introspection_c
[0.860s] -- Using all available rosidl_typesupport_cpp: rosidl_typesupport_fastrtps_cpp;rosidl_typesupport_introspection_cpp
[0.861s] [33mCMake Warning (dev) at CMakeLists.txt:1 (project):
[0.861s]   cmake_minimum_required() should be called prior to this top-level project()
[0.861s]   call.  Please see the cmake-commands(7) manual for usage documentation of
[0.861s]   both commands.
[0.861s] This warning is for project developers.  Use -Wno-dev to suppress it.
[0.861s] [0m
[0.900s] -- Found rosidl_default_generators: 1.2.0 (/opt/ros/humble/share/rosidl_default_generators/cmake)
[1.288s] -- Found ament_cmake_cppcheck: 0.12.12 (/opt/ros/humble/share/ament_cmake_cppcheck/cmake)
[1.290s] -- Found ament_cmake_cpplint: 0.12.12 (/opt/ros/humble/share/ament_cmake_cpplint/cmake)
[1.293s] -- Found ament_cmake_uncrustify: 0.12.12 (/opt/ros/humble/share/ament_cmake_uncrustify/cmake)
[1.296s] -- Found ament_cmake_ros: 0.10.0 (/opt/ros/humble/share/ament_cmake_ros/cmake)
[2.173s] -- Using all available rosidl_typesupport_c: rosidl_typesupport_fastrtps_c;rosidl_typesupport_introspection_c
[2.468s] -- Using all available rosidl_typesupport_cpp: rosidl_typesupport_fastrtps_cpp;rosidl_typesupport_introspection_cpp
[2.472s] [33mCMake Warning (dev) at /opt/ros/humble/share/rosidl_generator_py/cmake/rosidl_generator_py_generate_interfaces.cmake:20 (find_package):
[2.472s]   Policy CMP0148 is not set: The FindPythonInterp and FindPythonLibs modules
[2.472s]   are removed.  Run "cmake --help-policy CMP0148" for policy details.  Use
[2.472s]   the cmake_policy command to set the policy and suppress this warning.
[2.472s] 
[2.472s] Call Stack (most recent call first):
[2.472s]   /opt/ros/humble/share/ament_cmake_core/cmake/core/ament_execute_extensions.cmake:48 (include)
[2.472s]   /opt/ros/humble/share/rosidl_cmake/cmake/rosidl_generate_interfaces.cmake:286 (ament_execute_extensions)
[2.472s]   CMakeLists.txt:37 (rosidl_generate_interfaces)
[2.472s] This warning is for project developers.  Use -Wno-dev to suppress it.
[2.472s] [0m
[2.489s] -- Found PythonInterp: /usr/bin/python3 (found suitable version "3.10.12", minimum required is "3.6") 
[2.491s] -- Found python_cmake_module: 0.10.0 (/opt/ros/humble/share/python_cmake_module/cmake)
[2.492s] [33mCMake Warning (dev) at /opt/ros/humble/share/python_cmake_module/cmake/Modules/FindPythonExtra.cmake:52 (find_package):
[2.492s]   Policy CMP0148 is not set: The FindPythonInterp and FindPythonLibs modules
[2.492s]   are removed.  Run "cmake --help-policy CMP0148" for policy details.  Use
[2.492s]   the cmake_policy command to set the policy and suppress this warning.
[2.492s] 
[2.492s] Call Stack (most recent call first):
[2.492s]   /opt/ros/humble/share/rosidl_generator_py/cmake/rosidl_generator_py_generate_interfaces.cmake:23 (find_package)
[2.492s]   /opt/ros/humble/share/ament_cmake_core/cmake/core/ament_execute_extensions.cmake:48 (include)
[2.492s]   /opt/ros/humble/share/rosidl_cmake/cmake/rosidl_generate_interfaces.cmake:286 (ament_execute_extensions)
[2.492s]   CMakeLists.txt:37 (rosidl_generate_interfaces)
[2.492s] This warning is for project developers.  Use -Wno-dev to suppress it.
[2.492s] [0m
[2.509s] [33mCMake Warning (dev) at /opt/ros/humble/share/python_cmake_module/cmake/Modules/FindPythonExtra.cmake:140 (find_package):
[2.509s]   Policy CMP0148 is not set: The FindPythonInterp and FindPythonLibs modules
[2.510s]   are removed.  Run "cmake --help-policy CMP0148" for policy details.  Use
[2.510s]   the cmake_policy command to set the policy and suppress this warning.
[2.510s] 
[2.510s] Call Stack (most recent call first):
[2.510s]   /opt/ros/humble/share/rosidl_generator_py/cmake/rosidl_generator_py_generate_interfaces.cmake:23 (find_package)
[2.510s]   /opt/ros/humble/share/ament_cmake_core/cmake/core/ament_execute_extensions.cmake:48 (include)
[2.510s]   /opt/ros/humble/share/rosidl_cmake/cmake/rosidl_generate_interfaces.cmake:286 (ament_execute_extensions)
[2.510s]   CMakeLists.txt:37 (rosidl_generate_interfaces)
[2.510s] This warning is for project developers.  Use -Wno-dev to suppress it.
[2.510s] [0m
[2.520s] -- Found PythonLibs: /usr/lib/x86_64-linux-gnu/libpython3.10.so (found suitable version "3.10.12", minimum required is "3.5") 
[2.520s] -- Using PYTHON_EXECUTABLE: /usr/bin/python3
[2.520s] -- Using PYTHON_INCLUDE_DIRS: /usr/include/python3.10
[2.520s] -- Using PYTHON_LIBRARIES: /usr/lib/x86_64-linux-gnu/libpython3.10.so
[2.538s] -- Found PythonExtra: .so  
[2.614s] -- Found ament_cmake_flake8: 0.12.12 (/opt/ros/humble/share/ament_cmake_flake8/cmake)
[2.616s] -- Found ament_cmake_pep257: 0.12.12 (/opt/ros/humble/share/ament_cmake_pep257/cmake)
[2.619s] -- Found ament_lint_auto: 0.12.12 (/opt/ros/humble/share/ament_lint_auto/cmake)
[2.634s] -- Added test 'copyright' to check source files copyright and LICENSE
[2.634s] -- Added test 'lint_cmake' to check CMake code style
[2.635s] -- Added test 'xmllint' to check XML markup files
[2.638s] -- Configuring done (2.1s)
[2.683s] -- Generating done (0.0s)
[2.694s] -- Build files have been written to: /home/daniel/code/2025-phd-daniel-guerrero/robot_ws/build/carla_waypoint_types
[2.700s] Invoked command in '/home/daniel/code/2025-phd-daniel-guerrero/robot_ws/build/carla_waypoint_types' returned '0': CMAKE_PREFIX_PATH=/opt/ros/humble /opt/cmake-3.28.3-linux-x86_64/bin/cmake /home/daniel/code/2025-phd-daniel-guerrero/robot_ws/src/carla_ros/carla_waypoint_types -DAMENT_CMAKE_SYMLINK_INSTALL=1 -DCMAKE_INSTALL_PREFIX=/home/daniel/code/2025-phd-daniel-guerrero/robot_ws/install/carla_waypoint_types
[2.701s] Invoking command in '/home/daniel/code/2025-phd-daniel-guerrero/robot_ws/build/carla_waypoint_types': CMAKE_PREFIX_PATH=/opt/ros/humble /opt/cmake-3.28.3-linux-x86_64/bin/cmake --build /home/daniel/code/2025-phd-daniel-guerrero/robot_ws/build/carla_waypoint_types -- -j12 -l12
[2.717s] [  2%] [34m[1mGenerating C code for ROS interfaces[0m
[2.721s] [  4%] [34m[1mGenerating C++ code for ROS interfaces[0m
[2.722s] [  4%] Built target ament_cmake_python_symlink_carla_waypoint_types
[2.998s] running egg_info
[2.998s] creating carla_waypoint_types.egg-info
[2.998s] writing carla_waypoint_types.egg-info/PKG-INFO
[2.999s] writing dependency_links to carla_waypoint_types.egg-info/dependency_links.txt
[2.999s] writing top-level names to carla_waypoint_types.egg-info/top_level.txt
[2.999s] writing manifest file 'carla_waypoint_types.egg-info/SOURCES.txt'
[3.000s] reading manifest file 'carla_waypoint_types.egg-info/SOURCES.txt'
[3.000s] writing manifest file 'carla_waypoint_types.egg-info/SOURCES.txt'
[3.020s] [  4%] Built target ament_cmake_python_build_carla_waypoint_types_egg
[3.169s] [  4%] Built target carla_waypoint_types__cpp
[3.173s] [  6%] [34m[1mGenerating C++ type support dispatch for ROS interfaces[0m
[3.173s] [  8%] [34m[1mGenerating C++ introspection for ROS interfaces[0m
[3.174s] [ 10%] [34m[1mGenerating C++ type support for eProsima Fast-RTPS[0m
[3.269s] [ 14%] [32mBuilding C object CMakeFiles/carla_waypoint_types__rosidl_generator_c.dir/rosidl_generator_c/carla_waypoint_types/srv/detail/get_actor_waypoint__functions.c.o[0m
[3.269s] [ 14%] [32mBuilding C object CMakeFiles/carla_waypoint_types__rosidl_generator_c.dir/rosidl_generator_c/carla_waypoint_types/msg/detail/carla_waypoint__functions.c.o[0m
[3.269s] [ 17%] [32mBuilding C object CMakeFiles/carla_waypoint_types__rosidl_generator_c.dir/rosidl_generator_c/carla_waypoint_types/srv/detail/get_waypoint__functions.c.o[0m
[3.383s] [ 19%] [32m[1mLinking C shared library libcarla_waypoint_types__rosidl_generator_c.so[0m
[3.413s] [ 19%] Built target carla_waypoint_types__rosidl_generator_c
[3.420s] [ 21%] [34m[1mGenerating C introspection for ROS interfaces[0m
[3.422s] [ 23%] [34m[1mGenerating C type support for eProsima Fast-RTPS[0m
[3.426s] [ 25%] [34m[1mGenerating C type support dispatch for ROS interfaces[0m
[3.585s] [ 27%] [32mBuilding CXX object CMakeFiles/carla_waypoint_types__rosidl_typesupport_cpp.dir/rosidl_typesupport_cpp/carla_waypoint_types/msg/carla_waypoint__type_support.cpp.o[0m
[3.590s] [ 29%] [32mBuilding CXX object CMakeFiles/carla_waypoint_types__rosidl_typesupport_cpp.dir/rosidl_typesupport_cpp/carla_waypoint_types/srv/get_waypoint__type_support.cpp.o[0m
[3.591s] [ 31%] [32mBuilding CXX object CMakeFiles/carla_waypoint_types__rosidl_typesupport_cpp.dir/rosidl_typesupport_cpp/carla_waypoint_types/srv/get_actor_waypoint__type_support.cpp.o[0m
[3.742s] [ 34%] [32mBuilding CXX object CMakeFiles/carla_waypoint_types__rosidl_typesupport_fastrtps_cpp.dir/rosidl_typesupport_fastrtps_cpp/carla_waypoint_types/msg/detail/dds_fastrtps/carla_waypoint__type_support.cpp.o[0m
[3.742s] [ 36%] [32mBuilding CXX object CMakeFiles/carla_waypoint_types__rosidl_typesupport_fastrtps_cpp.dir/rosidl_typesupport_fastrtps_cpp/carla_waypoint_types/srv/detail/dds_fastrtps/get_waypoint__type_support.cpp.o[0m
[3.747s] [ 38%] [32mBuilding CXX object CMakeFiles/carla_waypoint_types__rosidl_typesupport_fastrtps_cpp.dir/rosidl_typesupport_fastrtps_cpp/carla_waypoint_types/srv/detail/dds_fastrtps/get_actor_waypoint__type_support.cpp.o[0m
[3.753s] [ 42%] [32mBuilding CXX object CMakeFiles/carla_waypoint_types__rosidl_typesupport_introspection_cpp.dir/rosidl_typesupport_introspection_cpp/carla_waypoint_types/srv/detail/get_waypoint__type_support.cpp.o[0m
[3.753s] [ 40%] [32mBuilding CXX object CMakeFiles/carla_waypoint_types__rosidl_typesupport_introspection_cpp.dir/rosidl_typesupport_introspection_cpp/carla_waypoint_types/msg/detail/carla_waypoint__type_support.cpp.o[0m
[3.757s] [ 44%] [32mBuilding CXX object CMakeFiles/carla_waypoint_types__rosidl_typesupport_introspection_cpp.dir/rosidl_typesupport_introspection_cpp/carla_waypoint_types/srv/detail/get_actor_waypoint__type_support.cpp.o[0m
[4.133s] [ 46%] [32mBuilding CXX object CMakeFiles/carla_waypoint_types__rosidl_typesupport_c.dir/rosidl_typesupport_c/carla_waypoint_types/msg/carla_waypoint__type_support.cpp.o[0m
[4.162s] [ 48%] [32mBuilding CXX object CMakeFiles/carla_waypoint_types__rosidl_typesupport_c.dir/rosidl_typesupport_c/carla_waypoint_types/srv/get_waypoint__type_support.cpp.o[0m
[4.199s] [ 51%] [32mBuilding CXX object CMakeFiles/carla_waypoint_types__rosidl_typesupport_c.dir/rosidl_typesupport_c/carla_waypoint_types/srv/get_actor_waypoint__type_support.cpp.o[0m
[4.210s] [ 53%] [32m[1mLinking CXX shared library libcarla_waypoint_types__rosidl_typesupport_cpp.so[0m
[4.233s] [ 55%] [32mBuilding CXX object CMakeFiles/carla_waypoint_types__rosidl_typesupport_fastrtps_c.dir/rosidl_typesupport_fastrtps_c/carla_waypoint_types/msg/detail/carla_waypoint__type_support_c.cpp.o[0m
[4.239s] [ 57%] [32mBuilding CXX object CMakeFiles/carla_waypoint_types__rosidl_typesupport_fastrtps_c.dir/rosidl_typesupport_fastrtps_c/carla_waypoint_types/srv/detail/get_waypoint__type_support_c.cpp.o[0m
[4.262s] [ 59%] [32mBuilding CXX object CMakeFiles/carla_waypoint_types__rosidl_typesupport_fastrtps_c.dir/rosidl_typesupport_fastrtps_c/carla_waypoint_types/srv/detail/get_actor_waypoint__type_support_c.cpp.o[0m
[4.284s] [ 61%] [32m[1mLinking CXX shared library libcarla_waypoint_types__rosidl_typesupport_c.so[0m
[4.304s] [ 61%] Built target carla_waypoint_types__rosidl_typesupport_cpp
[4.340s] [ 63%] [32mBuilding C object CMakeFiles/carla_waypoint_types__rosidl_typesupport_introspection_c.dir/rosidl_typesupport_introspection_c/carla_waypoint_types/msg/detail/carla_waypoint__type_support.c.o[0m
[4.345s] [ 65%] [32mBuilding C object CMakeFiles/carla_waypoint_types__rosidl_typesupport_introspection_c.dir/rosidl_typesupport_introspection_c/carla_waypoint_types/srv/detail/get_waypoint__type_support.c.o[0m
[4.360s] [ 68%] [32mBuilding C object CMakeFiles/carla_waypoint_types__rosidl_typesupport_introspection_c.dir/rosidl_typesupport_introspection_c/carla_waypoint_types/srv/detail/get_actor_waypoint__type_support.c.o[0m
[4.392s] [ 68%] Built target carla_waypoint_types__rosidl_typesupport_c
[4.406s] [ 70%] [32m[1mLinking CXX shared library libcarla_waypoint_types__rosidl_typesupport_introspection_cpp.so[0m
[4.449s] [ 72%] [32m[1mLinking C shared library libcarla_waypoint_types__rosidl_typesupport_introspection_c.so[0m
[4.534s] [ 72%] Built target carla_waypoint_types__rosidl_typesupport_introspection_c
[4.642s] [ 72%] Built target carla_waypoint_types__rosidl_typesupport_introspection_cpp
[4.686s] [ 74%] [32m[1mLinking CXX shared library libcarla_waypoint_types__rosidl_typesupport_fastrtps_cpp.so[0m
[4.803s] [ 74%] Built target carla_waypoint_types__rosidl_typesupport_fastrtps_cpp
[4.852s] [ 76%] [32m[1mLinking CXX shared library libcarla_waypoint_types__rosidl_typesupport_fastrtps_c.so[0m
[4.921s] [ 76%] Built target carla_waypoint_types__rosidl_typesupport_fastrtps_c
[4.930s] [ 76%] Built target carla_waypoint_types
[4.940s] [ 78%] [34m[1mGenerating Python code for ROS interfaces[0m
[5.856s] [ 78%] Built target carla_waypoint_types__py
[5.883s] [ 82%] [32mBuilding C object CMakeFiles/carla_waypoint_types__rosidl_generator_py.dir/rosidl_generator_py/carla_waypoint_types/msg/_carla_waypoint_s.c.o[0m
[5.884s] [ 85%] [32mBuilding C object CMakeFiles/carla_waypoint_types__rosidl_generator_py.dir/rosidl_generator_py/carla_waypoint_types/srv/_get_actor_waypoint_s.c.o[0m
[5.885s] [ 82%] [32mBuilding C object CMakeFiles/carla_waypoint_types__rosidl_generator_py.dir/rosidl_generator_py/carla_waypoint_types/srv/_get_waypoint_s.c.o[0m
[6.081s] [ 87%] [32m[1mLinking C shared library rosidl_generator_py/carla_waypoint_types/libcarla_waypoint_types__rosidl_generator_py.so[0m
[6.139s] [ 87%] Built target carla_waypoint_types__rosidl_generator_py
[6.154s] [ 89%] [32mBuilding C object CMakeFiles/carla_waypoint_types__rosidl_typesupport_introspection_c__pyext.dir/rosidl_generator_py/carla_waypoint_types/_carla_waypoint_types_s.ep.rosidl_typesupport_introspection_c.c.o[0m
[6.157s] [ 91%] [32mBuilding C object CMakeFiles/carla_waypoint_types__rosidl_typesupport_c__pyext.dir/rosidl_generator_py/carla_waypoint_types/_carla_waypoint_types_s.ep.rosidl_typesupport_c.c.o[0m
[6.158s] [ 93%] [32mBuilding C object CMakeFiles/carla_waypoint_types__rosidl_typesupport_fastrtps_c__pyext.dir/rosidl_generator_py/carla_waypoint_types/_carla_waypoint_types_s.ep.rosidl_typesupport_fastrtps_c.c.o[0m
[6.319s] [ 95%] [32m[1mLinking C shared library rosidl_generator_py/carla_waypoint_types/carla_waypoint_types_s__rosidl_typesupport_introspection_c.cpython-310-x86_64-linux-gnu.so[0m
[6.370s] [ 97%] [32m[1mLinking C shared library rosidl_generator_py/carla_waypoint_types/carla_waypoint_types_s__rosidl_typesupport_fastrtps_c.cpython-310-x86_64-linux-gnu.so[0m
[6.373s] [ 97%] Built target carla_waypoint_types__rosidl_typesupport_introspection_c__pyext
[6.403s] [100%] [32m[1mLinking C shared library rosidl_generator_py/carla_waypoint_types/carla_waypoint_types_s__rosidl_typesupport_c.cpython-310-x86_64-linux-gnu.so[0m
[6.430s] [100%] Built target carla_waypoint_types__rosidl_typesupport_fastrtps_c__pyext
[6.443s] [100%] Built target carla_waypoint_types__rosidl_typesupport_c__pyext
[6.465s] Invoked command in '/home/daniel/code/2025-phd-daniel-guerrero/robot_ws/build/carla_waypoint_types' returned '0': CMAKE_PREFIX_PATH=/opt/ros/humble /opt/cmake-3.28.3-linux-x86_64/bin/cmake --build /home/daniel/code/2025-phd-daniel-guerrero/robot_ws/build/carla_waypoint_types -- -j12 -l12
[6.465s] Invoking command in '/home/daniel/code/2025-phd-daniel-guerrero/robot_ws/build/carla_waypoint_types': CMAKE_PREFIX_PATH=/opt/ros/humble /opt/cmake-3.28.3-linux-x86_64/bin/cmake --install /home/daniel/code/2025-phd-daniel-guerrero/robot_ws/build/carla_waypoint_types
[6.469s] -- Install configuration: ""
[6.471s] -- Execute custom install script
[6.471s] -- Symlinking: /home/daniel/code/2025-phd-daniel-guerrero/robot_ws/install/carla_waypoint_types/share/ament_index/resource_index/rosidl_interfaces/carla_waypoint_types
[6.476s] -- Symlinking: /home/daniel/code/2025-phd-daniel-guerrero/robot_ws/install/carla_waypoint_types/include/carla_waypoint_types/carla_waypoint_types/msg/carla_waypoint.h
[6.477s] -- Symlinking: /home/daniel/code/2025-phd-daniel-guerrero/robot_ws/install/carla_waypoint_types/include/carla_waypoint_types/carla_waypoint_types/msg/detail/carla_waypoint__functions.h
[6.480s] -- Symlinking: /home/daniel/code/2025-phd-daniel-guerrero/robot_ws/install/carla_waypoint_types/include/carla_waypoint_types/carla_waypoint_types/msg/detail/carla_waypoint__struct.h
[6.485s] -- Symlinking: /home/daniel/code/2025-phd-daniel-guerrero/robot_ws/install/carla_waypoint_types/include/carla_waypoint_types/carla_waypoint_types/msg/detail/carla_waypoint__type_support.h
[6.491s] -- Symlinking: /home/daniel/code/2025-phd-daniel-guerrero/robot_ws/install/carla_waypoint_types/include/carla_waypoint_types/carla_waypoint_types/msg/rosidl_generator_c__visibility_control.h
[6.493s] -- Symlinking: /home/daniel/code/2025-phd-daniel-guerrero/robot_ws/install/carla_waypoint_types/include/carla_waypoint_types/carla_waypoint_types/srv/detail/get_actor_waypoint__functions.h
[6.497s] -- Symlinking: /home/daniel/code/2025-phd-daniel-guerrero/robot_ws/install/carla_waypoint_types/include/carla_waypoint_types/carla_waypoint_types/srv/detail/get_actor_waypoint__struct.h
[6.502s] -- Symlinking: /home/daniel/code/2025-phd-daniel-guerrero/robot_ws/install/carla_waypoint_types/include/carla_waypoint_types/carla_waypoint_types/srv/detail/get_actor_waypoint__type_support.h
[6.505s] -- Symlinking: /home/daniel/code/2025-phd-daniel-guerrero/robot_ws/install/carla_waypoint_types/include/carla_waypoint_types/carla_waypoint_types/srv/detail/get_waypoint__functions.h
[6.508s] -- Symlinking: /home/daniel/code/2025-phd-daniel-guerrero/robot_ws/install/carla_waypoint_types/include/carla_waypoint_types/carla_waypoint_types/srv/detail/get_waypoint__struct.h
[6.512s] -- Symlinking: /home/daniel/code/2025-phd-daniel-guerrero/robot_ws/install/carla_waypoint_types/include/carla_waypoint_types/carla_waypoint_types/srv/detail/get_waypoint__type_support.h
[6.518s] -- Symlinking: /home/daniel/code/2025-phd-daniel-guerrero/robot_ws/install/carla_waypoint_types/include/carla_waypoint_types/carla_waypoint_types/srv/get_actor_waypoint.h
[6.518s] -- Symlinking: /home/daniel/code/2025-phd-daniel-guerrero/robot_ws/install/carla_waypoint_types/include/carla_waypoint_types/carla_waypoint_types/srv/get_waypoint.h
[6.520s] -- Symlinking: /home/daniel/code/2025-phd-daniel-guerrero/robot_ws/install/carla_waypoint_types/share/carla_waypoint_types/environment/library_path.sh
[6.523s] -- Symlinking: /home/daniel/code/2025-phd-daniel-guerrero/robot_ws/install/carla_waypoint_types/share/carla_waypoint_types/environment/library_path.dsv
[6.526s] -- Symlinking: /home/daniel/code/2025-phd-daniel-guerrero/robot_ws/install/carla_waypoint_types/include/carla_waypoint_types/carla_waypoint_types/msg/detail/carla_waypoint__rosidl_typesupport_fastrtps_c.h
[6.530s] -- Symlinking: /home/daniel/code/2025-phd-daniel-guerrero/robot_ws/install/carla_waypoint_types/include/carla_waypoint_types/carla_waypoint_types/msg/rosidl_typesupport_fastrtps_c__visibility_control.h
[6.533s] -- Symlinking: /home/daniel/code/2025-phd-daniel-guerrero/robot_ws/install/carla_waypoint_types/include/carla_waypoint_types/carla_waypoint_types/srv/detail/get_actor_waypoint__rosidl_typesupport_fastrtps_c.h
[6.536s] -- Symlinking: /home/daniel/code/2025-phd-daniel-guerrero/robot_ws/install/carla_waypoint_types/include/carla_waypoint_types/carla_waypoint_types/srv/detail/get_waypoint__rosidl_typesupport_fastrtps_c.h
[6.540s] -- Symlinking: /home/daniel/code/2025-phd-daniel-guerrero/robot_ws/install/carla_waypoint_types/include/carla_waypoint_types/carla_waypoint_types/msg/carla_waypoint.hpp
[6.543s] -- Symlinking: /home/daniel/code/2025-phd-daniel-guerrero/robot_ws/install/carla_waypoint_types/include/carla_waypoint_types/carla_waypoint_types/msg/detail/carla_waypoint__builder.hpp
[6.546s] -- Symlinking: /home/daniel/code/2025-phd-daniel-guerrero/robot_ws/install/carla_waypoint_types/include/carla_waypoint_types/carla_waypoint_types/msg/detail/carla_waypoint__struct.hpp
[6.548s] -- Symlinking: /home/daniel/code/2025-phd-daniel-guerrero/robot_ws/install/carla_waypoint_types/include/carla_waypoint_types/carla_waypoint_types/msg/detail/carla_waypoint__traits.hpp
[6.551s] -- Symlinking: /home/daniel/code/2025-phd-daniel-guerrero/robot_ws/install/carla_waypoint_types/include/carla_waypoint_types/carla_waypoint_types/msg/detail/carla_waypoint__type_support.hpp
[6.559s] -- Symlinking: /home/daniel/code/2025-phd-daniel-guerrero/robot_ws/install/carla_waypoint_types/include/carla_waypoint_types/carla_waypoint_types/msg/rosidl_generator_cpp__visibility_control.hpp
[6.560s] -- Symlinking: /home/daniel/code/2025-phd-daniel-guerrero/robot_ws/install/carla_waypoint_types/include/carla_waypoint_types/carla_waypoint_types/srv/detail/get_actor_waypoint__builder.hpp
[6.573s] -- Symlinking: /home/daniel/code/2025-phd-daniel-guerrero/robot_ws/install/carla_waypoint_types/include/carla_waypoint_types/carla_waypoint_types/srv/detail/get_actor_waypoint__struct.hpp
[6.578s] -- Symlinking: /home/daniel/code/2025-phd-daniel-guerrero/robot_ws/install/carla_waypoint_types/include/carla_waypoint_types/carla_waypoint_types/srv/detail/get_actor_waypoint__traits.hpp
[6.584s] -- Symlinking: /home/daniel/code/2025-phd-daniel-guerrero/robot_ws/install/carla_waypoint_types/include/carla_waypoint_types/carla_waypoint_types/srv/detail/get_actor_waypoint__type_support.hpp
[6.587s] -- Symlinking: /home/daniel/code/2025-phd-daniel-guerrero/robot_ws/install/carla_waypoint_types/include/carla_waypoint_types/carla_waypoint_types/srv/detail/get_waypoint__builder.hpp
[6.593s] -- Symlinking: /home/daniel/code/2025-phd-daniel-guerrero/robot_ws/install/carla_waypoint_types/include/carla_waypoint_types/carla_waypoint_types/srv/detail/get_waypoint__struct.hpp
[6.596s] -- Symlinking: /home/daniel/code/2025-phd-daniel-guerrero/robot_ws/install/carla_waypoint_types/include/carla_waypoint_types/carla_waypoint_types/srv/detail/get_waypoint__traits.hpp
[6.599s] -- Symlinking: /home/daniel/code/2025-phd-daniel-guerrero/robot_ws/install/carla_waypoint_types/include/carla_waypoint_types/carla_waypoint_types/srv/detail/get_waypoint__type_support.hpp
[6.602s] -- Symlinking: /home/daniel/code/2025-phd-daniel-guerrero/robot_ws/install/carla_waypoint_types/include/carla_waypoint_types/carla_waypoint_types/srv/get_actor_waypoint.hpp
[6.605s] -- Symlinking: /home/daniel/code/2025-phd-daniel-guerrero/robot_ws/install/carla_waypoint_types/include/carla_waypoint_types/carla_waypoint_types/srv/get_waypoint.hpp
[6.609s] -- Symlinking: /home/daniel/code/2025-phd-daniel-guerrero/robot_ws/install/carla_waypoint_types/include/carla_waypoint_types/carla_waypoint_types/msg/detail/carla_waypoint__rosidl_typesupport_fastrtps_cpp.hpp
[6.611s] -- Symlinking: /home/daniel/code/2025-phd-daniel-guerrero/robot_ws/install/carla_waypoint_types/include/carla_waypoint_types/carla_waypoint_types/msg/rosidl_typesupport_fastrtps_cpp__visibility_control.h
[6.614s] -- Symlinking: /home/daniel/code/2025-phd-daniel-guerrero/robot_ws/install/carla_waypoint_types/include/carla_waypoint_types/carla_waypoint_types/srv/detail/get_actor_waypoint__rosidl_typesupport_fastrtps_cpp.hpp
[6.617s] -- Symlinking: /home/daniel/code/2025-phd-daniel-guerrero/robot_ws/install/carla_waypoint_types/include/carla_waypoint_types/carla_waypoint_types/srv/detail/get_waypoint__rosidl_typesupport_fastrtps_cpp.hpp
[6.621s] -- Symlinking: /home/daniel/code/2025-phd-daniel-guerrero/robot_ws/install/carla_waypoint_types/include/carla_waypoint_types/carla_waypoint_types/msg/detail/carla_waypoint__rosidl_typesupport_introspection_c.h
[6.624s] -- Symlinking: /home/daniel/code/2025-phd-daniel-guerrero/robot_ws/install/carla_waypoint_types/include/carla_waypoint_types/carla_waypoint_types/msg/rosidl_typesupport_introspection_c__visibility_control.h
[6.627s] -- Symlinking: /home/daniel/code/2025-phd-daniel-guerrero/robot_ws/install/carla_waypoint_types/include/carla_waypoint_types/carla_waypoint_types/srv/detail/get_actor_waypoint__rosidl_typesupport_introspection_c.h
[6.631s] -- Symlinking: /home/daniel/code/2025-phd-daniel-guerrero/robot_ws/install/carla_waypoint_types/include/carla_waypoint_types/carla_waypoint_types/srv/detail/get_waypoint__rosidl_typesupport_introspection_c.h
[6.634s] -- Symlinking: /home/daniel/code/2025-phd-daniel-guerrero/robot_ws/install/carla_waypoint_types/include/carla_waypoint_types/carla_waypoint_types/msg/detail/carla_waypoint__rosidl_typesupport_introspection_cpp.hpp
[6.637s] -- Symlinking: /home/daniel/code/2025-phd-daniel-guerrero/robot_ws/install/carla_waypoint_types/include/carla_waypoint_types/carla_waypoint_types/srv/detail/get_actor_waypoint__rosidl_typesupport_introspection_cpp.hpp
[6.640s] -- Symlinking: /home/daniel/code/2025-phd-daniel-guerrero/robot_ws/install/carla_waypoint_types/include/carla_waypoint_types/carla_waypoint_types/srv/detail/get_waypoint__rosidl_typesupport_introspection_cpp.hpp
[6.643s] -- Symlinking: /home/daniel/code/2025-phd-daniel-guerrero/robot_ws/install/carla_waypoint_types/share/carla_waypoint_types/environment/pythonpath.sh
[6.647s] -- Symlinking: /home/daniel/code/2025-phd-daniel-guerrero/robot_ws/install/carla_waypoint_types/share/carla_waypoint_types/environment/pythonpath.dsv
[6.650s] -- Symlinking: /home/daniel/code/2025-phd-daniel-guerrero/robot_ws/install/carla_waypoint_types/local/lib/python3.10/dist-packages/carla_waypoint_types-0.1.0-py3.10.egg-info/PKG-INFO
[6.654s] -- Symlinking: /home/daniel/code/2025-phd-daniel-guerrero/robot_ws/install/carla_waypoint_types/local/lib/python3.10/dist-packages/carla_waypoint_types-0.1.0-py3.10.egg-info/SOURCES.txt
[6.656s] -- Symlinking: /home/daniel/code/2025-phd-daniel-guerrero/robot_ws/install/carla_waypoint_types/local/lib/python3.10/dist-packages/carla_waypoint_types-0.1.0-py3.10.egg-info/dependency_links.txt
[6.659s] -- Symlinking: /home/daniel/code/2025-phd-daniel-guerrero/robot_ws/install/carla_waypoint_types/local/lib/python3.10/dist-packages/carla_waypoint_types-0.1.0-py3.10.egg-info/top_level.txt
[6.663s] -- Symlinking: /home/daniel/code/2025-phd-daniel-guerrero/robot_ws/install/carla_waypoint_types/local/lib/python3.10/dist-packages/carla_waypoint_types/__init__.py
[6.666s] -- Symlinking: /home/daniel/code/2025-phd-daniel-guerrero/robot_ws/install/carla_waypoint_types/local/lib/python3.10/dist-packages/carla_waypoint_types/_carla_waypoint_types_s.ep.rosidl_typesupport_c.c
[6.669s] -- Symlinking: /home/daniel/code/2025-phd-daniel-guerrero/robot_ws/install/carla_waypoint_types/local/lib/python3.10/dist-packages/carla_waypoint_types/_carla_waypoint_types_s.ep.rosidl_typesupport_fastrtps_c.c
[6.672s] -- Symlinking: /home/daniel/code/2025-phd-daniel-guerrero/robot_ws/install/carla_waypoint_types/local/lib/python3.10/dist-packages/carla_waypoint_types/_carla_waypoint_types_s.ep.rosidl_typesupport_introspection_c.c
[6.677s] -- Symlinking: /home/daniel/code/2025-phd-daniel-guerrero/robot_ws/install/carla_waypoint_types/local/lib/python3.10/dist-packages/carla_waypoint_types/carla_waypoint_types_s__rosidl_typesupport_c.cpython-310-x86_64-linux-gnu.so
[6.678s] -- Symlinking: /home/daniel/code/2025-phd-daniel-guerrero/robot_ws/install/carla_waypoint_types/local/lib/python3.10/dist-packages/carla_waypoint_types/carla_waypoint_types_s__rosidl_typesupport_fastrtps_c.cpython-310-x86_64-linux-gnu.so
[6.684s] -- Symlinking: /home/daniel/code/2025-phd-daniel-guerrero/robot_ws/install/carla_waypoint_types/local/lib/python3.10/dist-packages/carla_waypoint_types/carla_waypoint_types_s__rosidl_typesupport_introspection_c.cpython-310-x86_64-linux-gnu.so
[6.687s] -- Symlinking: /home/daniel/code/2025-phd-daniel-guerrero/robot_ws/install/carla_waypoint_types/local/lib/python3.10/dist-packages/carla_waypoint_types/libcarla_waypoint_types__rosidl_generator_py.so
[6.690s] -- Symlinking: /home/daniel/code/2025-phd-daniel-guerrero/robot_ws/install/carla_waypoint_types/local/lib/python3.10/dist-packages/carla_waypoint_types/msg/__init__.py
[6.695s] -- Symlinking: /home/daniel/code/2025-phd-daniel-guerrero/robot_ws/install/carla_waypoint_types/local/lib/python3.10/dist-packages/carla_waypoint_types/msg/_carla_waypoint.py
[6.698s] -- Symlinking: /home/daniel/code/2025-phd-daniel-guerrero/robot_ws/install/carla_waypoint_types/local/lib/python3.10/dist-packages/carla_waypoint_types/msg/_carla_waypoint_s.c
[6.702s] -- Symlinking: /home/daniel/code/2025-phd-daniel-guerrero/robot_ws/install/carla_waypoint_types/local/lib/python3.10/dist-packages/carla_waypoint_types/srv/__init__.py
[6.704s] -- Symlinking: /home/daniel/code/2025-phd-daniel-guerrero/robot_ws/install/carla_waypoint_types/local/lib/python3.10/dist-packages/carla_waypoint_types/srv/_get_actor_waypoint.py
[6.707s] -- Symlinking: /home/daniel/code/2025-phd-daniel-guerrero/robot_ws/install/carla_waypoint_types/local/lib/python3.10/dist-packages/carla_waypoint_types/srv/_get_actor_waypoint_s.c
[6.710s] -- Symlinking: /home/daniel/code/2025-phd-daniel-guerrero/robot_ws/install/carla_waypoint_types/local/lib/python3.10/dist-packages/carla_waypoint_types/srv/_get_waypoint.py
[6.714s] -- Symlinking: /home/daniel/code/2025-phd-daniel-guerrero/robot_ws/install/carla_waypoint_types/local/lib/python3.10/dist-packages/carla_waypoint_types/srv/_get_waypoint_s.c
[6.723s] -- Up-to-date symlink: /home/daniel/code/2025-phd-daniel-guerrero/robot_ws/install/carla_waypoint_types/local/lib/python3.10/dist-packages/carla_waypoint_types/carla_waypoint_types_s__rosidl_typesupport_fastrtps_c.cpython-310-x86_64-linux-gnu.so
[6.724s] -- Up-to-date symlink: /home/daniel/code/2025-phd-daniel-guerrero/robot_ws/install/carla_waypoint_types/local/lib/python3.10/dist-packages/carla_waypoint_types/carla_waypoint_types_s__rosidl_typesupport_introspection_c.cpython-310-x86_64-linux-gnu.so
[6.724s] -- Up-to-date symlink: /home/daniel/code/2025-phd-daniel-guerrero/robot_ws/install/carla_waypoint_types/local/lib/python3.10/dist-packages/carla_waypoint_types/carla_waypoint_types_s__rosidl_typesupport_c.cpython-310-x86_64-linux-gnu.so
[6.725s] -- Symlinking: /home/daniel/code/2025-phd-daniel-guerrero/robot_ws/install/carla_waypoint_types/share/carla_waypoint_types/msg/CarlaWaypoint.idl
[6.735s] -- Symlinking: /home/daniel/code/2025-phd-daniel-guerrero/robot_ws/install/carla_waypoint_types/share/carla_waypoint_types/srv/GetWaypoint.idl
[6.740s] -- Symlinking: /home/daniel/code/2025-phd-daniel-guerrero/robot_ws/install/carla_waypoint_types/share/carla_waypoint_types/srv/GetActorWaypoint.idl
[6.740s] -- Symlinking: /home/daniel/code/2025-phd-daniel-guerrero/robot_ws/install/carla_waypoint_types/share/carla_waypoint_types/msg/CarlaWaypoint.msg
[6.743s] -- Symlinking: /home/daniel/code/2025-phd-daniel-guerrero/robot_ws/install/carla_waypoint_types/share/carla_waypoint_types/srv/GetWaypoint.srv
[6.746s] -- Symlinking: /home/daniel/code/2025-phd-daniel-guerrero/robot_ws/install/carla_waypoint_types/share/carla_waypoint_types/srv/GetWaypoint_Request.msg
[6.749s] -- Symlinking: /home/daniel/code/2025-phd-daniel-guerrero/robot_ws/install/carla_waypoint_types/share/carla_waypoint_types/srv/GetWaypoint_Response.msg
[6.755s] -- Symlinking: /home/daniel/code/2025-phd-daniel-guerrero/robot_ws/install/carla_waypoint_types/share/carla_waypoint_types/srv/GetActorWaypoint.srv
[6.757s] -- Symlinking: /home/daniel/code/2025-phd-daniel-guerrero/robot_ws/install/carla_waypoint_types/share/carla_waypoint_types/srv/GetActorWaypoint_Request.msg
[6.768s] -- Symlinking: /home/daniel/code/2025-phd-daniel-guerrero/robot_ws/install/carla_waypoint_types/share/carla_waypoint_types/srv/GetActorWaypoint_Response.msg
[6.773s] -- Symlinking: /home/daniel/code/2025-phd-daniel-guerrero/robot_ws/install/carla_waypoint_types/share/ament_index/resource_index/package_run_dependencies/carla_waypoint_types
[6.776s] -- Symlinking: /home/daniel/code/2025-phd-daniel-guerrero/robot_ws/install/carla_waypoint_types/share/ament_index/resource_index/parent_prefix_path/carla_waypoint_types
[6.779s] -- Symlinking: /home/daniel/code/2025-phd-daniel-guerrero/robot_ws/install/carla_waypoint_types/share/carla_waypoint_types/environment/ament_prefix_path.sh
[6.786s] -- Symlinking: /home/daniel/code/2025-phd-daniel-guerrero/robot_ws/install/carla_waypoint_types/share/carla_waypoint_types/environment/ament_prefix_path.dsv
[6.788s] -- Symlinking: /home/daniel/code/2025-phd-daniel-guerrero/robot_ws/install/carla_waypoint_types/share/carla_waypoint_types/environment/path.sh
[6.794s] -- Symlinking: /home/daniel/code/2025-phd-daniel-guerrero/robot_ws/install/carla_waypoint_types/share/carla_waypoint_types/environment/path.dsv
[6.794s] -- Symlinking: /home/daniel/code/2025-phd-daniel-guerrero/robot_ws/install/carla_waypoint_types/share/carla_waypoint_types/local_setup.bash
[6.817s] -- Symlinking: /home/daniel/code/2025-phd-daniel-guerrero/robot_ws/install/carla_waypoint_types/share/carla_waypoint_types/local_setup.sh
[6.818s] -- Symlinking: /home/daniel/code/2025-phd-daniel-guerrero/robot_ws/install/carla_waypoint_types/share/carla_waypoint_types/local_setup.zsh
[6.818s] -- Symlinking: /home/daniel/code/2025-phd-daniel-guerrero/robot_ws/install/carla_waypoint_types/share/carla_waypoint_types/local_setup.dsv
[6.818s] -- Symlinking: /home/daniel/code/2025-phd-daniel-guerrero/robot_ws/install/carla_waypoint_types/share/carla_waypoint_types/package.dsv
[6.819s] -- Symlinking: /home/daniel/code/2025-phd-daniel-guerrero/robot_ws/install/carla_waypoint_types/share/ament_index/resource_index/packages/carla_waypoint_types
[6.827s] -- Symlinking: /home/daniel/code/2025-phd-daniel-guerrero/robot_ws/install/carla_waypoint_types/share/carla_waypoint_types/cmake/rosidl_cmake-extras.cmake
[6.833s] -- Symlinking: /home/daniel/code/2025-phd-daniel-guerrero/robot_ws/install/carla_waypoint_types/share/carla_waypoint_types/cmake/ament_cmake_export_dependencies-extras.cmake
[6.834s] -- Symlinking: /home/daniel/code/2025-phd-daniel-guerrero/robot_ws/install/carla_waypoint_types/share/carla_waypoint_types/cmake/ament_cmake_export_include_directories-extras.cmake
[6.838s] -- Symlinking: /home/daniel/code/2025-phd-daniel-guerrero/robot_ws/install/carla_waypoint_types/share/carla_waypoint_types/cmake/ament_cmake_export_libraries-extras.cmake
[6.841s] -- Symlinking: /home/daniel/code/2025-phd-daniel-guerrero/robot_ws/install/carla_waypoint_types/share/carla_waypoint_types/cmake/ament_cmake_export_targets-extras.cmake
[6.846s] -- Symlinking: /home/daniel/code/2025-phd-daniel-guerrero/robot_ws/install/carla_waypoint_types/share/carla_waypoint_types/cmake/rosidl_cmake_export_typesupport_targets-extras.cmake
[6.850s] -- Symlinking: /home/daniel/code/2025-phd-daniel-guerrero/robot_ws/install/carla_waypoint_types/share/carla_waypoint_types/cmake/rosidl_cmake_export_typesupport_libraries-extras.cmake
[6.854s] -- Symlinking: /home/daniel/code/2025-phd-daniel-guerrero/robot_ws/install/carla_waypoint_types/share/carla_waypoint_types/cmake/carla_waypoint_typesConfig.cmake
[6.859s] -- Symlinking: /home/daniel/code/2025-phd-daniel-guerrero/robot_ws/install/carla_waypoint_types/share/carla_waypoint_types/cmake/carla_waypoint_typesConfig-version.cmake
[6.868s] -- Symlinking: /home/daniel/code/2025-phd-daniel-guerrero/robot_ws/install/carla_waypoint_types/share/carla_waypoint_types/package.xml
[6.873s] -- Installing: /home/daniel/code/2025-phd-daniel-guerrero/robot_ws/install/carla_waypoint_types/lib/libcarla_waypoint_types__rosidl_generator_c.so
[6.874s] -- Set non-toolchain portion of runtime path of "/home/daniel/code/2025-phd-daniel-guerrero/robot_ws/install/carla_waypoint_types/lib/libcarla_waypoint_types__rosidl_generator_c.so" to ""
[6.874s] -- Installing: /home/daniel/code/2025-phd-daniel-guerrero/robot_ws/install/carla_waypoint_types/lib/libcarla_waypoint_types__rosidl_typesupport_fastrtps_c.so
[6.874s] -- Set non-toolchain portion of runtime path of "/home/daniel/code/2025-phd-daniel-guerrero/robot_ws/install/carla_waypoint_types/lib/libcarla_waypoint_types__rosidl_typesupport_fastrtps_c.so" to ""
[6.874s] -- Installing: /home/daniel/code/2025-phd-daniel-guerrero/robot_ws/install/carla_waypoint_types/lib/libcarla_waypoint_types__rosidl_typesupport_fastrtps_cpp.so
[6.875s] -- Set non-toolchain portion of runtime path of "/home/daniel/code/2025-phd-daniel-guerrero/robot_ws/install/carla_waypoint_types/lib/libcarla_waypoint_types__rosidl_typesupport_fastrtps_cpp.so" to ""
[6.875s] -- Installing: /home/daniel/code/2025-phd-daniel-guerrero/robot_ws/install/carla_waypoint_types/lib/libcarla_waypoint_types__rosidl_typesupport_introspection_c.so
[6.875s] -- Set non-toolchain portion of runtime path of "/home/daniel/code/2025-phd-daniel-guerrero/robot_ws/install/carla_waypoint_types/lib/libcarla_waypoint_types__rosidl_typesupport_introspection_c.so" to ""
[6.876s] -- Installing: /home/daniel/code/2025-phd-daniel-guerrero/robot_ws/install/carla_waypoint_types/lib/libcarla_waypoint_types__rosidl_typesupport_c.so
[6.876s] -- Set non-toolchain portion of runtime path of "/home/daniel/code/2025-phd-daniel-guerrero/robot_ws/install/carla_waypoint_types/lib/libcarla_waypoint_types__rosidl_typesupport_c.so" to ""
[6.876s] -- Installing: /home/daniel/code/2025-phd-daniel-guerrero/robot_ws/install/carla_waypoint_types/lib/libcarla_waypoint_types__rosidl_typesupport_introspection_cpp.so
[6.877s] -- Set non-toolchain portion of runtime path of "/home/daniel/code/2025-phd-daniel-guerrero/robot_ws/install/carla_waypoint_types/lib/libcarla_waypoint_types__rosidl_typesupport_introspection_cpp.so" to ""
[6.877s] -- Installing: /home/daniel/code/2025-phd-daniel-guerrero/robot_ws/install/carla_waypoint_types/lib/libcarla_waypoint_types__rosidl_typesupport_cpp.so
[6.878s] -- Set non-toolchain portion of runtime path of "/home/daniel/code/2025-phd-daniel-guerrero/robot_ws/install/carla_waypoint_types/lib/libcarla_waypoint_types__rosidl_typesupport_cpp.so" to ""
[6.921s] Listing '/home/daniel/code/2025-phd-daniel-guerrero/robot_ws/install/carla_waypoint_types/local/lib/python3.10/dist-packages/carla_waypoint_types'...
[6.921s] Compiling '/home/daniel/code/2025-phd-daniel-guerrero/robot_ws/install/carla_waypoint_types/local/lib/python3.10/dist-packages/carla_waypoint_types/__init__.py'...
[6.921s] Listing '/home/daniel/code/2025-phd-daniel-guerrero/robot_ws/install/carla_waypoint_types/local/lib/python3.10/dist-packages/carla_waypoint_types/msg'...
[6.921s] Compiling '/home/daniel/code/2025-phd-daniel-guerrero/robot_ws/install/carla_waypoint_types/local/lib/python3.10/dist-packages/carla_waypoint_types/msg/__init__.py'...
[6.921s] Compiling '/home/daniel/code/2025-phd-daniel-guerrero/robot_ws/install/carla_waypoint_types/local/lib/python3.10/dist-packages/carla_waypoint_types/msg/_carla_waypoint.py'...
[6.921s] Listing '/home/daniel/code/2025-phd-daniel-guerrero/robot_ws/install/carla_waypoint_types/local/lib/python3.10/dist-packages/carla_waypoint_types/srv'...
[6.921s] Compiling '/home/daniel/code/2025-phd-daniel-guerrero/robot_ws/install/carla_waypoint_types/local/lib/python3.10/dist-packages/carla_waypoint_types/srv/__init__.py'...
[6.921s] Compiling '/home/daniel/code/2025-phd-daniel-guerrero/robot_ws/install/carla_waypoint_types/local/lib/python3.10/dist-packages/carla_waypoint_types/srv/_get_actor_waypoint.py'...
[6.921s] Compiling '/home/daniel/code/2025-phd-daniel-guerrero/robot_ws/install/carla_waypoint_types/local/lib/python3.10/dist-packages/carla_waypoint_types/srv/_get_waypoint.py'...
[6.928s] -- Installing: /home/daniel/code/2025-phd-daniel-guerrero/robot_ws/install/carla_waypoint_types/lib/libcarla_waypoint_types__rosidl_generator_py.so
[6.928s] -- Set non-toolchain portion of runtime path of "/home/daniel/code/2025-phd-daniel-guerrero/robot_ws/install/carla_waypoint_types/lib/libcarla_waypoint_types__rosidl_generator_py.so" to ""
[6.929s] -- Installing: /home/daniel/code/2025-phd-daniel-guerrero/robot_ws/install/carla_waypoint_types/share/carla_waypoint_types/cmake/export_carla_waypoint_types__rosidl_generator_cExport.cmake
[6.929s] -- Installing: /home/daniel/code/2025-phd-daniel-guerrero/robot_ws/install/carla_waypoint_types/share/carla_waypoint_types/cmake/export_carla_waypoint_types__rosidl_generator_cExport-noconfig.cmake
[6.929s] -- Installing: /home/daniel/code/2025-phd-daniel-guerrero/robot_ws/install/carla_waypoint_types/share/carla_waypoint_types/cmake/export_carla_waypoint_types__rosidl_typesupport_fastrtps_cExport.cmake
[6.930s] -- Installing: /home/daniel/code/2025-phd-daniel-guerrero/robot_ws/install/carla_waypoint_types/share/carla_waypoint_types/cmake/export_carla_waypoint_types__rosidl_typesupport_fastrtps_cExport-noconfig.cmake
[6.930s] -- Installing: /home/daniel/code/2025-phd-daniel-guerrero/robot_ws/install/carla_waypoint_types/share/carla_waypoint_types/cmake/export_carla_waypoint_types__rosidl_generator_cppExport.cmake
[6.931s] -- Installing: /home/daniel/code/2025-phd-daniel-guerrero/robot_ws/install/carla_waypoint_types/share/carla_waypoint_types/cmake/export_carla_waypoint_types__rosidl_typesupport_fastrtps_cppExport.cmake
[6.931s] -- Installing: /home/daniel/code/2025-phd-daniel-guerrero/robot_ws/install/carla_waypoint_types/share/carla_waypoint_types/cmake/export_carla_waypoint_types__rosidl_typesupport_fastrtps_cppExport-noconfig.cmake
[6.931s] -- Installing: /home/daniel/code/2025-phd-daniel-guerrero/robot_ws/install/carla_waypoint_types/share/carla_waypoint_types/cmake/carla_waypoint_types__rosidl_typesupport_introspection_cExport.cmake
[6.932s] -- Installing: /home/daniel/code/2025-phd-daniel-guerrero/robot_ws/install/carla_waypoint_types/share/carla_waypoint_types/cmake/carla_waypoint_types__rosidl_typesupport_introspection_cExport-noconfig.cmake
[6.932s] -- Installing: /home/daniel/code/2025-phd-daniel-guerrero/robot_ws/install/carla_waypoint_types/share/carla_waypoint_types/cmake/carla_waypoint_types__rosidl_typesupport_cExport.cmake
[6.933s] -- Installing: /home/daniel/code/2025-phd-daniel-guerrero/robot_ws/install/carla_waypoint_types/share/carla_waypoint_types/cmake/carla_waypoint_types__rosidl_typesupport_cExport-noconfig.cmake
[6.933s] -- Installing: /home/daniel/code/2025-phd-daniel-guerrero/robot_ws/install/carla_waypoint_types/share/carla_waypoint_types/cmake/carla_waypoint_types__rosidl_typesupport_introspection_cppExport.cmake
[6.933s] -- Installing: /home/daniel/code/2025-phd-daniel-guerrero/robot_ws/install/carla_waypoint_types/share/carla_waypoint_types/cmake/carla_waypoint_types__rosidl_typesupport_introspection_cppExport-noconfig.cmake
[6.934s] -- Installing: /home/daniel/code/2025-phd-daniel-guerrero/robot_ws/install/carla_waypoint_types/share/carla_waypoint_types/cmake/carla_waypoint_types__rosidl_typesupport_cppExport.cmake
[6.934s] -- Installing: /home/daniel/code/2025-phd-daniel-guerrero/robot_ws/install/carla_waypoint_types/share/carla_waypoint_types/cmake/carla_waypoint_types__rosidl_typesupport_cppExport-noconfig.cmake
[6.935s] -- Installing: /home/daniel/code/2025-phd-daniel-guerrero/robot_ws/install/carla_waypoint_types/share/carla_waypoint_types/cmake/export_carla_waypoint_types__rosidl_generator_pyExport.cmake
[6.935s] -- Installing: /home/daniel/code/2025-phd-daniel-guerrero/robot_ws/install/carla_waypoint_types/share/carla_waypoint_types/cmake/export_carla_waypoint_types__rosidl_generator_pyExport-noconfig.cmake
[6.947s] Invoked command in '/home/daniel/code/2025-phd-daniel-guerrero/robot_ws/build/carla_waypoint_types' returned '0': CMAKE_PREFIX_PATH=/opt/ros/humble /opt/cmake-3.28.3-linux-x86_64/bin/cmake --install /home/daniel/code/2025-phd-daniel-guerrero/robot_ws/build/carla_waypoint_types
