[1.730s] Invoking command in '/home/daniel/code/2025-phd-daniel-guerrero/ros-bridge/build/rqt_carla_control': PYTHONPATH=/home/daniel/code/2025-phd-daniel-guerrero/ros-bridge/build/rqt_carla_control/prefix_override:/usr/lib/python3/dist-packages/colcon_core/task/python/colcon_distutils_commands:/home/daniel/code/2025-phd-daniel-guerrero/ros-bridge/install/rqt_carla_control/lib/python3.10/site-packages:${PYTHONPATH} /usr/bin/python3 -W ignore:setup.py install is deprecated -W ignore:easy_install command is deprecated setup.py develop --editable --build-directory /home/daniel/code/2025-phd-daniel-guerrero/ros-bridge/build/rqt_carla_control/build --no-deps symlink_data
[2.071s] running develop
[2.232s] running egg_info
[2.232s] creating src/rqt_carla_control.egg-info
[2.232s] writing src/rqt_carla_control.egg-info/PKG-INFO
[2.232s] writing dependency_links to src/rqt_carla_control.egg-info/dependency_links.txt
[2.233s] writing requirements to src/rqt_carla_control.egg-info/requires.txt
[2.233s] writing top-level names to src/rqt_carla_control.egg-info/top_level.txt
[2.233s] writing manifest file 'src/rqt_carla_control.egg-info/SOURCES.txt'
[2.234s] reading manifest file 'src/rqt_carla_control.egg-info/SOURCES.txt'
[2.234s] writing manifest file 'src/rqt_carla_control.egg-info/SOURCES.txt'
[2.267s] running build_ext
[2.267s] Creating /home/daniel/code/2025-phd-daniel-guerrero/ros-bridge/install/rqt_carla_control/lib/python3.10/site-packages/rqt-carla-control.egg-link (link to src)
[2.269s] Installing rqt_carla_control script to /home/daniel/code/2025-phd-daniel-guerrero/ros-bridge/install/rqt_carla_control/lib/rqt_carla_control
[2.269s] 
[2.269s] Installed /home/daniel/code/2025-phd-daniel-guerrero/ros-bridge/build/rqt_carla_control/src
[2.269s] running symlink_data
[2.269s] creating /home/daniel/code/2025-phd-daniel-guerrero/ros-bridge/install/rqt_carla_control/share/ament_index
[2.269s] creating /home/daniel/code/2025-phd-daniel-guerrero/ros-bridge/install/rqt_carla_control/share/ament_index/resource_index
[2.269s] creating /home/daniel/code/2025-phd-daniel-guerrero/ros-bridge/install/rqt_carla_control/share/ament_index/resource_index/packages
[2.269s] symbolically linking /home/daniel/code/2025-phd-daniel-guerrero/ros-bridge/build/rqt_carla_control/resource/rqt_carla_control -> /home/daniel/code/2025-phd-daniel-guerrero/ros-bridge/install/rqt_carla_control/share/ament_index/resource_index/packages
[2.270s] symbolically linking /home/daniel/code/2025-phd-daniel-guerrero/ros-bridge/build/rqt_carla_control/package.xml -> /home/daniel/code/2025-phd-daniel-guerrero/ros-bridge/install/rqt_carla_control/share/rqt_carla_control
[2.270s] symbolically linking /home/daniel/code/2025-phd-daniel-guerrero/ros-bridge/build/rqt_carla_control/plugin.xml -> /home/daniel/code/2025-phd-daniel-guerrero/ros-bridge/install/rqt_carla_control/share/rqt_carla_control
[2.270s] creating /home/daniel/code/2025-phd-daniel-guerrero/ros-bridge/install/rqt_carla_control/share/rqt_carla_control/resource
[2.270s] symbolically linking /home/daniel/code/2025-phd-daniel-guerrero/ros-bridge/build/rqt_carla_control/resource/CarlaControl.ui -> /home/daniel/code/2025-phd-daniel-guerrero/ros-bridge/install/rqt_carla_control/share/rqt_carla_control/resource
[2.270s] symbolically linking /home/daniel/code/2025-phd-daniel-guerrero/ros-bridge/build/rqt_carla_control/resource/pause.png -> /home/daniel/code/2025-phd-daniel-guerrero/ros-bridge/install/rqt_carla_control/share/rqt_carla_control/resource
[2.270s] symbolically linking /home/daniel/code/2025-phd-daniel-guerrero/ros-bridge/build/rqt_carla_control/resource/play.png -> /home/daniel/code/2025-phd-daniel-guerrero/ros-bridge/install/rqt_carla_control/share/rqt_carla_control/resource
[2.270s] symbolically linking /home/daniel/code/2025-phd-daniel-guerrero/ros-bridge/build/rqt_carla_control/resource/step_once.png -> /home/daniel/code/2025-phd-daniel-guerrero/ros-bridge/install/rqt_carla_control/share/rqt_carla_control/resource
[2.311s] Invoked command in '/home/daniel/code/2025-phd-daniel-guerrero/ros-bridge/build/rqt_carla_control' returned '0': PYTHONPATH=/home/daniel/code/2025-phd-daniel-guerrero/ros-bridge/build/rqt_carla_control/prefix_override:/usr/lib/python3/dist-packages/colcon_core/task/python/colcon_distutils_commands:/home/daniel/code/2025-phd-daniel-guerrero/ros-bridge/install/rqt_carla_control/lib/python3.10/site-packages:${PYTHONPATH} /usr/bin/python3 -W ignore:setup.py install is deprecated -W ignore:easy_install command is deprecated setup.py develop --editable --build-directory /home/daniel/code/2025-phd-daniel-guerrero/ros-bridge/build/rqt_carla_control/build --no-deps symlink_data
