running egg_info
creating ../../build/carla_control_camera/carla_control_camera.egg-info
writing ../../build/carla_control_camera/carla_control_camera.egg-info/PKG-INFO
writing dependency_links to ../../build/carla_control_camera/carla_control_camera.egg-info/dependency_links.txt
writing entry points to ../../build/carla_control_camera/carla_control_camera.egg-info/entry_points.txt
writing requirements to ../../build/carla_control_camera/carla_control_camera.egg-info/requires.txt
writing top-level names to ../../build/carla_control_camera/carla_control_camera.egg-info/top_level.txt
writing manifest file '../../build/carla_control_camera/carla_control_camera.egg-info/SOURCES.txt'
reading manifest file '../../build/carla_control_camera/carla_control_camera.egg-info/SOURCES.txt'
writing manifest file '../../build/carla_control_camera/carla_control_camera.egg-info/SOURCES.txt'
running build
running build_py
creating /home/daniel/code/2025-phd-daniel-guerrero/ros-bridge/build/carla_control_camera/build
creating /home/daniel/code/2025-phd-daniel-guerrero/ros-bridge/build/carla_control_camera/build/lib
creating /home/daniel/code/2025-phd-daniel-guerrero/ros-bridge/build/carla_control_camera/build/lib/carla_control_camera
copying carla_control_camera/__init__.py -> /home/daniel/code/2025-phd-daniel-guerrero/ros-bridge/build/carla_control_camera/build/lib/carla_control_camera
copying carla_control_camera/camera_node.py -> /home/daniel/code/2025-phd-daniel-guerrero/ros-bridge/build/carla_control_camera/build/lib/carla_control_camera
running install
running install_lib
creating /home/daniel/code/2025-phd-daniel-guerrero/ros-bridge/install/carla_control_camera/lib/python3.10/site-packages/carla_control_camera
copying /home/daniel/code/2025-phd-daniel-guerrero/ros-bridge/build/carla_control_camera/build/lib/carla_control_camera/__init__.py -> /home/daniel/code/2025-phd-daniel-guerrero/ros-bridge/install/carla_control_camera/lib/python3.10/site-packages/carla_control_camera
copying /home/daniel/code/2025-phd-daniel-guerrero/ros-bridge/build/carla_control_camera/build/lib/carla_control_camera/camera_node.py -> /home/daniel/code/2025-phd-daniel-guerrero/ros-bridge/install/carla_control_camera/lib/python3.10/site-packages/carla_control_camera
byte-compiling /home/daniel/code/2025-phd-daniel-guerrero/ros-bridge/install/carla_control_camera/lib/python3.10/site-packages/carla_control_camera/__init__.py to __init__.cpython-310.pyc
byte-compiling /home/daniel/code/2025-phd-daniel-guerrero/ros-bridge/install/carla_control_camera/lib/python3.10/site-packages/carla_control_camera/camera_node.py to camera_node.cpython-310.pyc
running install_data
creating /home/daniel/code/2025-phd-daniel-guerrero/ros-bridge/install/carla_control_camera/share/ament_index
creating /home/daniel/code/2025-phd-daniel-guerrero/ros-bridge/install/carla_control_camera/share/ament_index/resource_index
creating /home/daniel/code/2025-phd-daniel-guerrero/ros-bridge/install/carla_control_camera/share/ament_index/resource_index/packages
copying resource/carla_control_camera -> /home/daniel/code/2025-phd-daniel-guerrero/ros-bridge/install/carla_control_camera/share/ament_index/resource_index/packages
copying package.xml -> /home/daniel/code/2025-phd-daniel-guerrero/ros-bridge/install/carla_control_camera/share/carla_control_camera
running install_egg_info
Copying ../../build/carla_control_camera/carla_control_camera.egg-info to /home/daniel/code/2025-phd-daniel-guerrero/ros-bridge/install/carla_control_camera/lib/python3.10/site-packages/carla_control_camera-0.0.0-py3.10.egg-info
running install_scripts
Installing camera_node script to /home/daniel/code/2025-phd-daniel-guerrero/ros-bridge/install/carla_control_camera/lib/carla_control_camera
Installing control_node script to /home/daniel/code/2025-phd-daniel-guerrero/ros-bridge/install/carla_control_camera/lib/carla_control_camera
writing list of installed files to '/home/daniel/code/2025-phd-daniel-guerrero/ros-bridge/build/carla_control_camera/install.log'
