[0.761s] Invoking command in '/home/daniel/code/2025-phd-daniel-guerrero/ros-bridge/src/carla_control_camera': CMAKE_PREFIX_PATH=/home/daniel/code/2025-phd-daniel-guerrero/ros-bridge/install/carla_msgs:/home/daniel/code/2025-phd-daniel-guerrero/ros-bridge/install/carla_ad_demo:/home/daniel/code/2025-phd-daniel-guerrero/ros-bridge/install/rviz_carla_plugin:/home/daniel/code/2025-phd-daniel-guerrero/ros-bridge/install/pcl_recorder:/home/daniel/code/2025-phd-daniel-guerrero/ros-bridge/install/carla_waypoint_types:/home/daniel/code/2025-phd-daniel-guerrero/ros-bridge/install/carla_ros_scenario_runner_types:/home/daniel/code/2025-phd-daniel-guerrero/ros-bridge/install/carla_ackermann_msgs:/home/daniel/carla-ros-bridge/install/carla_waypoint_types:/home/daniel/carla-ros-bridge/install/carla_ros_scenario_runner_types:/home/daniel/carla-ros-bridge/install/carla_ackermann_msgs:/home/daniel/carla-ros-bridge/install/carla_msgs LD_LIBRARY_PATH=/home/daniel/code/2025-phd-daniel-guerrero/ros-bridge/install/carla_msgs/lib:/home/daniel/code/2025-phd-daniel-guerrero/ros-bridge/install/rviz_carla_plugin/lib:/home/daniel/code/2025-phd-daniel-guerrero/ros-bridge/install/carla_waypoint_types/lib:/home/daniel/code/2025-phd-daniel-guerrero/ros-bridge/install/carla_ros_scenario_runner_types/lib:/home/daniel/code/2025-phd-daniel-guerrero/ros-bridge/install/carla_ackermann_msgs/lib:/home/daniel/carla-ros-bridge/install/carla_waypoint_types/lib:/home/daniel/carla-ros-bridge/install/carla_ros_scenario_runner_types/lib:/home/daniel/carla-ros-bridge/install/carla_ackermann_msgs/lib:/home/daniel/carla-ros-bridge/install/carla_msgs/lib:/opt/ros/humble/opt/rviz_ogre_vendor/lib:/opt/ros/humble/lib/x86_64-linux-gnu:/opt/ros/humble/lib PYTHONPATH=/home/daniel/code/2025-phd-daniel-guerrero/ros-bridge/build/carla_control_camera/prefix_override:/usr/lib/python3/dist-packages/colcon_core/task/python/colcon_distutils_commands:/home/daniel/code/2025-phd-daniel-guerrero/ros-bridge/install/carla_control_camera/lib/python3.10/site-packages:${PYTHONPATH} /usr/bin/python3 -W ignore:setup.py install is deprecated -W ignore:easy_install command is deprecated setup.py egg_info --egg-base ../../build/carla_control_camera build --build-base /home/daniel/code/2025-phd-daniel-guerrero/ros-bridge/build/carla_control_camera/build install --record /home/daniel/code/2025-phd-daniel-guerrero/ros-bridge/build/carla_control_camera/install.log --single-version-externally-managed install_data
[1.070s] running egg_info
[1.070s] creating ../../build/carla_control_camera/carla_control_camera.egg-info
[1.070s] writing ../../build/carla_control_camera/carla_control_camera.egg-info/PKG-INFO
[1.070s] writing dependency_links to ../../build/carla_control_camera/carla_control_camera.egg-info/dependency_links.txt
[1.071s] writing entry points to ../../build/carla_control_camera/carla_control_camera.egg-info/entry_points.txt
[1.071s] writing requirements to ../../build/carla_control_camera/carla_control_camera.egg-info/requires.txt
[1.071s] writing top-level names to ../../build/carla_control_camera/carla_control_camera.egg-info/top_level.txt
[1.071s] writing manifest file '../../build/carla_control_camera/carla_control_camera.egg-info/SOURCES.txt'
[1.072s] reading manifest file '../../build/carla_control_camera/carla_control_camera.egg-info/SOURCES.txt'
[1.072s] writing manifest file '../../build/carla_control_camera/carla_control_camera.egg-info/SOURCES.txt'
[1.072s] running build
[1.073s] running build_py
[1.073s] creating /home/daniel/code/2025-phd-daniel-guerrero/ros-bridge/build/carla_control_camera/build
[1.073s] creating /home/daniel/code/2025-phd-daniel-guerrero/ros-bridge/build/carla_control_camera/build/lib
[1.073s] creating /home/daniel/code/2025-phd-daniel-guerrero/ros-bridge/build/carla_control_camera/build/lib/carla_control_camera
[1.073s] copying carla_control_camera/__init__.py -> /home/daniel/code/2025-phd-daniel-guerrero/ros-bridge/build/carla_control_camera/build/lib/carla_control_camera
[1.074s] copying carla_control_camera/camera_node.py -> /home/daniel/code/2025-phd-daniel-guerrero/ros-bridge/build/carla_control_camera/build/lib/carla_control_camera
[1.074s] running install
[1.074s] running install_lib
[1.074s] creating /home/daniel/code/2025-phd-daniel-guerrero/ros-bridge/install/carla_control_camera/lib/python3.10/site-packages/carla_control_camera
[1.074s] copying /home/daniel/code/2025-phd-daniel-guerrero/ros-bridge/build/carla_control_camera/build/lib/carla_control_camera/__init__.py -> /home/daniel/code/2025-phd-daniel-guerrero/ros-bridge/install/carla_control_camera/lib/python3.10/site-packages/carla_control_camera
[1.074s] copying /home/daniel/code/2025-phd-daniel-guerrero/ros-bridge/build/carla_control_camera/build/lib/carla_control_camera/camera_node.py -> /home/daniel/code/2025-phd-daniel-guerrero/ros-bridge/install/carla_control_camera/lib/python3.10/site-packages/carla_control_camera
[1.075s] byte-compiling /home/daniel/code/2025-phd-daniel-guerrero/ros-bridge/install/carla_control_camera/lib/python3.10/site-packages/carla_control_camera/__init__.py to __init__.cpython-310.pyc
[1.075s] byte-compiling /home/daniel/code/2025-phd-daniel-guerrero/ros-bridge/install/carla_control_camera/lib/python3.10/site-packages/carla_control_camera/camera_node.py to camera_node.cpython-310.pyc
[1.075s] running install_data
[1.075s] creating /home/daniel/code/2025-phd-daniel-guerrero/ros-bridge/install/carla_control_camera/share/ament_index
[1.075s] creating /home/daniel/code/2025-phd-daniel-guerrero/ros-bridge/install/carla_control_camera/share/ament_index/resource_index
[1.076s] creating /home/daniel/code/2025-phd-daniel-guerrero/ros-bridge/install/carla_control_camera/share/ament_index/resource_index/packages
[1.076s] copying resource/carla_control_camera -> /home/daniel/code/2025-phd-daniel-guerrero/ros-bridge/install/carla_control_camera/share/ament_index/resource_index/packages
[1.076s] copying package.xml -> /home/daniel/code/2025-phd-daniel-guerrero/ros-bridge/install/carla_control_camera/share/carla_control_camera
[1.076s] running install_egg_info
[1.077s] Copying ../../build/carla_control_camera/carla_control_camera.egg-info to /home/daniel/code/2025-phd-daniel-guerrero/ros-bridge/install/carla_control_camera/lib/python3.10/site-packages/carla_control_camera-0.0.0-py3.10.egg-info
[1.078s] running install_scripts
[1.097s] Installing camera_node script to /home/daniel/code/2025-phd-daniel-guerrero/ros-bridge/install/carla_control_camera/lib/carla_control_camera
[1.097s] Installing control_node script to /home/daniel/code/2025-phd-daniel-guerrero/ros-bridge/install/carla_control_camera/lib/carla_control_camera
[1.098s] writing list of installed files to '/home/daniel/code/2025-phd-daniel-guerrero/ros-bridge/build/carla_control_camera/install.log'
[1.115s] Invoked command in '/home/daniel/code/2025-phd-daniel-guerrero/ros-bridge/src/carla_control_camera' returned '0': CMAKE_PREFIX_PATH=/home/daniel/code/2025-phd-daniel-guerrero/ros-bridge/install/carla_msgs:/home/daniel/code/2025-phd-daniel-guerrero/ros-bridge/install/carla_ad_demo:/home/daniel/code/2025-phd-daniel-guerrero/ros-bridge/install/rviz_carla_plugin:/home/daniel/code/2025-phd-daniel-guerrero/ros-bridge/install/pcl_recorder:/home/daniel/code/2025-phd-daniel-guerrero/ros-bridge/install/carla_waypoint_types:/home/daniel/code/2025-phd-daniel-guerrero/ros-bridge/install/carla_ros_scenario_runner_types:/home/daniel/code/2025-phd-daniel-guerrero/ros-bridge/install/carla_ackermann_msgs:/home/daniel/carla-ros-bridge/install/carla_waypoint_types:/home/daniel/carla-ros-bridge/install/carla_ros_scenario_runner_types:/home/daniel/carla-ros-bridge/install/carla_ackermann_msgs:/home/daniel/carla-ros-bridge/install/carla_msgs LD_LIBRARY_PATH=/home/daniel/code/2025-phd-daniel-guerrero/ros-bridge/install/carla_msgs/lib:/home/daniel/code/2025-phd-daniel-guerrero/ros-bridge/install/rviz_carla_plugin/lib:/home/daniel/code/2025-phd-daniel-guerrero/ros-bridge/install/carla_waypoint_types/lib:/home/daniel/code/2025-phd-daniel-guerrero/ros-bridge/install/carla_ros_scenario_runner_types/lib:/home/daniel/code/2025-phd-daniel-guerrero/ros-bridge/install/carla_ackermann_msgs/lib:/home/daniel/carla-ros-bridge/install/carla_waypoint_types/lib:/home/daniel/carla-ros-bridge/install/carla_ros_scenario_runner_types/lib:/home/daniel/carla-ros-bridge/install/carla_ackermann_msgs/lib:/home/daniel/carla-ros-bridge/install/carla_msgs/lib:/opt/ros/humble/opt/rviz_ogre_vendor/lib:/opt/ros/humble/lib/x86_64-linux-gnu:/opt/ros/humble/lib PYTHONPATH=/home/daniel/code/2025-phd-daniel-guerrero/ros-bridge/build/carla_control_camera/prefix_override:/usr/lib/python3/dist-packages/colcon_core/task/python/colcon_distutils_commands:/home/daniel/code/2025-phd-daniel-guerrero/ros-bridge/install/carla_control_camera/lib/python3.10/site-packages:${PYTHONPATH} /usr/bin/python3 -W ignore:setup.py install is deprecated -W ignore:easy_install command is deprecated setup.py egg_info --egg-base ../../build/carla_control_camera build --build-base /home/daniel/code/2025-phd-daniel-guerrero/ros-bridge/build/carla_control_camera/build install --record /home/daniel/code/2025-phd-daniel-guerrero/ros-bridge/build/carla_control_camera/install.log --single-version-externally-managed install_data
