running egg_info
writing ../../build/carla_control_camera/carla_control_camera.egg-info/PKG-INFO
writing dependency_links to ../../build/carla_control_camera/carla_control_camera.egg-info/dependency_links.txt
writing entry points to ../../build/carla_control_camera/carla_control_camera.egg-info/entry_points.txt
writing requirements to ../../build/carla_control_camera/carla_control_camera.egg-info/requires.txt
writing top-level names to ../../build/carla_control_camera/carla_control_camera.egg-info/top_level.txt
reading manifest file '../../build/carla_control_camera/carla_control_camera.egg-info/SOURCES.txt'
writing manifest file '../../build/carla_control_camera/carla_control_camera.egg-info/SOURCES.txt'
running build
running build_py
copying carla_control_camera/control_node.py -> /home/daniel/code/2025-phd-daniel-guerrero/ros-bridge/build/carla_control_camera/build/lib/carla_control_camera
running install
running install_lib
copying /home/daniel/code/2025-phd-daniel-guerrero/ros-bridge/build/carla_control_camera/build/lib/carla_control_camera/control_node.py -> /home/daniel/code/2025-phd-daniel-guerrero/ros-bridge/install/carla_control_camera/lib/python3.10/site-packages/carla_control_camera
byte-compiling /home/daniel/code/2025-phd-daniel-guerrero/ros-bridge/install/carla_control_camera/lib/python3.10/site-packages/carla_control_camera/control_node.py to control_node.cpython-310.pyc
running install_data
running install_egg_info
removing '/home/daniel/code/2025-phd-daniel-guerrero/ros-bridge/install/carla_control_camera/lib/python3.10/site-packages/carla_control_camera-0.0.0-py3.10.egg-info' (and everything under it)
Copying ../../build/carla_control_camera/carla_control_camera.egg-info to /home/daniel/code/2025-phd-daniel-guerrero/ros-bridge/install/carla_control_camera/lib/python3.10/site-packages/carla_control_camera-0.0.0-py3.10.egg-info
running install_scripts
Installing camera_node script to /home/daniel/code/2025-phd-daniel-guerrero/ros-bridge/install/carla_control_camera/lib/carla_control_camera
Installing control_node script to /home/daniel/code/2025-phd-daniel-guerrero/ros-bridge/install/carla_control_camera/lib/carla_control_camera
writing list of installed files to '/home/daniel/code/2025-phd-daniel-guerrero/ros-bridge/build/carla_control_camera/install.log'
