[0.777s] Invoking command in '/home/daniel/code/2025-phd-daniel-guerrero/ros-bridge/src/carla_control_camera': CMAKE_PREFIX_PATH=/home/daniel/code/2025-phd-daniel-guerrero/ros-bridge/install/carla_msgs:/home/daniel/code/2025-phd-daniel-guerrero/ros-bridge/install/carla_ad_demo:/home/daniel/code/2025-phd-daniel-guerrero/ros-bridge/install/rviz_carla_plugin:/home/daniel/code/2025-phd-daniel-guerrero/ros-bridge/install/pcl_recorder:/home/daniel/code/2025-phd-daniel-guerrero/ros-bridge/install/carla_waypoint_types:/home/daniel/code/2025-phd-daniel-guerrero/ros-bridge/install/carla_ros_scenario_runner_types:/home/daniel/code/2025-phd-daniel-guerrero/ros-bridge/install/carla_ackermann_msgs:/home/daniel/carla-ros-bridge/install/carla_waypoint_types:/home/daniel/carla-ros-bridge/install/carla_ros_scenario_runner_types:/home/daniel/carla-ros-bridge/install/carla_ackermann_msgs:/home/daniel/carla-ros-bridge/install/carla_msgs LD_LIBRARY_PATH=/home/daniel/code/2025-phd-daniel-guerrero/ros-bridge/install/carla_msgs/lib:/home/daniel/code/2025-phd-daniel-guerrero/ros-bridge/install/rviz_carla_plugin/lib:/home/daniel/code/2025-phd-daniel-guerrero/ros-bridge/install/carla_waypoint_types/lib:/home/daniel/code/2025-phd-daniel-guerrero/ros-bridge/install/carla_ros_scenario_runner_types/lib:/home/daniel/code/2025-phd-daniel-guerrero/ros-bridge/install/carla_ackermann_msgs/lib:/home/daniel/carla-ros-bridge/install/carla_waypoint_types/lib:/home/daniel/carla-ros-bridge/install/carla_ros_scenario_runner_types/lib:/home/daniel/carla-ros-bridge/install/carla_ackermann_msgs/lib:/home/daniel/carla-ros-bridge/install/carla_msgs/lib:/opt/ros/humble/opt/rviz_ogre_vendor/lib:/opt/ros/humble/lib/x86_64-linux-gnu:/opt/ros/humble/lib PYTHONPATH=/home/daniel/code/2025-phd-daniel-guerrero/ros-bridge/build/carla_control_camera/prefix_override:/usr/lib/python3/dist-packages/colcon_core/task/python/colcon_distutils_commands:/home/daniel/code/2025-phd-daniel-guerrero/ros-bridge/install/carla_control_camera/lib/python3.10/site-packages:${PYTHONPATH} /usr/bin/python3 -W ignore:setup.py install is deprecated -W ignore:easy_install command is deprecated setup.py egg_info --egg-base ../../build/carla_control_camera build --build-base /home/daniel/code/2025-phd-daniel-guerrero/ros-bridge/build/carla_control_camera/build install --record /home/daniel/code/2025-phd-daniel-guerrero/ros-bridge/build/carla_control_camera/install.log --single-version-externally-managed install_data
[1.081s] running egg_info
[1.081s] writing ../../build/carla_control_camera/carla_control_camera.egg-info/PKG-INFO
[1.081s] writing dependency_links to ../../build/carla_control_camera/carla_control_camera.egg-info/dependency_links.txt
[1.082s] writing entry points to ../../build/carla_control_camera/carla_control_camera.egg-info/entry_points.txt
[1.082s] writing requirements to ../../build/carla_control_camera/carla_control_camera.egg-info/requires.txt
[1.082s] writing top-level names to ../../build/carla_control_camera/carla_control_camera.egg-info/top_level.txt
[1.083s] reading manifest file '../../build/carla_control_camera/carla_control_camera.egg-info/SOURCES.txt'
[1.083s] writing manifest file '../../build/carla_control_camera/carla_control_camera.egg-info/SOURCES.txt'
[1.083s] running build
[1.084s] running build_py
[1.084s] copying carla_control_camera/control_node.py -> /home/daniel/code/2025-phd-daniel-guerrero/ros-bridge/build/carla_control_camera/build/lib/carla_control_camera
[1.084s] running install
[1.085s] running install_lib
[1.085s] copying /home/daniel/code/2025-phd-daniel-guerrero/ros-bridge/build/carla_control_camera/build/lib/carla_control_camera/control_node.py -> /home/daniel/code/2025-phd-daniel-guerrero/ros-bridge/install/carla_control_camera/lib/python3.10/site-packages/carla_control_camera
[1.086s] byte-compiling /home/daniel/code/2025-phd-daniel-guerrero/ros-bridge/install/carla_control_camera/lib/python3.10/site-packages/carla_control_camera/control_node.py to control_node.cpython-310.pyc
[1.086s] running install_data
[1.086s] running install_egg_info
[1.087s] removing '/home/daniel/code/2025-phd-daniel-guerrero/ros-bridge/install/carla_control_camera/lib/python3.10/site-packages/carla_control_camera-0.0.0-py3.10.egg-info' (and everything under it)
[1.088s] Copying ../../build/carla_control_camera/carla_control_camera.egg-info to /home/daniel/code/2025-phd-daniel-guerrero/ros-bridge/install/carla_control_camera/lib/python3.10/site-packages/carla_control_camera-0.0.0-py3.10.egg-info
[1.088s] running install_scripts
[1.108s] Installing camera_node script to /home/daniel/code/2025-phd-daniel-guerrero/ros-bridge/install/carla_control_camera/lib/carla_control_camera
[1.108s] Installing control_node script to /home/daniel/code/2025-phd-daniel-guerrero/ros-bridge/install/carla_control_camera/lib/carla_control_camera
[1.109s] writing list of installed files to '/home/daniel/code/2025-phd-daniel-guerrero/ros-bridge/build/carla_control_camera/install.log'
[1.127s] Invoked command in '/home/daniel/code/2025-phd-daniel-guerrero/ros-bridge/src/carla_control_camera' returned '0': CMAKE_PREFIX_PATH=/home/daniel/code/2025-phd-daniel-guerrero/ros-bridge/install/carla_msgs:/home/daniel/code/2025-phd-daniel-guerrero/ros-bridge/install/carla_ad_demo:/home/daniel/code/2025-phd-daniel-guerrero/ros-bridge/install/rviz_carla_plugin:/home/daniel/code/2025-phd-daniel-guerrero/ros-bridge/install/pcl_recorder:/home/daniel/code/2025-phd-daniel-guerrero/ros-bridge/install/carla_waypoint_types:/home/daniel/code/2025-phd-daniel-guerrero/ros-bridge/install/carla_ros_scenario_runner_types:/home/daniel/code/2025-phd-daniel-guerrero/ros-bridge/install/carla_ackermann_msgs:/home/daniel/carla-ros-bridge/install/carla_waypoint_types:/home/daniel/carla-ros-bridge/install/carla_ros_scenario_runner_types:/home/daniel/carla-ros-bridge/install/carla_ackermann_msgs:/home/daniel/carla-ros-bridge/install/carla_msgs LD_LIBRARY_PATH=/home/daniel/code/2025-phd-daniel-guerrero/ros-bridge/install/carla_msgs/lib:/home/daniel/code/2025-phd-daniel-guerrero/ros-bridge/install/rviz_carla_plugin/lib:/home/daniel/code/2025-phd-daniel-guerrero/ros-bridge/install/carla_waypoint_types/lib:/home/daniel/code/2025-phd-daniel-guerrero/ros-bridge/install/carla_ros_scenario_runner_types/lib:/home/daniel/code/2025-phd-daniel-guerrero/ros-bridge/install/carla_ackermann_msgs/lib:/home/daniel/carla-ros-bridge/install/carla_waypoint_types/lib:/home/daniel/carla-ros-bridge/install/carla_ros_scenario_runner_types/lib:/home/daniel/carla-ros-bridge/install/carla_ackermann_msgs/lib:/home/daniel/carla-ros-bridge/install/carla_msgs/lib:/opt/ros/humble/opt/rviz_ogre_vendor/lib:/opt/ros/humble/lib/x86_64-linux-gnu:/opt/ros/humble/lib PYTHONPATH=/home/daniel/code/2025-phd-daniel-guerrero/ros-bridge/build/carla_control_camera/prefix_override:/usr/lib/python3/dist-packages/colcon_core/task/python/colcon_distutils_commands:/home/daniel/code/2025-phd-daniel-guerrero/ros-bridge/install/carla_control_camera/lib/python3.10/site-packages:${PYTHONPATH} /usr/bin/python3 -W ignore:setup.py install is deprecated -W ignore:easy_install command is deprecated setup.py egg_info --egg-base ../../build/carla_control_camera build --build-base /home/daniel/code/2025-phd-daniel-guerrero/ros-bridge/build/carla_control_camera/build install --record /home/daniel/code/2025-phd-daniel-guerrero/ros-bridge/build/carla_control_camera/install.log --single-version-externally-managed install_data
