[0.020s] Invoking command in '/home/daniel/code/2025-phd-daniel-guerrero/ros-bridge/build/pcl_recorder': AMENT_PREFIX_PATH=/home/daniel/code/2025-phd-daniel-guerrero/ros-bridge/install/carla_ros_bridge:/home/daniel/code/2025-phd-daniel-guerrero/ros-bridge/install/carla_spawn_objects:/home/daniel/code/2025-phd-daniel-guerrero/ros-bridge/install/carla_manual_control:/home/daniel/code/2025-phd-daniel-guerrero/ros-bridge/install/ros_compatibility:/home/daniel/code/2025-phd-daniel-guerrero/ros-bridge/install/carla_common:/home/daniel/code/2025-phd-daniel-guerrero/ros-bridge/install/carla_ad_demo:/home/daniel/code/2025-phd-daniel-guerrero/ros-bridge/install/rviz_carla_plugin:/home/daniel/code/2025-phd-daniel-guerrero/ros-bridge/install/rqt_carla_control:/home/daniel/code/2025-phd-daniel-guerrero/ros-bridge/install/pcl_recorder:/home/daniel/code/2025-phd-daniel-guerrero/ros-bridge/install/carla_waypoint_publisher:/home/daniel/code/2025-phd-daniel-guerrero/ros-bridge/install/carla_ackermann_control:/home/daniel/code/2025-phd-daniel-guerrero/ros-bridge/install/carla_ad_agent:/home/daniel/code/2025-phd-daniel-guerrero/ros-bridge/install/carla_waypoint_types:/home/daniel/code/2025-phd-daniel-guerrero/ros-bridge/install/carla_walker_agent:/home/daniel/code/2025-phd-daniel-guerrero/ros-bridge/install/carla_twist_to_control:/home/daniel/code/2025-phd-daniel-guerrero/ros-bridge/install/carla_ros_scenario_runner:/home/daniel/code/2025-phd-daniel-guerrero/ros-bridge/install/carla_ros_scenario_runner_types:/home/daniel/code/2025-phd-daniel-guerrero/ros-bridge/install/carla_ackermann_msgs:/home/daniel/code/2025-phd-daniel-guerrero/ros-bridge/install/carla_msgs:/home/daniel/carla-ros-bridge/install/rqt_carla_control:/home/daniel/carla-ros-bridge/install/carla_waypoint_publisher:/home/daniel/carla-ros-bridge/install/carla_ackermann_control:/home/daniel/carla-ros-bridge/install/carla_ros_bridge:/home/daniel/carla-ros-bridge/install/carla_spawn_objects:/home/daniel/carla-ros-bridge/install/carla_manual_control:/home/daniel/carla-ros-bridge/install/carla_ad_agent:/home/daniel/carla-ros-bridge/install/ros_compatibility:/home/daniel/carla-ros-bridge/install/carla_waypoint_types:/home/daniel/carla-ros-bridge/install/carla_walker_agent:/home/daniel/carla-ros-bridge/install/carla_twist_to_control:/home/daniel/carla-ros-bridge/install/carla_ros_scenario_runner:/home/daniel/carla-ros-bridge/install/carla_ros_scenario_runner_types:/home/daniel/carla-ros-bridge/install/carla_ackermann_msgs:/home/daniel/carla-ros-bridge/install/carla_msgs:/home/daniel/carla-ros-bridge/install/carla_common:/opt/ros/humble CMAKE_PREFIX_PATH=/home/daniel/code/2025-phd-daniel-guerrero/ros-bridge/install/carla_msgs:/home/daniel/code/2025-phd-daniel-guerrero/ros-bridge/install/carla_ad_demo:/home/daniel/code/2025-phd-daniel-guerrero/ros-bridge/install/rviz_carla_plugin:/home/daniel/code/2025-phd-daniel-guerrero/ros-bridge/install/pcl_recorder:/home/daniel/code/2025-phd-daniel-guerrero/ros-bridge/install/carla_waypoint_types:/home/daniel/code/2025-phd-daniel-guerrero/ros-bridge/install/carla_ros_scenario_runner_types:/home/daniel/code/2025-phd-daniel-guerrero/ros-bridge/install/carla_ackermann_msgs:/home/daniel/carla-ros-bridge/install/carla_waypoint_types:/home/daniel/carla-ros-bridge/install/carla_ros_scenario_runner_types:/home/daniel/carla-ros-bridge/install/carla_ackermann_msgs:/home/daniel/carla-ros-bridge/install/carla_msgs:/home/daniel/code/2025-phd-daniel-guerrero/ros-bridge/install/rqt_carla_control:/home/daniel/code/2025-phd-daniel-guerrero/ros-bridge/install/carla_waypoint_publisher:/home/daniel/code/2025-phd-daniel-guerrero/ros-bridge/install/carla_ackermann_control:/home/daniel/code/2025-phd-daniel-guerrero/ros-bridge/install/carla_ros_bridge:/home/daniel/code/2025-phd-daniel-guerrero/ros-bridge/install/carla_spawn_objects:/home/daniel/code/2025-phd-daniel-guerrero/ros-bridge/install/carla_manual_control:/home/daniel/code/2025-phd-daniel-guerrero/ros-bridge/install/carla_ad_agent:/home/daniel/code/2025-phd-daniel-guerrero/ros-bridge/install/ros_compatibility:/home/daniel/code/2025-phd-daniel-guerrero/ros-bridge/install/carla_walker_agent:/home/daniel/code/2025-phd-daniel-guerrero/ros-bridge/install/carla_twist_to_control:/home/daniel/code/2025-phd-daniel-guerrero/ros-bridge/install/carla_ros_scenario_runner:/home/daniel/code/2025-phd-daniel-guerrero/ros-bridge/install/carla_common:/home/daniel/carla-ros-bridge/install/rqt_carla_control:/home/daniel/carla-ros-bridge/install/carla_waypoint_publisher:/home/daniel/carla-ros-bridge/install/carla_ackermann_control:/home/daniel/carla-ros-bridge/install/carla_ros_bridge:/home/daniel/carla-ros-bridge/install/carla_spawn_objects:/home/daniel/carla-ros-bridge/install/carla_manual_control:/home/daniel/carla-ros-bridge/install/carla_ad_agent:/home/daniel/carla-ros-bridge/install/ros_compatibility:/home/daniel/carla-ros-bridge/install/carla_walker_agent:/home/daniel/carla-ros-bridge/install/carla_twist_to_control:/home/daniel/carla-ros-bridge/install/carla_ros_scenario_runner:/home/daniel/carla-ros-bridge/install/carla_common:/opt/ros/humble LD_LIBRARY_PATH=/home/daniel/code/2025-phd-daniel-guerrero/ros-bridge/install/carla_msgs/lib:/home/daniel/code/2025-phd-daniel-guerrero/ros-bridge/install/rviz_carla_plugin/lib:/home/daniel/code/2025-phd-daniel-guerrero/ros-bridge/install/carla_waypoint_types/lib:/home/daniel/code/2025-phd-daniel-guerrero/ros-bridge/install/carla_ros_scenario_runner_types/lib:/home/daniel/code/2025-phd-daniel-guerrero/ros-bridge/install/carla_ackermann_msgs/lib:/home/daniel/carla-ros-bridge/install/carla_waypoint_types/lib:/home/daniel/carla-ros-bridge/install/carla_ros_scenario_runner_types/lib:/home/daniel/carla-ros-bridge/install/carla_ackermann_msgs/lib:/home/daniel/carla-ros-bridge/install/carla_msgs/lib:/opt/ros/humble/opt/rviz_ogre_vendor/lib:/opt/ros/humble/lib/x86_64-linux-gnu:/opt/ros/humble/lib PYTHONPATH=/home/daniel/code/2025-phd-daniel-guerrero/ros-bridge/build/carla_ros_bridge/src:/home/daniel/code/2025-phd-daniel-guerrero/ros-bridge/install/carla_ros_bridge/lib/python3.10/site-packages:/home/daniel/code/2025-phd-daniel-guerrero/ros-bridge/build/carla_spawn_objects:/home/daniel/code/2025-phd-daniel-guerrero/ros-bridge/install/carla_spawn_objects/lib/python3.10/site-packages:/home/daniel/code/2025-phd-daniel-guerrero/ros-bridge/build/carla_manual_control/src:/home/daniel/code/2025-phd-daniel-guerrero/ros-bridge/install/carla_manual_control/lib/python3.10/site-packages:/home/daniel/code/2025-phd-daniel-guerrero/ros-bridge/build/ros_compatibility/src:/home/daniel/code/2025-phd-daniel-guerrero/ros-bridge/install/ros_compatibility/lib/python3.10/site-packages:/home/daniel/code/2025-phd-daniel-guerrero/ros-bridge/build/carla_common/src:/home/daniel/code/2025-phd-daniel-guerrero/ros-bridge/install/carla_common/lib/python3.10/site-packages:/home/daniel/code/2025-phd-daniel-guerrero/ros-bridge/install/rqt_carla_control/lib/python3.10/site-packages:/home/daniel/code/2025-phd-daniel-guerrero/ros-bridge/install/carla_waypoint_publisher/lib/python3.10/site-packages:/home/daniel/code/2025-phd-daniel-guerrero/ros-bridge/install/carla_ackermann_control/lib/python3.10/site-packages:/home/daniel/code/2025-phd-daniel-guerrero/ros-bridge/install/carla_ad_agent/lib/python3.10/site-packages:/home/daniel/code/2025-phd-daniel-guerrero/ros-bridge/install/carla_waypoint_types/local/lib/python3.10/dist-packages:/home/daniel/code/2025-phd-daniel-guerrero/ros-bridge/install/carla_walker_agent/lib/python3.10/site-packages:/home/daniel/code/2025-phd-daniel-guerrero/ros-bridge/install/carla_twist_to_control/lib/python3.10/site-packages:/home/daniel/code/2025-phd-daniel-guerrero/ros-bridge/install/carla_ros_scenario_runner/lib/python3.10/site-packages:/home/daniel/code/2025-phd-daniel-guerrero/ros-bridge/install/carla_ros_scenario_runner_types/local/lib/python3.10/dist-packages:/home/daniel/code/2025-phd-daniel-guerrero/ros-bridge/install/carla_ackermann_msgs/local/lib/python3.10/dist-packages:/home/daniel/code/2025-phd-daniel-guerrero/ros-bridge/install/carla_msgs/local/lib/python3.10/dist-packages:/home/daniel/carla-ros-bridge/install/rqt_carla_control/lib/python3.10/site-packages:/home/daniel/carla-ros-bridge/install/carla_waypoint_publisher/lib/python3.10/site-packages:/home/daniel/carla-ros-bridge/install/carla_ackermann_control/lib/python3.10/site-packages:/home/daniel/carla-ros-bridge/install/carla_ros_bridge/lib/python3.10/site-packages:/home/daniel/carla-ros-bridge/install/carla_spawn_objects/lib/python3.10/site-packages:/home/daniel/carla-ros-bridge/install/carla_manual_control/lib/python3.10/site-packages:/home/daniel/carla-ros-bridge/install/carla_ad_agent/lib/python3.10/site-packages:/home/daniel/carla-ros-bridge/install/ros_compatibility/lib/python3.10/site-packages:/home/daniel/carla-ros-bridge/install/carla_waypoint_types/local/lib/python3.10/dist-packages:/home/daniel/carla-ros-bridge/install/carla_walker_agent/lib/python3.10/site-packages:/home/daniel/carla-ros-bridge/install/carla_twist_to_control/lib/python3.10/site-packages:/home/daniel/carla-ros-bridge/install/carla_ros_scenario_runner/lib/python3.10/site-packages:/home/daniel/carla-ros-bridge/install/carla_ros_scenario_runner_types/local/lib/python3.10/dist-packages:/home/daniel/carla-ros-bridge/install/carla_ackermann_msgs/local/lib/python3.10/dist-packages:/home/daniel/carla-ros-bridge/install/carla_msgs/local/lib/python3.10/dist-packages:/home/daniel/carla-ros-bridge/install/carla_common/lib/python3.10/site-packages:/opt/ros/humble/lib/python3.10/site-packages:/opt/ros/humble/local/lib/python3.10/dist-packages /opt/cmake-3.28.3-linux-x86_64/bin/cmake /home/daniel/code/2025-phd-daniel-guerrero/ros-bridge/src/pcl_recorder -DAMENT_CMAKE_SYMLINK_INSTALL=1 -DCMAKE_INSTALL_PREFIX=/home/daniel/code/2025-phd-daniel-guerrero/ros-bridge/install/pcl_recorder
[0.072s] -- The C compiler identification is GNU 11.4.0
[0.142s] -- The CXX compiler identification is GNU 7.5.0
[0.163s] -- Detecting C compiler ABI info
[0.218s] -- Detecting C compiler ABI info - done
[0.228s] -- Check for working C compiler: /usr/bin/cc - skipped
[0.228s] -- Detecting C compile features
[0.229s] -- Detecting C compile features - done
[0.241s] -- Detecting CXX compiler ABI info
[0.309s] -- Detecting CXX compiler ABI info - done
[0.319s] -- Check for working CXX compiler: /usr/bin/c++ - skipped
[0.320s] -- Detecting CXX compile features
[0.320s] -- Detecting CXX compile features - done
[0.325s] -- Found ros_environment: 3.2.2 (/opt/ros/humble/share/ros_environment/cmake)
[0.329s] -- Found ament_cmake: 1.3.11 (/opt/ros/humble/share/ament_cmake/cmake)
[0.519s] -- Found Python3: /usr/bin/python3 (found version "3.10.12") found components: Interpreter 
[0.628s] -- Override CMake install command with custom implementation using symlinks instead of copying resources
[0.722s] -- Found rclcpp: 16.0.12 (/opt/ros/humble/share/rclcpp/cmake)
[0.834s] -- Found rosidl_generator_c: 3.1.6 (/opt/ros/humble/share/rosidl_generator_c/cmake)
[0.849s] -- Found rosidl_adapter: 3.1.6 (/opt/ros/humble/share/rosidl_adapter/cmake)
[0.871s] -- Found rosidl_generator_cpp: 3.1.6 (/opt/ros/humble/share/rosidl_generator_cpp/cmake)
[0.902s] -- Using all available rosidl_typesupport_c: rosidl_typesupport_fastrtps_c;rosidl_typesupport_introspection_c
[0.941s] -- Using all available rosidl_typesupport_cpp: rosidl_typesupport_fastrtps_cpp;rosidl_typesupport_introspection_cpp
[1.059s] -- Found rmw_implementation_cmake: 6.1.2 (/opt/ros/humble/share/rmw_implementation_cmake/cmake)
[1.068s] -- Found rmw_fastrtps_cpp: 6.2.7 (/opt/ros/humble/share/rmw_fastrtps_cpp/cmake)
[1.292s] -- Found OpenSSL: /usr/lib/x86_64-linux-gnu/libcrypto.so (found version "3.0.2")  
[1.382s] -- Found FastRTPS: /opt/ros/humble/include  
[1.482s] -- Using RMW implementation 'rmw_fastrtps_cpp' as default
[1.527s] -- Performing Test CMAKE_HAVE_LIBC_PTHREAD
[1.689s] -- Performing Test CMAKE_HAVE_LIBC_PTHREAD - Success
[1.689s] -- Found Threads: TRUE  
[1.834s] -- Found rclcpp_components: 16.0.12 (/opt/ros/humble/share/rclcpp_components/cmake)
[1.895s] -- Found sensor_msgs: 4.8.0 (/opt/ros/humble/share/sensor_msgs/cmake)
[1.959s] -- Found tf2: 0.25.12 (/opt/ros/humble/share/tf2/cmake)
[1.969s] -- Found tf2_eigen: 0.25.12 (/opt/ros/humble/share/tf2_eigen/cmake)
[2.096s] -- Found tf2_geometry_msgs: 0.25.12 (/opt/ros/humble/share/tf2_geometry_msgs/cmake)
[2.112s] -- Found eigen3_cmake_module: 0.1.1 (/opt/ros/humble/share/eigen3_cmake_module/cmake)
[2.114s] -- Found Eigen3: TRUE (found version "3.4.0") 
[2.114s] -- Ensuring Eigen3 include directory is part of orocos-kdl CMake target
[2.120s] -- Found pcl_conversions: 2.4.5 (/opt/ros/humble/share/pcl_conversions/cmake)
[2.166s] [33mCMake Warning (dev) at /usr/lib/x86_64-linux-gnu/cmake/pcl/PCLConfig.cmake:146 (find_package):
[2.166s]   Policy CMP0144 is not set: find_package uses upper-case <PACKAGENAME>_ROOT
[2.166s]   variables.  Run "cmake --help-policy CMP0144" for policy details.  Use the
[2.166s]   cmake_policy command to set the policy and suppress this warning.
[2.166s] 
[2.166s]   CMake variable EIGEN_ROOT is set to:
[2.166s] 
[2.166s]     /usr/include/eigen3
[2.166s] 
[2.166s]   For compatibility, find_package is ignoring the variable, but code in a
[2.166s]   .cmake module might still use it.
[2.167s] Call Stack (most recent call first):
[2.167s]   /usr/lib/x86_64-linux-gnu/cmake/pcl/PCLConfig.cmake:299 (find_eigen)
[2.167s]   /usr/lib/x86_64-linux-gnu/cmake/pcl/PCLConfig.cmake:543 (find_external_library)
[2.167s]   /opt/ros/humble/share/pcl_conversions/cmake/ament_cmake_export_dependencies-extras.cmake:21 (find_package)
[2.167s]   /opt/ros/humble/share/pcl_conversions/cmake/pcl_conversionsConfig.cmake:41 (include)
[2.167s]   CMakeLists.txt:56 (find_package)
[2.167s] This warning is for project developers.  Use -Wno-dev to suppress it.
[2.167s] [0m
[2.171s] -- Checking for module 'eigen3'
[2.187s] --   Found eigen3, version 3.4.0
[2.217s] -- Found Eigen: /usr/include/eigen3 (Required is at least version "3.1") 
[2.217s] -- Eigen found (include: /usr/include/eigen3, version: 3.4.0)
[2.264s] [33mCMake Warning (dev) at /usr/lib/x86_64-linux-gnu/cmake/pcl/Modules/FindFLANN.cmake:44 (find_package):
[2.264s]   Policy CMP0144 is not set: find_package uses upper-case <PACKAGENAME>_ROOT
[2.264s]   variables.  Run "cmake --help-policy CMP0144" for policy details.  Use the
[2.264s]   cmake_policy command to set the policy and suppress this warning.
[2.264s] 
[2.264s]   CMake variable FLANN_ROOT is set to:
[2.264s] 
[2.264s]     /usr
[2.264s] 
[2.265s]   For compatibility, find_package is ignoring the variable, but code in a
[2.265s]   .cmake module might still use it.
[2.265s] Call Stack (most recent call first):
[2.265s]   /usr/lib/x86_64-linux-gnu/cmake/pcl/PCLConfig.cmake:256 (find_package)
[2.265s]   /usr/lib/x86_64-linux-gnu/cmake/pcl/PCLConfig.cmake:301 (find_flann)
[2.265s]   /usr/lib/x86_64-linux-gnu/cmake/pcl/PCLConfig.cmake:543 (find_external_library)
[2.265s]   /opt/ros/humble/share/pcl_conversions/cmake/ament_cmake_export_dependencies-extras.cmake:21 (find_package)
[2.265s]   /opt/ros/humble/share/pcl_conversions/cmake/pcl_conversionsConfig.cmake:41 (include)
[2.265s]   CMakeLists.txt:56 (find_package)
[2.265s] This warning is for project developers.  Use -Wno-dev to suppress it.
[2.265s] [0m
[2.284s] -- Checking for module 'flann'
[2.300s] --   Found flann, version 1.9.1
[2.341s] -- Found FLANN: /usr/lib/x86_64-linux-gnu/libflann_cpp.so  
[2.341s] -- FLANN found (include: /usr/include, lib: /usr/lib/x86_64-linux-gnu/libflann_cpp.so)
[3.464s] -- Checking for module 'libusb-1.0'
[3.481s] --   Found libusb-1.0, version 1.0.25
[3.516s] -- Found libusb: /usr/lib/x86_64-linux-gnu/libusb-1.0.so  
[3.517s] -- OpenNI found (version: 1.5.4.0, include: /usr/include/ni, lib: /usr/lib/libOpenNI.so;libusb::libusb)
[3.581s] -- OpenNI2 found (version: 2.2.0.33, include: /usr/include/openni2, lib: /usr/lib/x86_64-linux-gnu/libOpenNI2.so;libusb::libusb)
[3.924s] -- Eigen found (include: /usr/include/eigen3, version: 3.4.0)
[3.930s] -- OpenNI found (version: 1.5.4.0, include: /usr/include/ni, lib: /usr/lib/libOpenNI.so;libusb::libusb)
[3.936s] -- OpenNI2 found (version: 2.2.0.33, include: /usr/include/openni2, lib: /usr/lib/x86_64-linux-gnu/libOpenNI2.so;libusb::libusb)
[4.257s] -- Found Qhull version 8.0.2
[4.581s] -- OpenNI found (version: 1.5.4.0, include: /usr/include/ni, lib: /usr/lib/libOpenNI.so;libusb::libusb)
[4.898s] -- Found PCL_COMMON: /usr/lib/x86_64-linux-gnu/libpcl_common.so  
[4.899s] -- Found PCL_KDTREE: /usr/lib/x86_64-linux-gnu/libpcl_kdtree.so  
[4.900s] -- Found PCL_OCTREE: /usr/lib/x86_64-linux-gnu/libpcl_octree.so  
[4.901s] -- Found PCL_SEARCH: /usr/lib/x86_64-linux-gnu/libpcl_search.so  
[4.902s] -- Found PCL_SAMPLE_CONSENSUS: /usr/lib/x86_64-linux-gnu/libpcl_sample_consensus.so  
[4.903s] -- Found PCL_FILTERS: /usr/lib/x86_64-linux-gnu/libpcl_filters.so  
[4.903s] -- Found PCL_2D: /usr/include/pcl-1.12  
[4.903s] -- Found PCL_GEOMETRY: /usr/include/pcl-1.12  
[4.904s] -- Found PCL_IO: /usr/lib/x86_64-linux-gnu/libpcl_io.so  
[4.905s] -- Found PCL_FEATURES: /usr/lib/x86_64-linux-gnu/libpcl_features.so  
[4.907s] -- Found PCL_ML: /usr/lib/x86_64-linux-gnu/libpcl_ml.so  
[4.908s] -- Found PCL_SEGMENTATION: /usr/lib/x86_64-linux-gnu/libpcl_segmentation.so  
[4.909s] -- Found PCL_VISUALIZATION: /usr/lib/x86_64-linux-gnu/libpcl_visualization.so  
[4.910s] -- Found PCL_SURFACE: /usr/lib/x86_64-linux-gnu/libpcl_surface.so  
[4.911s] -- Found PCL_REGISTRATION: /usr/lib/x86_64-linux-gnu/libpcl_registration.so  
[4.912s] -- Found PCL_KEYPOINTS: /usr/lib/x86_64-linux-gnu/libpcl_keypoints.so  
[4.913s] -- Found PCL_TRACKING: /usr/lib/x86_64-linux-gnu/libpcl_tracking.so  
[4.914s] -- Found PCL_RECOGNITION: /usr/lib/x86_64-linux-gnu/libpcl_recognition.so  
[4.915s] -- Found PCL_STEREO: /usr/lib/x86_64-linux-gnu/libpcl_stereo.so  
[4.916s] -- Found PCL_APPS: /usr/lib/x86_64-linux-gnu/libpcl_apps.so  
[4.917s] -- Found PCL_IN_HAND_SCANNER: /usr/include/pcl-1.12  
[4.917s] -- Found PCL_MODELER: /usr/include/pcl-1.12  
[4.918s] -- Found PCL_POINT_CLOUD_EDITOR: /usr/include/pcl-1.12  
[4.919s] -- Found PCL_OUTOFCORE: /usr/lib/x86_64-linux-gnu/libpcl_outofcore.so  
[4.920s] -- Found PCL_PEOPLE: /usr/lib/x86_64-linux-gnu/libpcl_people.so  
[4.926s] -- Found Boost: /usr/lib/x86_64-linux-gnu/cmake/Boost-1.74.0/BoostConfig.cmake (found version "1.74.0") found components: system 
[4.927s] [33mCMake Warning (dev) at CMakeLists.txt:62 (find_package):
[4.927s]   Policy CMP0074 is not set: find_package uses <PackageName>_ROOT variables.
[4.927s]   Run "cmake --help-policy CMP0074" for policy details.  Use the cmake_policy
[4.927s]   command to set the policy and suppress this warning.
[4.927s] 
[4.927s]   CMake variable PCL_ROOT is set to:
[4.927s] 
[4.927s]     /usr
[4.927s] 
[4.927s]   For compatibility, CMake is ignoring the variable.
[4.927s] This warning is for project developers.  Use -Wno-dev to suppress it.
[4.927s] [0m
[5.028s] -- Configuring done (5.0s)
[5.068s] -- Generating done (0.0s)
[5.074s] -- Build files have been written to: /home/daniel/code/2025-phd-daniel-guerrero/ros-bridge/build/pcl_recorder
[5.087s] Invoked command in '/home/daniel/code/2025-phd-daniel-guerrero/ros-bridge/build/pcl_recorder' returned '0': AMENT_PREFIX_PATH=/home/daniel/code/2025-phd-daniel-guerrero/ros-bridge/install/carla_ros_bridge:/home/daniel/code/2025-phd-daniel-guerrero/ros-bridge/install/carla_spawn_objects:/home/daniel/code/2025-phd-daniel-guerrero/ros-bridge/install/carla_manual_control:/home/daniel/code/2025-phd-daniel-guerrero/ros-bridge/install/ros_compatibility:/home/daniel/code/2025-phd-daniel-guerrero/ros-bridge/install/carla_common:/home/daniel/code/2025-phd-daniel-guerrero/ros-bridge/install/carla_ad_demo:/home/daniel/code/2025-phd-daniel-guerrero/ros-bridge/install/rviz_carla_plugin:/home/daniel/code/2025-phd-daniel-guerrero/ros-bridge/install/rqt_carla_control:/home/daniel/code/2025-phd-daniel-guerrero/ros-bridge/install/pcl_recorder:/home/daniel/code/2025-phd-daniel-guerrero/ros-bridge/install/carla_waypoint_publisher:/home/daniel/code/2025-phd-daniel-guerrero/ros-bridge/install/carla_ackermann_control:/home/daniel/code/2025-phd-daniel-guerrero/ros-bridge/install/carla_ad_agent:/home/daniel/code/2025-phd-daniel-guerrero/ros-bridge/install/carla_waypoint_types:/home/daniel/code/2025-phd-daniel-guerrero/ros-bridge/install/carla_walker_agent:/home/daniel/code/2025-phd-daniel-guerrero/ros-bridge/install/carla_twist_to_control:/home/daniel/code/2025-phd-daniel-guerrero/ros-bridge/install/carla_ros_scenario_runner:/home/daniel/code/2025-phd-daniel-guerrero/ros-bridge/install/carla_ros_scenario_runner_types:/home/daniel/code/2025-phd-daniel-guerrero/ros-bridge/install/carla_ackermann_msgs:/home/daniel/code/2025-phd-daniel-guerrero/ros-bridge/install/carla_msgs:/home/daniel/carla-ros-bridge/install/rqt_carla_control:/home/daniel/carla-ros-bridge/install/carla_waypoint_publisher:/home/daniel/carla-ros-bridge/install/carla_ackermann_control:/home/daniel/carla-ros-bridge/install/carla_ros_bridge:/home/daniel/carla-ros-bridge/install/carla_spawn_objects:/home/daniel/carla-ros-bridge/install/carla_manual_control:/home/daniel/carla-ros-bridge/install/carla_ad_agent:/home/daniel/carla-ros-bridge/install/ros_compatibility:/home/daniel/carla-ros-bridge/install/carla_waypoint_types:/home/daniel/carla-ros-bridge/install/carla_walker_agent:/home/daniel/carla-ros-bridge/install/carla_twist_to_control:/home/daniel/carla-ros-bridge/install/carla_ros_scenario_runner:/home/daniel/carla-ros-bridge/install/carla_ros_scenario_runner_types:/home/daniel/carla-ros-bridge/install/carla_ackermann_msgs:/home/daniel/carla-ros-bridge/install/carla_msgs:/home/daniel/carla-ros-bridge/install/carla_common:/opt/ros/humble CMAKE_PREFIX_PATH=/home/daniel/code/2025-phd-daniel-guerrero/ros-bridge/install/carla_msgs:/home/daniel/code/2025-phd-daniel-guerrero/ros-bridge/install/carla_ad_demo:/home/daniel/code/2025-phd-daniel-guerrero/ros-bridge/install/rviz_carla_plugin:/home/daniel/code/2025-phd-daniel-guerrero/ros-bridge/install/pcl_recorder:/home/daniel/code/2025-phd-daniel-guerrero/ros-bridge/install/carla_waypoint_types:/home/daniel/code/2025-phd-daniel-guerrero/ros-bridge/install/carla_ros_scenario_runner_types:/home/daniel/code/2025-phd-daniel-guerrero/ros-bridge/install/carla_ackermann_msgs:/home/daniel/carla-ros-bridge/install/carla_waypoint_types:/home/daniel/carla-ros-bridge/install/carla_ros_scenario_runner_types:/home/daniel/carla-ros-bridge/install/carla_ackermann_msgs:/home/daniel/carla-ros-bridge/install/carla_msgs:/home/daniel/code/2025-phd-daniel-guerrero/ros-bridge/install/rqt_carla_control:/home/daniel/code/2025-phd-daniel-guerrero/ros-bridge/install/carla_waypoint_publisher:/home/daniel/code/2025-phd-daniel-guerrero/ros-bridge/install/carla_ackermann_control:/home/daniel/code/2025-phd-daniel-guerrero/ros-bridge/install/carla_ros_bridge:/home/daniel/code/2025-phd-daniel-guerrero/ros-bridge/install/carla_spawn_objects:/home/daniel/code/2025-phd-daniel-guerrero/ros-bridge/install/carla_manual_control:/home/daniel/code/2025-phd-daniel-guerrero/ros-bridge/install/carla_ad_agent:/home/daniel/code/2025-phd-daniel-guerrero/ros-bridge/install/ros_compatibility:/home/daniel/code/2025-phd-daniel-guerrero/ros-bridge/install/carla_walker_agent:/home/daniel/code/2025-phd-daniel-guerrero/ros-bridge/install/carla_twist_to_control:/home/daniel/code/2025-phd-daniel-guerrero/ros-bridge/install/carla_ros_scenario_runner:/home/daniel/code/2025-phd-daniel-guerrero/ros-bridge/install/carla_common:/home/daniel/carla-ros-bridge/install/rqt_carla_control:/home/daniel/carla-ros-bridge/install/carla_waypoint_publisher:/home/daniel/carla-ros-bridge/install/carla_ackermann_control:/home/daniel/carla-ros-bridge/install/carla_ros_bridge:/home/daniel/carla-ros-bridge/install/carla_spawn_objects:/home/daniel/carla-ros-bridge/install/carla_manual_control:/home/daniel/carla-ros-bridge/install/carla_ad_agent:/home/daniel/carla-ros-bridge/install/ros_compatibility:/home/daniel/carla-ros-bridge/install/carla_walker_agent:/home/daniel/carla-ros-bridge/install/carla_twist_to_control:/home/daniel/carla-ros-bridge/install/carla_ros_scenario_runner:/home/daniel/carla-ros-bridge/install/carla_common:/opt/ros/humble LD_LIBRARY_PATH=/home/daniel/code/2025-phd-daniel-guerrero/ros-bridge/install/carla_msgs/lib:/home/daniel/code/2025-phd-daniel-guerrero/ros-bridge/install/rviz_carla_plugin/lib:/home/daniel/code/2025-phd-daniel-guerrero/ros-bridge/install/carla_waypoint_types/lib:/home/daniel/code/2025-phd-daniel-guerrero/ros-bridge/install/carla_ros_scenario_runner_types/lib:/home/daniel/code/2025-phd-daniel-guerrero/ros-bridge/install/carla_ackermann_msgs/lib:/home/daniel/carla-ros-bridge/install/carla_waypoint_types/lib:/home/daniel/carla-ros-bridge/install/carla_ros_scenario_runner_types/lib:/home/daniel/carla-ros-bridge/install/carla_ackermann_msgs/lib:/home/daniel/carla-ros-bridge/install/carla_msgs/lib:/opt/ros/humble/opt/rviz_ogre_vendor/lib:/opt/ros/humble/lib/x86_64-linux-gnu:/opt/ros/humble/lib PYTHONPATH=/home/daniel/code/2025-phd-daniel-guerrero/ros-bridge/build/carla_ros_bridge/src:/home/daniel/code/2025-phd-daniel-guerrero/ros-bridge/install/carla_ros_bridge/lib/python3.10/site-packages:/home/daniel/code/2025-phd-daniel-guerrero/ros-bridge/build/carla_spawn_objects:/home/daniel/code/2025-phd-daniel-guerrero/ros-bridge/install/carla_spawn_objects/lib/python3.10/site-packages:/home/daniel/code/2025-phd-daniel-guerrero/ros-bridge/build/carla_manual_control/src:/home/daniel/code/2025-phd-daniel-guerrero/ros-bridge/install/carla_manual_control/lib/python3.10/site-packages:/home/daniel/code/2025-phd-daniel-guerrero/ros-bridge/build/ros_compatibility/src:/home/daniel/code/2025-phd-daniel-guerrero/ros-bridge/install/ros_compatibility/lib/python3.10/site-packages:/home/daniel/code/2025-phd-daniel-guerrero/ros-bridge/build/carla_common/src:/home/daniel/code/2025-phd-daniel-guerrero/ros-bridge/install/carla_common/lib/python3.10/site-packages:/home/daniel/code/2025-phd-daniel-guerrero/ros-bridge/install/rqt_carla_control/lib/python3.10/site-packages:/home/daniel/code/2025-phd-daniel-guerrero/ros-bridge/install/carla_waypoint_publisher/lib/python3.10/site-packages:/home/daniel/code/2025-phd-daniel-guerrero/ros-bridge/install/carla_ackermann_control/lib/python3.10/site-packages:/home/daniel/code/2025-phd-daniel-guerrero/ros-bridge/install/carla_ad_agent/lib/python3.10/site-packages:/home/daniel/code/2025-phd-daniel-guerrero/ros-bridge/install/carla_waypoint_types/local/lib/python3.10/dist-packages:/home/daniel/code/2025-phd-daniel-guerrero/ros-bridge/install/carla_walker_agent/lib/python3.10/site-packages:/home/daniel/code/2025-phd-daniel-guerrero/ros-bridge/install/carla_twist_to_control/lib/python3.10/site-packages:/home/daniel/code/2025-phd-daniel-guerrero/ros-bridge/install/carla_ros_scenario_runner/lib/python3.10/site-packages:/home/daniel/code/2025-phd-daniel-guerrero/ros-bridge/install/carla_ros_scenario_runner_types/local/lib/python3.10/dist-packages:/home/daniel/code/2025-phd-daniel-guerrero/ros-bridge/install/carla_ackermann_msgs/local/lib/python3.10/dist-packages:/home/daniel/code/2025-phd-daniel-guerrero/ros-bridge/install/carla_msgs/local/lib/python3.10/dist-packages:/home/daniel/carla-ros-bridge/install/rqt_carla_control/lib/python3.10/site-packages:/home/daniel/carla-ros-bridge/install/carla_waypoint_publisher/lib/python3.10/site-packages:/home/daniel/carla-ros-bridge/install/carla_ackermann_control/lib/python3.10/site-packages:/home/daniel/carla-ros-bridge/install/carla_ros_bridge/lib/python3.10/site-packages:/home/daniel/carla-ros-bridge/install/carla_spawn_objects/lib/python3.10/site-packages:/home/daniel/carla-ros-bridge/install/carla_manual_control/lib/python3.10/site-packages:/home/daniel/carla-ros-bridge/install/carla_ad_agent/lib/python3.10/site-packages:/home/daniel/carla-ros-bridge/install/ros_compatibility/lib/python3.10/site-packages:/home/daniel/carla-ros-bridge/install/carla_waypoint_types/local/lib/python3.10/dist-packages:/home/daniel/carla-ros-bridge/install/carla_walker_agent/lib/python3.10/site-packages:/home/daniel/carla-ros-bridge/install/carla_twist_to_control/lib/python3.10/site-packages:/home/daniel/carla-ros-bridge/install/carla_ros_scenario_runner/lib/python3.10/site-packages:/home/daniel/carla-ros-bridge/install/carla_ros_scenario_runner_types/local/lib/python3.10/dist-packages:/home/daniel/carla-ros-bridge/install/carla_ackermann_msgs/local/lib/python3.10/dist-packages:/home/daniel/carla-ros-bridge/install/carla_msgs/local/lib/python3.10/dist-packages:/home/daniel/carla-ros-bridge/install/carla_common/lib/python3.10/site-packages:/opt/ros/humble/lib/python3.10/site-packages:/opt/ros/humble/local/lib/python3.10/dist-packages /opt/cmake-3.28.3-linux-x86_64/bin/cmake /home/daniel/code/2025-phd-daniel-guerrero/ros-bridge/src/pcl_recorder -DAMENT_CMAKE_SYMLINK_INSTALL=1 -DCMAKE_INSTALL_PREFIX=/home/daniel/code/2025-phd-daniel-guerrero/ros-bridge/install/pcl_recorder
[5.090s] Invoking command in '/home/daniel/code/2025-phd-daniel-guerrero/ros-bridge/build/pcl_recorder': AMENT_PREFIX_PATH=/home/daniel/code/2025-phd-daniel-guerrero/ros-bridge/install/carla_ros_bridge:/home/daniel/code/2025-phd-daniel-guerrero/ros-bridge/install/carla_spawn_objects:/home/daniel/code/2025-phd-daniel-guerrero/ros-bridge/install/carla_manual_control:/home/daniel/code/2025-phd-daniel-guerrero/ros-bridge/install/ros_compatibility:/home/daniel/code/2025-phd-daniel-guerrero/ros-bridge/install/carla_common:/home/daniel/code/2025-phd-daniel-guerrero/ros-bridge/install/carla_ad_demo:/home/daniel/code/2025-phd-daniel-guerrero/ros-bridge/install/rviz_carla_plugin:/home/daniel/code/2025-phd-daniel-guerrero/ros-bridge/install/rqt_carla_control:/home/daniel/code/2025-phd-daniel-guerrero/ros-bridge/install/pcl_recorder:/home/daniel/code/2025-phd-daniel-guerrero/ros-bridge/install/carla_waypoint_publisher:/home/daniel/code/2025-phd-daniel-guerrero/ros-bridge/install/carla_ackermann_control:/home/daniel/code/2025-phd-daniel-guerrero/ros-bridge/install/carla_ad_agent:/home/daniel/code/2025-phd-daniel-guerrero/ros-bridge/install/carla_waypoint_types:/home/daniel/code/2025-phd-daniel-guerrero/ros-bridge/install/carla_walker_agent:/home/daniel/code/2025-phd-daniel-guerrero/ros-bridge/install/carla_twist_to_control:/home/daniel/code/2025-phd-daniel-guerrero/ros-bridge/install/carla_ros_scenario_runner:/home/daniel/code/2025-phd-daniel-guerrero/ros-bridge/install/carla_ros_scenario_runner_types:/home/daniel/code/2025-phd-daniel-guerrero/ros-bridge/install/carla_ackermann_msgs:/home/daniel/code/2025-phd-daniel-guerrero/ros-bridge/install/carla_msgs:/home/daniel/carla-ros-bridge/install/rqt_carla_control:/home/daniel/carla-ros-bridge/install/carla_waypoint_publisher:/home/daniel/carla-ros-bridge/install/carla_ackermann_control:/home/daniel/carla-ros-bridge/install/carla_ros_bridge:/home/daniel/carla-ros-bridge/install/carla_spawn_objects:/home/daniel/carla-ros-bridge/install/carla_manual_control:/home/daniel/carla-ros-bridge/install/carla_ad_agent:/home/daniel/carla-ros-bridge/install/ros_compatibility:/home/daniel/carla-ros-bridge/install/carla_waypoint_types:/home/daniel/carla-ros-bridge/install/carla_walker_agent:/home/daniel/carla-ros-bridge/install/carla_twist_to_control:/home/daniel/carla-ros-bridge/install/carla_ros_scenario_runner:/home/daniel/carla-ros-bridge/install/carla_ros_scenario_runner_types:/home/daniel/carla-ros-bridge/install/carla_ackermann_msgs:/home/daniel/carla-ros-bridge/install/carla_msgs:/home/daniel/carla-ros-bridge/install/carla_common:/opt/ros/humble CMAKE_PREFIX_PATH=/home/daniel/code/2025-phd-daniel-guerrero/ros-bridge/install/carla_msgs:/home/daniel/code/2025-phd-daniel-guerrero/ros-bridge/install/carla_ad_demo:/home/daniel/code/2025-phd-daniel-guerrero/ros-bridge/install/rviz_carla_plugin:/home/daniel/code/2025-phd-daniel-guerrero/ros-bridge/install/pcl_recorder:/home/daniel/code/2025-phd-daniel-guerrero/ros-bridge/install/carla_waypoint_types:/home/daniel/code/2025-phd-daniel-guerrero/ros-bridge/install/carla_ros_scenario_runner_types:/home/daniel/code/2025-phd-daniel-guerrero/ros-bridge/install/carla_ackermann_msgs:/home/daniel/carla-ros-bridge/install/carla_waypoint_types:/home/daniel/carla-ros-bridge/install/carla_ros_scenario_runner_types:/home/daniel/carla-ros-bridge/install/carla_ackermann_msgs:/home/daniel/carla-ros-bridge/install/carla_msgs:/home/daniel/code/2025-phd-daniel-guerrero/ros-bridge/install/rqt_carla_control:/home/daniel/code/2025-phd-daniel-guerrero/ros-bridge/install/carla_waypoint_publisher:/home/daniel/code/2025-phd-daniel-guerrero/ros-bridge/install/carla_ackermann_control:/home/daniel/code/2025-phd-daniel-guerrero/ros-bridge/install/carla_ros_bridge:/home/daniel/code/2025-phd-daniel-guerrero/ros-bridge/install/carla_spawn_objects:/home/daniel/code/2025-phd-daniel-guerrero/ros-bridge/install/carla_manual_control:/home/daniel/code/2025-phd-daniel-guerrero/ros-bridge/install/carla_ad_agent:/home/daniel/code/2025-phd-daniel-guerrero/ros-bridge/install/ros_compatibility:/home/daniel/code/2025-phd-daniel-guerrero/ros-bridge/install/carla_walker_agent:/home/daniel/code/2025-phd-daniel-guerrero/ros-bridge/install/carla_twist_to_control:/home/daniel/code/2025-phd-daniel-guerrero/ros-bridge/install/carla_ros_scenario_runner:/home/daniel/code/2025-phd-daniel-guerrero/ros-bridge/install/carla_common:/home/daniel/carla-ros-bridge/install/rqt_carla_control:/home/daniel/carla-ros-bridge/install/carla_waypoint_publisher:/home/daniel/carla-ros-bridge/install/carla_ackermann_control:/home/daniel/carla-ros-bridge/install/carla_ros_bridge:/home/daniel/carla-ros-bridge/install/carla_spawn_objects:/home/daniel/carla-ros-bridge/install/carla_manual_control:/home/daniel/carla-ros-bridge/install/carla_ad_agent:/home/daniel/carla-ros-bridge/install/ros_compatibility:/home/daniel/carla-ros-bridge/install/carla_walker_agent:/home/daniel/carla-ros-bridge/install/carla_twist_to_control:/home/daniel/carla-ros-bridge/install/carla_ros_scenario_runner:/home/daniel/carla-ros-bridge/install/carla_common:/opt/ros/humble LD_LIBRARY_PATH=/home/daniel/code/2025-phd-daniel-guerrero/ros-bridge/install/carla_msgs/lib:/home/daniel/code/2025-phd-daniel-guerrero/ros-bridge/install/rviz_carla_plugin/lib:/home/daniel/code/2025-phd-daniel-guerrero/ros-bridge/install/carla_waypoint_types/lib:/home/daniel/code/2025-phd-daniel-guerrero/ros-bridge/install/carla_ros_scenario_runner_types/lib:/home/daniel/code/2025-phd-daniel-guerrero/ros-bridge/install/carla_ackermann_msgs/lib:/home/daniel/carla-ros-bridge/install/carla_waypoint_types/lib:/home/daniel/carla-ros-bridge/install/carla_ros_scenario_runner_types/lib:/home/daniel/carla-ros-bridge/install/carla_ackermann_msgs/lib:/home/daniel/carla-ros-bridge/install/carla_msgs/lib:/opt/ros/humble/opt/rviz_ogre_vendor/lib:/opt/ros/humble/lib/x86_64-linux-gnu:/opt/ros/humble/lib PYTHONPATH=/home/daniel/code/2025-phd-daniel-guerrero/ros-bridge/build/carla_ros_bridge/src:/home/daniel/code/2025-phd-daniel-guerrero/ros-bridge/install/carla_ros_bridge/lib/python3.10/site-packages:/home/daniel/code/2025-phd-daniel-guerrero/ros-bridge/build/carla_spawn_objects:/home/daniel/code/2025-phd-daniel-guerrero/ros-bridge/install/carla_spawn_objects/lib/python3.10/site-packages:/home/daniel/code/2025-phd-daniel-guerrero/ros-bridge/build/carla_manual_control/src:/home/daniel/code/2025-phd-daniel-guerrero/ros-bridge/install/carla_manual_control/lib/python3.10/site-packages:/home/daniel/code/2025-phd-daniel-guerrero/ros-bridge/build/ros_compatibility/src:/home/daniel/code/2025-phd-daniel-guerrero/ros-bridge/install/ros_compatibility/lib/python3.10/site-packages:/home/daniel/code/2025-phd-daniel-guerrero/ros-bridge/build/carla_common/src:/home/daniel/code/2025-phd-daniel-guerrero/ros-bridge/install/carla_common/lib/python3.10/site-packages:/home/daniel/code/2025-phd-daniel-guerrero/ros-bridge/install/rqt_carla_control/lib/python3.10/site-packages:/home/daniel/code/2025-phd-daniel-guerrero/ros-bridge/install/carla_waypoint_publisher/lib/python3.10/site-packages:/home/daniel/code/2025-phd-daniel-guerrero/ros-bridge/install/carla_ackermann_control/lib/python3.10/site-packages:/home/daniel/code/2025-phd-daniel-guerrero/ros-bridge/install/carla_ad_agent/lib/python3.10/site-packages:/home/daniel/code/2025-phd-daniel-guerrero/ros-bridge/install/carla_waypoint_types/local/lib/python3.10/dist-packages:/home/daniel/code/2025-phd-daniel-guerrero/ros-bridge/install/carla_walker_agent/lib/python3.10/site-packages:/home/daniel/code/2025-phd-daniel-guerrero/ros-bridge/install/carla_twist_to_control/lib/python3.10/site-packages:/home/daniel/code/2025-phd-daniel-guerrero/ros-bridge/install/carla_ros_scenario_runner/lib/python3.10/site-packages:/home/daniel/code/2025-phd-daniel-guerrero/ros-bridge/install/carla_ros_scenario_runner_types/local/lib/python3.10/dist-packages:/home/daniel/code/2025-phd-daniel-guerrero/ros-bridge/install/carla_ackermann_msgs/local/lib/python3.10/dist-packages:/home/daniel/code/2025-phd-daniel-guerrero/ros-bridge/install/carla_msgs/local/lib/python3.10/dist-packages:/home/daniel/carla-ros-bridge/install/rqt_carla_control/lib/python3.10/site-packages:/home/daniel/carla-ros-bridge/install/carla_waypoint_publisher/lib/python3.10/site-packages:/home/daniel/carla-ros-bridge/install/carla_ackermann_control/lib/python3.10/site-packages:/home/daniel/carla-ros-bridge/install/carla_ros_bridge/lib/python3.10/site-packages:/home/daniel/carla-ros-bridge/install/carla_spawn_objects/lib/python3.10/site-packages:/home/daniel/carla-ros-bridge/install/carla_manual_control/lib/python3.10/site-packages:/home/daniel/carla-ros-bridge/install/carla_ad_agent/lib/python3.10/site-packages:/home/daniel/carla-ros-bridge/install/ros_compatibility/lib/python3.10/site-packages:/home/daniel/carla-ros-bridge/install/carla_waypoint_types/local/lib/python3.10/dist-packages:/home/daniel/carla-ros-bridge/install/carla_walker_agent/lib/python3.10/site-packages:/home/daniel/carla-ros-bridge/install/carla_twist_to_control/lib/python3.10/site-packages:/home/daniel/carla-ros-bridge/install/carla_ros_scenario_runner/lib/python3.10/site-packages:/home/daniel/carla-ros-bridge/install/carla_ros_scenario_runner_types/local/lib/python3.10/dist-packages:/home/daniel/carla-ros-bridge/install/carla_ackermann_msgs/local/lib/python3.10/dist-packages:/home/daniel/carla-ros-bridge/install/carla_msgs/local/lib/python3.10/dist-packages:/home/daniel/carla-ros-bridge/install/carla_common/lib/python3.10/site-packages:/opt/ros/humble/lib/python3.10/site-packages:/opt/ros/humble/local/lib/python3.10/dist-packages /opt/cmake-3.28.3-linux-x86_64/bin/cmake --build /home/daniel/code/2025-phd-daniel-guerrero/ros-bridge/build/pcl_recorder -- -j12 -l12
[5.115s] [ 33%] [32mBuilding CXX object CMakeFiles/pcl_recorder_node.dir/src/PclRecorderROS2.cpp.o[0m
[5.115s] [ 66%] [32mBuilding CXX object CMakeFiles/pcl_recorder_node.dir/src/mainROS2.cpp.o[0m
[15.262s] [100%] [32m[1mLinking CXX executable pcl_recorder_node[0m
[15.878s] [100%] Built target pcl_recorder_node
[15.883s] Invoked command in '/home/daniel/code/2025-phd-daniel-guerrero/ros-bridge/build/pcl_recorder' returned '0': AMENT_PREFIX_PATH=/home/daniel/code/2025-phd-daniel-guerrero/ros-bridge/install/carla_ros_bridge:/home/daniel/code/2025-phd-daniel-guerrero/ros-bridge/install/carla_spawn_objects:/home/daniel/code/2025-phd-daniel-guerrero/ros-bridge/install/carla_manual_control:/home/daniel/code/2025-phd-daniel-guerrero/ros-bridge/install/ros_compatibility:/home/daniel/code/2025-phd-daniel-guerrero/ros-bridge/install/carla_common:/home/daniel/code/2025-phd-daniel-guerrero/ros-bridge/install/carla_ad_demo:/home/daniel/code/2025-phd-daniel-guerrero/ros-bridge/install/rviz_carla_plugin:/home/daniel/code/2025-phd-daniel-guerrero/ros-bridge/install/rqt_carla_control:/home/daniel/code/2025-phd-daniel-guerrero/ros-bridge/install/pcl_recorder:/home/daniel/code/2025-phd-daniel-guerrero/ros-bridge/install/carla_waypoint_publisher:/home/daniel/code/2025-phd-daniel-guerrero/ros-bridge/install/carla_ackermann_control:/home/daniel/code/2025-phd-daniel-guerrero/ros-bridge/install/carla_ad_agent:/home/daniel/code/2025-phd-daniel-guerrero/ros-bridge/install/carla_waypoint_types:/home/daniel/code/2025-phd-daniel-guerrero/ros-bridge/install/carla_walker_agent:/home/daniel/code/2025-phd-daniel-guerrero/ros-bridge/install/carla_twist_to_control:/home/daniel/code/2025-phd-daniel-guerrero/ros-bridge/install/carla_ros_scenario_runner:/home/daniel/code/2025-phd-daniel-guerrero/ros-bridge/install/carla_ros_scenario_runner_types:/home/daniel/code/2025-phd-daniel-guerrero/ros-bridge/install/carla_ackermann_msgs:/home/daniel/code/2025-phd-daniel-guerrero/ros-bridge/install/carla_msgs:/home/daniel/carla-ros-bridge/install/rqt_carla_control:/home/daniel/carla-ros-bridge/install/carla_waypoint_publisher:/home/daniel/carla-ros-bridge/install/carla_ackermann_control:/home/daniel/carla-ros-bridge/install/carla_ros_bridge:/home/daniel/carla-ros-bridge/install/carla_spawn_objects:/home/daniel/carla-ros-bridge/install/carla_manual_control:/home/daniel/carla-ros-bridge/install/carla_ad_agent:/home/daniel/carla-ros-bridge/install/ros_compatibility:/home/daniel/carla-ros-bridge/install/carla_waypoint_types:/home/daniel/carla-ros-bridge/install/carla_walker_agent:/home/daniel/carla-ros-bridge/install/carla_twist_to_control:/home/daniel/carla-ros-bridge/install/carla_ros_scenario_runner:/home/daniel/carla-ros-bridge/install/carla_ros_scenario_runner_types:/home/daniel/carla-ros-bridge/install/carla_ackermann_msgs:/home/daniel/carla-ros-bridge/install/carla_msgs:/home/daniel/carla-ros-bridge/install/carla_common:/opt/ros/humble CMAKE_PREFIX_PATH=/home/daniel/code/2025-phd-daniel-guerrero/ros-bridge/install/carla_msgs:/home/daniel/code/2025-phd-daniel-guerrero/ros-bridge/install/carla_ad_demo:/home/daniel/code/2025-phd-daniel-guerrero/ros-bridge/install/rviz_carla_plugin:/home/daniel/code/2025-phd-daniel-guerrero/ros-bridge/install/pcl_recorder:/home/daniel/code/2025-phd-daniel-guerrero/ros-bridge/install/carla_waypoint_types:/home/daniel/code/2025-phd-daniel-guerrero/ros-bridge/install/carla_ros_scenario_runner_types:/home/daniel/code/2025-phd-daniel-guerrero/ros-bridge/install/carla_ackermann_msgs:/home/daniel/carla-ros-bridge/install/carla_waypoint_types:/home/daniel/carla-ros-bridge/install/carla_ros_scenario_runner_types:/home/daniel/carla-ros-bridge/install/carla_ackermann_msgs:/home/daniel/carla-ros-bridge/install/carla_msgs:/home/daniel/code/2025-phd-daniel-guerrero/ros-bridge/install/rqt_carla_control:/home/daniel/code/2025-phd-daniel-guerrero/ros-bridge/install/carla_waypoint_publisher:/home/daniel/code/2025-phd-daniel-guerrero/ros-bridge/install/carla_ackermann_control:/home/daniel/code/2025-phd-daniel-guerrero/ros-bridge/install/carla_ros_bridge:/home/daniel/code/2025-phd-daniel-guerrero/ros-bridge/install/carla_spawn_objects:/home/daniel/code/2025-phd-daniel-guerrero/ros-bridge/install/carla_manual_control:/home/daniel/code/2025-phd-daniel-guerrero/ros-bridge/install/carla_ad_agent:/home/daniel/code/2025-phd-daniel-guerrero/ros-bridge/install/ros_compatibility:/home/daniel/code/2025-phd-daniel-guerrero/ros-bridge/install/carla_walker_agent:/home/daniel/code/2025-phd-daniel-guerrero/ros-bridge/install/carla_twist_to_control:/home/daniel/code/2025-phd-daniel-guerrero/ros-bridge/install/carla_ros_scenario_runner:/home/daniel/code/2025-phd-daniel-guerrero/ros-bridge/install/carla_common:/home/daniel/carla-ros-bridge/install/rqt_carla_control:/home/daniel/carla-ros-bridge/install/carla_waypoint_publisher:/home/daniel/carla-ros-bridge/install/carla_ackermann_control:/home/daniel/carla-ros-bridge/install/carla_ros_bridge:/home/daniel/carla-ros-bridge/install/carla_spawn_objects:/home/daniel/carla-ros-bridge/install/carla_manual_control:/home/daniel/carla-ros-bridge/install/carla_ad_agent:/home/daniel/carla-ros-bridge/install/ros_compatibility:/home/daniel/carla-ros-bridge/install/carla_walker_agent:/home/daniel/carla-ros-bridge/install/carla_twist_to_control:/home/daniel/carla-ros-bridge/install/carla_ros_scenario_runner:/home/daniel/carla-ros-bridge/install/carla_common:/opt/ros/humble LD_LIBRARY_PATH=/home/daniel/code/2025-phd-daniel-guerrero/ros-bridge/install/carla_msgs/lib:/home/daniel/code/2025-phd-daniel-guerrero/ros-bridge/install/rviz_carla_plugin/lib:/home/daniel/code/2025-phd-daniel-guerrero/ros-bridge/install/carla_waypoint_types/lib:/home/daniel/code/2025-phd-daniel-guerrero/ros-bridge/install/carla_ros_scenario_runner_types/lib:/home/daniel/code/2025-phd-daniel-guerrero/ros-bridge/install/carla_ackermann_msgs/lib:/home/daniel/carla-ros-bridge/install/carla_waypoint_types/lib:/home/daniel/carla-ros-bridge/install/carla_ros_scenario_runner_types/lib:/home/daniel/carla-ros-bridge/install/carla_ackermann_msgs/lib:/home/daniel/carla-ros-bridge/install/carla_msgs/lib:/opt/ros/humble/opt/rviz_ogre_vendor/lib:/opt/ros/humble/lib/x86_64-linux-gnu:/opt/ros/humble/lib PYTHONPATH=/home/daniel/code/2025-phd-daniel-guerrero/ros-bridge/build/carla_ros_bridge/src:/home/daniel/code/2025-phd-daniel-guerrero/ros-bridge/install/carla_ros_bridge/lib/python3.10/site-packages:/home/daniel/code/2025-phd-daniel-guerrero/ros-bridge/build/carla_spawn_objects:/home/daniel/code/2025-phd-daniel-guerrero/ros-bridge/install/carla_spawn_objects/lib/python3.10/site-packages:/home/daniel/code/2025-phd-daniel-guerrero/ros-bridge/build/carla_manual_control/src:/home/daniel/code/2025-phd-daniel-guerrero/ros-bridge/install/carla_manual_control/lib/python3.10/site-packages:/home/daniel/code/2025-phd-daniel-guerrero/ros-bridge/build/ros_compatibility/src:/home/daniel/code/2025-phd-daniel-guerrero/ros-bridge/install/ros_compatibility/lib/python3.10/site-packages:/home/daniel/code/2025-phd-daniel-guerrero/ros-bridge/build/carla_common/src:/home/daniel/code/2025-phd-daniel-guerrero/ros-bridge/install/carla_common/lib/python3.10/site-packages:/home/daniel/code/2025-phd-daniel-guerrero/ros-bridge/install/rqt_carla_control/lib/python3.10/site-packages:/home/daniel/code/2025-phd-daniel-guerrero/ros-bridge/install/carla_waypoint_publisher/lib/python3.10/site-packages:/home/daniel/code/2025-phd-daniel-guerrero/ros-bridge/install/carla_ackermann_control/lib/python3.10/site-packages:/home/daniel/code/2025-phd-daniel-guerrero/ros-bridge/install/carla_ad_agent/lib/python3.10/site-packages:/home/daniel/code/2025-phd-daniel-guerrero/ros-bridge/install/carla_waypoint_types/local/lib/python3.10/dist-packages:/home/daniel/code/2025-phd-daniel-guerrero/ros-bridge/install/carla_walker_agent/lib/python3.10/site-packages:/home/daniel/code/2025-phd-daniel-guerrero/ros-bridge/install/carla_twist_to_control/lib/python3.10/site-packages:/home/daniel/code/2025-phd-daniel-guerrero/ros-bridge/install/carla_ros_scenario_runner/lib/python3.10/site-packages:/home/daniel/code/2025-phd-daniel-guerrero/ros-bridge/install/carla_ros_scenario_runner_types/local/lib/python3.10/dist-packages:/home/daniel/code/2025-phd-daniel-guerrero/ros-bridge/install/carla_ackermann_msgs/local/lib/python3.10/dist-packages:/home/daniel/code/2025-phd-daniel-guerrero/ros-bridge/install/carla_msgs/local/lib/python3.10/dist-packages:/home/daniel/carla-ros-bridge/install/rqt_carla_control/lib/python3.10/site-packages:/home/daniel/carla-ros-bridge/install/carla_waypoint_publisher/lib/python3.10/site-packages:/home/daniel/carla-ros-bridge/install/carla_ackermann_control/lib/python3.10/site-packages:/home/daniel/carla-ros-bridge/install/carla_ros_bridge/lib/python3.10/site-packages:/home/daniel/carla-ros-bridge/install/carla_spawn_objects/lib/python3.10/site-packages:/home/daniel/carla-ros-bridge/install/carla_manual_control/lib/python3.10/site-packages:/home/daniel/carla-ros-bridge/install/carla_ad_agent/lib/python3.10/site-packages:/home/daniel/carla-ros-bridge/install/ros_compatibility/lib/python3.10/site-packages:/home/daniel/carla-ros-bridge/install/carla_waypoint_types/local/lib/python3.10/dist-packages:/home/daniel/carla-ros-bridge/install/carla_walker_agent/lib/python3.10/site-packages:/home/daniel/carla-ros-bridge/install/carla_twist_to_control/lib/python3.10/site-packages:/home/daniel/carla-ros-bridge/install/carla_ros_scenario_runner/lib/python3.10/site-packages:/home/daniel/carla-ros-bridge/install/carla_ros_scenario_runner_types/local/lib/python3.10/dist-packages:/home/daniel/carla-ros-bridge/install/carla_ackermann_msgs/local/lib/python3.10/dist-packages:/home/daniel/carla-ros-bridge/install/carla_msgs/local/lib/python3.10/dist-packages:/home/daniel/carla-ros-bridge/install/carla_common/lib/python3.10/site-packages:/opt/ros/humble/lib/python3.10/site-packages:/opt/ros/humble/local/lib/python3.10/dist-packages /opt/cmake-3.28.3-linux-x86_64/bin/cmake --build /home/daniel/code/2025-phd-daniel-guerrero/ros-bridge/build/pcl_recorder -- -j12 -l12
[15.885s] Invoking command in '/home/daniel/code/2025-phd-daniel-guerrero/ros-bridge/build/pcl_recorder': AMENT_PREFIX_PATH=/home/daniel/code/2025-phd-daniel-guerrero/ros-bridge/install/carla_ros_bridge:/home/daniel/code/2025-phd-daniel-guerrero/ros-bridge/install/carla_spawn_objects:/home/daniel/code/2025-phd-daniel-guerrero/ros-bridge/install/carla_manual_control:/home/daniel/code/2025-phd-daniel-guerrero/ros-bridge/install/ros_compatibility:/home/daniel/code/2025-phd-daniel-guerrero/ros-bridge/install/carla_common:/home/daniel/code/2025-phd-daniel-guerrero/ros-bridge/install/carla_ad_demo:/home/daniel/code/2025-phd-daniel-guerrero/ros-bridge/install/rviz_carla_plugin:/home/daniel/code/2025-phd-daniel-guerrero/ros-bridge/install/rqt_carla_control:/home/daniel/code/2025-phd-daniel-guerrero/ros-bridge/install/pcl_recorder:/home/daniel/code/2025-phd-daniel-guerrero/ros-bridge/install/carla_waypoint_publisher:/home/daniel/code/2025-phd-daniel-guerrero/ros-bridge/install/carla_ackermann_control:/home/daniel/code/2025-phd-daniel-guerrero/ros-bridge/install/carla_ad_agent:/home/daniel/code/2025-phd-daniel-guerrero/ros-bridge/install/carla_waypoint_types:/home/daniel/code/2025-phd-daniel-guerrero/ros-bridge/install/carla_walker_agent:/home/daniel/code/2025-phd-daniel-guerrero/ros-bridge/install/carla_twist_to_control:/home/daniel/code/2025-phd-daniel-guerrero/ros-bridge/install/carla_ros_scenario_runner:/home/daniel/code/2025-phd-daniel-guerrero/ros-bridge/install/carla_ros_scenario_runner_types:/home/daniel/code/2025-phd-daniel-guerrero/ros-bridge/install/carla_ackermann_msgs:/home/daniel/code/2025-phd-daniel-guerrero/ros-bridge/install/carla_msgs:/home/daniel/carla-ros-bridge/install/rqt_carla_control:/home/daniel/carla-ros-bridge/install/carla_waypoint_publisher:/home/daniel/carla-ros-bridge/install/carla_ackermann_control:/home/daniel/carla-ros-bridge/install/carla_ros_bridge:/home/daniel/carla-ros-bridge/install/carla_spawn_objects:/home/daniel/carla-ros-bridge/install/carla_manual_control:/home/daniel/carla-ros-bridge/install/carla_ad_agent:/home/daniel/carla-ros-bridge/install/ros_compatibility:/home/daniel/carla-ros-bridge/install/carla_waypoint_types:/home/daniel/carla-ros-bridge/install/carla_walker_agent:/home/daniel/carla-ros-bridge/install/carla_twist_to_control:/home/daniel/carla-ros-bridge/install/carla_ros_scenario_runner:/home/daniel/carla-ros-bridge/install/carla_ros_scenario_runner_types:/home/daniel/carla-ros-bridge/install/carla_ackermann_msgs:/home/daniel/carla-ros-bridge/install/carla_msgs:/home/daniel/carla-ros-bridge/install/carla_common:/opt/ros/humble CMAKE_PREFIX_PATH=/home/daniel/code/2025-phd-daniel-guerrero/ros-bridge/install/carla_msgs:/home/daniel/code/2025-phd-daniel-guerrero/ros-bridge/install/carla_ad_demo:/home/daniel/code/2025-phd-daniel-guerrero/ros-bridge/install/rviz_carla_plugin:/home/daniel/code/2025-phd-daniel-guerrero/ros-bridge/install/pcl_recorder:/home/daniel/code/2025-phd-daniel-guerrero/ros-bridge/install/carla_waypoint_types:/home/daniel/code/2025-phd-daniel-guerrero/ros-bridge/install/carla_ros_scenario_runner_types:/home/daniel/code/2025-phd-daniel-guerrero/ros-bridge/install/carla_ackermann_msgs:/home/daniel/carla-ros-bridge/install/carla_waypoint_types:/home/daniel/carla-ros-bridge/install/carla_ros_scenario_runner_types:/home/daniel/carla-ros-bridge/install/carla_ackermann_msgs:/home/daniel/carla-ros-bridge/install/carla_msgs:/home/daniel/code/2025-phd-daniel-guerrero/ros-bridge/install/rqt_carla_control:/home/daniel/code/2025-phd-daniel-guerrero/ros-bridge/install/carla_waypoint_publisher:/home/daniel/code/2025-phd-daniel-guerrero/ros-bridge/install/carla_ackermann_control:/home/daniel/code/2025-phd-daniel-guerrero/ros-bridge/install/carla_ros_bridge:/home/daniel/code/2025-phd-daniel-guerrero/ros-bridge/install/carla_spawn_objects:/home/daniel/code/2025-phd-daniel-guerrero/ros-bridge/install/carla_manual_control:/home/daniel/code/2025-phd-daniel-guerrero/ros-bridge/install/carla_ad_agent:/home/daniel/code/2025-phd-daniel-guerrero/ros-bridge/install/ros_compatibility:/home/daniel/code/2025-phd-daniel-guerrero/ros-bridge/install/carla_walker_agent:/home/daniel/code/2025-phd-daniel-guerrero/ros-bridge/install/carla_twist_to_control:/home/daniel/code/2025-phd-daniel-guerrero/ros-bridge/install/carla_ros_scenario_runner:/home/daniel/code/2025-phd-daniel-guerrero/ros-bridge/install/carla_common:/home/daniel/carla-ros-bridge/install/rqt_carla_control:/home/daniel/carla-ros-bridge/install/carla_waypoint_publisher:/home/daniel/carla-ros-bridge/install/carla_ackermann_control:/home/daniel/carla-ros-bridge/install/carla_ros_bridge:/home/daniel/carla-ros-bridge/install/carla_spawn_objects:/home/daniel/carla-ros-bridge/install/carla_manual_control:/home/daniel/carla-ros-bridge/install/carla_ad_agent:/home/daniel/carla-ros-bridge/install/ros_compatibility:/home/daniel/carla-ros-bridge/install/carla_walker_agent:/home/daniel/carla-ros-bridge/install/carla_twist_to_control:/home/daniel/carla-ros-bridge/install/carla_ros_scenario_runner:/home/daniel/carla-ros-bridge/install/carla_common:/opt/ros/humble LD_LIBRARY_PATH=/home/daniel/code/2025-phd-daniel-guerrero/ros-bridge/install/carla_msgs/lib:/home/daniel/code/2025-phd-daniel-guerrero/ros-bridge/install/rviz_carla_plugin/lib:/home/daniel/code/2025-phd-daniel-guerrero/ros-bridge/install/carla_waypoint_types/lib:/home/daniel/code/2025-phd-daniel-guerrero/ros-bridge/install/carla_ros_scenario_runner_types/lib:/home/daniel/code/2025-phd-daniel-guerrero/ros-bridge/install/carla_ackermann_msgs/lib:/home/daniel/carla-ros-bridge/install/carla_waypoint_types/lib:/home/daniel/carla-ros-bridge/install/carla_ros_scenario_runner_types/lib:/home/daniel/carla-ros-bridge/install/carla_ackermann_msgs/lib:/home/daniel/carla-ros-bridge/install/carla_msgs/lib:/opt/ros/humble/opt/rviz_ogre_vendor/lib:/opt/ros/humble/lib/x86_64-linux-gnu:/opt/ros/humble/lib PYTHONPATH=/home/daniel/code/2025-phd-daniel-guerrero/ros-bridge/build/carla_ros_bridge/src:/home/daniel/code/2025-phd-daniel-guerrero/ros-bridge/install/carla_ros_bridge/lib/python3.10/site-packages:/home/daniel/code/2025-phd-daniel-guerrero/ros-bridge/build/carla_spawn_objects:/home/daniel/code/2025-phd-daniel-guerrero/ros-bridge/install/carla_spawn_objects/lib/python3.10/site-packages:/home/daniel/code/2025-phd-daniel-guerrero/ros-bridge/build/carla_manual_control/src:/home/daniel/code/2025-phd-daniel-guerrero/ros-bridge/install/carla_manual_control/lib/python3.10/site-packages:/home/daniel/code/2025-phd-daniel-guerrero/ros-bridge/build/ros_compatibility/src:/home/daniel/code/2025-phd-daniel-guerrero/ros-bridge/install/ros_compatibility/lib/python3.10/site-packages:/home/daniel/code/2025-phd-daniel-guerrero/ros-bridge/build/carla_common/src:/home/daniel/code/2025-phd-daniel-guerrero/ros-bridge/install/carla_common/lib/python3.10/site-packages:/home/daniel/code/2025-phd-daniel-guerrero/ros-bridge/install/rqt_carla_control/lib/python3.10/site-packages:/home/daniel/code/2025-phd-daniel-guerrero/ros-bridge/install/carla_waypoint_publisher/lib/python3.10/site-packages:/home/daniel/code/2025-phd-daniel-guerrero/ros-bridge/install/carla_ackermann_control/lib/python3.10/site-packages:/home/daniel/code/2025-phd-daniel-guerrero/ros-bridge/install/carla_ad_agent/lib/python3.10/site-packages:/home/daniel/code/2025-phd-daniel-guerrero/ros-bridge/install/carla_waypoint_types/local/lib/python3.10/dist-packages:/home/daniel/code/2025-phd-daniel-guerrero/ros-bridge/install/carla_walker_agent/lib/python3.10/site-packages:/home/daniel/code/2025-phd-daniel-guerrero/ros-bridge/install/carla_twist_to_control/lib/python3.10/site-packages:/home/daniel/code/2025-phd-daniel-guerrero/ros-bridge/install/carla_ros_scenario_runner/lib/python3.10/site-packages:/home/daniel/code/2025-phd-daniel-guerrero/ros-bridge/install/carla_ros_scenario_runner_types/local/lib/python3.10/dist-packages:/home/daniel/code/2025-phd-daniel-guerrero/ros-bridge/install/carla_ackermann_msgs/local/lib/python3.10/dist-packages:/home/daniel/code/2025-phd-daniel-guerrero/ros-bridge/install/carla_msgs/local/lib/python3.10/dist-packages:/home/daniel/carla-ros-bridge/install/rqt_carla_control/lib/python3.10/site-packages:/home/daniel/carla-ros-bridge/install/carla_waypoint_publisher/lib/python3.10/site-packages:/home/daniel/carla-ros-bridge/install/carla_ackermann_control/lib/python3.10/site-packages:/home/daniel/carla-ros-bridge/install/carla_ros_bridge/lib/python3.10/site-packages:/home/daniel/carla-ros-bridge/install/carla_spawn_objects/lib/python3.10/site-packages:/home/daniel/carla-ros-bridge/install/carla_manual_control/lib/python3.10/site-packages:/home/daniel/carla-ros-bridge/install/carla_ad_agent/lib/python3.10/site-packages:/home/daniel/carla-ros-bridge/install/ros_compatibility/lib/python3.10/site-packages:/home/daniel/carla-ros-bridge/install/carla_waypoint_types/local/lib/python3.10/dist-packages:/home/daniel/carla-ros-bridge/install/carla_walker_agent/lib/python3.10/site-packages:/home/daniel/carla-ros-bridge/install/carla_twist_to_control/lib/python3.10/site-packages:/home/daniel/carla-ros-bridge/install/carla_ros_scenario_runner/lib/python3.10/site-packages:/home/daniel/carla-ros-bridge/install/carla_ros_scenario_runner_types/local/lib/python3.10/dist-packages:/home/daniel/carla-ros-bridge/install/carla_ackermann_msgs/local/lib/python3.10/dist-packages:/home/daniel/carla-ros-bridge/install/carla_msgs/local/lib/python3.10/dist-packages:/home/daniel/carla-ros-bridge/install/carla_common/lib/python3.10/site-packages:/opt/ros/humble/lib/python3.10/site-packages:/opt/ros/humble/local/lib/python3.10/dist-packages /opt/cmake-3.28.3-linux-x86_64/bin/cmake --install /home/daniel/code/2025-phd-daniel-guerrero/ros-bridge/build/pcl_recorder
[15.888s] -- Install configuration: ""
[15.888s] -- Execute custom install script
[15.889s] -- Symlinking: /home/daniel/code/2025-phd-daniel-guerrero/ros-bridge/install/pcl_recorder/lib/pcl_recorder/pcl_recorder_node
[15.891s] -- Symlinking: /home/daniel/code/2025-phd-daniel-guerrero/ros-bridge/install/pcl_recorder/share/pcl_recorder//pcl_recorder.launch
[15.894s] -- Symlinking: /home/daniel/code/2025-phd-daniel-guerrero/ros-bridge/install/pcl_recorder/share/pcl_recorder//pcl_recorder.launch.py
[15.896s] -- Symlinking: /home/daniel/code/2025-phd-daniel-guerrero/ros-bridge/install/pcl_recorder/share/ament_index/resource_index/package_run_dependencies/pcl_recorder
[15.898s] -- Symlinking: /home/daniel/code/2025-phd-daniel-guerrero/ros-bridge/install/pcl_recorder/share/ament_index/resource_index/parent_prefix_path/pcl_recorder
[15.900s] -- Symlinking: /home/daniel/code/2025-phd-daniel-guerrero/ros-bridge/install/pcl_recorder/share/pcl_recorder/environment/ament_prefix_path.sh
[15.903s] -- Symlinking: /home/daniel/code/2025-phd-daniel-guerrero/ros-bridge/install/pcl_recorder/share/pcl_recorder/environment/ament_prefix_path.dsv
[15.905s] -- Symlinking: /home/daniel/code/2025-phd-daniel-guerrero/ros-bridge/install/pcl_recorder/share/pcl_recorder/environment/path.sh
[15.907s] -- Symlinking: /home/daniel/code/2025-phd-daniel-guerrero/ros-bridge/install/pcl_recorder/share/pcl_recorder/environment/path.dsv
[15.909s] -- Symlinking: /home/daniel/code/2025-phd-daniel-guerrero/ros-bridge/install/pcl_recorder/share/pcl_recorder/local_setup.bash
[15.913s] -- Symlinking: /home/daniel/code/2025-phd-daniel-guerrero/ros-bridge/install/pcl_recorder/share/pcl_recorder/local_setup.sh
[15.915s] -- Symlinking: /home/daniel/code/2025-phd-daniel-guerrero/ros-bridge/install/pcl_recorder/share/pcl_recorder/local_setup.zsh
[15.917s] -- Symlinking: /home/daniel/code/2025-phd-daniel-guerrero/ros-bridge/install/pcl_recorder/share/pcl_recorder/local_setup.dsv
[15.920s] -- Symlinking: /home/daniel/code/2025-phd-daniel-guerrero/ros-bridge/install/pcl_recorder/share/pcl_recorder/package.dsv
[15.922s] -- Symlinking: /home/daniel/code/2025-phd-daniel-guerrero/ros-bridge/install/pcl_recorder/share/ament_index/resource_index/packages/pcl_recorder
[15.925s] -- Symlinking: /home/daniel/code/2025-phd-daniel-guerrero/ros-bridge/install/pcl_recorder/share/pcl_recorder/cmake/pcl_recorderConfig.cmake
[15.927s] -- Symlinking: /home/daniel/code/2025-phd-daniel-guerrero/ros-bridge/install/pcl_recorder/share/pcl_recorder/cmake/pcl_recorderConfig-version.cmake
[15.929s] -- Symlinking: /home/daniel/code/2025-phd-daniel-guerrero/ros-bridge/install/pcl_recorder/share/pcl_recorder/package.xml
[15.932s] Invoked command in '/home/daniel/code/2025-phd-daniel-guerrero/ros-bridge/build/pcl_recorder' returned '0': AMENT_PREFIX_PATH=/home/daniel/code/2025-phd-daniel-guerrero/ros-bridge/install/carla_ros_bridge:/home/daniel/code/2025-phd-daniel-guerrero/ros-bridge/install/carla_spawn_objects:/home/daniel/code/2025-phd-daniel-guerrero/ros-bridge/install/carla_manual_control:/home/daniel/code/2025-phd-daniel-guerrero/ros-bridge/install/ros_compatibility:/home/daniel/code/2025-phd-daniel-guerrero/ros-bridge/install/carla_common:/home/daniel/code/2025-phd-daniel-guerrero/ros-bridge/install/carla_ad_demo:/home/daniel/code/2025-phd-daniel-guerrero/ros-bridge/install/rviz_carla_plugin:/home/daniel/code/2025-phd-daniel-guerrero/ros-bridge/install/rqt_carla_control:/home/daniel/code/2025-phd-daniel-guerrero/ros-bridge/install/pcl_recorder:/home/daniel/code/2025-phd-daniel-guerrero/ros-bridge/install/carla_waypoint_publisher:/home/daniel/code/2025-phd-daniel-guerrero/ros-bridge/install/carla_ackermann_control:/home/daniel/code/2025-phd-daniel-guerrero/ros-bridge/install/carla_ad_agent:/home/daniel/code/2025-phd-daniel-guerrero/ros-bridge/install/carla_waypoint_types:/home/daniel/code/2025-phd-daniel-guerrero/ros-bridge/install/carla_walker_agent:/home/daniel/code/2025-phd-daniel-guerrero/ros-bridge/install/carla_twist_to_control:/home/daniel/code/2025-phd-daniel-guerrero/ros-bridge/install/carla_ros_scenario_runner:/home/daniel/code/2025-phd-daniel-guerrero/ros-bridge/install/carla_ros_scenario_runner_types:/home/daniel/code/2025-phd-daniel-guerrero/ros-bridge/install/carla_ackermann_msgs:/home/daniel/code/2025-phd-daniel-guerrero/ros-bridge/install/carla_msgs:/home/daniel/carla-ros-bridge/install/rqt_carla_control:/home/daniel/carla-ros-bridge/install/carla_waypoint_publisher:/home/daniel/carla-ros-bridge/install/carla_ackermann_control:/home/daniel/carla-ros-bridge/install/carla_ros_bridge:/home/daniel/carla-ros-bridge/install/carla_spawn_objects:/home/daniel/carla-ros-bridge/install/carla_manual_control:/home/daniel/carla-ros-bridge/install/carla_ad_agent:/home/daniel/carla-ros-bridge/install/ros_compatibility:/home/daniel/carla-ros-bridge/install/carla_waypoint_types:/home/daniel/carla-ros-bridge/install/carla_walker_agent:/home/daniel/carla-ros-bridge/install/carla_twist_to_control:/home/daniel/carla-ros-bridge/install/carla_ros_scenario_runner:/home/daniel/carla-ros-bridge/install/carla_ros_scenario_runner_types:/home/daniel/carla-ros-bridge/install/carla_ackermann_msgs:/home/daniel/carla-ros-bridge/install/carla_msgs:/home/daniel/carla-ros-bridge/install/carla_common:/opt/ros/humble CMAKE_PREFIX_PATH=/home/daniel/code/2025-phd-daniel-guerrero/ros-bridge/install/carla_msgs:/home/daniel/code/2025-phd-daniel-guerrero/ros-bridge/install/carla_ad_demo:/home/daniel/code/2025-phd-daniel-guerrero/ros-bridge/install/rviz_carla_plugin:/home/daniel/code/2025-phd-daniel-guerrero/ros-bridge/install/pcl_recorder:/home/daniel/code/2025-phd-daniel-guerrero/ros-bridge/install/carla_waypoint_types:/home/daniel/code/2025-phd-daniel-guerrero/ros-bridge/install/carla_ros_scenario_runner_types:/home/daniel/code/2025-phd-daniel-guerrero/ros-bridge/install/carla_ackermann_msgs:/home/daniel/carla-ros-bridge/install/carla_waypoint_types:/home/daniel/carla-ros-bridge/install/carla_ros_scenario_runner_types:/home/daniel/carla-ros-bridge/install/carla_ackermann_msgs:/home/daniel/carla-ros-bridge/install/carla_msgs:/home/daniel/code/2025-phd-daniel-guerrero/ros-bridge/install/rqt_carla_control:/home/daniel/code/2025-phd-daniel-guerrero/ros-bridge/install/carla_waypoint_publisher:/home/daniel/code/2025-phd-daniel-guerrero/ros-bridge/install/carla_ackermann_control:/home/daniel/code/2025-phd-daniel-guerrero/ros-bridge/install/carla_ros_bridge:/home/daniel/code/2025-phd-daniel-guerrero/ros-bridge/install/carla_spawn_objects:/home/daniel/code/2025-phd-daniel-guerrero/ros-bridge/install/carla_manual_control:/home/daniel/code/2025-phd-daniel-guerrero/ros-bridge/install/carla_ad_agent:/home/daniel/code/2025-phd-daniel-guerrero/ros-bridge/install/ros_compatibility:/home/daniel/code/2025-phd-daniel-guerrero/ros-bridge/install/carla_walker_agent:/home/daniel/code/2025-phd-daniel-guerrero/ros-bridge/install/carla_twist_to_control:/home/daniel/code/2025-phd-daniel-guerrero/ros-bridge/install/carla_ros_scenario_runner:/home/daniel/code/2025-phd-daniel-guerrero/ros-bridge/install/carla_common:/home/daniel/carla-ros-bridge/install/rqt_carla_control:/home/daniel/carla-ros-bridge/install/carla_waypoint_publisher:/home/daniel/carla-ros-bridge/install/carla_ackermann_control:/home/daniel/carla-ros-bridge/install/carla_ros_bridge:/home/daniel/carla-ros-bridge/install/carla_spawn_objects:/home/daniel/carla-ros-bridge/install/carla_manual_control:/home/daniel/carla-ros-bridge/install/carla_ad_agent:/home/daniel/carla-ros-bridge/install/ros_compatibility:/home/daniel/carla-ros-bridge/install/carla_walker_agent:/home/daniel/carla-ros-bridge/install/carla_twist_to_control:/home/daniel/carla-ros-bridge/install/carla_ros_scenario_runner:/home/daniel/carla-ros-bridge/install/carla_common:/opt/ros/humble LD_LIBRARY_PATH=/home/daniel/code/2025-phd-daniel-guerrero/ros-bridge/install/carla_msgs/lib:/home/daniel/code/2025-phd-daniel-guerrero/ros-bridge/install/rviz_carla_plugin/lib:/home/daniel/code/2025-phd-daniel-guerrero/ros-bridge/install/carla_waypoint_types/lib:/home/daniel/code/2025-phd-daniel-guerrero/ros-bridge/install/carla_ros_scenario_runner_types/lib:/home/daniel/code/2025-phd-daniel-guerrero/ros-bridge/install/carla_ackermann_msgs/lib:/home/daniel/carla-ros-bridge/install/carla_waypoint_types/lib:/home/daniel/carla-ros-bridge/install/carla_ros_scenario_runner_types/lib:/home/daniel/carla-ros-bridge/install/carla_ackermann_msgs/lib:/home/daniel/carla-ros-bridge/install/carla_msgs/lib:/opt/ros/humble/opt/rviz_ogre_vendor/lib:/opt/ros/humble/lib/x86_64-linux-gnu:/opt/ros/humble/lib PYTHONPATH=/home/daniel/code/2025-phd-daniel-guerrero/ros-bridge/build/carla_ros_bridge/src:/home/daniel/code/2025-phd-daniel-guerrero/ros-bridge/install/carla_ros_bridge/lib/python3.10/site-packages:/home/daniel/code/2025-phd-daniel-guerrero/ros-bridge/build/carla_spawn_objects:/home/daniel/code/2025-phd-daniel-guerrero/ros-bridge/install/carla_spawn_objects/lib/python3.10/site-packages:/home/daniel/code/2025-phd-daniel-guerrero/ros-bridge/build/carla_manual_control/src:/home/daniel/code/2025-phd-daniel-guerrero/ros-bridge/install/carla_manual_control/lib/python3.10/site-packages:/home/daniel/code/2025-phd-daniel-guerrero/ros-bridge/build/ros_compatibility/src:/home/daniel/code/2025-phd-daniel-guerrero/ros-bridge/install/ros_compatibility/lib/python3.10/site-packages:/home/daniel/code/2025-phd-daniel-guerrero/ros-bridge/build/carla_common/src:/home/daniel/code/2025-phd-daniel-guerrero/ros-bridge/install/carla_common/lib/python3.10/site-packages:/home/daniel/code/2025-phd-daniel-guerrero/ros-bridge/install/rqt_carla_control/lib/python3.10/site-packages:/home/daniel/code/2025-phd-daniel-guerrero/ros-bridge/install/carla_waypoint_publisher/lib/python3.10/site-packages:/home/daniel/code/2025-phd-daniel-guerrero/ros-bridge/install/carla_ackermann_control/lib/python3.10/site-packages:/home/daniel/code/2025-phd-daniel-guerrero/ros-bridge/install/carla_ad_agent/lib/python3.10/site-packages:/home/daniel/code/2025-phd-daniel-guerrero/ros-bridge/install/carla_waypoint_types/local/lib/python3.10/dist-packages:/home/daniel/code/2025-phd-daniel-guerrero/ros-bridge/install/carla_walker_agent/lib/python3.10/site-packages:/home/daniel/code/2025-phd-daniel-guerrero/ros-bridge/install/carla_twist_to_control/lib/python3.10/site-packages:/home/daniel/code/2025-phd-daniel-guerrero/ros-bridge/install/carla_ros_scenario_runner/lib/python3.10/site-packages:/home/daniel/code/2025-phd-daniel-guerrero/ros-bridge/install/carla_ros_scenario_runner_types/local/lib/python3.10/dist-packages:/home/daniel/code/2025-phd-daniel-guerrero/ros-bridge/install/carla_ackermann_msgs/local/lib/python3.10/dist-packages:/home/daniel/code/2025-phd-daniel-guerrero/ros-bridge/install/carla_msgs/local/lib/python3.10/dist-packages:/home/daniel/carla-ros-bridge/install/rqt_carla_control/lib/python3.10/site-packages:/home/daniel/carla-ros-bridge/install/carla_waypoint_publisher/lib/python3.10/site-packages:/home/daniel/carla-ros-bridge/install/carla_ackermann_control/lib/python3.10/site-packages:/home/daniel/carla-ros-bridge/install/carla_ros_bridge/lib/python3.10/site-packages:/home/daniel/carla-ros-bridge/install/carla_spawn_objects/lib/python3.10/site-packages:/home/daniel/carla-ros-bridge/install/carla_manual_control/lib/python3.10/site-packages:/home/daniel/carla-ros-bridge/install/carla_ad_agent/lib/python3.10/site-packages:/home/daniel/carla-ros-bridge/install/ros_compatibility/lib/python3.10/site-packages:/home/daniel/carla-ros-bridge/install/carla_waypoint_types/local/lib/python3.10/dist-packages:/home/daniel/carla-ros-bridge/install/carla_walker_agent/lib/python3.10/site-packages:/home/daniel/carla-ros-bridge/install/carla_twist_to_control/lib/python3.10/site-packages:/home/daniel/carla-ros-bridge/install/carla_ros_scenario_runner/lib/python3.10/site-packages:/home/daniel/carla-ros-bridge/install/carla_ros_scenario_runner_types/local/lib/python3.10/dist-packages:/home/daniel/carla-ros-bridge/install/carla_ackermann_msgs/local/lib/python3.10/dist-packages:/home/daniel/carla-ros-bridge/install/carla_msgs/local/lib/python3.10/dist-packages:/home/daniel/carla-ros-bridge/install/carla_common/lib/python3.10/site-packages:/opt/ros/humble/lib/python3.10/site-packages:/opt/ros/humble/local/lib/python3.10/dist-packages /opt/cmake-3.28.3-linux-x86_64/bin/cmake --install /home/daniel/code/2025-phd-daniel-guerrero/ros-bridge/build/pcl_recorder
