[1.139s] Invoking command in '/home/daniel/code/2025-phd-daniel-guerrero/robot_ws/build/rviz_carla_plugin': AMENT_PREFIX_PATH=/home/daniel/code/2025-phd-daniel-guerrero/robot_ws/install/carla_ros_scenario_runner_types:/home/daniel/code/2025-phd-daniel-guerrero/robot_ws/install/carla_msgs:${AMENT_PREFIX_PATH} CMAKE_PREFIX_PATH=/home/daniel/code/2025-phd-daniel-guerrero/robot_ws/install/carla_ros_scenario_runner_types:/home/daniel/code/2025-phd-daniel-guerrero/robot_ws/install/carla_msgs:/opt/ros/humble LD_LIBRARY_PATH=/home/daniel/code/2025-phd-daniel-guerrero/robot_ws/install/carla_ros_scenario_runner_types/lib:/home/daniel/code/2025-phd-daniel-guerrero/robot_ws/install/carla_msgs/lib:${LD_LIBRARY_PATH} PYTHONPATH=/home/daniel/code/2025-phd-daniel-guerrero/robot_ws/install/carla_ros_scenario_runner_types/local/lib/python3.10/dist-packages:/home/daniel/code/2025-phd-daniel-guerrero/robot_ws/install/carla_msgs/local/lib/python3.10/dist-packages:${PYTHONPATH} /opt/cmake-3.28.3-linux-x86_64/bin/cmake /home/daniel/code/2025-phd-daniel-guerrero/robot_ws/src/carla_ros/rviz_carla_plugin -DAMENT_CMAKE_SYMLINK_INSTALL=1 -DCMAKE_INSTALL_PREFIX=/home/daniel/code/2025-phd-daniel-guerrero/robot_ws/install/rviz_carla_plugin
[1.142s] [0mCMake Deprecation Warning at CMakeLists.txt:1 (cmake_minimum_required):
[1.142s]   Compatibility with CMake < 3.5 will be removed from a future version of
[1.142s]   CMake.
[1.142s] 
[1.142s]   Update the VERSION argument <min> value or use a ...<max> suffix to tell
[1.142s]   CMake that the project does not need compatibility with older versions.
[1.142s] 
[1.142s] [0m
[1.179s] -- The C compiler identification is GNU 11.4.0
[1.228s] -- The CXX compiler identification is GNU 7.5.0
[1.242s] -- Detecting C compiler ABI info
[1.292s] -- Detecting C compiler ABI info - done
[1.302s] -- Check for working C compiler: /usr/bin/cc - skipped
[1.302s] -- Detecting C compile features
[1.303s] -- Detecting C compile features - done
[1.313s] -- Detecting CXX compiler ABI info
[1.377s] -- Detecting CXX compiler ABI info - done
[1.387s] -- Check for working CXX compiler: /usr/bin/c++ - skipped
[1.387s] -- Detecting CXX compile features
[1.387s] -- Detecting CXX compile features - done
[1.389s] -- Found ros_environment: 3.2.2 (/opt/ros/humble/share/ros_environment/cmake)
[1.391s] -- Found ament_cmake: 1.3.11 (/opt/ros/humble/share/ament_cmake/cmake)
[1.522s] -- Found Python3: /usr/bin/python3 (found version "3.10.12") found components: Interpreter 
[1.572s] -- Override CMake install command with custom implementation using symlinks instead of copying resources
[1.609s] -- Found rviz_common: 11.2.17 (/opt/ros/humble/share/rviz_common/cmake)
[1.651s] -- Setting assimp_DIR to: '/opt/ros/humble/share/rviz_assimp_vendor/cmake/../../../opt/rviz_assimp_vendor/lib/cmake/assimp-4.1'
[1.662s] -- Setting OGRE_DIR to: '/opt/ros/humble/share/rviz_ogre_vendor/cmake/../../../opt/rviz_ogre_vendor/lib/OGRE/cmake'
[1.665s] -- Found OGRE
[1.665s] --   static     : OFF
[1.665s] --   components : HLMS;MeshLodGenerator;Overlay;Paging;Property;RTShaderSystem;Terrain;Volume
[1.665s] --   plugins    : Plugin_BSPSceneManager;Plugin_OctreeSceneManager;Plugin_PCZSceneManager;Plugin_ParticleFX;RenderSystem_GL;RenderSystem_GL3Plus;Codec_STBI
[1.665s] --   media      : /opt/ros/humble/opt/rviz_ogre_vendor/share/OGRE/Media
[1.665s] -- OGRE_LIBRARIES: OgreHLMS;OgreMeshLodGenerator;OgreOverlay;OgrePaging;OgreProperty;OgreRTShaderSystem;OgreTerrain;OgreVolume;OgreMain
[1.665s] -- OGRE_LIBRARY_DIRS: /opt/ros/humble/opt/rviz_ogre_vendor/lib
[1.665s] -- OGRE_PLUGINS: Plugin_BSPSceneManager;Plugin_OctreeSceneManager;Plugin_PCZSceneManager;Plugin_ParticleFX;RenderSystem_GL;RenderSystem_GL3Plus;Codec_STBI
[1.665s] -- OGRE_PLUGIN_DIR: /opt/ros/humble/opt/rviz_ogre_vendor/lib/OGRE
[1.665s] -- rviz_ogre_vendor::OgreOverlay for IMPORTED_LOCATION_RELEASE: /opt/ros/humble/opt/rviz_ogre_vendor/lib/libOgreOverlay.so
[1.665s] -- rviz_ogre_vendor::OgreOverlay for IMPORTED_LOCATION_DEBUG: /opt/ros/humble/opt/rviz_ogre_vendor/lib/libOgreOverlay.so
[1.666s] -- rviz_ogre_vendor::OgreMain for IMPORTED_LOCATION_RELEASE: /opt/ros/humble/opt/rviz_ogre_vendor/lib/libOgreMain.so
[1.666s] -- rviz_ogre_vendor::OgreMain for IMPORTED_LOCATION_DEBUG: /opt/ros/humble/opt/rviz_ogre_vendor/lib/libOgreMain.so
[1.672s] -- Could not find freeimage library
[1.712s] -- Found ZLIB: /usr/lib/x86_64-linux-gnu/libz.so (found version "1.2.11")  
[1.721s] -- Found OpenGL: /usr/lib/x86_64-linux-gnu/libOpenGL.so   
[1.864s] -- Found X11: /usr/include   
[1.864s] -- Looking for XOpenDisplay in /usr/lib/x86_64-linux-gnu/libX11.so;/usr/lib/x86_64-linux-gnu/libXext.so
[1.930s] -- Looking for XOpenDisplay in /usr/lib/x86_64-linux-gnu/libX11.so;/usr/lib/x86_64-linux-gnu/libXext.so - found
[1.930s] -- Looking for gethostbyname
[1.996s] -- Looking for gethostbyname - found
[1.996s] -- Looking for connect
[2.051s] -- Looking for connect - found
[2.051s] -- Looking for remove
[2.115s] -- Looking for remove - found
[2.115s] -- Looking for shmat
[2.181s] -- Looking for shmat - found
[2.181s] -- Looking for IceConnectionNumber in ICE
[2.242s] -- Looking for IceConnectionNumber in ICE - found
[2.353s] -- library: /usr/lib/x86_64-linux-gnu/libcurl.so
[2.393s] -- Found rosidl_generator_c: 3.1.6 (/opt/ros/humble/share/rosidl_generator_c/cmake)
[2.399s] -- Found rosidl_adapter: 3.1.6 (/opt/ros/humble/share/rosidl_adapter/cmake)
[2.409s] -- Found rosidl_generator_cpp: 3.1.6 (/opt/ros/humble/share/rosidl_generator_cpp/cmake)
[2.422s] -- Using all available rosidl_typesupport_c: rosidl_typesupport_fastrtps_c;rosidl_typesupport_introspection_c
[2.443s] -- Using all available rosidl_typesupport_cpp: rosidl_typesupport_fastrtps_cpp;rosidl_typesupport_introspection_cpp
[2.578s] -- Found rmw_implementation_cmake: 6.1.2 (/opt/ros/humble/share/rmw_implementation_cmake/cmake)
[2.581s] -- Found rmw_fastrtps_cpp: 6.2.7 (/opt/ros/humble/share/rmw_fastrtps_cpp/cmake)
[2.615s] -- Found TinyXML2 via Config file: TinyXML2_DIR-NOTFOUND
[2.660s] -- Found OpenSSL: /usr/lib/x86_64-linux-gnu/libcrypto.so (found version "3.0.2")  
[2.663s] -- Found TinyXML2 via Config file: TinyXML2_DIR-NOTFOUND
[2.676s] -- Found FastRTPS: /opt/ros/humble/include  
[2.680s] -- Found TinyXML2 via Config file: TinyXML2_DIR-NOTFOUND
[2.689s] -- Found TinyXML2 via Config file: TinyXML2_DIR-NOTFOUND
[2.700s] -- Using RMW implementation 'rmw_fastrtps_cpp' as default
[2.710s] -- Performing Test CMAKE_HAVE_LIBC_PTHREAD
[2.764s] -- Performing Test CMAKE_HAVE_LIBC_PTHREAD - Success
[2.765s] -- Found Threads: TRUE  
[2.865s] -- Found Eigen3: TRUE (found version "3.4.0") 
[2.865s] -- Ensuring Eigen3 include directory is part of orocos-kdl CMake target
[3.009s] -- Found carla_msgs: 1.3.0 (/home/daniel/code/2025-phd-daniel-guerrero/robot_ws/install/carla_msgs/share/carla_msgs/cmake)
[3.049s] -- Found nav_msgs: 4.8.0 (/opt/ros/humble/share/nav_msgs/cmake)
[3.072s] -- Found carla_ros_scenario_runner_types: 0.1.0 (/home/daniel/code/2025-phd-daniel-guerrero/robot_ws/install/carla_ros_scenario_runner_types/share/carla_ros_scenario_runner_types/cmake)
[3.154s] -- Configuring done (2.0s)
[3.193s] -- Generating done (0.0s)
[3.199s] -- Build files have been written to: /home/daniel/code/2025-phd-daniel-guerrero/robot_ws/build/rviz_carla_plugin
[3.208s] Invoked command in '/home/daniel/code/2025-phd-daniel-guerrero/robot_ws/build/rviz_carla_plugin' returned '0': AMENT_PREFIX_PATH=/home/daniel/code/2025-phd-daniel-guerrero/robot_ws/install/carla_ros_scenario_runner_types:/home/daniel/code/2025-phd-daniel-guerrero/robot_ws/install/carla_msgs:${AMENT_PREFIX_PATH} CMAKE_PREFIX_PATH=/home/daniel/code/2025-phd-daniel-guerrero/robot_ws/install/carla_ros_scenario_runner_types:/home/daniel/code/2025-phd-daniel-guerrero/robot_ws/install/carla_msgs:/opt/ros/humble LD_LIBRARY_PATH=/home/daniel/code/2025-phd-daniel-guerrero/robot_ws/install/carla_ros_scenario_runner_types/lib:/home/daniel/code/2025-phd-daniel-guerrero/robot_ws/install/carla_msgs/lib:${LD_LIBRARY_PATH} PYTHONPATH=/home/daniel/code/2025-phd-daniel-guerrero/robot_ws/install/carla_ros_scenario_runner_types/local/lib/python3.10/dist-packages:/home/daniel/code/2025-phd-daniel-guerrero/robot_ws/install/carla_msgs/local/lib/python3.10/dist-packages:${PYTHONPATH} /opt/cmake-3.28.3-linux-x86_64/bin/cmake /home/daniel/code/2025-phd-daniel-guerrero/robot_ws/src/carla_ros/rviz_carla_plugin -DAMENT_CMAKE_SYMLINK_INSTALL=1 -DCMAKE_INSTALL_PREFIX=/home/daniel/code/2025-phd-daniel-guerrero/robot_ws/install/rviz_carla_plugin
[3.209s] Invoking command in '/home/daniel/code/2025-phd-daniel-guerrero/robot_ws/build/rviz_carla_plugin': AMENT_PREFIX_PATH=/home/daniel/code/2025-phd-daniel-guerrero/robot_ws/install/carla_ros_scenario_runner_types:/home/daniel/code/2025-phd-daniel-guerrero/robot_ws/install/carla_msgs:${AMENT_PREFIX_PATH} CMAKE_PREFIX_PATH=/home/daniel/code/2025-phd-daniel-guerrero/robot_ws/install/carla_ros_scenario_runner_types:/home/daniel/code/2025-phd-daniel-guerrero/robot_ws/install/carla_msgs:/opt/ros/humble LD_LIBRARY_PATH=/home/daniel/code/2025-phd-daniel-guerrero/robot_ws/install/carla_ros_scenario_runner_types/lib:/home/daniel/code/2025-phd-daniel-guerrero/robot_ws/install/carla_msgs/lib:${LD_LIBRARY_PATH} PYTHONPATH=/home/daniel/code/2025-phd-daniel-guerrero/robot_ws/install/carla_ros_scenario_runner_types/local/lib/python3.10/dist-packages:/home/daniel/code/2025-phd-daniel-guerrero/robot_ws/install/carla_msgs/local/lib/python3.10/dist-packages:${PYTHONPATH} /opt/cmake-3.28.3-linux-x86_64/bin/cmake --build /home/daniel/code/2025-phd-daniel-guerrero/robot_ws/build/rviz_carla_plugin -- -j12 -l12
[3.232s] [  0%] Built target rviz_carla_plugin_autogen_timestamp_deps
[3.238s] [ 11%] [34m[1mAutomatic MOC for target rviz_carla_plugin[0m
[3.667s] [ 11%] Built target rviz_carla_plugin_autogen
[3.672s] [ 22%] [34m[1mGenerating qrc_rviz_carla_plugin.cpp[0m
[3.700s] [ 33%] [32mBuilding CXX object CMakeFiles/rviz_carla_plugin.dir/rviz_carla_plugin_autogen/mocs_compilation.cpp.o[0m
[3.700s] [ 55%] [32mBuilding CXX object CMakeFiles/rviz_carla_plugin.dir/src/indicator_widget.cpp.o[0m
[3.700s] [ 55%] [32mBuilding CXX object CMakeFiles/rviz_carla_plugin.dir/src/drive_widget.cpp.o[0m
[3.700s] [ 66%] [32mBuilding CXX object CMakeFiles/rviz_carla_plugin.dir/qrc_rviz_carla_plugin.cpp.o[0m
[3.700s] [ 77%] [32mBuilding CXX object CMakeFiles/rviz_carla_plugin.dir/src/carla_control_panel_ROS2.cpp.o[0m
[20.298s] [ 88%] [32m[1mLinking CXX shared library librviz_carla_plugin.so[0m
[23.049s] [100%] Built target rviz_carla_plugin
[23.053s] Invoked command in '/home/daniel/code/2025-phd-daniel-guerrero/robot_ws/build/rviz_carla_plugin' returned '0': AMENT_PREFIX_PATH=/home/daniel/code/2025-phd-daniel-guerrero/robot_ws/install/carla_ros_scenario_runner_types:/home/daniel/code/2025-phd-daniel-guerrero/robot_ws/install/carla_msgs:${AMENT_PREFIX_PATH} CMAKE_PREFIX_PATH=/home/daniel/code/2025-phd-daniel-guerrero/robot_ws/install/carla_ros_scenario_runner_types:/home/daniel/code/2025-phd-daniel-guerrero/robot_ws/install/carla_msgs:/opt/ros/humble LD_LIBRARY_PATH=/home/daniel/code/2025-phd-daniel-guerrero/robot_ws/install/carla_ros_scenario_runner_types/lib:/home/daniel/code/2025-phd-daniel-guerrero/robot_ws/install/carla_msgs/lib:${LD_LIBRARY_PATH} PYTHONPATH=/home/daniel/code/2025-phd-daniel-guerrero/robot_ws/install/carla_ros_scenario_runner_types/local/lib/python3.10/dist-packages:/home/daniel/code/2025-phd-daniel-guerrero/robot_ws/install/carla_msgs/local/lib/python3.10/dist-packages:${PYTHONPATH} /opt/cmake-3.28.3-linux-x86_64/bin/cmake --build /home/daniel/code/2025-phd-daniel-guerrero/robot_ws/build/rviz_carla_plugin -- -j12 -l12
[23.055s] Invoking command in '/home/daniel/code/2025-phd-daniel-guerrero/robot_ws/build/rviz_carla_plugin': AMENT_PREFIX_PATH=/home/daniel/code/2025-phd-daniel-guerrero/robot_ws/install/carla_ros_scenario_runner_types:/home/daniel/code/2025-phd-daniel-guerrero/robot_ws/install/carla_msgs:${AMENT_PREFIX_PATH} CMAKE_PREFIX_PATH=/home/daniel/code/2025-phd-daniel-guerrero/robot_ws/install/carla_ros_scenario_runner_types:/home/daniel/code/2025-phd-daniel-guerrero/robot_ws/install/carla_msgs:/opt/ros/humble LD_LIBRARY_PATH=/home/daniel/code/2025-phd-daniel-guerrero/robot_ws/install/carla_ros_scenario_runner_types/lib:/home/daniel/code/2025-phd-daniel-guerrero/robot_ws/install/carla_msgs/lib:${LD_LIBRARY_PATH} PYTHONPATH=/home/daniel/code/2025-phd-daniel-guerrero/robot_ws/install/carla_ros_scenario_runner_types/local/lib/python3.10/dist-packages:/home/daniel/code/2025-phd-daniel-guerrero/robot_ws/install/carla_msgs/local/lib/python3.10/dist-packages:${PYTHONPATH} /opt/cmake-3.28.3-linux-x86_64/bin/cmake --install /home/daniel/code/2025-phd-daniel-guerrero/robot_ws/build/rviz_carla_plugin
[23.057s] -- Install configuration: ""
[23.058s] -- Execute custom install script
[23.058s] -- Symlinking: /home/daniel/code/2025-phd-daniel-guerrero/robot_ws/install/rviz_carla_plugin/share/rviz_carla_plugin//plugin_description_ros2.xml
[23.061s] -- Symlinking: /home/daniel/code/2025-phd-daniel-guerrero/robot_ws/install/rviz_carla_plugin/share/rviz_carla_plugin/environment/library_path.sh
[23.063s] -- Symlinking: /home/daniel/code/2025-phd-daniel-guerrero/robot_ws/install/rviz_carla_plugin/share/rviz_carla_plugin/environment/library_path.dsv
[23.065s] -- Up-to-date symlink: /home/daniel/code/2025-phd-daniel-guerrero/robot_ws/install/rviz_carla_plugin/share/rviz_carla_plugin/plugin_description_ros2.xml
[23.065s] -- Symlinking: /home/daniel/code/2025-phd-daniel-guerrero/robot_ws/install/rviz_carla_plugin/share/rviz_carla_plugin/classes/CarlaControl.png
[23.067s] -- Symlinking: /home/daniel/code/2025-phd-daniel-guerrero/robot_ws/install/rviz_carla_plugin/share/rviz_carla_plugin/pause.png
[23.069s] -- Symlinking: /home/daniel/code/2025-phd-daniel-guerrero/robot_ws/install/rviz_carla_plugin/share/rviz_carla_plugin/play.png
[23.071s] -- Symlinking: /home/daniel/code/2025-phd-daniel-guerrero/robot_ws/install/rviz_carla_plugin/share/rviz_carla_plugin/step_once.png
[23.073s] -- Symlinking: /home/daniel/code/2025-phd-daniel-guerrero/robot_ws/install/rviz_carla_plugin/share/ament_index/resource_index/package_run_dependencies/rviz_carla_plugin
[23.075s] -- Symlinking: /home/daniel/code/2025-phd-daniel-guerrero/robot_ws/install/rviz_carla_plugin/share/ament_index/resource_index/parent_prefix_path/rviz_carla_plugin
[23.077s] -- Symlinking: /home/daniel/code/2025-phd-daniel-guerrero/robot_ws/install/rviz_carla_plugin/share/rviz_carla_plugin/environment/ament_prefix_path.sh
[23.079s] -- Symlinking: /home/daniel/code/2025-phd-daniel-guerrero/robot_ws/install/rviz_carla_plugin/share/rviz_carla_plugin/environment/ament_prefix_path.dsv
[23.081s] -- Symlinking: /home/daniel/code/2025-phd-daniel-guerrero/robot_ws/install/rviz_carla_plugin/share/rviz_carla_plugin/environment/path.sh
[23.083s] -- Symlinking: /home/daniel/code/2025-phd-daniel-guerrero/robot_ws/install/rviz_carla_plugin/share/rviz_carla_plugin/environment/path.dsv
[23.085s] -- Symlinking: /home/daniel/code/2025-phd-daniel-guerrero/robot_ws/install/rviz_carla_plugin/share/rviz_carla_plugin/local_setup.bash
[23.086s] -- Symlinking: /home/daniel/code/2025-phd-daniel-guerrero/robot_ws/install/rviz_carla_plugin/share/rviz_carla_plugin/local_setup.sh
[23.089s] -- Symlinking: /home/daniel/code/2025-phd-daniel-guerrero/robot_ws/install/rviz_carla_plugin/share/rviz_carla_plugin/local_setup.zsh
[23.090s] -- Symlinking: /home/daniel/code/2025-phd-daniel-guerrero/robot_ws/install/rviz_carla_plugin/share/rviz_carla_plugin/local_setup.dsv
[23.093s] -- Symlinking: /home/daniel/code/2025-phd-daniel-guerrero/robot_ws/install/rviz_carla_plugin/share/rviz_carla_plugin/package.dsv
[23.094s] -- Symlinking: /home/daniel/code/2025-phd-daniel-guerrero/robot_ws/install/rviz_carla_plugin/share/ament_index/resource_index/packages/rviz_carla_plugin
[23.097s] -- Symlinking: /home/daniel/code/2025-phd-daniel-guerrero/robot_ws/install/rviz_carla_plugin/share/ament_index/resource_index/rviz_common__pluginlib__plugin/rviz_carla_plugin
[23.098s] -- Symlinking: /home/daniel/code/2025-phd-daniel-guerrero/robot_ws/install/rviz_carla_plugin/share/rviz_carla_plugin/cmake/ament_cmake_export_libraries-extras.cmake
[23.100s] -- Symlinking: /home/daniel/code/2025-phd-daniel-guerrero/robot_ws/install/rviz_carla_plugin/share/rviz_carla_plugin/cmake/rviz_carla_pluginConfig.cmake
[23.102s] -- Symlinking: /home/daniel/code/2025-phd-daniel-guerrero/robot_ws/install/rviz_carla_plugin/share/rviz_carla_plugin/cmake/rviz_carla_pluginConfig-version.cmake
[23.104s] -- Symlinking: /home/daniel/code/2025-phd-daniel-guerrero/robot_ws/install/rviz_carla_plugin/share/rviz_carla_plugin/package.xml
[23.106s] -- Installing: /home/daniel/code/2025-phd-daniel-guerrero/robot_ws/install/rviz_carla_plugin/lib/librviz_carla_plugin.so
[23.124s] -- Set non-toolchain portion of runtime path of "/home/daniel/code/2025-phd-daniel-guerrero/robot_ws/install/rviz_carla_plugin/lib/librviz_carla_plugin.so" to ""
[23.126s] Invoked command in '/home/daniel/code/2025-phd-daniel-guerrero/robot_ws/build/rviz_carla_plugin' returned '0': AMENT_PREFIX_PATH=/home/daniel/code/2025-phd-daniel-guerrero/robot_ws/install/carla_ros_scenario_runner_types:/home/daniel/code/2025-phd-daniel-guerrero/robot_ws/install/carla_msgs:${AMENT_PREFIX_PATH} CMAKE_PREFIX_PATH=/home/daniel/code/2025-phd-daniel-guerrero/robot_ws/install/carla_ros_scenario_runner_types:/home/daniel/code/2025-phd-daniel-guerrero/robot_ws/install/carla_msgs:/opt/ros/humble LD_LIBRARY_PATH=/home/daniel/code/2025-phd-daniel-guerrero/robot_ws/install/carla_ros_scenario_runner_types/lib:/home/daniel/code/2025-phd-daniel-guerrero/robot_ws/install/carla_msgs/lib:${LD_LIBRARY_PATH} PYTHONPATH=/home/daniel/code/2025-phd-daniel-guerrero/robot_ws/install/carla_ros_scenario_runner_types/local/lib/python3.10/dist-packages:/home/daniel/code/2025-phd-daniel-guerrero/robot_ws/install/carla_msgs/local/lib/python3.10/dist-packages:${PYTHONPATH} /opt/cmake-3.28.3-linux-x86_64/bin/cmake --install /home/daniel/code/2025-phd-daniel-guerrero/robot_ws/build/rviz_carla_plugin
