[0.011s] Invoking command in '/home/daniel/code/2025-phd-daniel-guerrero/robot_ws/build/carla_ros_scenario_runner_types': /opt/cmake-3.28.3-linux-x86_64/bin/cmake /home/daniel/code/2025-phd-daniel-guerrero/robot_ws/src/carla_ros/carla_ros_scenario_runner_types -DCATKIN_INSTALL_INTO_PREFIX_ROOT=0 -DCATKIN_SYMLINK_INSTALL=ON -DCMAKE_INSTALL_PREFIX=/home/daniel/code/2025-phd-daniel-guerrero/robot_ws/install/carla_ros_scenario_runner_types
[0.024s] [33mCMake Warning (dev) at CMakeLists.txt:1 (project):
[0.024s]   cmake_minimum_required() should be called prior to this top-level project()
[0.024s]   call.  Please see the cmake-commands(7) manual for usage documentation of
[0.024s]   both commands.
[0.024s] This warning is for project developers.  Use -Wno-dev to suppress it.
[0.024s] [0m
[0.104s] -- The C compiler identification is GNU 11.4.0
[0.194s] -- The CXX compiler identification is GNU 7.5.0
[0.210s] -- Detecting C compiler ABI info
[0.268s] -- Detecting C compiler ABI info - done
[0.284s] -- Check for working C compiler: /usr/bin/cc - skipped
[0.284s] -- Detecting C compile features
[0.285s] -- Detecting C compile features - done
[0.298s] -- Detecting CXX compiler ABI info
[0.371s] -- Detecting CXX compiler ABI info - done
[0.389s] -- Check for working CXX compiler: /usr/bin/c++ - skipped
[0.390s] -- Detecting CXX compile features
[0.390s] -- Detecting CXX compile features - done
[0.402s] [31mCMake Error at CMakeLists.txt:3 (find_package):
[0.402s]   By not providing "Findros_environment.cmake" in CMAKE_MODULE_PATH this
[0.402s]   project has asked CMake to find a package configuration file provided by
[0.402s]   "ros_environment", but CMake did not find one.
[0.402s] 
[0.402s]   Could not find a package configuration file provided by "ros_environment"
[0.402s]   with any of the following names:
[0.402s] 
[0.402s]     ros_environmentConfig.cmake
[0.402s]     ros_environment-config.cmake
[0.402s] 
[0.402s]   Add the installation prefix of "ros_environment" to CMAKE_PREFIX_PATH or
[0.402s]   set "ros_environment_DIR" to a directory containing one of the above files.
[0.402s]   If "ros_environment" provides a separate development package or SDK, be
[0.403s]   sure it has been installed.
[0.403s] 
[0.403s] [0m
[0.403s] -- Configuring incomplete, errors occurred!
