[0.013s] Invoking command in '/home/daniel/code/2025-phd-daniel-guerrero/robot_ws/build/rqt_carla_control': /opt/cmake-3.28.3-linux-x86_64/bin/cmake /home/daniel/code/2025-phd-daniel-guerrero/robot_ws/src/carla_ros/rqt_carla_control -DCATKIN_INSTALL_INTO_PREFIX_ROOT=0 -DCATKIN_SYMLINK_INSTALL=ON -DCMAKE_INSTALL_PREFIX=/home/daniel/code/2025-phd-daniel-guerrero/robot_ws/install/rqt_carla_control
[0.022s] [0mCMake Deprecation Warning at CMakeLists.txt:1 (cmake_minimum_required):
[0.022s]   Compatibility with CMake < 3.5 will be removed from a future version of
[0.022s]   CMake.
[0.022s] 
[0.022s]   Update the VERSION argument <min> value or use a ...<max> suffix to tell
[0.022s]   CMake that the project does not need compatibility with older versions.
[0.022s] 
[0.022s] [0m
[0.100s] -- The C compiler identification is GNU 11.4.0
[0.192s] -- The CXX compiler identification is GNU 7.5.0
[0.208s] -- Detecting C compiler ABI info
[0.265s] -- Detecting C compiler ABI info - done
[0.275s] -- Check for working C compiler: /usr/bin/cc - skipped
[0.276s] -- Detecting C compile features
[0.276s] -- Detecting C compile features - done
[0.289s] -- Detecting CXX compiler ABI info
[0.356s] -- Detecting CXX compiler ABI info - done
[0.369s] -- Check for working CXX compiler: /usr/bin/c++ - skipped
[0.370s] -- Detecting CXX compile features
[0.370s] -- Detecting CXX compile features - done
[0.381s] [31mCMake Error at CMakeLists.txt:4 (find_package):
[0.381s]   By not providing "Findros_environment.cmake" in CMAKE_MODULE_PATH this
[0.381s]   project has asked CMake to find a package configuration file provided by
[0.381s]   "ros_environment", but CMake did not find one.
[0.381s] 
[0.381s]   Could not find a package configuration file provided by "ros_environment"
[0.381s]   with any of the following names:
[0.381s] 
[0.381s]     ros_environmentConfig.cmake
[0.381s]     ros_environment-config.cmake
[0.381s] 
[0.381s]   Add the installation prefix of "ros_environment" to CMAKE_PREFIX_PATH or
[0.382s]   set "ros_environment_DIR" to a directory containing one of the above files.
[0.382s]   If "ros_environment" provides a separate development package or SDK, be
[0.382s]   sure it has been installed.
[0.382s] 
[0.382s] [0m
[0.382s] -- Configuring incomplete, errors occurred!
[0.386s] Invoked command in '/home/daniel/code/2025-phd-daniel-guerrero/robot_ws/build/rqt_carla_control' returned '1': /opt/cmake-3.28.3-linux-x86_64/bin/cmake /home/daniel/code/2025-phd-daniel-guerrero/robot_ws/src/carla_ros/rqt_carla_control -DCATKIN_INSTALL_INTO_PREFIX_ROOT=0 -DCATKIN_SYMLINK_INSTALL=ON -DCMAKE_INSTALL_PREFIX=/home/daniel/code/2025-phd-daniel-guerrero/robot_ws/install/rqt_carla_control
