[1.270s] Invoking command in '/home/daniel/code/2025-phd-daniel-guerrero/ros-bridge/build/rviz_carla_plugin': CMAKE_PREFIX_PATH=/home/daniel/code/2025-phd-daniel-guerrero/ros-bridge/install/carla_ros_scenario_runner_types:/home/daniel/code/2025-phd-daniel-guerrero/ros-bridge/install/carla_msgs:/home/daniel/code/2025-phd-daniel-guerrero/ros-bridge/install/carla_ad_demo:/home/daniel/code/2025-phd-daniel-guerrero/ros-bridge/install/rviz_carla_plugin:/home/daniel/code/2025-phd-daniel-guerrero/ros-bridge/install/pcl_recorder:/home/daniel/code/2025-phd-daniel-guerrero/ros-bridge/install/carla_waypoint_types:/home/daniel/code/2025-phd-daniel-guerrero/ros-bridge/install/carla_ackermann_msgs:/home/daniel/carla-ros-bridge/install/carla_waypoint_types:/home/daniel/carla-ros-bridge/install/carla_ros_scenario_runner_types:/home/daniel/carla-ros-bridge/install/carla_ackermann_msgs:/home/daniel/carla-ros-bridge/install/carla_msgs:/home/daniel/code/2025-phd-daniel-guerrero/ros-bridge/install/rqt_carla_control:/home/daniel/code/2025-phd-daniel-guerrero/ros-bridge/install/carla_waypoint_publisher:/home/daniel/code/2025-phd-daniel-guerrero/ros-bridge/install/carla_ackermann_control:/home/daniel/code/2025-phd-daniel-guerrero/ros-bridge/install/carla_ros_bridge:/home/daniel/code/2025-phd-daniel-guerrero/ros-bridge/install/carla_spawn_objects:/home/daniel/code/2025-phd-daniel-guerrero/ros-bridge/install/carla_manual_control:/home/daniel/code/2025-phd-daniel-guerrero/ros-bridge/install/carla_ad_agent:/home/daniel/code/2025-phd-daniel-guerrero/ros-bridge/install/ros_compatibility:/home/daniel/code/2025-phd-daniel-guerrero/ros-bridge/install/carla_walker_agent:/home/daniel/code/2025-phd-daniel-guerrero/ros-bridge/install/carla_twist_to_control:/home/daniel/code/2025-phd-daniel-guerrero/ros-bridge/install/carla_ros_scenario_runner:/home/daniel/code/2025-phd-daniel-guerrero/ros-bridge/install/carla_common:/home/daniel/carla-ros-bridge/install/rqt_carla_control:/home/daniel/carla-ros-bridge/install/carla_waypoint_publisher:/home/daniel/carla-ros-bridge/install/carla_ackermann_control:/home/daniel/carla-ros-bridge/install/carla_ros_bridge:/home/daniel/carla-ros-bridge/install/carla_spawn_objects:/home/daniel/carla-ros-bridge/install/carla_manual_control:/home/daniel/carla-ros-bridge/install/carla_ad_agent:/home/daniel/carla-ros-bridge/install/ros_compatibility:/home/daniel/carla-ros-bridge/install/carla_walker_agent:/home/daniel/carla-ros-bridge/install/carla_twist_to_control:/home/daniel/carla-ros-bridge/install/carla_ros_scenario_runner:/home/daniel/carla-ros-bridge/install/carla_common:/opt/ros/humble LD_LIBRARY_PATH=/home/daniel/code/2025-phd-daniel-guerrero/ros-bridge/install/carla_ros_scenario_runner_types/lib:/home/daniel/code/2025-phd-daniel-guerrero/ros-bridge/install/carla_msgs/lib:/home/daniel/code/2025-phd-daniel-guerrero/ros-bridge/install/rviz_carla_plugin/lib:/home/daniel/code/2025-phd-daniel-guerrero/ros-bridge/install/carla_waypoint_types/lib:/home/daniel/code/2025-phd-daniel-guerrero/ros-bridge/install/carla_ackermann_msgs/lib:/home/daniel/carla-ros-bridge/install/carla_waypoint_types/lib:/home/daniel/carla-ros-bridge/install/carla_ros_scenario_runner_types/lib:/home/daniel/carla-ros-bridge/install/carla_ackermann_msgs/lib:/home/daniel/carla-ros-bridge/install/carla_msgs/lib:/opt/ros/humble/opt/rviz_ogre_vendor/lib:/opt/ros/humble/lib/x86_64-linux-gnu:/opt/ros/humble/lib /opt/cmake-3.28.3-linux-x86_64/bin/cmake /home/daniel/code/2025-phd-daniel-guerrero/ros-bridge/src/rviz_carla_plugin -DAMENT_CMAKE_SYMLINK_INSTALL=1 -DCMAKE_INSTALL_PREFIX=/home/daniel/code/2025-phd-daniel-guerrero/ros-bridge/install/rviz_carla_plugin
[1.582s] -- The C compiler identification is GNU 11.4.0
[1.582s] -- The CXX compiler identification is GNU 7.5.0
[1.582s] -- Detecting C compiler ABI info
[1.583s] -- Detecting C compiler ABI info - done
[1.583s] -- Check for working C compiler: /usr/bin/cc - skipped
[1.583s] -- Detecting C compile features
[1.583s] -- Detecting C compile features - done
[1.583s] -- Detecting CXX compiler ABI info
[1.583s] -- Detecting CXX compiler ABI info - done
[1.584s] -- Check for working CXX compiler: /usr/bin/c++ - skipped
[1.584s] -- Detecting CXX compile features
[1.584s] -- Detecting CXX compile features - done
[1.584s] -- Found ros_environment: 3.2.2 (/opt/ros/humble/share/ros_environment/cmake)
[1.584s] -- Found ament_cmake: 1.3.11 (/opt/ros/humble/share/ament_cmake/cmake)
[1.719s] -- Found Python3: /usr/bin/python3 (found version "3.10.12") found components: Interpreter 
[1.810s] -- Override CMake install command with custom implementation using symlinks instead of copying resources
[1.900s] -- Found rviz_common: 11.2.17 (/opt/ros/humble/share/rviz_common/cmake)
[1.955s] -- Setting assimp_DIR to: '/opt/ros/humble/share/rviz_assimp_vendor/cmake/../../../opt/rviz_assimp_vendor/lib/cmake/assimp-4.1'
[1.976s] -- Setting OGRE_DIR to: '/opt/ros/humble/share/rviz_ogre_vendor/cmake/../../../opt/rviz_ogre_vendor/lib/OGRE/cmake'
[1.979s] -- Found OGRE
[1.979s] --   static     : OFF
[1.979s] --   components : HLMS;MeshLodGenerator;Overlay;Paging;Property;RTShaderSystem;Terrain;Volume
[1.979s] --   plugins    : Plugin_BSPSceneManager;Plugin_OctreeSceneManager;Plugin_PCZSceneManager;Plugin_ParticleFX;RenderSystem_GL;RenderSystem_GL3Plus;Codec_STBI
[1.979s] --   media      : /opt/ros/humble/opt/rviz_ogre_vendor/share/OGRE/Media
[1.979s] -- OGRE_LIBRARIES: OgreHLMS;OgreMeshLodGenerator;OgreOverlay;OgrePaging;OgreProperty;OgreRTShaderSystem;OgreTerrain;OgreVolume;OgreMain
[1.979s] -- OGRE_LIBRARY_DIRS: /opt/ros/humble/opt/rviz_ogre_vendor/lib
[1.979s] -- OGRE_PLUGINS: Plugin_BSPSceneManager;Plugin_OctreeSceneManager;Plugin_PCZSceneManager;Plugin_ParticleFX;RenderSystem_GL;RenderSystem_GL3Plus;Codec_STBI
[1.979s] -- OGRE_PLUGIN_DIR: /opt/ros/humble/opt/rviz_ogre_vendor/lib/OGRE
[1.979s] -- rviz_ogre_vendor::OgreOverlay for IMPORTED_LOCATION_RELEASE: /opt/ros/humble/opt/rviz_ogre_vendor/lib/libOgreOverlay.so
[1.979s] -- rviz_ogre_vendor::OgreOverlay for IMPORTED_LOCATION_DEBUG: /opt/ros/humble/opt/rviz_ogre_vendor/lib/libOgreOverlay.so
[1.979s] -- rviz_ogre_vendor::OgreMain for IMPORTED_LOCATION_RELEASE: /opt/ros/humble/opt/rviz_ogre_vendor/lib/libOgreMain.so
[1.979s] -- rviz_ogre_vendor::OgreMain for IMPORTED_LOCATION_DEBUG: /opt/ros/humble/opt/rviz_ogre_vendor/lib/libOgreMain.so
[1.987s] -- Could not find freeimage library
[2.060s] -- Found ZLIB: /usr/lib/x86_64-linux-gnu/libz.so (found version "1.2.11")  
[2.081s] -- Found OpenGL: /usr/lib/x86_64-linux-gnu/libOpenGL.so   
[2.341s] -- Found X11: /usr/include   
[2.341s] -- Looking for XOpenDisplay in /usr/lib/x86_64-linux-gnu/libX11.so;/usr/lib/x86_64-linux-gnu/libXext.so
[2.423s] -- Looking for XOpenDisplay in /usr/lib/x86_64-linux-gnu/libX11.so;/usr/lib/x86_64-linux-gnu/libXext.so - found
[2.424s] -- Looking for gethostbyname
[2.497s] -- Looking for gethostbyname - found
[2.497s] -- Looking for connect
[2.571s] -- Looking for connect - found
[2.571s] -- Looking for remove
[2.646s] -- Looking for remove - found
[2.646s] -- Looking for shmat
[2.709s] -- Looking for shmat - found
[2.709s] -- Looking for IceConnectionNumber in ICE
[2.766s] -- Looking for IceConnectionNumber in ICE - found
[2.917s] -- library: /usr/lib/x86_64-linux-gnu/libcurl.so
[2.982s] -- Found rosidl_generator_c: 3.1.6 (/opt/ros/humble/share/rosidl_generator_c/cmake)
[2.994s] -- Found rosidl_adapter: 3.1.6 (/opt/ros/humble/share/rosidl_adapter/cmake)
[3.009s] -- Found rosidl_generator_cpp: 3.1.6 (/opt/ros/humble/share/rosidl_generator_cpp/cmake)
[3.029s] -- Using all available rosidl_typesupport_c: rosidl_typesupport_fastrtps_c;rosidl_typesupport_introspection_c
[3.056s] -- Using all available rosidl_typesupport_cpp: rosidl_typesupport_fastrtps_cpp;rosidl_typesupport_introspection_cpp
[3.231s] -- Found rmw_implementation_cmake: 6.1.2 (/opt/ros/humble/share/rmw_implementation_cmake/cmake)
[3.239s] -- Found rmw_fastrtps_cpp: 6.2.7 (/opt/ros/humble/share/rmw_fastrtps_cpp/cmake)
[3.285s] -- Found TinyXML2 via Config file: TinyXML2_DIR-NOTFOUND
[3.343s] -- Found OpenSSL: /usr/lib/x86_64-linux-gnu/libcrypto.so (found version "3.0.2")  
[3.346s] -- Found TinyXML2 via Config file: TinyXML2_DIR-NOTFOUND
[3.362s] -- Found FastRTPS: /opt/ros/humble/include  
[3.365s] -- Found TinyXML2 via Config file: TinyXML2_DIR-NOTFOUND
[3.374s] -- Found TinyXML2 via Config file: TinyXML2_DIR-NOTFOUND
[3.388s] -- Using RMW implementation 'rmw_fastrtps_cpp' as default
[3.407s] -- Performing Test CMAKE_HAVE_LIBC_PTHREAD
[3.462s] -- Performing Test CMAKE_HAVE_LIBC_PTHREAD - Success
[3.463s] -- Found Threads: TRUE  
[3.586s] -- Found Eigen3: TRUE (found version "3.4.0") 
[3.586s] -- Ensuring Eigen3 include directory is part of orocos-kdl CMake target
[3.771s] -- Found carla_msgs: 1.3.0 (/home/daniel/code/2025-phd-daniel-guerrero/ros-bridge/install/carla_msgs/share/carla_msgs/cmake)
[3.817s] -- Found nav_msgs: 4.8.0 (/opt/ros/humble/share/nav_msgs/cmake)
[3.839s] -- Found carla_ros_scenario_runner_types: 0.1.0 (/home/daniel/code/2025-phd-daniel-guerrero/ros-bridge/install/carla_ros_scenario_runner_types/share/carla_ros_scenario_runner_types/cmake)
[3.939s] -- Configuring done (2.7s)
[3.979s] -- Generating done (0.0s)
[3.985s] -- Build files have been written to: /home/daniel/code/2025-phd-daniel-guerrero/ros-bridge/build/rviz_carla_plugin
[3.996s] Invoked command in '/home/daniel/code/2025-phd-daniel-guerrero/ros-bridge/build/rviz_carla_plugin' returned '0': CMAKE_PREFIX_PATH=/home/daniel/code/2025-phd-daniel-guerrero/ros-bridge/install/carla_ros_scenario_runner_types:/home/daniel/code/2025-phd-daniel-guerrero/ros-bridge/install/carla_msgs:/home/daniel/code/2025-phd-daniel-guerrero/ros-bridge/install/carla_ad_demo:/home/daniel/code/2025-phd-daniel-guerrero/ros-bridge/install/rviz_carla_plugin:/home/daniel/code/2025-phd-daniel-guerrero/ros-bridge/install/pcl_recorder:/home/daniel/code/2025-phd-daniel-guerrero/ros-bridge/install/carla_waypoint_types:/home/daniel/code/2025-phd-daniel-guerrero/ros-bridge/install/carla_ackermann_msgs:/home/daniel/carla-ros-bridge/install/carla_waypoint_types:/home/daniel/carla-ros-bridge/install/carla_ros_scenario_runner_types:/home/daniel/carla-ros-bridge/install/carla_ackermann_msgs:/home/daniel/carla-ros-bridge/install/carla_msgs:/home/daniel/code/2025-phd-daniel-guerrero/ros-bridge/install/rqt_carla_control:/home/daniel/code/2025-phd-daniel-guerrero/ros-bridge/install/carla_waypoint_publisher:/home/daniel/code/2025-phd-daniel-guerrero/ros-bridge/install/carla_ackermann_control:/home/daniel/code/2025-phd-daniel-guerrero/ros-bridge/install/carla_ros_bridge:/home/daniel/code/2025-phd-daniel-guerrero/ros-bridge/install/carla_spawn_objects:/home/daniel/code/2025-phd-daniel-guerrero/ros-bridge/install/carla_manual_control:/home/daniel/code/2025-phd-daniel-guerrero/ros-bridge/install/carla_ad_agent:/home/daniel/code/2025-phd-daniel-guerrero/ros-bridge/install/ros_compatibility:/home/daniel/code/2025-phd-daniel-guerrero/ros-bridge/install/carla_walker_agent:/home/daniel/code/2025-phd-daniel-guerrero/ros-bridge/install/carla_twist_to_control:/home/daniel/code/2025-phd-daniel-guerrero/ros-bridge/install/carla_ros_scenario_runner:/home/daniel/code/2025-phd-daniel-guerrero/ros-bridge/install/carla_common:/home/daniel/carla-ros-bridge/install/rqt_carla_control:/home/daniel/carla-ros-bridge/install/carla_waypoint_publisher:/home/daniel/carla-ros-bridge/install/carla_ackermann_control:/home/daniel/carla-ros-bridge/install/carla_ros_bridge:/home/daniel/carla-ros-bridge/install/carla_spawn_objects:/home/daniel/carla-ros-bridge/install/carla_manual_control:/home/daniel/carla-ros-bridge/install/carla_ad_agent:/home/daniel/carla-ros-bridge/install/ros_compatibility:/home/daniel/carla-ros-bridge/install/carla_walker_agent:/home/daniel/carla-ros-bridge/install/carla_twist_to_control:/home/daniel/carla-ros-bridge/install/carla_ros_scenario_runner:/home/daniel/carla-ros-bridge/install/carla_common:/opt/ros/humble LD_LIBRARY_PATH=/home/daniel/code/2025-phd-daniel-guerrero/ros-bridge/install/carla_ros_scenario_runner_types/lib:/home/daniel/code/2025-phd-daniel-guerrero/ros-bridge/install/carla_msgs/lib:/home/daniel/code/2025-phd-daniel-guerrero/ros-bridge/install/rviz_carla_plugin/lib:/home/daniel/code/2025-phd-daniel-guerrero/ros-bridge/install/carla_waypoint_types/lib:/home/daniel/code/2025-phd-daniel-guerrero/ros-bridge/install/carla_ackermann_msgs/lib:/home/daniel/carla-ros-bridge/install/carla_waypoint_types/lib:/home/daniel/carla-ros-bridge/install/carla_ros_scenario_runner_types/lib:/home/daniel/carla-ros-bridge/install/carla_ackermann_msgs/lib:/home/daniel/carla-ros-bridge/install/carla_msgs/lib:/opt/ros/humble/opt/rviz_ogre_vendor/lib:/opt/ros/humble/lib/x86_64-linux-gnu:/opt/ros/humble/lib /opt/cmake-3.28.3-linux-x86_64/bin/cmake /home/daniel/code/2025-phd-daniel-guerrero/ros-bridge/src/rviz_carla_plugin -DAMENT_CMAKE_SYMLINK_INSTALL=1 -DCMAKE_INSTALL_PREFIX=/home/daniel/code/2025-phd-daniel-guerrero/ros-bridge/install/rviz_carla_plugin
[3.998s] Invoking command in '/home/daniel/code/2025-phd-daniel-guerrero/ros-bridge/build/rviz_carla_plugin': CMAKE_PREFIX_PATH=/home/daniel/code/2025-phd-daniel-guerrero/ros-bridge/install/carla_ros_scenario_runner_types:/home/daniel/code/2025-phd-daniel-guerrero/ros-bridge/install/carla_msgs:/home/daniel/code/2025-phd-daniel-guerrero/ros-bridge/install/carla_ad_demo:/home/daniel/code/2025-phd-daniel-guerrero/ros-bridge/install/rviz_carla_plugin:/home/daniel/code/2025-phd-daniel-guerrero/ros-bridge/install/pcl_recorder:/home/daniel/code/2025-phd-daniel-guerrero/ros-bridge/install/carla_waypoint_types:/home/daniel/code/2025-phd-daniel-guerrero/ros-bridge/install/carla_ackermann_msgs:/home/daniel/carla-ros-bridge/install/carla_waypoint_types:/home/daniel/carla-ros-bridge/install/carla_ros_scenario_runner_types:/home/daniel/carla-ros-bridge/install/carla_ackermann_msgs:/home/daniel/carla-ros-bridge/install/carla_msgs:/home/daniel/code/2025-phd-daniel-guerrero/ros-bridge/install/rqt_carla_control:/home/daniel/code/2025-phd-daniel-guerrero/ros-bridge/install/carla_waypoint_publisher:/home/daniel/code/2025-phd-daniel-guerrero/ros-bridge/install/carla_ackermann_control:/home/daniel/code/2025-phd-daniel-guerrero/ros-bridge/install/carla_ros_bridge:/home/daniel/code/2025-phd-daniel-guerrero/ros-bridge/install/carla_spawn_objects:/home/daniel/code/2025-phd-daniel-guerrero/ros-bridge/install/carla_manual_control:/home/daniel/code/2025-phd-daniel-guerrero/ros-bridge/install/carla_ad_agent:/home/daniel/code/2025-phd-daniel-guerrero/ros-bridge/install/ros_compatibility:/home/daniel/code/2025-phd-daniel-guerrero/ros-bridge/install/carla_walker_agent:/home/daniel/code/2025-phd-daniel-guerrero/ros-bridge/install/carla_twist_to_control:/home/daniel/code/2025-phd-daniel-guerrero/ros-bridge/install/carla_ros_scenario_runner:/home/daniel/code/2025-phd-daniel-guerrero/ros-bridge/install/carla_common:/home/daniel/carla-ros-bridge/install/rqt_carla_control:/home/daniel/carla-ros-bridge/install/carla_waypoint_publisher:/home/daniel/carla-ros-bridge/install/carla_ackermann_control:/home/daniel/carla-ros-bridge/install/carla_ros_bridge:/home/daniel/carla-ros-bridge/install/carla_spawn_objects:/home/daniel/carla-ros-bridge/install/carla_manual_control:/home/daniel/carla-ros-bridge/install/carla_ad_agent:/home/daniel/carla-ros-bridge/install/ros_compatibility:/home/daniel/carla-ros-bridge/install/carla_walker_agent:/home/daniel/carla-ros-bridge/install/carla_twist_to_control:/home/daniel/carla-ros-bridge/install/carla_ros_scenario_runner:/home/daniel/carla-ros-bridge/install/carla_common:/opt/ros/humble LD_LIBRARY_PATH=/home/daniel/code/2025-phd-daniel-guerrero/ros-bridge/install/carla_ros_scenario_runner_types/lib:/home/daniel/code/2025-phd-daniel-guerrero/ros-bridge/install/carla_msgs/lib:/home/daniel/code/2025-phd-daniel-guerrero/ros-bridge/install/rviz_carla_plugin/lib:/home/daniel/code/2025-phd-daniel-guerrero/ros-bridge/install/carla_waypoint_types/lib:/home/daniel/code/2025-phd-daniel-guerrero/ros-bridge/install/carla_ackermann_msgs/lib:/home/daniel/carla-ros-bridge/install/carla_waypoint_types/lib:/home/daniel/carla-ros-bridge/install/carla_ros_scenario_runner_types/lib:/home/daniel/carla-ros-bridge/install/carla_ackermann_msgs/lib:/home/daniel/carla-ros-bridge/install/carla_msgs/lib:/opt/ros/humble/opt/rviz_ogre_vendor/lib:/opt/ros/humble/lib/x86_64-linux-gnu:/opt/ros/humble/lib /opt/cmake-3.28.3-linux-x86_64/bin/cmake --build /home/daniel/code/2025-phd-daniel-guerrero/ros-bridge/build/rviz_carla_plugin -- -j12 -l12
[4.022s] [  0%] Built target rviz_carla_plugin_autogen_timestamp_deps
[4.031s] [ 11%] [34m[1mAutomatic MOC for target rviz_carla_plugin[0m
[4.448s] [ 11%] Built target rviz_carla_plugin_autogen
[4.454s] [ 22%] [34m[1mGenerating qrc_rviz_carla_plugin.cpp[0m
[4.493s] [ 33%] [32mBuilding CXX object CMakeFiles/rviz_carla_plugin.dir/rviz_carla_plugin_autogen/mocs_compilation.cpp.o[0m
[4.493s] [ 55%] [32mBuilding CXX object CMakeFiles/rviz_carla_plugin.dir/src/indicator_widget.cpp.o[0m
[4.493s] [ 66%] [32mBuilding CXX object CMakeFiles/rviz_carla_plugin.dir/src/drive_widget.cpp.o[0m
[4.493s] [ 66%] [32mBuilding CXX object CMakeFiles/rviz_carla_plugin.dir/qrc_rviz_carla_plugin.cpp.o[0m
[4.493s] [ 77%] [32mBuilding CXX object CMakeFiles/rviz_carla_plugin.dir/src/carla_control_panel_ROS2.cpp.o[0m
[21.148s] [ 88%] [32m[1mLinking CXX shared library librviz_carla_plugin.so[0m
[23.966s] [100%] Built target rviz_carla_plugin
[23.971s] Invoked command in '/home/daniel/code/2025-phd-daniel-guerrero/ros-bridge/build/rviz_carla_plugin' returned '0': CMAKE_PREFIX_PATH=/home/daniel/code/2025-phd-daniel-guerrero/ros-bridge/install/carla_ros_scenario_runner_types:/home/daniel/code/2025-phd-daniel-guerrero/ros-bridge/install/carla_msgs:/home/daniel/code/2025-phd-daniel-guerrero/ros-bridge/install/carla_ad_demo:/home/daniel/code/2025-phd-daniel-guerrero/ros-bridge/install/rviz_carla_plugin:/home/daniel/code/2025-phd-daniel-guerrero/ros-bridge/install/pcl_recorder:/home/daniel/code/2025-phd-daniel-guerrero/ros-bridge/install/carla_waypoint_types:/home/daniel/code/2025-phd-daniel-guerrero/ros-bridge/install/carla_ackermann_msgs:/home/daniel/carla-ros-bridge/install/carla_waypoint_types:/home/daniel/carla-ros-bridge/install/carla_ros_scenario_runner_types:/home/daniel/carla-ros-bridge/install/carla_ackermann_msgs:/home/daniel/carla-ros-bridge/install/carla_msgs:/home/daniel/code/2025-phd-daniel-guerrero/ros-bridge/install/rqt_carla_control:/home/daniel/code/2025-phd-daniel-guerrero/ros-bridge/install/carla_waypoint_publisher:/home/daniel/code/2025-phd-daniel-guerrero/ros-bridge/install/carla_ackermann_control:/home/daniel/code/2025-phd-daniel-guerrero/ros-bridge/install/carla_ros_bridge:/home/daniel/code/2025-phd-daniel-guerrero/ros-bridge/install/carla_spawn_objects:/home/daniel/code/2025-phd-daniel-guerrero/ros-bridge/install/carla_manual_control:/home/daniel/code/2025-phd-daniel-guerrero/ros-bridge/install/carla_ad_agent:/home/daniel/code/2025-phd-daniel-guerrero/ros-bridge/install/ros_compatibility:/home/daniel/code/2025-phd-daniel-guerrero/ros-bridge/install/carla_walker_agent:/home/daniel/code/2025-phd-daniel-guerrero/ros-bridge/install/carla_twist_to_control:/home/daniel/code/2025-phd-daniel-guerrero/ros-bridge/install/carla_ros_scenario_runner:/home/daniel/code/2025-phd-daniel-guerrero/ros-bridge/install/carla_common:/home/daniel/carla-ros-bridge/install/rqt_carla_control:/home/daniel/carla-ros-bridge/install/carla_waypoint_publisher:/home/daniel/carla-ros-bridge/install/carla_ackermann_control:/home/daniel/carla-ros-bridge/install/carla_ros_bridge:/home/daniel/carla-ros-bridge/install/carla_spawn_objects:/home/daniel/carla-ros-bridge/install/carla_manual_control:/home/daniel/carla-ros-bridge/install/carla_ad_agent:/home/daniel/carla-ros-bridge/install/ros_compatibility:/home/daniel/carla-ros-bridge/install/carla_walker_agent:/home/daniel/carla-ros-bridge/install/carla_twist_to_control:/home/daniel/carla-ros-bridge/install/carla_ros_scenario_runner:/home/daniel/carla-ros-bridge/install/carla_common:/opt/ros/humble LD_LIBRARY_PATH=/home/daniel/code/2025-phd-daniel-guerrero/ros-bridge/install/carla_ros_scenario_runner_types/lib:/home/daniel/code/2025-phd-daniel-guerrero/ros-bridge/install/carla_msgs/lib:/home/daniel/code/2025-phd-daniel-guerrero/ros-bridge/install/rviz_carla_plugin/lib:/home/daniel/code/2025-phd-daniel-guerrero/ros-bridge/install/carla_waypoint_types/lib:/home/daniel/code/2025-phd-daniel-guerrero/ros-bridge/install/carla_ackermann_msgs/lib:/home/daniel/carla-ros-bridge/install/carla_waypoint_types/lib:/home/daniel/carla-ros-bridge/install/carla_ros_scenario_runner_types/lib:/home/daniel/carla-ros-bridge/install/carla_ackermann_msgs/lib:/home/daniel/carla-ros-bridge/install/carla_msgs/lib:/opt/ros/humble/opt/rviz_ogre_vendor/lib:/opt/ros/humble/lib/x86_64-linux-gnu:/opt/ros/humble/lib /opt/cmake-3.28.3-linux-x86_64/bin/cmake --build /home/daniel/code/2025-phd-daniel-guerrero/ros-bridge/build/rviz_carla_plugin -- -j12 -l12
[23.972s] Invoking command in '/home/daniel/code/2025-phd-daniel-guerrero/ros-bridge/build/rviz_carla_plugin': CMAKE_PREFIX_PATH=/home/daniel/code/2025-phd-daniel-guerrero/ros-bridge/install/carla_ros_scenario_runner_types:/home/daniel/code/2025-phd-daniel-guerrero/ros-bridge/install/carla_msgs:/home/daniel/code/2025-phd-daniel-guerrero/ros-bridge/install/carla_ad_demo:/home/daniel/code/2025-phd-daniel-guerrero/ros-bridge/install/rviz_carla_plugin:/home/daniel/code/2025-phd-daniel-guerrero/ros-bridge/install/pcl_recorder:/home/daniel/code/2025-phd-daniel-guerrero/ros-bridge/install/carla_waypoint_types:/home/daniel/code/2025-phd-daniel-guerrero/ros-bridge/install/carla_ackermann_msgs:/home/daniel/carla-ros-bridge/install/carla_waypoint_types:/home/daniel/carla-ros-bridge/install/carla_ros_scenario_runner_types:/home/daniel/carla-ros-bridge/install/carla_ackermann_msgs:/home/daniel/carla-ros-bridge/install/carla_msgs:/home/daniel/code/2025-phd-daniel-guerrero/ros-bridge/install/rqt_carla_control:/home/daniel/code/2025-phd-daniel-guerrero/ros-bridge/install/carla_waypoint_publisher:/home/daniel/code/2025-phd-daniel-guerrero/ros-bridge/install/carla_ackermann_control:/home/daniel/code/2025-phd-daniel-guerrero/ros-bridge/install/carla_ros_bridge:/home/daniel/code/2025-phd-daniel-guerrero/ros-bridge/install/carla_spawn_objects:/home/daniel/code/2025-phd-daniel-guerrero/ros-bridge/install/carla_manual_control:/home/daniel/code/2025-phd-daniel-guerrero/ros-bridge/install/carla_ad_agent:/home/daniel/code/2025-phd-daniel-guerrero/ros-bridge/install/ros_compatibility:/home/daniel/code/2025-phd-daniel-guerrero/ros-bridge/install/carla_walker_agent:/home/daniel/code/2025-phd-daniel-guerrero/ros-bridge/install/carla_twist_to_control:/home/daniel/code/2025-phd-daniel-guerrero/ros-bridge/install/carla_ros_scenario_runner:/home/daniel/code/2025-phd-daniel-guerrero/ros-bridge/install/carla_common:/home/daniel/carla-ros-bridge/install/rqt_carla_control:/home/daniel/carla-ros-bridge/install/carla_waypoint_publisher:/home/daniel/carla-ros-bridge/install/carla_ackermann_control:/home/daniel/carla-ros-bridge/install/carla_ros_bridge:/home/daniel/carla-ros-bridge/install/carla_spawn_objects:/home/daniel/carla-ros-bridge/install/carla_manual_control:/home/daniel/carla-ros-bridge/install/carla_ad_agent:/home/daniel/carla-ros-bridge/install/ros_compatibility:/home/daniel/carla-ros-bridge/install/carla_walker_agent:/home/daniel/carla-ros-bridge/install/carla_twist_to_control:/home/daniel/carla-ros-bridge/install/carla_ros_scenario_runner:/home/daniel/carla-ros-bridge/install/carla_common:/opt/ros/humble LD_LIBRARY_PATH=/home/daniel/code/2025-phd-daniel-guerrero/ros-bridge/install/carla_ros_scenario_runner_types/lib:/home/daniel/code/2025-phd-daniel-guerrero/ros-bridge/install/carla_msgs/lib:/home/daniel/code/2025-phd-daniel-guerrero/ros-bridge/install/rviz_carla_plugin/lib:/home/daniel/code/2025-phd-daniel-guerrero/ros-bridge/install/carla_waypoint_types/lib:/home/daniel/code/2025-phd-daniel-guerrero/ros-bridge/install/carla_ackermann_msgs/lib:/home/daniel/carla-ros-bridge/install/carla_waypoint_types/lib:/home/daniel/carla-ros-bridge/install/carla_ros_scenario_runner_types/lib:/home/daniel/carla-ros-bridge/install/carla_ackermann_msgs/lib:/home/daniel/carla-ros-bridge/install/carla_msgs/lib:/opt/ros/humble/opt/rviz_ogre_vendor/lib:/opt/ros/humble/lib/x86_64-linux-gnu:/opt/ros/humble/lib /opt/cmake-3.28.3-linux-x86_64/bin/cmake --install /home/daniel/code/2025-phd-daniel-guerrero/ros-bridge/build/rviz_carla_plugin
[23.975s] -- Install configuration: ""
[23.975s] -- Execute custom install script
[23.975s] -- Symlinking: /home/daniel/code/2025-phd-daniel-guerrero/ros-bridge/install/rviz_carla_plugin/share/rviz_carla_plugin//plugin_description_ros2.xml
[23.979s] -- Symlinking: /home/daniel/code/2025-phd-daniel-guerrero/ros-bridge/install/rviz_carla_plugin/share/rviz_carla_plugin/environment/library_path.sh
[23.981s] -- Symlinking: /home/daniel/code/2025-phd-daniel-guerrero/ros-bridge/install/rviz_carla_plugin/share/rviz_carla_plugin/environment/library_path.dsv
[23.984s] -- Up-to-date symlink: /home/daniel/code/2025-phd-daniel-guerrero/ros-bridge/install/rviz_carla_plugin/share/rviz_carla_plugin/plugin_description_ros2.xml
[23.984s] -- Symlinking: /home/daniel/code/2025-phd-daniel-guerrero/ros-bridge/install/rviz_carla_plugin/share/rviz_carla_plugin/classes/CarlaControl.png
[23.986s] -- Symlinking: /home/daniel/code/2025-phd-daniel-guerrero/ros-bridge/install/rviz_carla_plugin/share/rviz_carla_plugin/pause.png
[23.988s] -- Symlinking: /home/daniel/code/2025-phd-daniel-guerrero/ros-bridge/install/rviz_carla_plugin/share/rviz_carla_plugin/play.png
[23.990s] -- Symlinking: /home/daniel/code/2025-phd-daniel-guerrero/ros-bridge/install/rviz_carla_plugin/share/rviz_carla_plugin/step_once.png
[23.993s] -- Symlinking: /home/daniel/code/2025-phd-daniel-guerrero/ros-bridge/install/rviz_carla_plugin/share/ament_index/resource_index/package_run_dependencies/rviz_carla_plugin
[23.995s] -- Symlinking: /home/daniel/code/2025-phd-daniel-guerrero/ros-bridge/install/rviz_carla_plugin/share/ament_index/resource_index/parent_prefix_path/rviz_carla_plugin
[23.997s] -- Symlinking: /home/daniel/code/2025-phd-daniel-guerrero/ros-bridge/install/rviz_carla_plugin/share/rviz_carla_plugin/environment/ament_prefix_path.sh
[23.999s] -- Symlinking: /home/daniel/code/2025-phd-daniel-guerrero/ros-bridge/install/rviz_carla_plugin/share/rviz_carla_plugin/environment/ament_prefix_path.dsv
[24.001s] -- Symlinking: /home/daniel/code/2025-phd-daniel-guerrero/ros-bridge/install/rviz_carla_plugin/share/rviz_carla_plugin/environment/path.sh
[24.003s] -- Symlinking: /home/daniel/code/2025-phd-daniel-guerrero/ros-bridge/install/rviz_carla_plugin/share/rviz_carla_plugin/environment/path.dsv
[24.005s] -- Symlinking: /home/daniel/code/2025-phd-daniel-guerrero/ros-bridge/install/rviz_carla_plugin/share/rviz_carla_plugin/local_setup.bash
[24.008s] -- Symlinking: /home/daniel/code/2025-phd-daniel-guerrero/ros-bridge/install/rviz_carla_plugin/share/rviz_carla_plugin/local_setup.sh
[24.010s] -- Symlinking: /home/daniel/code/2025-phd-daniel-guerrero/ros-bridge/install/rviz_carla_plugin/share/rviz_carla_plugin/local_setup.zsh
[24.012s] -- Symlinking: /home/daniel/code/2025-phd-daniel-guerrero/ros-bridge/install/rviz_carla_plugin/share/rviz_carla_plugin/local_setup.dsv
[24.014s] -- Symlinking: /home/daniel/code/2025-phd-daniel-guerrero/ros-bridge/install/rviz_carla_plugin/share/rviz_carla_plugin/package.dsv
[24.016s] -- Symlinking: /home/daniel/code/2025-phd-daniel-guerrero/ros-bridge/install/rviz_carla_plugin/share/ament_index/resource_index/packages/rviz_carla_plugin
[24.019s] -- Symlinking: /home/daniel/code/2025-phd-daniel-guerrero/ros-bridge/install/rviz_carla_plugin/share/ament_index/resource_index/rviz_common__pluginlib__plugin/rviz_carla_plugin
[24.021s] -- Symlinking: /home/daniel/code/2025-phd-daniel-guerrero/ros-bridge/install/rviz_carla_plugin/share/rviz_carla_plugin/cmake/ament_cmake_export_libraries-extras.cmake
[24.023s] -- Symlinking: /home/daniel/code/2025-phd-daniel-guerrero/ros-bridge/install/rviz_carla_plugin/share/rviz_carla_plugin/cmake/rviz_carla_pluginConfig.cmake
[24.026s] -- Symlinking: /home/daniel/code/2025-phd-daniel-guerrero/ros-bridge/install/rviz_carla_plugin/share/rviz_carla_plugin/cmake/rviz_carla_pluginConfig-version.cmake
[24.028s] -- Symlinking: /home/daniel/code/2025-phd-daniel-guerrero/ros-bridge/install/rviz_carla_plugin/share/rviz_carla_plugin/package.xml
[24.030s] -- Installing: /home/daniel/code/2025-phd-daniel-guerrero/ros-bridge/install/rviz_carla_plugin/lib/librviz_carla_plugin.so
[24.052s] -- Set non-toolchain portion of runtime path of "/home/daniel/code/2025-phd-daniel-guerrero/ros-bridge/install/rviz_carla_plugin/lib/librviz_carla_plugin.so" to ""
[24.054s] Invoked command in '/home/daniel/code/2025-phd-daniel-guerrero/ros-bridge/build/rviz_carla_plugin' returned '0': CMAKE_PREFIX_PATH=/home/daniel/code/2025-phd-daniel-guerrero/ros-bridge/install/carla_ros_scenario_runner_types:/home/daniel/code/2025-phd-daniel-guerrero/ros-bridge/install/carla_msgs:/home/daniel/code/2025-phd-daniel-guerrero/ros-bridge/install/carla_ad_demo:/home/daniel/code/2025-phd-daniel-guerrero/ros-bridge/install/rviz_carla_plugin:/home/daniel/code/2025-phd-daniel-guerrero/ros-bridge/install/pcl_recorder:/home/daniel/code/2025-phd-daniel-guerrero/ros-bridge/install/carla_waypoint_types:/home/daniel/code/2025-phd-daniel-guerrero/ros-bridge/install/carla_ackermann_msgs:/home/daniel/carla-ros-bridge/install/carla_waypoint_types:/home/daniel/carla-ros-bridge/install/carla_ros_scenario_runner_types:/home/daniel/carla-ros-bridge/install/carla_ackermann_msgs:/home/daniel/carla-ros-bridge/install/carla_msgs:/home/daniel/code/2025-phd-daniel-guerrero/ros-bridge/install/rqt_carla_control:/home/daniel/code/2025-phd-daniel-guerrero/ros-bridge/install/carla_waypoint_publisher:/home/daniel/code/2025-phd-daniel-guerrero/ros-bridge/install/carla_ackermann_control:/home/daniel/code/2025-phd-daniel-guerrero/ros-bridge/install/carla_ros_bridge:/home/daniel/code/2025-phd-daniel-guerrero/ros-bridge/install/carla_spawn_objects:/home/daniel/code/2025-phd-daniel-guerrero/ros-bridge/install/carla_manual_control:/home/daniel/code/2025-phd-daniel-guerrero/ros-bridge/install/carla_ad_agent:/home/daniel/code/2025-phd-daniel-guerrero/ros-bridge/install/ros_compatibility:/home/daniel/code/2025-phd-daniel-guerrero/ros-bridge/install/carla_walker_agent:/home/daniel/code/2025-phd-daniel-guerrero/ros-bridge/install/carla_twist_to_control:/home/daniel/code/2025-phd-daniel-guerrero/ros-bridge/install/carla_ros_scenario_runner:/home/daniel/code/2025-phd-daniel-guerrero/ros-bridge/install/carla_common:/home/daniel/carla-ros-bridge/install/rqt_carla_control:/home/daniel/carla-ros-bridge/install/carla_waypoint_publisher:/home/daniel/carla-ros-bridge/install/carla_ackermann_control:/home/daniel/carla-ros-bridge/install/carla_ros_bridge:/home/daniel/carla-ros-bridge/install/carla_spawn_objects:/home/daniel/carla-ros-bridge/install/carla_manual_control:/home/daniel/carla-ros-bridge/install/carla_ad_agent:/home/daniel/carla-ros-bridge/install/ros_compatibility:/home/daniel/carla-ros-bridge/install/carla_walker_agent:/home/daniel/carla-ros-bridge/install/carla_twist_to_control:/home/daniel/carla-ros-bridge/install/carla_ros_scenario_runner:/home/daniel/carla-ros-bridge/install/carla_common:/opt/ros/humble LD_LIBRARY_PATH=/home/daniel/code/2025-phd-daniel-guerrero/ros-bridge/install/carla_ros_scenario_runner_types/lib:/home/daniel/code/2025-phd-daniel-guerrero/ros-bridge/install/carla_msgs/lib:/home/daniel/code/2025-phd-daniel-guerrero/ros-bridge/install/rviz_carla_plugin/lib:/home/daniel/code/2025-phd-daniel-guerrero/ros-bridge/install/carla_waypoint_types/lib:/home/daniel/code/2025-phd-daniel-guerrero/ros-bridge/install/carla_ackermann_msgs/lib:/home/daniel/carla-ros-bridge/install/carla_waypoint_types/lib:/home/daniel/carla-ros-bridge/install/carla_ros_scenario_runner_types/lib:/home/daniel/carla-ros-bridge/install/carla_ackermann_msgs/lib:/home/daniel/carla-ros-bridge/install/carla_msgs/lib:/opt/ros/humble/opt/rviz_ogre_vendor/lib:/opt/ros/humble/lib/x86_64-linux-gnu:/opt/ros/humble/lib /opt/cmake-3.28.3-linux-x86_64/bin/cmake --install /home/daniel/code/2025-phd-daniel-guerrero/ros-bridge/build/rviz_carla_plugin
