[0.633s] Invoking command in '/home/daniel/code/2025-phd-daniel-guerrero/ros-bridge/build/carla_ros_scenario_runner_types': CMAKE_PREFIX_PATH=${CMAKE_PREFIX_PATH}:/home/daniel/code/2025-phd-daniel-guerrero/ros-bridge/install/rqt_carla_control:/home/daniel/code/2025-phd-daniel-guerrero/ros-bridge/install/carla_waypoint_publisher:/home/daniel/code/2025-phd-daniel-guerrero/ros-bridge/install/carla_ackermann_control:/home/daniel/code/2025-phd-daniel-guerrero/ros-bridge/install/carla_ros_bridge:/home/daniel/code/2025-phd-daniel-guerrero/ros-bridge/install/carla_spawn_objects:/home/daniel/code/2025-phd-daniel-guerrero/ros-bridge/install/carla_manual_control:/home/daniel/code/2025-phd-daniel-guerrero/ros-bridge/install/carla_ad_agent:/home/daniel/code/2025-phd-daniel-guerrero/ros-bridge/install/ros_compatibility:/home/daniel/code/2025-phd-daniel-guerrero/ros-bridge/install/carla_walker_agent:/home/daniel/code/2025-phd-daniel-guerrero/ros-bridge/install/carla_twist_to_control:/home/daniel/code/2025-phd-daniel-guerrero/ros-bridge/install/carla_ros_scenario_runner:/home/daniel/code/2025-phd-daniel-guerrero/ros-bridge/install/carla_common:/home/daniel/carla-ros-bridge/install/rqt_carla_control:/home/daniel/carla-ros-bridge/install/carla_waypoint_publisher:/home/daniel/carla-ros-bridge/install/carla_ackermann_control:/home/daniel/carla-ros-bridge/install/carla_ros_bridge:/home/daniel/carla-ros-bridge/install/carla_spawn_objects:/home/daniel/carla-ros-bridge/install/carla_manual_control:/home/daniel/carla-ros-bridge/install/carla_ad_agent:/home/daniel/carla-ros-bridge/install/ros_compatibility:/home/daniel/carla-ros-bridge/install/carla_walker_agent:/home/daniel/carla-ros-bridge/install/carla_twist_to_control:/home/daniel/carla-ros-bridge/install/carla_ros_scenario_runner:/home/daniel/carla-ros-bridge/install/carla_common:/opt/ros/humble /opt/cmake-3.28.3-linux-x86_64/bin/cmake /home/daniel/code/2025-phd-daniel-guerrero/ros-bridge/src/carla_ros_scenario_runner_types -DAMENT_CMAKE_SYMLINK_INSTALL=1 -DCMAKE_INSTALL_PREFIX=/home/daniel/code/2025-phd-daniel-guerrero/ros-bridge/install/carla_ros_scenario_runner_types
[0.948s] -- The C compiler identification is GNU 11.4.0
[0.948s] -- The CXX compiler identification is GNU 7.5.0
[0.948s] -- Detecting C compiler ABI info
[0.948s] -- Detecting C compiler ABI info - done
[0.948s] -- Check for working C compiler: /usr/bin/cc - skipped
[0.948s] -- Detecting C compile features
[0.948s] -- Detecting C compile features - done
[0.948s] -- Detecting CXX compiler ABI info
[0.948s] -- Detecting CXX compiler ABI info - done
[0.949s] -- Check for working CXX compiler: /usr/bin/c++ - skipped
[0.949s] -- Detecting CXX compile features
[0.949s] -- Detecting CXX compile features - done
[0.949s] -- Found ros_environment: 3.2.2 (/opt/ros/humble/share/ros_environment/cmake)
[0.949s] -- Found ament_cmake: 1.3.11 (/opt/ros/humble/share/ament_cmake/cmake)
[1.052s] -- Found Python3: /usr/bin/python3 (found version "3.10.12") found components: Interpreter 
[1.110s] -- Override CMake install command with custom implementation using symlinks instead of copying resources
[1.182s] -- Found builtin_interfaces: 1.2.1 (/opt/ros/humble/share/builtin_interfaces/cmake)
[1.231s] -- Found rosidl_generator_c: 3.1.6 (/opt/ros/humble/share/rosidl_generator_c/cmake)
[1.239s] -- Found rosidl_adapter: 3.1.6 (/opt/ros/humble/share/rosidl_adapter/cmake)
[1.252s] -- Found rosidl_generator_cpp: 3.1.6 (/opt/ros/humble/share/rosidl_generator_cpp/cmake)
[1.273s] -- Using all available rosidl_typesupport_c: rosidl_typesupport_fastrtps_c;rosidl_typesupport_introspection_c
[1.308s] -- Using all available rosidl_typesupport_cpp: rosidl_typesupport_fastrtps_cpp;rosidl_typesupport_introspection_cpp
[1.338s] -- Found geometry_msgs: 4.8.0 (/opt/ros/humble/share/geometry_msgs/cmake)
[1.386s] -- Found rosidl_default_generators: 1.2.0 (/opt/ros/humble/share/rosidl_default_generators/cmake)
[1.981s] -- Found ament_cmake_cppcheck: 0.12.12 (/opt/ros/humble/share/ament_cmake_cppcheck/cmake)
[1.988s] -- Found ament_cmake_cpplint: 0.12.12 (/opt/ros/humble/share/ament_cmake_cpplint/cmake)
[1.994s] -- Found ament_cmake_uncrustify: 0.12.12 (/opt/ros/humble/share/ament_cmake_uncrustify/cmake)
[2.001s] -- Found ament_cmake_ros: 0.10.0 (/opt/ros/humble/share/ament_cmake_ros/cmake)
[2.990s] -- Using all available rosidl_typesupport_c: rosidl_typesupport_fastrtps_c;rosidl_typesupport_introspection_c
[3.377s] -- Using all available rosidl_typesupport_cpp: rosidl_typesupport_fastrtps_cpp;rosidl_typesupport_introspection_cpp
[3.382s] [33mCMake Warning (dev) at /opt/ros/humble/share/rosidl_generator_py/cmake/rosidl_generator_py_generate_interfaces.cmake:20 (find_package):
[3.382s]   Policy CMP0148 is not set: The FindPythonInterp and FindPythonLibs modules
[3.382s]   are removed.  Run "cmake --help-policy CMP0148" for policy details.  Use
[3.382s]   the cmake_policy command to set the policy and suppress this warning.
[3.382s] 
[3.382s] Call Stack (most recent call first):
[3.382s]   /opt/ros/humble/share/ament_cmake_core/cmake/core/ament_execute_extensions.cmake:48 (include)
[3.382s]   /opt/ros/humble/share/rosidl_cmake/cmake/rosidl_generate_interfaces.cmake:286 (ament_execute_extensions)
[3.382s]   CMakeLists.txt:24 (rosidl_generate_interfaces)
[3.382s] This warning is for project developers.  Use -Wno-dev to suppress it.
[3.382s] [0m
[3.406s] -- Found PythonInterp: /usr/bin/python3 (found suitable version "3.10.12", minimum required is "3.6") 
[3.410s] -- Found python_cmake_module: 0.10.0 (/opt/ros/humble/share/python_cmake_module/cmake)
[3.411s] [33mCMake Warning (dev) at /opt/ros/humble/share/python_cmake_module/cmake/Modules/FindPythonExtra.cmake:52 (find_package):
[3.411s]   Policy CMP0148 is not set: The FindPythonInterp and FindPythonLibs modules
[3.411s]   are removed.  Run "cmake --help-policy CMP0148" for policy details.  Use
[3.411s]   the cmake_policy command to set the policy and suppress this warning.
[3.411s] 
[3.411s] Call Stack (most recent call first):
[3.411s]   /opt/ros/humble/share/rosidl_generator_py/cmake/rosidl_generator_py_generate_interfaces.cmake:23 (find_package)
[3.411s]   /opt/ros/humble/share/ament_cmake_core/cmake/core/ament_execute_extensions.cmake:48 (include)
[3.411s]   /opt/ros/humble/share/rosidl_cmake/cmake/rosidl_generate_interfaces.cmake:286 (ament_execute_extensions)
[3.411s]   CMakeLists.txt:24 (rosidl_generate_interfaces)
[3.411s] This warning is for project developers.  Use -Wno-dev to suppress it.
[3.411s] [0m
[3.436s] [33mCMake Warning (dev) at /opt/ros/humble/share/python_cmake_module/cmake/Modules/FindPythonExtra.cmake:140 (find_package):
[3.436s]   Policy CMP0148 is not set: The FindPythonInterp and FindPythonLibs modules
[3.436s]   are removed.  Run "cmake --help-policy CMP0148" for policy details.  Use
[3.436s]   the cmake_policy command to set the policy and suppress this warning.
[3.436s] 
[3.436s] Call Stack (most recent call first):
[3.436s]   /opt/ros/humble/share/rosidl_generator_py/cmake/rosidl_generator_py_generate_interfaces.cmake:23 (find_package)
[3.436s]   /opt/ros/humble/share/ament_cmake_core/cmake/core/ament_execute_extensions.cmake:48 (include)
[3.436s]   /opt/ros/humble/share/rosidl_cmake/cmake/rosidl_generate_interfaces.cmake:286 (ament_execute_extensions)
[3.436s]   CMakeLists.txt:24 (rosidl_generate_interfaces)
[3.437s] This warning is for project developers.  Use -Wno-dev to suppress it.
[3.437s] [0m
[3.451s] -- Found PythonLibs: /usr/lib/x86_64-linux-gnu/libpython3.10.so (found suitable version "3.10.12", minimum required is "3.5") 
[3.451s] -- Using PYTHON_EXECUTABLE: /usr/bin/python3
[3.451s] -- Using PYTHON_INCLUDE_DIRS: /usr/include/python3.10
[3.451s] -- Using PYTHON_LIBRARIES: /usr/lib/x86_64-linux-gnu/libpython3.10.so
[3.473s] -- Found PythonExtra: .so  
[3.587s] -- Found ament_cmake_flake8: 0.12.12 (/opt/ros/humble/share/ament_cmake_flake8/cmake)
[3.591s] -- Found ament_cmake_pep257: 0.12.12 (/opt/ros/humble/share/ament_cmake_pep257/cmake)
[3.597s] -- Found ament_lint_auto: 0.12.12 (/opt/ros/humble/share/ament_lint_auto/cmake)
[3.619s] -- Added test 'copyright' to check source files copyright and LICENSE
[3.621s] -- Added test 'lint_cmake' to check CMake code style
[3.622s] -- Added test 'xmllint' to check XML markup files
[3.627s] -- Configuring done (3.0s)
[3.671s] -- Generating done (0.0s)
[3.681s] -- Build files have been written to: /home/daniel/code/2025-phd-daniel-guerrero/ros-bridge/build/carla_ros_scenario_runner_types
[3.688s] Invoked command in '/home/daniel/code/2025-phd-daniel-guerrero/ros-bridge/build/carla_ros_scenario_runner_types' returned '0': CMAKE_PREFIX_PATH=${CMAKE_PREFIX_PATH}:/home/daniel/code/2025-phd-daniel-guerrero/ros-bridge/install/rqt_carla_control:/home/daniel/code/2025-phd-daniel-guerrero/ros-bridge/install/carla_waypoint_publisher:/home/daniel/code/2025-phd-daniel-guerrero/ros-bridge/install/carla_ackermann_control:/home/daniel/code/2025-phd-daniel-guerrero/ros-bridge/install/carla_ros_bridge:/home/daniel/code/2025-phd-daniel-guerrero/ros-bridge/install/carla_spawn_objects:/home/daniel/code/2025-phd-daniel-guerrero/ros-bridge/install/carla_manual_control:/home/daniel/code/2025-phd-daniel-guerrero/ros-bridge/install/carla_ad_agent:/home/daniel/code/2025-phd-daniel-guerrero/ros-bridge/install/ros_compatibility:/home/daniel/code/2025-phd-daniel-guerrero/ros-bridge/install/carla_walker_agent:/home/daniel/code/2025-phd-daniel-guerrero/ros-bridge/install/carla_twist_to_control:/home/daniel/code/2025-phd-daniel-guerrero/ros-bridge/install/carla_ros_scenario_runner:/home/daniel/code/2025-phd-daniel-guerrero/ros-bridge/install/carla_common:/home/daniel/carla-ros-bridge/install/rqt_carla_control:/home/daniel/carla-ros-bridge/install/carla_waypoint_publisher:/home/daniel/carla-ros-bridge/install/carla_ackermann_control:/home/daniel/carla-ros-bridge/install/carla_ros_bridge:/home/daniel/carla-ros-bridge/install/carla_spawn_objects:/home/daniel/carla-ros-bridge/install/carla_manual_control:/home/daniel/carla-ros-bridge/install/carla_ad_agent:/home/daniel/carla-ros-bridge/install/ros_compatibility:/home/daniel/carla-ros-bridge/install/carla_walker_agent:/home/daniel/carla-ros-bridge/install/carla_twist_to_control:/home/daniel/carla-ros-bridge/install/carla_ros_scenario_runner:/home/daniel/carla-ros-bridge/install/carla_common:/opt/ros/humble /opt/cmake-3.28.3-linux-x86_64/bin/cmake /home/daniel/code/2025-phd-daniel-guerrero/ros-bridge/src/carla_ros_scenario_runner_types -DAMENT_CMAKE_SYMLINK_INSTALL=1 -DCMAKE_INSTALL_PREFIX=/home/daniel/code/2025-phd-daniel-guerrero/ros-bridge/install/carla_ros_scenario_runner_types
[3.690s] Invoking command in '/home/daniel/code/2025-phd-daniel-guerrero/ros-bridge/build/carla_ros_scenario_runner_types': CMAKE_PREFIX_PATH=${CMAKE_PREFIX_PATH}:/home/daniel/code/2025-phd-daniel-guerrero/ros-bridge/install/rqt_carla_control:/home/daniel/code/2025-phd-daniel-guerrero/ros-bridge/install/carla_waypoint_publisher:/home/daniel/code/2025-phd-daniel-guerrero/ros-bridge/install/carla_ackermann_control:/home/daniel/code/2025-phd-daniel-guerrero/ros-bridge/install/carla_ros_bridge:/home/daniel/code/2025-phd-daniel-guerrero/ros-bridge/install/carla_spawn_objects:/home/daniel/code/2025-phd-daniel-guerrero/ros-bridge/install/carla_manual_control:/home/daniel/code/2025-phd-daniel-guerrero/ros-bridge/install/carla_ad_agent:/home/daniel/code/2025-phd-daniel-guerrero/ros-bridge/install/ros_compatibility:/home/daniel/code/2025-phd-daniel-guerrero/ros-bridge/install/carla_walker_agent:/home/daniel/code/2025-phd-daniel-guerrero/ros-bridge/install/carla_twist_to_control:/home/daniel/code/2025-phd-daniel-guerrero/ros-bridge/install/carla_ros_scenario_runner:/home/daniel/code/2025-phd-daniel-guerrero/ros-bridge/install/carla_common:/home/daniel/carla-ros-bridge/install/rqt_carla_control:/home/daniel/carla-ros-bridge/install/carla_waypoint_publisher:/home/daniel/carla-ros-bridge/install/carla_ackermann_control:/home/daniel/carla-ros-bridge/install/carla_ros_bridge:/home/daniel/carla-ros-bridge/install/carla_spawn_objects:/home/daniel/carla-ros-bridge/install/carla_manual_control:/home/daniel/carla-ros-bridge/install/carla_ad_agent:/home/daniel/carla-ros-bridge/install/ros_compatibility:/home/daniel/carla-ros-bridge/install/carla_walker_agent:/home/daniel/carla-ros-bridge/install/carla_twist_to_control:/home/daniel/carla-ros-bridge/install/carla_ros_scenario_runner:/home/daniel/carla-ros-bridge/install/carla_common:/opt/ros/humble /opt/cmake-3.28.3-linux-x86_64/bin/cmake --build /home/daniel/code/2025-phd-daniel-guerrero/ros-bridge/build/carla_ros_scenario_runner_types -- -j12 -l12
[3.708s] [  1%] [34m[1mGenerating C code for ROS interfaces[0m
[3.711s] [  3%] [34m[1mGenerating C++ code for ROS interfaces[0m
[3.713s] [  3%] Built target ament_cmake_python_symlink_carla_ros_scenario_runner_types
[4.024s] running egg_info
[4.024s] creating carla_ros_scenario_runner_types.egg-info
[4.024s] writing carla_ros_scenario_runner_types.egg-info/PKG-INFO
[4.024s] writing dependency_links to carla_ros_scenario_runner_types.egg-info/dependency_links.txt
[4.024s] writing top-level names to carla_ros_scenario_runner_types.egg-info/top_level.txt
[4.025s] writing manifest file 'carla_ros_scenario_runner_types.egg-info/SOURCES.txt'
[4.026s] reading manifest file 'carla_ros_scenario_runner_types.egg-info/SOURCES.txt'
[4.026s] writing manifest file 'carla_ros_scenario_runner_types.egg-info/SOURCES.txt'
[4.047s] [  3%] Built target ament_cmake_python_build_carla_ros_scenario_runner_types_egg
[4.082s] [  3%] Built target carla_ros_scenario_runner_types__cpp
[4.087s] [  5%] [34m[1mGenerating C++ type support dispatch for ROS interfaces[0m
[4.089s] [  7%] [34m[1mGenerating C++ type support for eProsima Fast-RTPS[0m
[4.089s] [  9%] [34m[1mGenerating C++ introspection for ROS interfaces[0m
[4.309s] [ 10%] [32mBuilding C object CMakeFiles/carla_ros_scenario_runner_types__rosidl_generator_c.dir/rosidl_generator_c/carla_ros_scenario_runner_types/msg/detail/carla_scenario__functions.c.o[0m
[4.312s] [ 12%] [32mBuilding C object CMakeFiles/carla_ros_scenario_runner_types__rosidl_generator_c.dir/rosidl_generator_c/carla_ros_scenario_runner_types/msg/detail/carla_scenario_list__functions.c.o[0m
[4.313s] [ 14%] [32mBuilding C object CMakeFiles/carla_ros_scenario_runner_types__rosidl_generator_c.dir/rosidl_generator_c/carla_ros_scenario_runner_types/srv/detail/execute_scenario__functions.c.o[0m
[4.313s] [ 16%] [32mBuilding C object CMakeFiles/carla_ros_scenario_runner_types__rosidl_generator_c.dir/rosidl_generator_c/carla_ros_scenario_runner_types/msg/detail/carla_scenario_runner_status__functions.c.o[0m
[4.388s] [ 18%] [32m[1mLinking C shared library libcarla_ros_scenario_runner_types__rosidl_generator_c.so[0m
[4.422s] [ 18%] Built target carla_ros_scenario_runner_types__rosidl_generator_c
[4.430s] [ 20%] [34m[1mGenerating C type support for eProsima Fast-RTPS[0m
[4.435s] [ 21%] [34m[1mGenerating C introspection for ROS interfaces[0m
[4.444s] [ 23%] [34m[1mGenerating C type support dispatch for ROS interfaces[0m
[4.619s] [ 25%] [32mBuilding CXX object CMakeFiles/carla_ros_scenario_runner_types__rosidl_typesupport_introspection_cpp.dir/rosidl_typesupport_introspection_cpp/carla_ros_scenario_runner_types/msg/detail/carla_scenario__type_support.cpp.o[0m
[4.625s] [ 29%] [32mBuilding CXX object CMakeFiles/carla_ros_scenario_runner_types__rosidl_typesupport_cpp.dir/rosidl_typesupport_cpp/carla_ros_scenario_runner_types/msg/carla_scenario__type_support.cpp.o[0m
[4.628s] [ 30%] [32mBuilding CXX object CMakeFiles/carla_ros_scenario_runner_types__rosidl_typesupport_introspection_cpp.dir/rosidl_typesupport_introspection_cpp/carla_ros_scenario_runner_types/msg/detail/carla_scenario_list__type_support.cpp.o[0m
[4.628s] [ 32%] [32mBuilding CXX object CMakeFiles/carla_ros_scenario_runner_types__rosidl_typesupport_cpp.dir/rosidl_typesupport_cpp/carla_ros_scenario_runner_types/srv/execute_scenario__type_support.cpp.o[0m
[4.635s] [ 34%] [32mBuilding CXX object CMakeFiles/carla_ros_scenario_runner_types__rosidl_typesupport_cpp.dir/rosidl_typesupport_cpp/carla_ros_scenario_runner_types/msg/carla_scenario_list__type_support.cpp.o[0m
[4.635s] [ 29%] [32mBuilding CXX object CMakeFiles/carla_ros_scenario_runner_types__rosidl_typesupport_introspection_cpp.dir/rosidl_typesupport_introspection_cpp/carla_ros_scenario_runner_types/msg/detail/carla_scenario_runner_status__type_support.cpp.o[0m
[4.635s] [ 36%] [32mBuilding CXX object CMakeFiles/carla_ros_scenario_runner_types__rosidl_typesupport_cpp.dir/rosidl_typesupport_cpp/carla_ros_scenario_runner_types/msg/carla_scenario_runner_status__type_support.cpp.o[0m
[4.635s] [ 38%] [32mBuilding CXX object CMakeFiles/carla_ros_scenario_runner_types__rosidl_typesupport_introspection_cpp.dir/rosidl_typesupport_introspection_cpp/carla_ros_scenario_runner_types/srv/detail/execute_scenario__type_support.cpp.o[0m
[4.736s] [ 40%] [32mBuilding CXX object CMakeFiles/carla_ros_scenario_runner_types__rosidl_typesupport_fastrtps_cpp.dir/rosidl_typesupport_fastrtps_cpp/carla_ros_scenario_runner_types/msg/detail/dds_fastrtps/carla_scenario__type_support.cpp.o[0m
[5.059s] [ 41%] [32mBuilding CXX object CMakeFiles/carla_ros_scenario_runner_types__rosidl_typesupport_fastrtps_cpp.dir/rosidl_typesupport_fastrtps_cpp/carla_ros_scenario_runner_types/msg/detail/dds_fastrtps/carla_scenario_list__type_support.cpp.o[0m
[5.089s] [ 43%] [32mBuilding CXX object CMakeFiles/carla_ros_scenario_runner_types__rosidl_typesupport_fastrtps_cpp.dir/rosidl_typesupport_fastrtps_cpp/carla_ros_scenario_runner_types/msg/detail/dds_fastrtps/carla_scenario_runner_status__type_support.cpp.o[0m
[5.110s] [ 45%] [32mBuilding CXX object CMakeFiles/carla_ros_scenario_runner_types__rosidl_typesupport_fastrtps_c.dir/rosidl_typesupport_fastrtps_c/carla_ros_scenario_runner_types/msg/detail/carla_scenario__type_support_c.cpp.o[0m
[5.143s] [ 47%] [32mBuilding CXX object CMakeFiles/carla_ros_scenario_runner_types__rosidl_typesupport_c.dir/rosidl_typesupport_c/carla_ros_scenario_runner_types/msg/carla_scenario__type_support.cpp.o[0m
[5.151s] [ 49%] [32mBuilding CXX object CMakeFiles/carla_ros_scenario_runner_types__rosidl_typesupport_fastrtps_cpp.dir/rosidl_typesupport_fastrtps_cpp/carla_ros_scenario_runner_types/srv/detail/dds_fastrtps/execute_scenario__type_support.cpp.o[0m
[5.162s] [ 50%] [32m[1mLinking CXX shared library libcarla_ros_scenario_runner_types__rosidl_typesupport_cpp.so[0m
[5.176s] [ 52%] [32mBuilding C object CMakeFiles/carla_ros_scenario_runner_types__rosidl_typesupport_introspection_c.dir/rosidl_typesupport_introspection_c/carla_ros_scenario_runner_types/msg/detail/carla_scenario__type_support.c.o[0m
[5.214s] [ 54%] [32mBuilding CXX object CMakeFiles/carla_ros_scenario_runner_types__rosidl_typesupport_c.dir/rosidl_typesupport_c/carla_ros_scenario_runner_types/msg/carla_scenario_list__type_support.cpp.o[0m
[5.241s] [ 56%] [32mBuilding C object CMakeFiles/carla_ros_scenario_runner_types__rosidl_typesupport_introspection_c.dir/rosidl_typesupport_introspection_c/carla_ros_scenario_runner_types/msg/detail/carla_scenario_list__type_support.c.o[0m
[5.297s] [ 58%] [32mBuilding CXX object CMakeFiles/carla_ros_scenario_runner_types__rosidl_typesupport_c.dir/rosidl_typesupport_c/carla_ros_scenario_runner_types/msg/carla_scenario_runner_status__type_support.cpp.o[0m
[5.300s] [ 60%] [32mBuilding C object CMakeFiles/carla_ros_scenario_runner_types__rosidl_typesupport_introspection_c.dir/rosidl_typesupport_introspection_c/carla_ros_scenario_runner_types/msg/detail/carla_scenario_runner_status__type_support.c.o[0m
[5.307s] [ 60%] Built target carla_ros_scenario_runner_types__rosidl_typesupport_cpp
[5.314s] [ 61%] [32mBuilding C object CMakeFiles/carla_ros_scenario_runner_types__rosidl_typesupport_introspection_c.dir/rosidl_typesupport_introspection_c/carla_ros_scenario_runner_types/srv/detail/execute_scenario__type_support.c.o[0m
[5.340s] [ 63%] [32mBuilding CXX object CMakeFiles/carla_ros_scenario_runner_types__rosidl_typesupport_c.dir/rosidl_typesupport_c/carla_ros_scenario_runner_types/srv/execute_scenario__type_support.cpp.o[0m
[5.346s] [ 65%] [32mBuilding CXX object CMakeFiles/carla_ros_scenario_runner_types__rosidl_typesupport_fastrtps_c.dir/rosidl_typesupport_fastrtps_c/carla_ros_scenario_runner_types/msg/detail/carla_scenario_list__type_support_c.cpp.o[0m
[5.369s] [ 67%] [32mBuilding CXX object CMakeFiles/carla_ros_scenario_runner_types__rosidl_typesupport_fastrtps_c.dir/rosidl_typesupport_fastrtps_c/carla_ros_scenario_runner_types/msg/detail/carla_scenario_runner_status__type_support_c.cpp.o[0m
[5.370s] [ 69%] [32mBuilding CXX object CMakeFiles/carla_ros_scenario_runner_types__rosidl_typesupport_fastrtps_c.dir/rosidl_typesupport_fastrtps_c/carla_ros_scenario_runner_types/srv/detail/execute_scenario__type_support_c.cpp.o[0m
[5.406s] [ 70%] [32m[1mLinking CXX shared library libcarla_ros_scenario_runner_types__rosidl_typesupport_c.so[0m
[5.439s] [ 72%] [32m[1mLinking C shared library libcarla_ros_scenario_runner_types__rosidl_typesupport_introspection_c.so[0m
[5.500s] [ 72%] Built target carla_ros_scenario_runner_types__rosidl_typesupport_c
[5.500s] [ 72%] Built target carla_ros_scenario_runner_types__rosidl_typesupport_introspection_c
[5.517s] [ 74%] [32m[1mLinking CXX shared library libcarla_ros_scenario_runner_types__rosidl_typesupport_introspection_cpp.so[0m
[5.706s] [ 74%] Built target carla_ros_scenario_runner_types__rosidl_typesupport_introspection_cpp
[5.897s] [ 76%] [32m[1mLinking CXX shared library libcarla_ros_scenario_runner_types__rosidl_typesupport_fastrtps_cpp.so[0m
[5.911s] [ 78%] [32m[1mLinking CXX shared library libcarla_ros_scenario_runner_types__rosidl_typesupport_fastrtps_c.so[0m
[5.969s] [ 78%] Built target carla_ros_scenario_runner_types__rosidl_typesupport_fastrtps_cpp
[5.979s] [ 78%] Built target carla_ros_scenario_runner_types__rosidl_typesupport_fastrtps_c
[5.988s] [ 78%] Built target carla_ros_scenario_runner_types
[5.998s] [ 80%] [34m[1mGenerating Python code for ROS interfaces[0m
[6.557s] [ 80%] Built target carla_ros_scenario_runner_types__py
[6.568s] [ 81%] [32mBuilding C object CMakeFiles/carla_ros_scenario_runner_types__rosidl_generator_py.dir/rosidl_generator_py/carla_ros_scenario_runner_types/msg/_carla_scenario_s.c.o[0m
[6.568s] [ 83%] [32mBuilding C object CMakeFiles/carla_ros_scenario_runner_types__rosidl_generator_py.dir/rosidl_generator_py/carla_ros_scenario_runner_types/msg/_carla_scenario_list_s.c.o[0m
[6.568s] [ 85%] [32mBuilding C object CMakeFiles/carla_ros_scenario_runner_types__rosidl_generator_py.dir/rosidl_generator_py/carla_ros_scenario_runner_types/msg/_carla_scenario_runner_status_s.c.o[0m
[6.568s] [ 87%] [32mBuilding C object CMakeFiles/carla_ros_scenario_runner_types__rosidl_generator_py.dir/rosidl_generator_py/carla_ros_scenario_runner_types/srv/_execute_scenario_s.c.o[0m
[6.693s] [ 89%] [32m[1mLinking C shared library rosidl_generator_py/carla_ros_scenario_runner_types/libcarla_ros_scenario_runner_types__rosidl_generator_py.so[0m
[6.722s] [ 89%] Built target carla_ros_scenario_runner_types__rosidl_generator_py
[6.734s] [ 90%] [32mBuilding C object CMakeFiles/carla_ros_scenario_runner_types__rosidl_typesupport_fastrtps_c__pyext.dir/rosidl_generator_py/carla_ros_scenario_runner_types/_carla_ros_scenario_runner_types_s.ep.rosidl_typesupport_fastrtps_c.c.o[0m
[6.734s] [ 94%] [32mBuilding C object CMakeFiles/carla_ros_scenario_runner_types__rosidl_typesupport_introspection_c__pyext.dir/rosidl_generator_py/carla_ros_scenario_runner_types/_carla_ros_scenario_runner_types_s.ep.rosidl_typesupport_introspection_c.c.o[0m
[6.734s] [ 94%] [32mBuilding C object CMakeFiles/carla_ros_scenario_runner_types__rosidl_typesupport_c__pyext.dir/rosidl_generator_py/carla_ros_scenario_runner_types/_carla_ros_scenario_runner_types_s.ep.rosidl_typesupport_c.c.o[0m
[6.831s] [ 96%] [32m[1mLinking C shared library rosidl_generator_py/carla_ros_scenario_runner_types/carla_ros_scenario_runner_types_s__rosidl_typesupport_c.cpython-310-x86_64-linux-gnu.so[0m
[6.861s] [ 96%] Built target carla_ros_scenario_runner_types__rosidl_typesupport_c__pyext
[6.873s] [ 98%] [32m[1mLinking C shared library rosidl_generator_py/carla_ros_scenario_runner_types/carla_ros_scenario_runner_types_s__rosidl_typesupport_fastrtps_c.cpython-310-x86_64-linux-gnu.so[0m
[6.873s] [100%] [32m[1mLinking C shared library rosidl_generator_py/carla_ros_scenario_runner_types/carla_ros_scenario_runner_types_s__rosidl_typesupport_introspection_c.cpython-310-x86_64-linux-gnu.so[0m
[6.908s] [100%] Built target carla_ros_scenario_runner_types__rosidl_typesupport_introspection_c__pyext
[6.915s] [100%] Built target carla_ros_scenario_runner_types__rosidl_typesupport_fastrtps_c__pyext
[6.934s] Invoked command in '/home/daniel/code/2025-phd-daniel-guerrero/ros-bridge/build/carla_ros_scenario_runner_types' returned '0': CMAKE_PREFIX_PATH=${CMAKE_PREFIX_PATH}:/home/daniel/code/2025-phd-daniel-guerrero/ros-bridge/install/rqt_carla_control:/home/daniel/code/2025-phd-daniel-guerrero/ros-bridge/install/carla_waypoint_publisher:/home/daniel/code/2025-phd-daniel-guerrero/ros-bridge/install/carla_ackermann_control:/home/daniel/code/2025-phd-daniel-guerrero/ros-bridge/install/carla_ros_bridge:/home/daniel/code/2025-phd-daniel-guerrero/ros-bridge/install/carla_spawn_objects:/home/daniel/code/2025-phd-daniel-guerrero/ros-bridge/install/carla_manual_control:/home/daniel/code/2025-phd-daniel-guerrero/ros-bridge/install/carla_ad_agent:/home/daniel/code/2025-phd-daniel-guerrero/ros-bridge/install/ros_compatibility:/home/daniel/code/2025-phd-daniel-guerrero/ros-bridge/install/carla_walker_agent:/home/daniel/code/2025-phd-daniel-guerrero/ros-bridge/install/carla_twist_to_control:/home/daniel/code/2025-phd-daniel-guerrero/ros-bridge/install/carla_ros_scenario_runner:/home/daniel/code/2025-phd-daniel-guerrero/ros-bridge/install/carla_common:/home/daniel/carla-ros-bridge/install/rqt_carla_control:/home/daniel/carla-ros-bridge/install/carla_waypoint_publisher:/home/daniel/carla-ros-bridge/install/carla_ackermann_control:/home/daniel/carla-ros-bridge/install/carla_ros_bridge:/home/daniel/carla-ros-bridge/install/carla_spawn_objects:/home/daniel/carla-ros-bridge/install/carla_manual_control:/home/daniel/carla-ros-bridge/install/carla_ad_agent:/home/daniel/carla-ros-bridge/install/ros_compatibility:/home/daniel/carla-ros-bridge/install/carla_walker_agent:/home/daniel/carla-ros-bridge/install/carla_twist_to_control:/home/daniel/carla-ros-bridge/install/carla_ros_scenario_runner:/home/daniel/carla-ros-bridge/install/carla_common:/opt/ros/humble /opt/cmake-3.28.3-linux-x86_64/bin/cmake --build /home/daniel/code/2025-phd-daniel-guerrero/ros-bridge/build/carla_ros_scenario_runner_types -- -j12 -l12
[6.938s] Invoking command in '/home/daniel/code/2025-phd-daniel-guerrero/ros-bridge/build/carla_ros_scenario_runner_types': CMAKE_PREFIX_PATH=${CMAKE_PREFIX_PATH}:/home/daniel/code/2025-phd-daniel-guerrero/ros-bridge/install/rqt_carla_control:/home/daniel/code/2025-phd-daniel-guerrero/ros-bridge/install/carla_waypoint_publisher:/home/daniel/code/2025-phd-daniel-guerrero/ros-bridge/install/carla_ackermann_control:/home/daniel/code/2025-phd-daniel-guerrero/ros-bridge/install/carla_ros_bridge:/home/daniel/code/2025-phd-daniel-guerrero/ros-bridge/install/carla_spawn_objects:/home/daniel/code/2025-phd-daniel-guerrero/ros-bridge/install/carla_manual_control:/home/daniel/code/2025-phd-daniel-guerrero/ros-bridge/install/carla_ad_agent:/home/daniel/code/2025-phd-daniel-guerrero/ros-bridge/install/ros_compatibility:/home/daniel/code/2025-phd-daniel-guerrero/ros-bridge/install/carla_walker_agent:/home/daniel/code/2025-phd-daniel-guerrero/ros-bridge/install/carla_twist_to_control:/home/daniel/code/2025-phd-daniel-guerrero/ros-bridge/install/carla_ros_scenario_runner:/home/daniel/code/2025-phd-daniel-guerrero/ros-bridge/install/carla_common:/home/daniel/carla-ros-bridge/install/rqt_carla_control:/home/daniel/carla-ros-bridge/install/carla_waypoint_publisher:/home/daniel/carla-ros-bridge/install/carla_ackermann_control:/home/daniel/carla-ros-bridge/install/carla_ros_bridge:/home/daniel/carla-ros-bridge/install/carla_spawn_objects:/home/daniel/carla-ros-bridge/install/carla_manual_control:/home/daniel/carla-ros-bridge/install/carla_ad_agent:/home/daniel/carla-ros-bridge/install/ros_compatibility:/home/daniel/carla-ros-bridge/install/carla_walker_agent:/home/daniel/carla-ros-bridge/install/carla_twist_to_control:/home/daniel/carla-ros-bridge/install/carla_ros_scenario_runner:/home/daniel/carla-ros-bridge/install/carla_common:/opt/ros/humble /opt/cmake-3.28.3-linux-x86_64/bin/cmake --install /home/daniel/code/2025-phd-daniel-guerrero/ros-bridge/build/carla_ros_scenario_runner_types
[6.941s] -- Install configuration: ""
[6.947s] -- Execute custom install script
[6.948s] -- Symlinking: /home/daniel/code/2025-phd-daniel-guerrero/ros-bridge/install/carla_ros_scenario_runner_types/share/ament_index/resource_index/rosidl_interfaces/carla_ros_scenario_runner_types
[6.952s] -- Symlinking: /home/daniel/code/2025-phd-daniel-guerrero/ros-bridge/install/carla_ros_scenario_runner_types/include/carla_ros_scenario_runner_types/carla_ros_scenario_runner_types/msg/carla_scenario.h
[6.955s] -- Symlinking: /home/daniel/code/2025-phd-daniel-guerrero/ros-bridge/install/carla_ros_scenario_runner_types/include/carla_ros_scenario_runner_types/carla_ros_scenario_runner_types/msg/carla_scenario_list.h
[6.963s] -- Symlinking: /home/daniel/code/2025-phd-daniel-guerrero/ros-bridge/install/carla_ros_scenario_runner_types/include/carla_ros_scenario_runner_types/carla_ros_scenario_runner_types/msg/carla_scenario_runner_status.h
[6.974s] -- Symlinking: /home/daniel/code/2025-phd-daniel-guerrero/ros-bridge/install/carla_ros_scenario_runner_types/include/carla_ros_scenario_runner_types/carla_ros_scenario_runner_types/msg/detail/carla_scenario__functions.h
[6.974s] -- Symlinking: /home/daniel/code/2025-phd-daniel-guerrero/ros-bridge/install/carla_ros_scenario_runner_types/include/carla_ros_scenario_runner_types/carla_ros_scenario_runner_types/msg/detail/carla_scenario__struct.h
[6.981s] -- Symlinking: /home/daniel/code/2025-phd-daniel-guerrero/ros-bridge/install/carla_ros_scenario_runner_types/include/carla_ros_scenario_runner_types/carla_ros_scenario_runner_types/msg/detail/carla_scenario__type_support.h
[6.987s] -- Symlinking: /home/daniel/code/2025-phd-daniel-guerrero/ros-bridge/install/carla_ros_scenario_runner_types/include/carla_ros_scenario_runner_types/carla_ros_scenario_runner_types/msg/detail/carla_scenario_list__functions.h
[6.991s] -- Symlinking: /home/daniel/code/2025-phd-daniel-guerrero/ros-bridge/install/carla_ros_scenario_runner_types/include/carla_ros_scenario_runner_types/carla_ros_scenario_runner_types/msg/detail/carla_scenario_list__struct.h
[6.995s] -- Symlinking: /home/daniel/code/2025-phd-daniel-guerrero/ros-bridge/install/carla_ros_scenario_runner_types/include/carla_ros_scenario_runner_types/carla_ros_scenario_runner_types/msg/detail/carla_scenario_list__type_support.h
[7.000s] -- Symlinking: /home/daniel/code/2025-phd-daniel-guerrero/ros-bridge/install/carla_ros_scenario_runner_types/include/carla_ros_scenario_runner_types/carla_ros_scenario_runner_types/msg/detail/carla_scenario_runner_status__functions.h
[7.004s] -- Symlinking: /home/daniel/code/2025-phd-daniel-guerrero/ros-bridge/install/carla_ros_scenario_runner_types/include/carla_ros_scenario_runner_types/carla_ros_scenario_runner_types/msg/detail/carla_scenario_runner_status__struct.h
[7.007s] -- Symlinking: /home/daniel/code/2025-phd-daniel-guerrero/ros-bridge/install/carla_ros_scenario_runner_types/include/carla_ros_scenario_runner_types/carla_ros_scenario_runner_types/msg/detail/carla_scenario_runner_status__type_support.h
[7.013s] -- Symlinking: /home/daniel/code/2025-phd-daniel-guerrero/ros-bridge/install/carla_ros_scenario_runner_types/include/carla_ros_scenario_runner_types/carla_ros_scenario_runner_types/msg/rosidl_generator_c__visibility_control.h
[7.016s] -- Symlinking: /home/daniel/code/2025-phd-daniel-guerrero/ros-bridge/install/carla_ros_scenario_runner_types/include/carla_ros_scenario_runner_types/carla_ros_scenario_runner_types/srv/detail/execute_scenario__functions.h
[7.022s] -- Symlinking: /home/daniel/code/2025-phd-daniel-guerrero/ros-bridge/install/carla_ros_scenario_runner_types/include/carla_ros_scenario_runner_types/carla_ros_scenario_runner_types/srv/detail/execute_scenario__struct.h
[7.027s] -- Symlinking: /home/daniel/code/2025-phd-daniel-guerrero/ros-bridge/install/carla_ros_scenario_runner_types/include/carla_ros_scenario_runner_types/carla_ros_scenario_runner_types/srv/detail/execute_scenario__type_support.h
[7.030s] -- Symlinking: /home/daniel/code/2025-phd-daniel-guerrero/ros-bridge/install/carla_ros_scenario_runner_types/include/carla_ros_scenario_runner_types/carla_ros_scenario_runner_types/srv/execute_scenario.h
[7.038s] -- Symlinking: /home/daniel/code/2025-phd-daniel-guerrero/ros-bridge/install/carla_ros_scenario_runner_types/share/carla_ros_scenario_runner_types/environment/library_path.sh
[7.042s] -- Symlinking: /home/daniel/code/2025-phd-daniel-guerrero/ros-bridge/install/carla_ros_scenario_runner_types/share/carla_ros_scenario_runner_types/environment/library_path.dsv
[7.046s] -- Symlinking: /home/daniel/code/2025-phd-daniel-guerrero/ros-bridge/install/carla_ros_scenario_runner_types/include/carla_ros_scenario_runner_types/carla_ros_scenario_runner_types/msg/detail/carla_scenario__rosidl_typesupport_fastrtps_c.h
[7.050s] -- Symlinking: /home/daniel/code/2025-phd-daniel-guerrero/ros-bridge/install/carla_ros_scenario_runner_types/include/carla_ros_scenario_runner_types/carla_ros_scenario_runner_types/msg/detail/carla_scenario_list__rosidl_typesupport_fastrtps_c.h
[7.053s] -- Symlinking: /home/daniel/code/2025-phd-daniel-guerrero/ros-bridge/install/carla_ros_scenario_runner_types/include/carla_ros_scenario_runner_types/carla_ros_scenario_runner_types/msg/detail/carla_scenario_runner_status__rosidl_typesupport_fastrtps_c.h
[7.056s] -- Symlinking: /home/daniel/code/2025-phd-daniel-guerrero/ros-bridge/install/carla_ros_scenario_runner_types/include/carla_ros_scenario_runner_types/carla_ros_scenario_runner_types/msg/rosidl_typesupport_fastrtps_c__visibility_control.h
[7.059s] -- Symlinking: /home/daniel/code/2025-phd-daniel-guerrero/ros-bridge/install/carla_ros_scenario_runner_types/include/carla_ros_scenario_runner_types/carla_ros_scenario_runner_types/srv/detail/execute_scenario__rosidl_typesupport_fastrtps_c.h
[7.065s] -- Symlinking: /home/daniel/code/2025-phd-daniel-guerrero/ros-bridge/install/carla_ros_scenario_runner_types/include/carla_ros_scenario_runner_types/carla_ros_scenario_runner_types/msg/carla_scenario.hpp
[7.066s] -- Symlinking: /home/daniel/code/2025-phd-daniel-guerrero/ros-bridge/install/carla_ros_scenario_runner_types/include/carla_ros_scenario_runner_types/carla_ros_scenario_runner_types/msg/carla_scenario_list.hpp
[7.069s] -- Symlinking: /home/daniel/code/2025-phd-daniel-guerrero/ros-bridge/install/carla_ros_scenario_runner_types/include/carla_ros_scenario_runner_types/carla_ros_scenario_runner_types/msg/carla_scenario_runner_status.hpp
[7.072s] -- Symlinking: /home/daniel/code/2025-phd-daniel-guerrero/ros-bridge/install/carla_ros_scenario_runner_types/include/carla_ros_scenario_runner_types/carla_ros_scenario_runner_types/msg/detail/carla_scenario__builder.hpp
[7.075s] -- Symlinking: /home/daniel/code/2025-phd-daniel-guerrero/ros-bridge/install/carla_ros_scenario_runner_types/include/carla_ros_scenario_runner_types/carla_ros_scenario_runner_types/msg/detail/carla_scenario__struct.hpp
[7.077s] -- Symlinking: /home/daniel/code/2025-phd-daniel-guerrero/ros-bridge/install/carla_ros_scenario_runner_types/include/carla_ros_scenario_runner_types/carla_ros_scenario_runner_types/msg/detail/carla_scenario__traits.hpp
[7.080s] -- Symlinking: /home/daniel/code/2025-phd-daniel-guerrero/ros-bridge/install/carla_ros_scenario_runner_types/include/carla_ros_scenario_runner_types/carla_ros_scenario_runner_types/msg/detail/carla_scenario__type_support.hpp
[7.082s] -- Symlinking: /home/daniel/code/2025-phd-daniel-guerrero/ros-bridge/install/carla_ros_scenario_runner_types/include/carla_ros_scenario_runner_types/carla_ros_scenario_runner_types/msg/detail/carla_scenario_list__builder.hpp
[7.085s] -- Symlinking: /home/daniel/code/2025-phd-daniel-guerrero/ros-bridge/install/carla_ros_scenario_runner_types/include/carla_ros_scenario_runner_types/carla_ros_scenario_runner_types/msg/detail/carla_scenario_list__struct.hpp
[7.088s] -- Symlinking: /home/daniel/code/2025-phd-daniel-guerrero/ros-bridge/install/carla_ros_scenario_runner_types/include/carla_ros_scenario_runner_types/carla_ros_scenario_runner_types/msg/detail/carla_scenario_list__traits.hpp
[7.090s] -- Symlinking: /home/daniel/code/2025-phd-daniel-guerrero/ros-bridge/install/carla_ros_scenario_runner_types/include/carla_ros_scenario_runner_types/carla_ros_scenario_runner_types/msg/detail/carla_scenario_list__type_support.hpp
[7.092s] -- Symlinking: /home/daniel/code/2025-phd-daniel-guerrero/ros-bridge/install/carla_ros_scenario_runner_types/include/carla_ros_scenario_runner_types/carla_ros_scenario_runner_types/msg/detail/carla_scenario_runner_status__builder.hpp
[7.095s] -- Symlinking: /home/daniel/code/2025-phd-daniel-guerrero/ros-bridge/install/carla_ros_scenario_runner_types/include/carla_ros_scenario_runner_types/carla_ros_scenario_runner_types/msg/detail/carla_scenario_runner_status__struct.hpp
[7.097s] -- Symlinking: /home/daniel/code/2025-phd-daniel-guerrero/ros-bridge/install/carla_ros_scenario_runner_types/include/carla_ros_scenario_runner_types/carla_ros_scenario_runner_types/msg/detail/carla_scenario_runner_status__traits.hpp
[7.099s] -- Symlinking: /home/daniel/code/2025-phd-daniel-guerrero/ros-bridge/install/carla_ros_scenario_runner_types/include/carla_ros_scenario_runner_types/carla_ros_scenario_runner_types/msg/detail/carla_scenario_runner_status__type_support.hpp
[7.102s] -- Symlinking: /home/daniel/code/2025-phd-daniel-guerrero/ros-bridge/install/carla_ros_scenario_runner_types/include/carla_ros_scenario_runner_types/carla_ros_scenario_runner_types/msg/rosidl_generator_cpp__visibility_control.hpp
[7.104s] -- Symlinking: /home/daniel/code/2025-phd-daniel-guerrero/ros-bridge/install/carla_ros_scenario_runner_types/include/carla_ros_scenario_runner_types/carla_ros_scenario_runner_types/srv/detail/execute_scenario__builder.hpp
[7.107s] -- Symlinking: /home/daniel/code/2025-phd-daniel-guerrero/ros-bridge/install/carla_ros_scenario_runner_types/include/carla_ros_scenario_runner_types/carla_ros_scenario_runner_types/srv/detail/execute_scenario__struct.hpp
[7.109s] -- Symlinking: /home/daniel/code/2025-phd-daniel-guerrero/ros-bridge/install/carla_ros_scenario_runner_types/include/carla_ros_scenario_runner_types/carla_ros_scenario_runner_types/srv/detail/execute_scenario__traits.hpp
[7.111s] -- Symlinking: /home/daniel/code/2025-phd-daniel-guerrero/ros-bridge/install/carla_ros_scenario_runner_types/include/carla_ros_scenario_runner_types/carla_ros_scenario_runner_types/srv/detail/execute_scenario__type_support.hpp
[7.113s] -- Symlinking: /home/daniel/code/2025-phd-daniel-guerrero/ros-bridge/install/carla_ros_scenario_runner_types/include/carla_ros_scenario_runner_types/carla_ros_scenario_runner_types/srv/execute_scenario.hpp
[7.116s] -- Symlinking: /home/daniel/code/2025-phd-daniel-guerrero/ros-bridge/install/carla_ros_scenario_runner_types/include/carla_ros_scenario_runner_types/carla_ros_scenario_runner_types/msg/detail/carla_scenario__rosidl_typesupport_fastrtps_cpp.hpp
[7.119s] -- Symlinking: /home/daniel/code/2025-phd-daniel-guerrero/ros-bridge/install/carla_ros_scenario_runner_types/include/carla_ros_scenario_runner_types/carla_ros_scenario_runner_types/msg/detail/carla_scenario_list__rosidl_typesupport_fastrtps_cpp.hpp
[7.121s] -- Symlinking: /home/daniel/code/2025-phd-daniel-guerrero/ros-bridge/install/carla_ros_scenario_runner_types/include/carla_ros_scenario_runner_types/carla_ros_scenario_runner_types/msg/detail/carla_scenario_runner_status__rosidl_typesupport_fastrtps_cpp.hpp
[7.124s] -- Symlinking: /home/daniel/code/2025-phd-daniel-guerrero/ros-bridge/install/carla_ros_scenario_runner_types/include/carla_ros_scenario_runner_types/carla_ros_scenario_runner_types/msg/rosidl_typesupport_fastrtps_cpp__visibility_control.h
[7.127s] -- Symlinking: /home/daniel/code/2025-phd-daniel-guerrero/ros-bridge/install/carla_ros_scenario_runner_types/include/carla_ros_scenario_runner_types/carla_ros_scenario_runner_types/srv/detail/execute_scenario__rosidl_typesupport_fastrtps_cpp.hpp
[7.131s] -- Symlinking: /home/daniel/code/2025-phd-daniel-guerrero/ros-bridge/install/carla_ros_scenario_runner_types/include/carla_ros_scenario_runner_types/carla_ros_scenario_runner_types/msg/detail/carla_scenario__rosidl_typesupport_introspection_c.h
[7.134s] -- Symlinking: /home/daniel/code/2025-phd-daniel-guerrero/ros-bridge/install/carla_ros_scenario_runner_types/include/carla_ros_scenario_runner_types/carla_ros_scenario_runner_types/msg/detail/carla_scenario_list__rosidl_typesupport_introspection_c.h
[7.138s] -- Symlinking: /home/daniel/code/2025-phd-daniel-guerrero/ros-bridge/install/carla_ros_scenario_runner_types/include/carla_ros_scenario_runner_types/carla_ros_scenario_runner_types/msg/detail/carla_scenario_runner_status__rosidl_typesupport_introspection_c.h
[7.141s] -- Symlinking: /home/daniel/code/2025-phd-daniel-guerrero/ros-bridge/install/carla_ros_scenario_runner_types/include/carla_ros_scenario_runner_types/carla_ros_scenario_runner_types/msg/rosidl_typesupport_introspection_c__visibility_control.h
[7.145s] -- Symlinking: /home/daniel/code/2025-phd-daniel-guerrero/ros-bridge/install/carla_ros_scenario_runner_types/include/carla_ros_scenario_runner_types/carla_ros_scenario_runner_types/srv/detail/execute_scenario__rosidl_typesupport_introspection_c.h
[7.149s] -- Symlinking: /home/daniel/code/2025-phd-daniel-guerrero/ros-bridge/install/carla_ros_scenario_runner_types/include/carla_ros_scenario_runner_types/carla_ros_scenario_runner_types/msg/detail/carla_scenario__rosidl_typesupport_introspection_cpp.hpp
[7.151s] -- Symlinking: /home/daniel/code/2025-phd-daniel-guerrero/ros-bridge/install/carla_ros_scenario_runner_types/include/carla_ros_scenario_runner_types/carla_ros_scenario_runner_types/msg/detail/carla_scenario_list__rosidl_typesupport_introspection_cpp.hpp
[7.153s] -- Symlinking: /home/daniel/code/2025-phd-daniel-guerrero/ros-bridge/install/carla_ros_scenario_runner_types/include/carla_ros_scenario_runner_types/carla_ros_scenario_runner_types/msg/detail/carla_scenario_runner_status__rosidl_typesupport_introspection_cpp.hpp
[7.157s] -- Symlinking: /home/daniel/code/2025-phd-daniel-guerrero/ros-bridge/install/carla_ros_scenario_runner_types/include/carla_ros_scenario_runner_types/carla_ros_scenario_runner_types/srv/detail/execute_scenario__rosidl_typesupport_introspection_cpp.hpp
[7.161s] -- Symlinking: /home/daniel/code/2025-phd-daniel-guerrero/ros-bridge/install/carla_ros_scenario_runner_types/share/carla_ros_scenario_runner_types/environment/pythonpath.sh
[7.164s] -- Symlinking: /home/daniel/code/2025-phd-daniel-guerrero/ros-bridge/install/carla_ros_scenario_runner_types/share/carla_ros_scenario_runner_types/environment/pythonpath.dsv
[7.168s] -- Symlinking: /home/daniel/code/2025-phd-daniel-guerrero/ros-bridge/install/carla_ros_scenario_runner_types/local/lib/python3.10/dist-packages/carla_ros_scenario_runner_types-0.1.0-py3.10.egg-info/PKG-INFO
[7.171s] -- Symlinking: /home/daniel/code/2025-phd-daniel-guerrero/ros-bridge/install/carla_ros_scenario_runner_types/local/lib/python3.10/dist-packages/carla_ros_scenario_runner_types-0.1.0-py3.10.egg-info/SOURCES.txt
[7.174s] -- Symlinking: /home/daniel/code/2025-phd-daniel-guerrero/ros-bridge/install/carla_ros_scenario_runner_types/local/lib/python3.10/dist-packages/carla_ros_scenario_runner_types-0.1.0-py3.10.egg-info/dependency_links.txt
[7.177s] -- Symlinking: /home/daniel/code/2025-phd-daniel-guerrero/ros-bridge/install/carla_ros_scenario_runner_types/local/lib/python3.10/dist-packages/carla_ros_scenario_runner_types-0.1.0-py3.10.egg-info/top_level.txt
[7.183s] -- Symlinking: /home/daniel/code/2025-phd-daniel-guerrero/ros-bridge/install/carla_ros_scenario_runner_types/local/lib/python3.10/dist-packages/carla_ros_scenario_runner_types/__init__.py
[7.189s] -- Symlinking: /home/daniel/code/2025-phd-daniel-guerrero/ros-bridge/install/carla_ros_scenario_runner_types/local/lib/python3.10/dist-packages/carla_ros_scenario_runner_types/_carla_ros_scenario_runner_types_s.ep.rosidl_typesupport_c.c
[7.198s] -- Symlinking: /home/daniel/code/2025-phd-daniel-guerrero/ros-bridge/install/carla_ros_scenario_runner_types/local/lib/python3.10/dist-packages/carla_ros_scenario_runner_types/_carla_ros_scenario_runner_types_s.ep.rosidl_typesupport_fastrtps_c.c
[7.200s] -- Symlinking: /home/daniel/code/2025-phd-daniel-guerrero/ros-bridge/install/carla_ros_scenario_runner_types/local/lib/python3.10/dist-packages/carla_ros_scenario_runner_types/_carla_ros_scenario_runner_types_s.ep.rosidl_typesupport_introspection_c.c
[7.206s] -- Symlinking: /home/daniel/code/2025-phd-daniel-guerrero/ros-bridge/install/carla_ros_scenario_runner_types/local/lib/python3.10/dist-packages/carla_ros_scenario_runner_types/carla_ros_scenario_runner_types_s__rosidl_typesupport_c.cpython-310-x86_64-linux-gnu.so
[7.211s] -- Symlinking: /home/daniel/code/2025-phd-daniel-guerrero/ros-bridge/install/carla_ros_scenario_runner_types/local/lib/python3.10/dist-packages/carla_ros_scenario_runner_types/carla_ros_scenario_runner_types_s__rosidl_typesupport_fastrtps_c.cpython-310-x86_64-linux-gnu.so
[7.221s] -- Symlinking: /home/daniel/code/2025-phd-daniel-guerrero/ros-bridge/install/carla_ros_scenario_runner_types/local/lib/python3.10/dist-packages/carla_ros_scenario_runner_types/carla_ros_scenario_runner_types_s__rosidl_typesupport_introspection_c.cpython-310-x86_64-linux-gnu.so
[7.232s] -- Symlinking: /home/daniel/code/2025-phd-daniel-guerrero/ros-bridge/install/carla_ros_scenario_runner_types/local/lib/python3.10/dist-packages/carla_ros_scenario_runner_types/libcarla_ros_scenario_runner_types__rosidl_generator_py.so
[7.232s] -- Symlinking: /home/daniel/code/2025-phd-daniel-guerrero/ros-bridge/install/carla_ros_scenario_runner_types/local/lib/python3.10/dist-packages/carla_ros_scenario_runner_types/msg/__init__.py
[7.235s] -- Symlinking: /home/daniel/code/2025-phd-daniel-guerrero/ros-bridge/install/carla_ros_scenario_runner_types/local/lib/python3.10/dist-packages/carla_ros_scenario_runner_types/msg/_carla_scenario.py
[7.239s] -- Symlinking: /home/daniel/code/2025-phd-daniel-guerrero/ros-bridge/install/carla_ros_scenario_runner_types/local/lib/python3.10/dist-packages/carla_ros_scenario_runner_types/msg/_carla_scenario_list.py
[7.245s] -- Symlinking: /home/daniel/code/2025-phd-daniel-guerrero/ros-bridge/install/carla_ros_scenario_runner_types/local/lib/python3.10/dist-packages/carla_ros_scenario_runner_types/msg/_carla_scenario_list_s.c
[7.252s] -- Symlinking: /home/daniel/code/2025-phd-daniel-guerrero/ros-bridge/install/carla_ros_scenario_runner_types/local/lib/python3.10/dist-packages/carla_ros_scenario_runner_types/msg/_carla_scenario_runner_status.py
[7.258s] -- Symlinking: /home/daniel/code/2025-phd-daniel-guerrero/ros-bridge/install/carla_ros_scenario_runner_types/local/lib/python3.10/dist-packages/carla_ros_scenario_runner_types/msg/_carla_scenario_runner_status_s.c
[7.265s] -- Symlinking: /home/daniel/code/2025-phd-daniel-guerrero/ros-bridge/install/carla_ros_scenario_runner_types/local/lib/python3.10/dist-packages/carla_ros_scenario_runner_types/msg/_carla_scenario_s.c
[7.273s] -- Symlinking: /home/daniel/code/2025-phd-daniel-guerrero/ros-bridge/install/carla_ros_scenario_runner_types/local/lib/python3.10/dist-packages/carla_ros_scenario_runner_types/srv/__init__.py
[7.281s] -- Symlinking: /home/daniel/code/2025-phd-daniel-guerrero/ros-bridge/install/carla_ros_scenario_runner_types/local/lib/python3.10/dist-packages/carla_ros_scenario_runner_types/srv/_execute_scenario.py
[7.292s] -- Symlinking: /home/daniel/code/2025-phd-daniel-guerrero/ros-bridge/install/carla_ros_scenario_runner_types/local/lib/python3.10/dist-packages/carla_ros_scenario_runner_types/srv/_execute_scenario_s.c
[7.301s] -- Up-to-date symlink: /home/daniel/code/2025-phd-daniel-guerrero/ros-bridge/install/carla_ros_scenario_runner_types/local/lib/python3.10/dist-packages/carla_ros_scenario_runner_types/carla_ros_scenario_runner_types_s__rosidl_typesupport_fastrtps_c.cpython-310-x86_64-linux-gnu.so
[7.302s] -- Up-to-date symlink: /home/daniel/code/2025-phd-daniel-guerrero/ros-bridge/install/carla_ros_scenario_runner_types/local/lib/python3.10/dist-packages/carla_ros_scenario_runner_types/carla_ros_scenario_runner_types_s__rosidl_typesupport_introspection_c.cpython-310-x86_64-linux-gnu.so
[7.302s] -- Up-to-date symlink: /home/daniel/code/2025-phd-daniel-guerrero/ros-bridge/install/carla_ros_scenario_runner_types/local/lib/python3.10/dist-packages/carla_ros_scenario_runner_types/carla_ros_scenario_runner_types_s__rosidl_typesupport_c.cpython-310-x86_64-linux-gnu.so
[7.302s] -- Symlinking: /home/daniel/code/2025-phd-daniel-guerrero/ros-bridge/install/carla_ros_scenario_runner_types/share/carla_ros_scenario_runner_types/msg/CarlaScenario.idl
[7.311s] -- Symlinking: /home/daniel/code/2025-phd-daniel-guerrero/ros-bridge/install/carla_ros_scenario_runner_types/share/carla_ros_scenario_runner_types/msg/CarlaScenarioList.idl
[7.320s] -- Symlinking: /home/daniel/code/2025-phd-daniel-guerrero/ros-bridge/install/carla_ros_scenario_runner_types/share/carla_ros_scenario_runner_types/msg/CarlaScenarioRunnerStatus.idl
[7.325s] -- Symlinking: /home/daniel/code/2025-phd-daniel-guerrero/ros-bridge/install/carla_ros_scenario_runner_types/share/carla_ros_scenario_runner_types/srv/ExecuteScenario.idl
[7.335s] -- Symlinking: /home/daniel/code/2025-phd-daniel-guerrero/ros-bridge/install/carla_ros_scenario_runner_types/share/carla_ros_scenario_runner_types/msg/CarlaScenario.msg
[7.343s] -- Symlinking: /home/daniel/code/2025-phd-daniel-guerrero/ros-bridge/install/carla_ros_scenario_runner_types/share/carla_ros_scenario_runner_types/msg/CarlaScenarioList.msg
[7.344s] -- Symlinking: /home/daniel/code/2025-phd-daniel-guerrero/ros-bridge/install/carla_ros_scenario_runner_types/share/carla_ros_scenario_runner_types/msg/CarlaScenarioRunnerStatus.msg
[7.349s] -- Symlinking: /home/daniel/code/2025-phd-daniel-guerrero/ros-bridge/install/carla_ros_scenario_runner_types/share/carla_ros_scenario_runner_types/srv/ExecuteScenario.srv
[7.356s] -- Symlinking: /home/daniel/code/2025-phd-daniel-guerrero/ros-bridge/install/carla_ros_scenario_runner_types/share/carla_ros_scenario_runner_types/srv/ExecuteScenario_Request.msg
[7.359s] -- Symlinking: /home/daniel/code/2025-phd-daniel-guerrero/ros-bridge/install/carla_ros_scenario_runner_types/share/carla_ros_scenario_runner_types/srv/ExecuteScenario_Response.msg
[7.371s] -- Symlinking: /home/daniel/code/2025-phd-daniel-guerrero/ros-bridge/install/carla_ros_scenario_runner_types/share/ament_index/resource_index/package_run_dependencies/carla_ros_scenario_runner_types
[7.376s] -- Symlinking: /home/daniel/code/2025-phd-daniel-guerrero/ros-bridge/install/carla_ros_scenario_runner_types/share/ament_index/resource_index/parent_prefix_path/carla_ros_scenario_runner_types
[7.382s] -- Symlinking: /home/daniel/code/2025-phd-daniel-guerrero/ros-bridge/install/carla_ros_scenario_runner_types/share/carla_ros_scenario_runner_types/environment/ament_prefix_path.sh
[7.386s] -- Symlinking: /home/daniel/code/2025-phd-daniel-guerrero/ros-bridge/install/carla_ros_scenario_runner_types/share/carla_ros_scenario_runner_types/environment/ament_prefix_path.dsv
[7.391s] -- Symlinking: /home/daniel/code/2025-phd-daniel-guerrero/ros-bridge/install/carla_ros_scenario_runner_types/share/carla_ros_scenario_runner_types/environment/path.sh
[7.396s] -- Symlinking: /home/daniel/code/2025-phd-daniel-guerrero/ros-bridge/install/carla_ros_scenario_runner_types/share/carla_ros_scenario_runner_types/environment/path.dsv
[7.405s] -- Symlinking: /home/daniel/code/2025-phd-daniel-guerrero/ros-bridge/install/carla_ros_scenario_runner_types/share/carla_ros_scenario_runner_types/local_setup.bash
[7.412s] -- Symlinking: /home/daniel/code/2025-phd-daniel-guerrero/ros-bridge/install/carla_ros_scenario_runner_types/share/carla_ros_scenario_runner_types/local_setup.sh
[7.419s] -- Symlinking: /home/daniel/code/2025-phd-daniel-guerrero/ros-bridge/install/carla_ros_scenario_runner_types/share/carla_ros_scenario_runner_types/local_setup.zsh
[7.423s] -- Symlinking: /home/daniel/code/2025-phd-daniel-guerrero/ros-bridge/install/carla_ros_scenario_runner_types/share/carla_ros_scenario_runner_types/local_setup.dsv
[7.427s] -- Symlinking: /home/daniel/code/2025-phd-daniel-guerrero/ros-bridge/install/carla_ros_scenario_runner_types/share/carla_ros_scenario_runner_types/package.dsv
[7.436s] -- Symlinking: /home/daniel/code/2025-phd-daniel-guerrero/ros-bridge/install/carla_ros_scenario_runner_types/share/ament_index/resource_index/packages/carla_ros_scenario_runner_types
[7.447s] -- Symlinking: /home/daniel/code/2025-phd-daniel-guerrero/ros-bridge/install/carla_ros_scenario_runner_types/share/carla_ros_scenario_runner_types/cmake/rosidl_cmake-extras.cmake
[7.458s] -- Symlinking: /home/daniel/code/2025-phd-daniel-guerrero/ros-bridge/install/carla_ros_scenario_runner_types/share/carla_ros_scenario_runner_types/cmake/ament_cmake_export_dependencies-extras.cmake
[7.463s] -- Symlinking: /home/daniel/code/2025-phd-daniel-guerrero/ros-bridge/install/carla_ros_scenario_runner_types/share/carla_ros_scenario_runner_types/cmake/ament_cmake_export_include_directories-extras.cmake
[7.471s] -- Symlinking: /home/daniel/code/2025-phd-daniel-guerrero/ros-bridge/install/carla_ros_scenario_runner_types/share/carla_ros_scenario_runner_types/cmake/ament_cmake_export_libraries-extras.cmake
[7.479s] -- Symlinking: /home/daniel/code/2025-phd-daniel-guerrero/ros-bridge/install/carla_ros_scenario_runner_types/share/carla_ros_scenario_runner_types/cmake/ament_cmake_export_targets-extras.cmake
[7.482s] -- Symlinking: /home/daniel/code/2025-phd-daniel-guerrero/ros-bridge/install/carla_ros_scenario_runner_types/share/carla_ros_scenario_runner_types/cmake/rosidl_cmake_export_typesupport_targets-extras.cmake
[7.486s] -- Symlinking: /home/daniel/code/2025-phd-daniel-guerrero/ros-bridge/install/carla_ros_scenario_runner_types/share/carla_ros_scenario_runner_types/cmake/rosidl_cmake_export_typesupport_libraries-extras.cmake
[7.489s] -- Symlinking: /home/daniel/code/2025-phd-daniel-guerrero/ros-bridge/install/carla_ros_scenario_runner_types/share/carla_ros_scenario_runner_types/cmake/carla_ros_scenario_runner_typesConfig.cmake
[7.493s] -- Symlinking: /home/daniel/code/2025-phd-daniel-guerrero/ros-bridge/install/carla_ros_scenario_runner_types/share/carla_ros_scenario_runner_types/cmake/carla_ros_scenario_runner_typesConfig-version.cmake
[7.499s] -- Symlinking: /home/daniel/code/2025-phd-daniel-guerrero/ros-bridge/install/carla_ros_scenario_runner_types/share/carla_ros_scenario_runner_types/package.xml
[7.504s] -- Installing: /home/daniel/code/2025-phd-daniel-guerrero/ros-bridge/install/carla_ros_scenario_runner_types/lib/libcarla_ros_scenario_runner_types__rosidl_generator_c.so
[7.504s] -- Set non-toolchain portion of runtime path of "/home/daniel/code/2025-phd-daniel-guerrero/ros-bridge/install/carla_ros_scenario_runner_types/lib/libcarla_ros_scenario_runner_types__rosidl_generator_c.so" to ""
[7.504s] -- Installing: /home/daniel/code/2025-phd-daniel-guerrero/ros-bridge/install/carla_ros_scenario_runner_types/lib/libcarla_ros_scenario_runner_types__rosidl_typesupport_fastrtps_c.so
[7.505s] -- Set non-toolchain portion of runtime path of "/home/daniel/code/2025-phd-daniel-guerrero/ros-bridge/install/carla_ros_scenario_runner_types/lib/libcarla_ros_scenario_runner_types__rosidl_typesupport_fastrtps_c.so" to ""
[7.505s] -- Installing: /home/daniel/code/2025-phd-daniel-guerrero/ros-bridge/install/carla_ros_scenario_runner_types/lib/libcarla_ros_scenario_runner_types__rosidl_typesupport_fastrtps_cpp.so
[7.506s] -- Set non-toolchain portion of runtime path of "/home/daniel/code/2025-phd-daniel-guerrero/ros-bridge/install/carla_ros_scenario_runner_types/lib/libcarla_ros_scenario_runner_types__rosidl_typesupport_fastrtps_cpp.so" to ""
[7.506s] -- Installing: /home/daniel/code/2025-phd-daniel-guerrero/ros-bridge/install/carla_ros_scenario_runner_types/lib/libcarla_ros_scenario_runner_types__rosidl_typesupport_introspection_c.so
[7.506s] -- Set non-toolchain portion of runtime path of "/home/daniel/code/2025-phd-daniel-guerrero/ros-bridge/install/carla_ros_scenario_runner_types/lib/libcarla_ros_scenario_runner_types__rosidl_typesupport_introspection_c.so" to ""
[7.506s] -- Installing: /home/daniel/code/2025-phd-daniel-guerrero/ros-bridge/install/carla_ros_scenario_runner_types/lib/libcarla_ros_scenario_runner_types__rosidl_typesupport_c.so
[7.507s] -- Set non-toolchain portion of runtime path of "/home/daniel/code/2025-phd-daniel-guerrero/ros-bridge/install/carla_ros_scenario_runner_types/lib/libcarla_ros_scenario_runner_types__rosidl_typesupport_c.so" to ""
[7.509s] -- Installing: /home/daniel/code/2025-phd-daniel-guerrero/ros-bridge/install/carla_ros_scenario_runner_types/lib/libcarla_ros_scenario_runner_types__rosidl_typesupport_introspection_cpp.so
[7.511s] -- Set non-toolchain portion of runtime path of "/home/daniel/code/2025-phd-daniel-guerrero/ros-bridge/install/carla_ros_scenario_runner_types/lib/libcarla_ros_scenario_runner_types__rosidl_typesupport_introspection_cpp.so" to ""
[7.511s] -- Installing: /home/daniel/code/2025-phd-daniel-guerrero/ros-bridge/install/carla_ros_scenario_runner_types/lib/libcarla_ros_scenario_runner_types__rosidl_typesupport_cpp.so
[7.511s] -- Set non-toolchain portion of runtime path of "/home/daniel/code/2025-phd-daniel-guerrero/ros-bridge/install/carla_ros_scenario_runner_types/lib/libcarla_ros_scenario_runner_types__rosidl_typesupport_cpp.so" to ""
[7.580s] Listing '/home/daniel/code/2025-phd-daniel-guerrero/ros-bridge/install/carla_ros_scenario_runner_types/local/lib/python3.10/dist-packages/carla_ros_scenario_runner_types'...
[7.580s] Compiling '/home/daniel/code/2025-phd-daniel-guerrero/ros-bridge/install/carla_ros_scenario_runner_types/local/lib/python3.10/dist-packages/carla_ros_scenario_runner_types/__init__.py'...
[7.580s] Listing '/home/daniel/code/2025-phd-daniel-guerrero/ros-bridge/install/carla_ros_scenario_runner_types/local/lib/python3.10/dist-packages/carla_ros_scenario_runner_types/msg'...
[7.581s] Compiling '/home/daniel/code/2025-phd-daniel-guerrero/ros-bridge/install/carla_ros_scenario_runner_types/local/lib/python3.10/dist-packages/carla_ros_scenario_runner_types/msg/__init__.py'...
[7.581s] Compiling '/home/daniel/code/2025-phd-daniel-guerrero/ros-bridge/install/carla_ros_scenario_runner_types/local/lib/python3.10/dist-packages/carla_ros_scenario_runner_types/msg/_carla_scenario.py'...
[7.581s] Compiling '/home/daniel/code/2025-phd-daniel-guerrero/ros-bridge/install/carla_ros_scenario_runner_types/local/lib/python3.10/dist-packages/carla_ros_scenario_runner_types/msg/_carla_scenario_list.py'...
[7.581s] Compiling '/home/daniel/code/2025-phd-daniel-guerrero/ros-bridge/install/carla_ros_scenario_runner_types/local/lib/python3.10/dist-packages/carla_ros_scenario_runner_types/msg/_carla_scenario_runner_status.py'...
[7.581s] Listing '/home/daniel/code/2025-phd-daniel-guerrero/ros-bridge/install/carla_ros_scenario_runner_types/local/lib/python3.10/dist-packages/carla_ros_scenario_runner_types/srv'...
[7.581s] Compiling '/home/daniel/code/2025-phd-daniel-guerrero/ros-bridge/install/carla_ros_scenario_runner_types/local/lib/python3.10/dist-packages/carla_ros_scenario_runner_types/srv/__init__.py'...
[7.581s] Compiling '/home/daniel/code/2025-phd-daniel-guerrero/ros-bridge/install/carla_ros_scenario_runner_types/local/lib/python3.10/dist-packages/carla_ros_scenario_runner_types/srv/_execute_scenario.py'...
[7.586s] -- Installing: /home/daniel/code/2025-phd-daniel-guerrero/ros-bridge/install/carla_ros_scenario_runner_types/lib/libcarla_ros_scenario_runner_types__rosidl_generator_py.so
[7.586s] -- Set non-toolchain portion of runtime path of "/home/daniel/code/2025-phd-daniel-guerrero/ros-bridge/install/carla_ros_scenario_runner_types/lib/libcarla_ros_scenario_runner_types__rosidl_generator_py.so" to ""
[7.586s] -- Installing: /home/daniel/code/2025-phd-daniel-guerrero/ros-bridge/install/carla_ros_scenario_runner_types/share/carla_ros_scenario_runner_types/cmake/export_carla_ros_scenario_runner_types__rosidl_generator_cExport.cmake
[7.586s] -- Installing: /home/daniel/code/2025-phd-daniel-guerrero/ros-bridge/install/carla_ros_scenario_runner_types/share/carla_ros_scenario_runner_types/cmake/export_carla_ros_scenario_runner_types__rosidl_generator_cExport-noconfig.cmake
[7.589s] -- Installing: /home/daniel/code/2025-phd-daniel-guerrero/ros-bridge/install/carla_ros_scenario_runner_types/share/carla_ros_scenario_runner_types/cmake/export_carla_ros_scenario_runner_types__rosidl_typesupport_fastrtps_cExport.cmake
[7.589s] -- Installing: /home/daniel/code/2025-phd-daniel-guerrero/ros-bridge/install/carla_ros_scenario_runner_types/share/carla_ros_scenario_runner_types/cmake/export_carla_ros_scenario_runner_types__rosidl_typesupport_fastrtps_cExport-noconfig.cmake
[7.589s] -- Installing: /home/daniel/code/2025-phd-daniel-guerrero/ros-bridge/install/carla_ros_scenario_runner_types/share/carla_ros_scenario_runner_types/cmake/export_carla_ros_scenario_runner_types__rosidl_generator_cppExport.cmake
[7.589s] -- Installing: /home/daniel/code/2025-phd-daniel-guerrero/ros-bridge/install/carla_ros_scenario_runner_types/share/carla_ros_scenario_runner_types/cmake/export_carla_ros_scenario_runner_types__rosidl_typesupport_fastrtps_cppExport.cmake
[7.589s] -- Installing: /home/daniel/code/2025-phd-daniel-guerrero/ros-bridge/install/carla_ros_scenario_runner_types/share/carla_ros_scenario_runner_types/cmake/export_carla_ros_scenario_runner_types__rosidl_typesupport_fastrtps_cppExport-noconfig.cmake
[7.589s] -- Installing: /home/daniel/code/2025-phd-daniel-guerrero/ros-bridge/install/carla_ros_scenario_runner_types/share/carla_ros_scenario_runner_types/cmake/carla_ros_scenario_runner_types__rosidl_typesupport_introspection_cExport.cmake
[7.590s] -- Installing: /home/daniel/code/2025-phd-daniel-guerrero/ros-bridge/install/carla_ros_scenario_runner_types/share/carla_ros_scenario_runner_types/cmake/carla_ros_scenario_runner_types__rosidl_typesupport_introspection_cExport-noconfig.cmake
[7.590s] -- Installing: /home/daniel/code/2025-phd-daniel-guerrero/ros-bridge/install/carla_ros_scenario_runner_types/share/carla_ros_scenario_runner_types/cmake/carla_ros_scenario_runner_types__rosidl_typesupport_cExport.cmake
[7.590s] -- Installing: /home/daniel/code/2025-phd-daniel-guerrero/ros-bridge/install/carla_ros_scenario_runner_types/share/carla_ros_scenario_runner_types/cmake/carla_ros_scenario_runner_types__rosidl_typesupport_cExport-noconfig.cmake
[7.590s] -- Installing: /home/daniel/code/2025-phd-daniel-guerrero/ros-bridge/install/carla_ros_scenario_runner_types/share/carla_ros_scenario_runner_types/cmake/carla_ros_scenario_runner_types__rosidl_typesupport_introspection_cppExport.cmake
[7.590s] -- Installing: /home/daniel/code/2025-phd-daniel-guerrero/ros-bridge/install/carla_ros_scenario_runner_types/share/carla_ros_scenario_runner_types/cmake/carla_ros_scenario_runner_types__rosidl_typesupport_introspection_cppExport-noconfig.cmake
[7.590s] -- Installing: /home/daniel/code/2025-phd-daniel-guerrero/ros-bridge/install/carla_ros_scenario_runner_types/share/carla_ros_scenario_runner_types/cmake/carla_ros_scenario_runner_types__rosidl_typesupport_cppExport.cmake
[7.590s] -- Installing: /home/daniel/code/2025-phd-daniel-guerrero/ros-bridge/install/carla_ros_scenario_runner_types/share/carla_ros_scenario_runner_types/cmake/carla_ros_scenario_runner_types__rosidl_typesupport_cppExport-noconfig.cmake
[7.590s] -- Installing: /home/daniel/code/2025-phd-daniel-guerrero/ros-bridge/install/carla_ros_scenario_runner_types/share/carla_ros_scenario_runner_types/cmake/export_carla_ros_scenario_runner_types__rosidl_generator_pyExport.cmake
[7.590s] -- Installing: /home/daniel/code/2025-phd-daniel-guerrero/ros-bridge/install/carla_ros_scenario_runner_types/share/carla_ros_scenario_runner_types/cmake/export_carla_ros_scenario_runner_types__rosidl_generator_pyExport-noconfig.cmake
[7.593s] Invoked command in '/home/daniel/code/2025-phd-daniel-guerrero/ros-bridge/build/carla_ros_scenario_runner_types' returned '0': CMAKE_PREFIX_PATH=${CMAKE_PREFIX_PATH}:/home/daniel/code/2025-phd-daniel-guerrero/ros-bridge/install/rqt_carla_control:/home/daniel/code/2025-phd-daniel-guerrero/ros-bridge/install/carla_waypoint_publisher:/home/daniel/code/2025-phd-daniel-guerrero/ros-bridge/install/carla_ackermann_control:/home/daniel/code/2025-phd-daniel-guerrero/ros-bridge/install/carla_ros_bridge:/home/daniel/code/2025-phd-daniel-guerrero/ros-bridge/install/carla_spawn_objects:/home/daniel/code/2025-phd-daniel-guerrero/ros-bridge/install/carla_manual_control:/home/daniel/code/2025-phd-daniel-guerrero/ros-bridge/install/carla_ad_agent:/home/daniel/code/2025-phd-daniel-guerrero/ros-bridge/install/ros_compatibility:/home/daniel/code/2025-phd-daniel-guerrero/ros-bridge/install/carla_walker_agent:/home/daniel/code/2025-phd-daniel-guerrero/ros-bridge/install/carla_twist_to_control:/home/daniel/code/2025-phd-daniel-guerrero/ros-bridge/install/carla_ros_scenario_runner:/home/daniel/code/2025-phd-daniel-guerrero/ros-bridge/install/carla_common:/home/daniel/carla-ros-bridge/install/rqt_carla_control:/home/daniel/carla-ros-bridge/install/carla_waypoint_publisher:/home/daniel/carla-ros-bridge/install/carla_ackermann_control:/home/daniel/carla-ros-bridge/install/carla_ros_bridge:/home/daniel/carla-ros-bridge/install/carla_spawn_objects:/home/daniel/carla-ros-bridge/install/carla_manual_control:/home/daniel/carla-ros-bridge/install/carla_ad_agent:/home/daniel/carla-ros-bridge/install/ros_compatibility:/home/daniel/carla-ros-bridge/install/carla_walker_agent:/home/daniel/carla-ros-bridge/install/carla_twist_to_control:/home/daniel/carla-ros-bridge/install/carla_ros_scenario_runner:/home/daniel/carla-ros-bridge/install/carla_common:/opt/ros/humble /opt/cmake-3.28.3-linux-x86_64/bin/cmake --install /home/daniel/code/2025-phd-daniel-guerrero/ros-bridge/build/carla_ros_scenario_runner_types
