[1.138s] Invoking command in '/home/daniel/code/2025-phd-daniel-guerrero/robot_ws/build/carla_waypoint_publisher': AMENT_PREFIX_PATH=/home/daniel/code/2025-phd-daniel-guerrero/robot_ws/install/ros_compatibility:/home/daniel/code/2025-phd-daniel-guerrero/robot_ws/install/carla_waypoint_types:${AMENT_PREFIX_PATH} CMAKE_PREFIX_PATH=/home/daniel/code/2025-phd-daniel-guerrero/robot_ws/install/carla_waypoint_types LD_LIBRARY_PATH=/home/daniel/code/2025-phd-daniel-guerrero/robot_ws/install/carla_waypoint_types/lib:${LD_LIBRARY_PATH} PYTHONPATH=/home/daniel/code/2025-phd-daniel-guerrero/robot_ws/build/carla_waypoint_publisher/prefix_override:/usr/lib/python3/dist-packages/colcon_core/task/python/colcon_distutils_commands:/home/daniel/code/2025-phd-daniel-guerrero/robot_ws/install/carla_waypoint_publisher/lib/python3.10/site-packages:/home/daniel/code/2025-phd-daniel-guerrero/robot_ws/build/ros_compatibility/src:/home/daniel/code/2025-phd-daniel-guerrero/robot_ws/install/ros_compatibility/lib/python3.10/site-packages:/home/daniel/code/2025-phd-daniel-guerrero/robot_ws/install/carla_waypoint_types/local/lib/python3.10/dist-packages:${PYTHONPATH} /usr/bin/python3 -W ignore:setup.py install is deprecated -W ignore:easy_install command is deprecated setup.py develop --editable --build-directory /home/daniel/code/2025-phd-daniel-guerrero/robot_ws/build/carla_waypoint_publisher/build --no-deps symlink_data
[1.685s] running develop
[1.838s] running egg_info
[1.838s] creating src/carla_waypoint_publisher.egg-info
[1.838s] writing src/carla_waypoint_publisher.egg-info/PKG-INFO
[1.838s] writing dependency_links to src/carla_waypoint_publisher.egg-info/dependency_links.txt
[1.838s] writing entry points to src/carla_waypoint_publisher.egg-info/entry_points.txt
[1.838s] writing requirements to src/carla_waypoint_publisher.egg-info/requires.txt
[1.838s] writing top-level names to src/carla_waypoint_publisher.egg-info/top_level.txt
[1.838s] writing manifest file 'src/carla_waypoint_publisher.egg-info/SOURCES.txt'
[1.840s] reading manifest file 'src/carla_waypoint_publisher.egg-info/SOURCES.txt'
[1.840s] writing manifest file 'src/carla_waypoint_publisher.egg-info/SOURCES.txt'
[1.872s] running build_ext
[1.872s] Creating /home/daniel/code/2025-phd-daniel-guerrero/robot_ws/install/carla_waypoint_publisher/lib/python3.10/site-packages/carla-waypoint-publisher.egg-link (link to src)
[1.873s] Installing carla_waypoint_publisher script to /home/daniel/code/2025-phd-daniel-guerrero/robot_ws/install/carla_waypoint_publisher/lib/carla_waypoint_publisher
[1.873s] 
[1.873s] Installed /home/daniel/code/2025-phd-daniel-guerrero/robot_ws/build/carla_waypoint_publisher/src
[1.873s] running symlink_data
[1.873s] creating /home/daniel/code/2025-phd-daniel-guerrero/robot_ws/install/carla_waypoint_publisher/share/ament_index
[1.873s] creating /home/daniel/code/2025-phd-daniel-guerrero/robot_ws/install/carla_waypoint_publisher/share/ament_index/resource_index
[1.873s] creating /home/daniel/code/2025-phd-daniel-guerrero/robot_ws/install/carla_waypoint_publisher/share/ament_index/resource_index/packages
[1.873s] symbolically linking /home/daniel/code/2025-phd-daniel-guerrero/robot_ws/build/carla_waypoint_publisher/resource/carla_waypoint_publisher -> /home/daniel/code/2025-phd-daniel-guerrero/robot_ws/install/carla_waypoint_publisher/share/ament_index/resource_index/packages
[1.873s] symbolically linking /home/daniel/code/2025-phd-daniel-guerrero/robot_ws/build/carla_waypoint_publisher/package.xml -> /home/daniel/code/2025-phd-daniel-guerrero/robot_ws/install/carla_waypoint_publisher/share/carla_waypoint_publisher
[1.873s] symbolically linking /home/daniel/code/2025-phd-daniel-guerrero/robot_ws/build/carla_waypoint_publisher/launch/carla_waypoint_publisher.launch.py -> /home/daniel/code/2025-phd-daniel-guerrero/robot_ws/install/carla_waypoint_publisher/share/carla_waypoint_publisher
[1.903s] Invoked command in '/home/daniel/code/2025-phd-daniel-guerrero/robot_ws/build/carla_waypoint_publisher' returned '0': AMENT_PREFIX_PATH=/home/daniel/code/2025-phd-daniel-guerrero/robot_ws/install/ros_compatibility:/home/daniel/code/2025-phd-daniel-guerrero/robot_ws/install/carla_waypoint_types:${AMENT_PREFIX_PATH} CMAKE_PREFIX_PATH=/home/daniel/code/2025-phd-daniel-guerrero/robot_ws/install/carla_waypoint_types LD_LIBRARY_PATH=/home/daniel/code/2025-phd-daniel-guerrero/robot_ws/install/carla_waypoint_types/lib:${LD_LIBRARY_PATH} PYTHONPATH=/home/daniel/code/2025-phd-daniel-guerrero/robot_ws/build/carla_waypoint_publisher/prefix_override:/usr/lib/python3/dist-packages/colcon_core/task/python/colcon_distutils_commands:/home/daniel/code/2025-phd-daniel-guerrero/robot_ws/install/carla_waypoint_publisher/lib/python3.10/site-packages:/home/daniel/code/2025-phd-daniel-guerrero/robot_ws/build/ros_compatibility/src:/home/daniel/code/2025-phd-daniel-guerrero/robot_ws/install/ros_compatibility/lib/python3.10/site-packages:/home/daniel/code/2025-phd-daniel-guerrero/robot_ws/install/carla_waypoint_types/local/lib/python3.10/dist-packages:${PYTHONPATH} /usr/bin/python3 -W ignore:setup.py install is deprecated -W ignore:easy_install command is deprecated setup.py develop --editable --build-directory /home/daniel/code/2025-phd-daniel-guerrero/robot_ws/build/carla_waypoint_publisher/build --no-deps symlink_data
