[1.877s] Invoking command in '/home/daniel/code/2025-phd-daniel-guerrero/robot_ws/build/carla_manual_control': AMENT_PREFIX_PATH=/home/daniel/code/2025-phd-daniel-guerrero/robot_ws/install/ros_compatibility:/home/daniel/code/2025-phd-daniel-guerrero/robot_ws/install/carla_msgs:${AMENT_PREFIX_PATH} CMAKE_PREFIX_PATH=/home/daniel/code/2025-phd-daniel-guerrero/robot_ws/install/carla_msgs LD_LIBRARY_PATH=/home/daniel/code/2025-phd-daniel-guerrero/robot_ws/install/carla_msgs/lib:${LD_LIBRARY_PATH} PYTHONPATH=/home/daniel/code/2025-phd-daniel-guerrero/robot_ws/build/carla_manual_control/prefix_override:/usr/lib/python3/dist-packages/colcon_core/task/python/colcon_distutils_commands:/home/daniel/code/2025-phd-daniel-guerrero/robot_ws/install/carla_manual_control/lib/python3.10/site-packages:/home/daniel/code/2025-phd-daniel-guerrero/robot_ws/build/ros_compatibility/src:/home/daniel/code/2025-phd-daniel-guerrero/robot_ws/install/ros_compatibility/lib/python3.10/site-packages:/home/daniel/code/2025-phd-daniel-guerrero/robot_ws/install/carla_msgs/local/lib/python3.10/dist-packages:${PYTHONPATH} /usr/bin/python3 -W ignore:setup.py install is deprecated -W ignore:easy_install command is deprecated setup.py develop --editable --build-directory /home/daniel/code/2025-phd-daniel-guerrero/robot_ws/build/carla_manual_control/build --no-deps symlink_data
[2.199s] running develop
[2.354s] running egg_info
[2.354s] creating src/carla_manual_control.egg-info
[2.354s] writing src/carla_manual_control.egg-info/PKG-INFO
[2.354s] writing dependency_links to src/carla_manual_control.egg-info/dependency_links.txt
[2.355s] writing entry points to src/carla_manual_control.egg-info/entry_points.txt
[2.355s] writing requirements to src/carla_manual_control.egg-info/requires.txt
[2.355s] writing top-level names to src/carla_manual_control.egg-info/top_level.txt
[2.355s] writing manifest file 'src/carla_manual_control.egg-info/SOURCES.txt'
[2.356s] reading manifest file 'src/carla_manual_control.egg-info/SOURCES.txt'
[2.356s] writing manifest file 'src/carla_manual_control.egg-info/SOURCES.txt'
[2.394s] running build_ext
[2.394s] Creating /home/daniel/code/2025-phd-daniel-guerrero/robot_ws/install/carla_manual_control/lib/python3.10/site-packages/carla-manual-control.egg-link (link to src)
[2.394s] Installing carla_manual_control script to /home/daniel/code/2025-phd-daniel-guerrero/robot_ws/install/carla_manual_control/lib/carla_manual_control
[2.395s] 
[2.395s] Installed /home/daniel/code/2025-phd-daniel-guerrero/robot_ws/build/carla_manual_control/src
[2.395s] running symlink_data
[2.395s] creating /home/daniel/code/2025-phd-daniel-guerrero/robot_ws/install/carla_manual_control/share/ament_index
[2.395s] creating /home/daniel/code/2025-phd-daniel-guerrero/robot_ws/install/carla_manual_control/share/ament_index/resource_index
[2.395s] creating /home/daniel/code/2025-phd-daniel-guerrero/robot_ws/install/carla_manual_control/share/ament_index/resource_index/packages
[2.395s] symbolically linking /home/daniel/code/2025-phd-daniel-guerrero/robot_ws/build/carla_manual_control/resource/carla_manual_control -> /home/daniel/code/2025-phd-daniel-guerrero/robot_ws/install/carla_manual_control/share/ament_index/resource_index/packages
[2.395s] symbolically linking /home/daniel/code/2025-phd-daniel-guerrero/robot_ws/build/carla_manual_control/package.xml -> /home/daniel/code/2025-phd-daniel-guerrero/robot_ws/install/carla_manual_control/share/carla_manual_control
[2.396s] symbolically linking /home/daniel/code/2025-phd-daniel-guerrero/robot_ws/build/carla_manual_control/launch/carla_manual_control.launch.py -> /home/daniel/code/2025-phd-daniel-guerrero/robot_ws/install/carla_manual_control/share/carla_manual_control
[2.429s] Invoked command in '/home/daniel/code/2025-phd-daniel-guerrero/robot_ws/build/carla_manual_control' returned '0': AMENT_PREFIX_PATH=/home/daniel/code/2025-phd-daniel-guerrero/robot_ws/install/ros_compatibility:/home/daniel/code/2025-phd-daniel-guerrero/robot_ws/install/carla_msgs:${AMENT_PREFIX_PATH} CMAKE_PREFIX_PATH=/home/daniel/code/2025-phd-daniel-guerrero/robot_ws/install/carla_msgs LD_LIBRARY_PATH=/home/daniel/code/2025-phd-daniel-guerrero/robot_ws/install/carla_msgs/lib:${LD_LIBRARY_PATH} PYTHONPATH=/home/daniel/code/2025-phd-daniel-guerrero/robot_ws/build/carla_manual_control/prefix_override:/usr/lib/python3/dist-packages/colcon_core/task/python/colcon_distutils_commands:/home/daniel/code/2025-phd-daniel-guerrero/robot_ws/install/carla_manual_control/lib/python3.10/site-packages:/home/daniel/code/2025-phd-daniel-guerrero/robot_ws/build/ros_compatibility/src:/home/daniel/code/2025-phd-daniel-guerrero/robot_ws/install/ros_compatibility/lib/python3.10/site-packages:/home/daniel/code/2025-phd-daniel-guerrero/robot_ws/install/carla_msgs/local/lib/python3.10/dist-packages:${PYTHONPATH} /usr/bin/python3 -W ignore:setup.py install is deprecated -W ignore:easy_install command is deprecated setup.py develop --editable --build-directory /home/daniel/code/2025-phd-daniel-guerrero/robot_ws/build/carla_manual_control/build --no-deps symlink_data
