running develop
running egg_info
creating src/carla_ros_bridge.egg-info
writing src/carla_ros_bridge.egg-info/PKG-INFO
writing dependency_links to src/carla_ros_bridge.egg-info/dependency_links.txt
writing entry points to src/carla_ros_bridge.egg-info/entry_points.txt
writing requirements to src/carla_ros_bridge.egg-info/requires.txt
writing top-level names to src/carla_ros_bridge.egg-info/top_level.txt
writing manifest file 'src/carla_ros_bridge.egg-info/SOURCES.txt'
reading manifest file 'src/carla_ros_bridge.egg-info/SOURCES.txt'
writing manifest file 'src/carla_ros_bridge.egg-info/SOURCES.txt'
running build_ext
Creating /home/daniel/code/2025-phd-daniel-guerrero/robot_ws/install/carla_ros_bridge/lib/python3.10/site-packages/carla-ros-bridge.egg-link (link to src)
Installing bridge script to /home/daniel/code/2025-phd-daniel-guerrero/robot_ws/install/carla_ros_bridge/lib/carla_ros_bridge

Installed /home/daniel/code/2025-phd-daniel-guerrero/robot_ws/build/carla_ros_bridge/src
running symlink_data
creating /home/daniel/code/2025-phd-daniel-guerrero/robot_ws/install/carla_ros_bridge/share/ament_index
creating /home/daniel/code/2025-phd-daniel-guerrero/robot_ws/install/carla_ros_bridge/share/ament_index/resource_index
creating /home/daniel/code/2025-phd-daniel-guerrero/robot_ws/install/carla_ros_bridge/share/ament_index/resource_index/packages
symbolically linking /home/daniel/code/2025-phd-daniel-guerrero/robot_ws/build/carla_ros_bridge/resource/carla_ros_bridge -> /home/daniel/code/2025-phd-daniel-guerrero/robot_ws/install/carla_ros_bridge/share/ament_index/resource_index/packages
symbolically linking /home/daniel/code/2025-phd-daniel-guerrero/robot_ws/build/carla_ros_bridge/package.xml -> /home/daniel/code/2025-phd-daniel-guerrero/robot_ws/install/carla_ros_bridge/share/carla_ros_bridge
symbolically linking /home/daniel/code/2025-phd-daniel-guerrero/robot_ws/build/carla_ros_bridge/launch/carla_ros_bridge.launch.py -> /home/daniel/code/2025-phd-daniel-guerrero/robot_ws/install/carla_ros_bridge/share/carla_ros_bridge
symbolically linking /home/daniel/code/2025-phd-daniel-guerrero/robot_ws/build/carla_ros_bridge/launch/carla_ros_bridge_with_example_ego_vehicle.launch.py -> /home/daniel/code/2025-phd-daniel-guerrero/robot_ws/install/carla_ros_bridge/share/carla_ros_bridge
creating /home/daniel/code/2025-phd-daniel-guerrero/robot_ws/install/carla_ros_bridge/share/carla_ros_bridge/test
symbolically linking /home/daniel/code/2025-phd-daniel-guerrero/robot_ws/build/carla_ros_bridge/test/test_objects.json -> /home/daniel/code/2025-phd-daniel-guerrero/robot_ws/install/carla_ros_bridge/share/carla_ros_bridge/test
