[0.713s] Invoking command in '/home/daniel/code/2025-phd-daniel-guerrero/robot_ws/build/carla_ros_bridge': AMENT_PREFIX_PATH=/home/daniel/code/2025-phd-daniel-guerrero/robot_ws/install/carla_spawn_objects:/home/daniel/code/2025-phd-daniel-guerrero/robot_ws/install/carla_manual_control:/home/daniel/code/2025-phd-daniel-guerrero/robot_ws/install/ros_compatibility:/home/daniel/code/2025-phd-daniel-guerrero/robot_ws/install/carla_msgs:/home/daniel/code/2025-phd-daniel-guerrero/robot_ws/install/carla_common:${AMENT_PREFIX_PATH} CMAKE_PREFIX_PATH=/home/daniel/code/2025-phd-daniel-guerrero/robot_ws/install/carla_msgs LD_LIBRARY_PATH=/home/daniel/code/2025-phd-daniel-guerrero/robot_ws/install/carla_msgs/lib:${LD_LIBRARY_PATH} PYTHONPATH=/home/daniel/code/2025-phd-daniel-guerrero/robot_ws/build/carla_ros_bridge/prefix_override:/usr/lib/python3/dist-packages/colcon_core/task/python/colcon_distutils_commands:/home/daniel/code/2025-phd-daniel-guerrero/robot_ws/install/carla_ros_bridge/lib/python3.10/site-packages:/home/daniel/code/2025-phd-daniel-guerrero/robot_ws/build/carla_spawn_objects:/home/daniel/code/2025-phd-daniel-guerrero/robot_ws/install/carla_spawn_objects/lib/python3.10/site-packages:/home/daniel/code/2025-phd-daniel-guerrero/robot_ws/build/carla_manual_control/src:/home/daniel/code/2025-phd-daniel-guerrero/robot_ws/install/carla_manual_control/lib/python3.10/site-packages:/home/daniel/code/2025-phd-daniel-guerrero/robot_ws/build/ros_compatibility/src:/home/daniel/code/2025-phd-daniel-guerrero/robot_ws/install/ros_compatibility/lib/python3.10/site-packages:/home/daniel/code/2025-phd-daniel-guerrero/robot_ws/install/carla_msgs/local/lib/python3.10/dist-packages:/home/daniel/code/2025-phd-daniel-guerrero/robot_ws/build/carla_common/src:/home/daniel/code/2025-phd-daniel-guerrero/robot_ws/install/carla_common/lib/python3.10/site-packages:${PYTHONPATH} /usr/bin/python3 -W ignore:setup.py install is deprecated -W ignore:easy_install command is deprecated setup.py develop --editable --build-directory /home/daniel/code/2025-phd-daniel-guerrero/robot_ws/build/carla_ros_bridge/build --no-deps symlink_data
[1.057s] running develop
[1.216s] running egg_info
[1.216s] creating src/carla_ros_bridge.egg-info
[1.216s] writing src/carla_ros_bridge.egg-info/PKG-INFO
[1.217s] writing dependency_links to src/carla_ros_bridge.egg-info/dependency_links.txt
[1.217s] writing entry points to src/carla_ros_bridge.egg-info/entry_points.txt
[1.217s] writing requirements to src/carla_ros_bridge.egg-info/requires.txt
[1.217s] writing top-level names to src/carla_ros_bridge.egg-info/top_level.txt
[1.217s] writing manifest file 'src/carla_ros_bridge.egg-info/SOURCES.txt'
[1.219s] reading manifest file 'src/carla_ros_bridge.egg-info/SOURCES.txt'
[1.219s] writing manifest file 'src/carla_ros_bridge.egg-info/SOURCES.txt'
[1.253s] running build_ext
[1.253s] Creating /home/daniel/code/2025-phd-daniel-guerrero/robot_ws/install/carla_ros_bridge/lib/python3.10/site-packages/carla-ros-bridge.egg-link (link to src)
[1.253s] Installing bridge script to /home/daniel/code/2025-phd-daniel-guerrero/robot_ws/install/carla_ros_bridge/lib/carla_ros_bridge
[1.253s] 
[1.253s] Installed /home/daniel/code/2025-phd-daniel-guerrero/robot_ws/build/carla_ros_bridge/src
[1.254s] running symlink_data
[1.254s] creating /home/daniel/code/2025-phd-daniel-guerrero/robot_ws/install/carla_ros_bridge/share/ament_index
[1.254s] creating /home/daniel/code/2025-phd-daniel-guerrero/robot_ws/install/carla_ros_bridge/share/ament_index/resource_index
[1.254s] creating /home/daniel/code/2025-phd-daniel-guerrero/robot_ws/install/carla_ros_bridge/share/ament_index/resource_index/packages
[1.254s] symbolically linking /home/daniel/code/2025-phd-daniel-guerrero/robot_ws/build/carla_ros_bridge/resource/carla_ros_bridge -> /home/daniel/code/2025-phd-daniel-guerrero/robot_ws/install/carla_ros_bridge/share/ament_index/resource_index/packages
[1.254s] symbolically linking /home/daniel/code/2025-phd-daniel-guerrero/robot_ws/build/carla_ros_bridge/package.xml -> /home/daniel/code/2025-phd-daniel-guerrero/robot_ws/install/carla_ros_bridge/share/carla_ros_bridge
[1.254s] symbolically linking /home/daniel/code/2025-phd-daniel-guerrero/robot_ws/build/carla_ros_bridge/launch/carla_ros_bridge.launch.py -> /home/daniel/code/2025-phd-daniel-guerrero/robot_ws/install/carla_ros_bridge/share/carla_ros_bridge
[1.254s] symbolically linking /home/daniel/code/2025-phd-daniel-guerrero/robot_ws/build/carla_ros_bridge/launch/carla_ros_bridge_with_example_ego_vehicle.launch.py -> /home/daniel/code/2025-phd-daniel-guerrero/robot_ws/install/carla_ros_bridge/share/carla_ros_bridge
[1.254s] creating /home/daniel/code/2025-phd-daniel-guerrero/robot_ws/install/carla_ros_bridge/share/carla_ros_bridge/test
[1.254s] symbolically linking /home/daniel/code/2025-phd-daniel-guerrero/robot_ws/build/carla_ros_bridge/test/test_objects.json -> /home/daniel/code/2025-phd-daniel-guerrero/robot_ws/install/carla_ros_bridge/share/carla_ros_bridge/test
[1.287s] Invoked command in '/home/daniel/code/2025-phd-daniel-guerrero/robot_ws/build/carla_ros_bridge' returned '0': AMENT_PREFIX_PATH=/home/daniel/code/2025-phd-daniel-guerrero/robot_ws/install/carla_spawn_objects:/home/daniel/code/2025-phd-daniel-guerrero/robot_ws/install/carla_manual_control:/home/daniel/code/2025-phd-daniel-guerrero/robot_ws/install/ros_compatibility:/home/daniel/code/2025-phd-daniel-guerrero/robot_ws/install/carla_msgs:/home/daniel/code/2025-phd-daniel-guerrero/robot_ws/install/carla_common:${AMENT_PREFIX_PATH} CMAKE_PREFIX_PATH=/home/daniel/code/2025-phd-daniel-guerrero/robot_ws/install/carla_msgs LD_LIBRARY_PATH=/home/daniel/code/2025-phd-daniel-guerrero/robot_ws/install/carla_msgs/lib:${LD_LIBRARY_PATH} PYTHONPATH=/home/daniel/code/2025-phd-daniel-guerrero/robot_ws/build/carla_ros_bridge/prefix_override:/usr/lib/python3/dist-packages/colcon_core/task/python/colcon_distutils_commands:/home/daniel/code/2025-phd-daniel-guerrero/robot_ws/install/carla_ros_bridge/lib/python3.10/site-packages:/home/daniel/code/2025-phd-daniel-guerrero/robot_ws/build/carla_spawn_objects:/home/daniel/code/2025-phd-daniel-guerrero/robot_ws/install/carla_spawn_objects/lib/python3.10/site-packages:/home/daniel/code/2025-phd-daniel-guerrero/robot_ws/build/carla_manual_control/src:/home/daniel/code/2025-phd-daniel-guerrero/robot_ws/install/carla_manual_control/lib/python3.10/site-packages:/home/daniel/code/2025-phd-daniel-guerrero/robot_ws/build/ros_compatibility/src:/home/daniel/code/2025-phd-daniel-guerrero/robot_ws/install/ros_compatibility/lib/python3.10/site-packages:/home/daniel/code/2025-phd-daniel-guerrero/robot_ws/install/carla_msgs/local/lib/python3.10/dist-packages:/home/daniel/code/2025-phd-daniel-guerrero/robot_ws/build/carla_common/src:/home/daniel/code/2025-phd-daniel-guerrero/robot_ws/install/carla_common/lib/python3.10/site-packages:${PYTHONPATH} /usr/bin/python3 -W ignore:setup.py install is deprecated -W ignore:easy_install command is deprecated setup.py develop --editable --build-directory /home/daniel/code/2025-phd-daniel-guerrero/robot_ws/build/carla_ros_bridge/build --no-deps symlink_data
