[1.663s] Invoking command in '/home/daniel/code/2025-phd-daniel-guerrero/robot_ws/build/carla_twist_to_control': PYTHONPATH=/home/daniel/code/2025-phd-daniel-guerrero/robot_ws/build/carla_twist_to_control/prefix_override:/usr/lib/python3/dist-packages/colcon_core/task/python/colcon_distutils_commands:/home/daniel/code/2025-phd-daniel-guerrero/robot_ws/install/carla_twist_to_control/lib/python3.10/site-packages:${PYTHONPATH} /usr/bin/python3 -W ignore:setup.py install is deprecated -W ignore:easy_install command is deprecated setup.py develop --editable --build-directory /home/daniel/code/2025-phd-daniel-guerrero/robot_ws/build/carla_twist_to_control/build --no-deps symlink_data
[2.007s] running develop
[2.177s] running egg_info
[2.177s] creating src/carla_twist_to_control.egg-info
[2.178s] writing src/carla_twist_to_control.egg-info/PKG-INFO
[2.178s] writing dependency_links to src/carla_twist_to_control.egg-info/dependency_links.txt
[2.178s] writing entry points to src/carla_twist_to_control.egg-info/entry_points.txt
[2.178s] writing requirements to src/carla_twist_to_control.egg-info/requires.txt
[2.178s] writing top-level names to src/carla_twist_to_control.egg-info/top_level.txt
[2.178s] writing manifest file 'src/carla_twist_to_control.egg-info/SOURCES.txt'
[2.179s] reading manifest file 'src/carla_twist_to_control.egg-info/SOURCES.txt'
[2.180s] writing manifest file 'src/carla_twist_to_control.egg-info/SOURCES.txt'
[2.212s] running build_ext
[2.212s] Creating /home/daniel/code/2025-phd-daniel-guerrero/robot_ws/install/carla_twist_to_control/lib/python3.10/site-packages/carla-twist-to-control.egg-link (link to src)
[2.213s] Installing carla_twist_to_control script to /home/daniel/code/2025-phd-daniel-guerrero/robot_ws/install/carla_twist_to_control/lib/carla_twist_to_control
[2.213s] 
[2.213s] Installed /home/daniel/code/2025-phd-daniel-guerrero/robot_ws/build/carla_twist_to_control/src
[2.213s] running symlink_data
[2.213s] creating /home/daniel/code/2025-phd-daniel-guerrero/robot_ws/install/carla_twist_to_control/share/ament_index
[2.214s] creating /home/daniel/code/2025-phd-daniel-guerrero/robot_ws/install/carla_twist_to_control/share/ament_index/resource_index
[2.214s] creating /home/daniel/code/2025-phd-daniel-guerrero/robot_ws/install/carla_twist_to_control/share/ament_index/resource_index/packages
[2.214s] symbolically linking /home/daniel/code/2025-phd-daniel-guerrero/robot_ws/build/carla_twist_to_control/resource/carla_twist_to_control -> /home/daniel/code/2025-phd-daniel-guerrero/robot_ws/install/carla_twist_to_control/share/ament_index/resource_index/packages
[2.214s] symbolically linking /home/daniel/code/2025-phd-daniel-guerrero/robot_ws/build/carla_twist_to_control/package.xml -> /home/daniel/code/2025-phd-daniel-guerrero/robot_ws/install/carla_twist_to_control/share/carla_twist_to_control
[2.214s] symbolically linking /home/daniel/code/2025-phd-daniel-guerrero/robot_ws/build/carla_twist_to_control/launch/carla_twist_to_control.launch.py -> /home/daniel/code/2025-phd-daniel-guerrero/robot_ws/install/carla_twist_to_control/share/carla_twist_to_control
[2.245s] Invoked command in '/home/daniel/code/2025-phd-daniel-guerrero/robot_ws/build/carla_twist_to_control' returned '0': PYTHONPATH=/home/daniel/code/2025-phd-daniel-guerrero/robot_ws/build/carla_twist_to_control/prefix_override:/usr/lib/python3/dist-packages/colcon_core/task/python/colcon_distutils_commands:/home/daniel/code/2025-phd-daniel-guerrero/robot_ws/install/carla_twist_to_control/lib/python3.10/site-packages:${PYTHONPATH} /usr/bin/python3 -W ignore:setup.py install is deprecated -W ignore:easy_install command is deprecated setup.py develop --editable --build-directory /home/daniel/code/2025-phd-daniel-guerrero/robot_ws/build/carla_twist_to_control/build --no-deps symlink_data
