[0.096s] DEBUG:colcon:Command line arguments: ['/usr/bin/colcon', 'build', '--packages-select', 'carla_control_camera']
[0.096s] DEBUG:colcon:Parsed command line arguments: Namespace(log_base=None, log_level=None, verb_name='build', build_base='build', install_base='install', merge_install=False, symlink_install=False, test_result_base=None, continue_on_error=False, executor='parallel', parallel_workers=12, event_handlers=None, ignore_user_meta=False, metas=['./colcon.meta'], base_paths=['.'], packages_ignore=None, packages_ignore_regex=None, paths=None, packages_up_to=None, packages_up_to_regex=None, packages_above=None, packages_above_and_dependencies=None, packages_above_depth=None, packages_select_by_dep=None, packages_skip_by_dep=None, packages_skip_up_to=None, packages_select_build_failed=False, packages_skip_build_finished=False, packages_select_test_failures=False, packages_skip_test_passed=False, packages_select=['carla_control_camera'], packages_skip=None, packages_select_regex=None, packages_skip_regex=None, packages_start=None, packages_end=None, allow_overriding=[], cmake_args=None, cmake_target=None, cmake_target_skip_unavailable=False, cmake_clean_cache=False, cmake_clean_first=False, cmake_force_configure=False, ament_cmake_args=None, catkin_cmake_args=None, catkin_skip_building_tests=False, mixin_files=None, mixin=None, verb_parser=<colcon_mixin.mixin.mixin_argument.MixinArgumentDecorator object at 0x7ca00f96dc00>, verb_extension=<colcon_core.verb.build.BuildVerb object at 0x7ca00fa9f0a0>, main=<bound method BuildVerb.main of <colcon_core.verb.build.BuildVerb object at 0x7ca00fa9f0a0>>, mixin_verb=('build',))
[0.268s] Level 1:colcon.colcon_core.package_discovery:discover_packages(colcon_meta) check parameters
[0.268s] Level 1:colcon.colcon_core.package_discovery:discover_packages(recursive) check parameters
[0.268s] Level 1:colcon.colcon_core.package_discovery:discover_packages(ignore) check parameters
[0.268s] Level 1:colcon.colcon_core.package_discovery:discover_packages(path) check parameters
[0.268s] Level 1:colcon.colcon_core.package_discovery:discover_packages(colcon_meta) discover
[0.268s] Level 1:colcon.colcon_core.package_discovery:discover_packages(recursive) discover
[0.268s] INFO:colcon.colcon_core.package_discovery:Crawling recursively for packages in '/home/daniel/code/2025-phd-daniel-guerrero/ros-bridge'
[0.268s] Level 1:colcon.colcon_core.package_identification:_identify(.) by extensions ['ignore', 'ignore_ament_install']
[0.268s] Level 1:colcon.colcon_core.package_identification:_identify(.) by extension 'ignore'
[0.268s] Level 1:colcon.colcon_core.package_identification:_identify(.) by extension 'ignore_ament_install'
[0.268s] Level 1:colcon.colcon_core.package_identification:_identify(.) by extensions ['colcon_pkg']
[0.268s] Level 1:colcon.colcon_core.package_identification:_identify(.) by extension 'colcon_pkg'
[0.268s] Level 1:colcon.colcon_core.package_identification:_identify(.) by extensions ['colcon_meta']
[0.268s] Level 1:colcon.colcon_core.package_identification:_identify(.) by extension 'colcon_meta'
[0.268s] Level 1:colcon.colcon_core.package_identification:_identify(.) by extensions ['ros']
[0.268s] Level 1:colcon.colcon_core.package_identification:_identify(.) by extension 'ros'
[0.282s] Level 1:colcon.colcon_core.package_identification:_identify(.) by extensions ['cmake', 'python']
[0.282s] Level 1:colcon.colcon_core.package_identification:_identify(.) by extension 'cmake'
[0.282s] Level 1:colcon.colcon_core.package_identification:_identify(.) by extension 'python'
[0.282s] Level 1:colcon.colcon_core.package_identification:_identify(.) by extensions ['python_setup_py']
[0.282s] Level 1:colcon.colcon_core.package_identification:_identify(.) by extension 'python_setup_py'
[0.282s] Level 1:colcon.colcon_core.package_identification:_identify(build) by extensions ['ignore', 'ignore_ament_install']
[0.282s] Level 1:colcon.colcon_core.package_identification:_identify(build) by extension 'ignore'
[0.282s] Level 1:colcon.colcon_core.package_identification:_identify(build) ignored
[0.282s] Level 1:colcon.colcon_core.package_identification:_identify(install) by extensions ['ignore', 'ignore_ament_install']
[0.282s] Level 1:colcon.colcon_core.package_identification:_identify(install) by extension 'ignore'
[0.282s] Level 1:colcon.colcon_core.package_identification:_identify(install) ignored
[0.282s] Level 1:colcon.colcon_core.package_identification:_identify(log) by extensions ['ignore', 'ignore_ament_install']
[0.282s] Level 1:colcon.colcon_core.package_identification:_identify(log) by extension 'ignore'
[0.282s] Level 1:colcon.colcon_core.package_identification:_identify(log) ignored
[0.282s] Level 1:colcon.colcon_core.package_identification:_identify(src) by extensions ['ignore', 'ignore_ament_install']
[0.282s] Level 1:colcon.colcon_core.package_identification:_identify(src) by extension 'ignore'
[0.283s] Level 1:colcon.colcon_core.package_identification:_identify(src) by extension 'ignore_ament_install'
[0.283s] Level 1:colcon.colcon_core.package_identification:_identify(src) by extensions ['colcon_pkg']
[0.283s] Level 1:colcon.colcon_core.package_identification:_identify(src) by extension 'colcon_pkg'
[0.283s] Level 1:colcon.colcon_core.package_identification:_identify(src) by extensions ['colcon_meta']
[0.283s] Level 1:colcon.colcon_core.package_identification:_identify(src) by extension 'colcon_meta'
[0.283s] Level 1:colcon.colcon_core.package_identification:_identify(src) by extensions ['ros']
[0.283s] Level 1:colcon.colcon_core.package_identification:_identify(src) by extension 'ros'
[0.283s] Level 1:colcon.colcon_core.package_identification:_identify(src) by extensions ['cmake', 'python']
[0.283s] Level 1:colcon.colcon_core.package_identification:_identify(src) by extension 'cmake'
[0.283s] Level 1:colcon.colcon_core.package_identification:_identify(src) by extension 'python'
[0.283s] Level 1:colcon.colcon_core.package_identification:_identify(src) by extensions ['python_setup_py']
[0.283s] Level 1:colcon.colcon_core.package_identification:_identify(src) by extension 'python_setup_py'
[0.283s] Level 1:colcon.colcon_core.package_identification:_identify(src/carla_ackermann_control) by extensions ['ignore', 'ignore_ament_install']
[0.283s] Level 1:colcon.colcon_core.package_identification:_identify(src/carla_ackermann_control) by extension 'ignore'
[0.283s] Level 1:colcon.colcon_core.package_identification:_identify(src/carla_ackermann_control) by extension 'ignore_ament_install'
[0.283s] Level 1:colcon.colcon_core.package_identification:_identify(src/carla_ackermann_control) by extensions ['colcon_pkg']
[0.283s] Level 1:colcon.colcon_core.package_identification:_identify(src/carla_ackermann_control) by extension 'colcon_pkg'
[0.283s] Level 1:colcon.colcon_core.package_identification:_identify(src/carla_ackermann_control) by extensions ['colcon_meta']
[0.283s] Level 1:colcon.colcon_core.package_identification:_identify(src/carla_ackermann_control) by extension 'colcon_meta'
[0.283s] Level 1:colcon.colcon_core.package_identification:_identify(src/carla_ackermann_control) by extensions ['ros']
[0.283s] Level 1:colcon.colcon_core.package_identification:_identify(src/carla_ackermann_control) by extension 'ros'
[0.288s] DEBUG:colcon.colcon_core.package_identification:Package 'src/carla_ackermann_control' with type 'ros.ament_python' and name 'carla_ackermann_control'
[0.288s] Level 1:colcon.colcon_core.package_identification:_identify(src/carla_ackermann_msgs) by extensions ['ignore', 'ignore_ament_install']
[0.288s] Level 1:colcon.colcon_core.package_identification:_identify(src/carla_ackermann_msgs) by extension 'ignore'
[0.288s] Level 1:colcon.colcon_core.package_identification:_identify(src/carla_ackermann_msgs) by extension 'ignore_ament_install'
[0.288s] Level 1:colcon.colcon_core.package_identification:_identify(src/carla_ackermann_msgs) by extensions ['colcon_pkg']
[0.288s] Level 1:colcon.colcon_core.package_identification:_identify(src/carla_ackermann_msgs) by extension 'colcon_pkg'
[0.288s] Level 1:colcon.colcon_core.package_identification:_identify(src/carla_ackermann_msgs) by extensions ['colcon_meta']
[0.288s] Level 1:colcon.colcon_core.package_identification:_identify(src/carla_ackermann_msgs) by extension 'colcon_meta'
[0.288s] Level 1:colcon.colcon_core.package_identification:_identify(src/carla_ackermann_msgs) by extensions ['ros']
[0.288s] Level 1:colcon.colcon_core.package_identification:_identify(src/carla_ackermann_msgs) by extension 'ros'
[0.291s] DEBUG:colcon.colcon_core.package_identification:Package 'src/carla_ackermann_msgs' with type 'ros.ament_cmake' and name 'carla_ackermann_msgs'
[0.291s] Level 1:colcon.colcon_core.package_identification:_identify(src/carla_ad_agent) by extensions ['ignore', 'ignore_ament_install']
[0.291s] Level 1:colcon.colcon_core.package_identification:_identify(src/carla_ad_agent) by extension 'ignore'
[0.291s] Level 1:colcon.colcon_core.package_identification:_identify(src/carla_ad_agent) by extension 'ignore_ament_install'
[0.291s] Level 1:colcon.colcon_core.package_identification:_identify(src/carla_ad_agent) by extensions ['colcon_pkg']
[0.291s] Level 1:colcon.colcon_core.package_identification:_identify(src/carla_ad_agent) by extension 'colcon_pkg'
[0.291s] Level 1:colcon.colcon_core.package_identification:_identify(src/carla_ad_agent) by extensions ['colcon_meta']
[0.291s] Level 1:colcon.colcon_core.package_identification:_identify(src/carla_ad_agent) by extension 'colcon_meta'
[0.291s] Level 1:colcon.colcon_core.package_identification:_identify(src/carla_ad_agent) by extensions ['ros']
[0.291s] Level 1:colcon.colcon_core.package_identification:_identify(src/carla_ad_agent) by extension 'ros'
[0.294s] DEBUG:colcon.colcon_core.package_identification:Package 'src/carla_ad_agent' with type 'ros.ament_python' and name 'carla_ad_agent'
[0.294s] Level 1:colcon.colcon_core.package_identification:_identify(src/carla_ad_demo) by extensions ['ignore', 'ignore_ament_install']
[0.294s] Level 1:colcon.colcon_core.package_identification:_identify(src/carla_ad_demo) by extension 'ignore'
[0.294s] Level 1:colcon.colcon_core.package_identification:_identify(src/carla_ad_demo) by extension 'ignore_ament_install'
[0.294s] Level 1:colcon.colcon_core.package_identification:_identify(src/carla_ad_demo) by extensions ['colcon_pkg']
[0.294s] Level 1:colcon.colcon_core.package_identification:_identify(src/carla_ad_demo) by extension 'colcon_pkg'
[0.294s] Level 1:colcon.colcon_core.package_identification:_identify(src/carla_ad_demo) by extensions ['colcon_meta']
[0.294s] Level 1:colcon.colcon_core.package_identification:_identify(src/carla_ad_demo) by extension 'colcon_meta'
[0.294s] Level 1:colcon.colcon_core.package_identification:_identify(src/carla_ad_demo) by extensions ['ros']
[0.294s] Level 1:colcon.colcon_core.package_identification:_identify(src/carla_ad_demo) by extension 'ros'
[0.296s] DEBUG:colcon.colcon_core.package_identification:Package 'src/carla_ad_demo' with type 'ros.ament_cmake' and name 'carla_ad_demo'
[0.296s] Level 1:colcon.colcon_core.package_identification:_identify(src/carla_common) by extensions ['ignore', 'ignore_ament_install']
[0.296s] Level 1:colcon.colcon_core.package_identification:_identify(src/carla_common) by extension 'ignore'
[0.296s] Level 1:colcon.colcon_core.package_identification:_identify(src/carla_common) by extension 'ignore_ament_install'
[0.296s] Level 1:colcon.colcon_core.package_identification:_identify(src/carla_common) by extensions ['colcon_pkg']
[0.296s] Level 1:colcon.colcon_core.package_identification:_identify(src/carla_common) by extension 'colcon_pkg'
[0.296s] Level 1:colcon.colcon_core.package_identification:_identify(src/carla_common) by extensions ['colcon_meta']
[0.296s] Level 1:colcon.colcon_core.package_identification:_identify(src/carla_common) by extension 'colcon_meta'
[0.296s] Level 1:colcon.colcon_core.package_identification:_identify(src/carla_common) by extensions ['ros']
[0.296s] Level 1:colcon.colcon_core.package_identification:_identify(src/carla_common) by extension 'ros'
[0.297s] DEBUG:colcon.colcon_core.package_identification:Package 'src/carla_common' with type 'ros.ament_python' and name 'carla_common'
[0.297s] Level 1:colcon.colcon_core.package_identification:_identify(src/carla_control_camera) by extensions ['ignore', 'ignore_ament_install']
[0.297s] Level 1:colcon.colcon_core.package_identification:_identify(src/carla_control_camera) by extension 'ignore'
[0.297s] Level 1:colcon.colcon_core.package_identification:_identify(src/carla_control_camera) by extension 'ignore_ament_install'
[0.297s] Level 1:colcon.colcon_core.package_identification:_identify(src/carla_control_camera) by extensions ['colcon_pkg']
[0.297s] Level 1:colcon.colcon_core.package_identification:_identify(src/carla_control_camera) by extension 'colcon_pkg'
[0.297s] Level 1:colcon.colcon_core.package_identification:_identify(src/carla_control_camera) by extensions ['colcon_meta']
[0.297s] Level 1:colcon.colcon_core.package_identification:_identify(src/carla_control_camera) by extension 'colcon_meta'
[0.297s] Level 1:colcon.colcon_core.package_identification:_identify(src/carla_control_camera) by extensions ['ros']
[0.297s] Level 1:colcon.colcon_core.package_identification:_identify(src/carla_control_camera) by extension 'ros'
[0.298s] DEBUG:colcon.colcon_core.package_identification:Package 'src/carla_control_camera' with type 'ros.ament_python' and name 'carla_control_camera'
[0.298s] Level 1:colcon.colcon_core.package_identification:_identify(src/carla_manual_control) by extensions ['ignore', 'ignore_ament_install']
[0.298s] Level 1:colcon.colcon_core.package_identification:_identify(src/carla_manual_control) by extension 'ignore'
[0.298s] Level 1:colcon.colcon_core.package_identification:_identify(src/carla_manual_control) by extension 'ignore_ament_install'
[0.298s] Level 1:colcon.colcon_core.package_identification:_identify(src/carla_manual_control) by extensions ['colcon_pkg']
[0.298s] Level 1:colcon.colcon_core.package_identification:_identify(src/carla_manual_control) by extension 'colcon_pkg'
[0.298s] Level 1:colcon.colcon_core.package_identification:_identify(src/carla_manual_control) by extensions ['colcon_meta']
[0.298s] Level 1:colcon.colcon_core.package_identification:_identify(src/carla_manual_control) by extension 'colcon_meta'
[0.298s] Level 1:colcon.colcon_core.package_identification:_identify(src/carla_manual_control) by extensions ['ros']
[0.298s] Level 1:colcon.colcon_core.package_identification:_identify(src/carla_manual_control) by extension 'ros'
[0.300s] DEBUG:colcon.colcon_core.package_identification:Package 'src/carla_manual_control' with type 'ros.ament_python' and name 'carla_manual_control'
[0.300s] Level 1:colcon.colcon_core.package_identification:_identify(src/carla_msgs) by extensions ['ignore', 'ignore_ament_install']
[0.300s] Level 1:colcon.colcon_core.package_identification:_identify(src/carla_msgs) by extension 'ignore'
[0.301s] Level 1:colcon.colcon_core.package_identification:_identify(src/carla_msgs) by extension 'ignore_ament_install'
[0.301s] Level 1:colcon.colcon_core.package_identification:_identify(src/carla_msgs) by extensions ['colcon_pkg']
[0.301s] Level 1:colcon.colcon_core.package_identification:_identify(src/carla_msgs) by extension 'colcon_pkg'
[0.301s] Level 1:colcon.colcon_core.package_identification:_identify(src/carla_msgs) by extensions ['colcon_meta']
[0.301s] Level 1:colcon.colcon_core.package_identification:_identify(src/carla_msgs) by extension 'colcon_meta'
[0.301s] Level 1:colcon.colcon_core.package_identification:_identify(src/carla_msgs) by extensions ['ros']
[0.301s] Level 1:colcon.colcon_core.package_identification:_identify(src/carla_msgs) by extension 'ros'
[0.303s] DEBUG:colcon.colcon_core.package_identification:Package 'src/carla_msgs' with type 'ros.ament_cmake' and name 'carla_msgs'
[0.303s] Level 1:colcon.colcon_core.package_identification:_identify(src/carla_ros_bridge) by extensions ['ignore', 'ignore_ament_install']
[0.303s] Level 1:colcon.colcon_core.package_identification:_identify(src/carla_ros_bridge) by extension 'ignore'
[0.304s] Level 1:colcon.colcon_core.package_identification:_identify(src/carla_ros_bridge) by extension 'ignore_ament_install'
[0.304s] Level 1:colcon.colcon_core.package_identification:_identify(src/carla_ros_bridge) by extensions ['colcon_pkg']
[0.304s] Level 1:colcon.colcon_core.package_identification:_identify(src/carla_ros_bridge) by extension 'colcon_pkg'
[0.304s] Level 1:colcon.colcon_core.package_identification:_identify(src/carla_ros_bridge) by extensions ['colcon_meta']
[0.304s] Level 1:colcon.colcon_core.package_identification:_identify(src/carla_ros_bridge) by extension 'colcon_meta'
[0.304s] Level 1:colcon.colcon_core.package_identification:_identify(src/carla_ros_bridge) by extensions ['ros']
[0.304s] Level 1:colcon.colcon_core.package_identification:_identify(src/carla_ros_bridge) by extension 'ros'
[0.307s] DEBUG:colcon.colcon_core.package_identification:Package 'src/carla_ros_bridge' with type 'ros.ament_python' and name 'carla_ros_bridge'
[0.307s] Level 1:colcon.colcon_core.package_identification:_identify(src/carla_ros_scenario_runner) by extensions ['ignore', 'ignore_ament_install']
[0.307s] Level 1:colcon.colcon_core.package_identification:_identify(src/carla_ros_scenario_runner) by extension 'ignore'
[0.307s] Level 1:colcon.colcon_core.package_identification:_identify(src/carla_ros_scenario_runner) by extension 'ignore_ament_install'
[0.307s] Level 1:colcon.colcon_core.package_identification:_identify(src/carla_ros_scenario_runner) by extensions ['colcon_pkg']
[0.307s] Level 1:colcon.colcon_core.package_identification:_identify(src/carla_ros_scenario_runner) by extension 'colcon_pkg'
[0.307s] Level 1:colcon.colcon_core.package_identification:_identify(src/carla_ros_scenario_runner) by extensions ['colcon_meta']
[0.307s] Level 1:colcon.colcon_core.package_identification:_identify(src/carla_ros_scenario_runner) by extension 'colcon_meta'
[0.307s] Level 1:colcon.colcon_core.package_identification:_identify(src/carla_ros_scenario_runner) by extensions ['ros']
[0.307s] Level 1:colcon.colcon_core.package_identification:_identify(src/carla_ros_scenario_runner) by extension 'ros'
[0.309s] DEBUG:colcon.colcon_core.package_identification:Package 'src/carla_ros_scenario_runner' with type 'ros.ament_python' and name 'carla_ros_scenario_runner'
[0.309s] Level 1:colcon.colcon_core.package_identification:_identify(src/carla_ros_scenario_runner_types) by extensions ['ignore', 'ignore_ament_install']
[0.309s] Level 1:colcon.colcon_core.package_identification:_identify(src/carla_ros_scenario_runner_types) by extension 'ignore'
[0.309s] Level 1:colcon.colcon_core.package_identification:_identify(src/carla_ros_scenario_runner_types) by extension 'ignore_ament_install'
[0.309s] Level 1:colcon.colcon_core.package_identification:_identify(src/carla_ros_scenario_runner_types) by extensions ['colcon_pkg']
[0.309s] Level 1:colcon.colcon_core.package_identification:_identify(src/carla_ros_scenario_runner_types) by extension 'colcon_pkg'
[0.309s] Level 1:colcon.colcon_core.package_identification:_identify(src/carla_ros_scenario_runner_types) by extensions ['colcon_meta']
[0.309s] Level 1:colcon.colcon_core.package_identification:_identify(src/carla_ros_scenario_runner_types) by extension 'colcon_meta'
[0.309s] Level 1:colcon.colcon_core.package_identification:_identify(src/carla_ros_scenario_runner_types) by extensions ['ros']
[0.309s] Level 1:colcon.colcon_core.package_identification:_identify(src/carla_ros_scenario_runner_types) by extension 'ros'
[0.312s] DEBUG:colcon.colcon_core.package_identification:Package 'src/carla_ros_scenario_runner_types' with type 'ros.ament_cmake' and name 'carla_ros_scenario_runner_types'
[0.312s] Level 1:colcon.colcon_core.package_identification:_identify(src/carla_spawn_objects) by extensions ['ignore', 'ignore_ament_install']
[0.312s] Level 1:colcon.colcon_core.package_identification:_identify(src/carla_spawn_objects) by extension 'ignore'
[0.312s] Level 1:colcon.colcon_core.package_identification:_identify(src/carla_spawn_objects) by extension 'ignore_ament_install'
[0.312s] Level 1:colcon.colcon_core.package_identification:_identify(src/carla_spawn_objects) by extensions ['colcon_pkg']
[0.312s] Level 1:colcon.colcon_core.package_identification:_identify(src/carla_spawn_objects) by extension 'colcon_pkg'
[0.312s] Level 1:colcon.colcon_core.package_identification:_identify(src/carla_spawn_objects) by extensions ['colcon_meta']
[0.312s] Level 1:colcon.colcon_core.package_identification:_identify(src/carla_spawn_objects) by extension 'colcon_meta'
[0.312s] Level 1:colcon.colcon_core.package_identification:_identify(src/carla_spawn_objects) by extensions ['ros']
[0.312s] Level 1:colcon.colcon_core.package_identification:_identify(src/carla_spawn_objects) by extension 'ros'
[0.314s] DEBUG:colcon.colcon_core.package_identification:Package 'src/carla_spawn_objects' with type 'ros.ament_python' and name 'carla_spawn_objects'
[0.314s] Level 1:colcon.colcon_core.package_identification:_identify(src/carla_twist_to_control) by extensions ['ignore', 'ignore_ament_install']
[0.314s] Level 1:colcon.colcon_core.package_identification:_identify(src/carla_twist_to_control) by extension 'ignore'
[0.314s] Level 1:colcon.colcon_core.package_identification:_identify(src/carla_twist_to_control) by extension 'ignore_ament_install'
[0.314s] Level 1:colcon.colcon_core.package_identification:_identify(src/carla_twist_to_control) by extensions ['colcon_pkg']
[0.314s] Level 1:colcon.colcon_core.package_identification:_identify(src/carla_twist_to_control) by extension 'colcon_pkg'
[0.314s] Level 1:colcon.colcon_core.package_identification:_identify(src/carla_twist_to_control) by extensions ['colcon_meta']
[0.314s] Level 1:colcon.colcon_core.package_identification:_identify(src/carla_twist_to_control) by extension 'colcon_meta'
[0.315s] Level 1:colcon.colcon_core.package_identification:_identify(src/carla_twist_to_control) by extensions ['ros']
[0.315s] Level 1:colcon.colcon_core.package_identification:_identify(src/carla_twist_to_control) by extension 'ros'
[0.317s] DEBUG:colcon.colcon_core.package_identification:Package 'src/carla_twist_to_control' with type 'ros.ament_python' and name 'carla_twist_to_control'
[0.317s] Level 1:colcon.colcon_core.package_identification:_identify(src/carla_walker_agent) by extensions ['ignore', 'ignore_ament_install']
[0.317s] Level 1:colcon.colcon_core.package_identification:_identify(src/carla_walker_agent) by extension 'ignore'
[0.317s] Level 1:colcon.colcon_core.package_identification:_identify(src/carla_walker_agent) by extension 'ignore_ament_install'
[0.317s] Level 1:colcon.colcon_core.package_identification:_identify(src/carla_walker_agent) by extensions ['colcon_pkg']
[0.317s] Level 1:colcon.colcon_core.package_identification:_identify(src/carla_walker_agent) by extension 'colcon_pkg'
[0.317s] Level 1:colcon.colcon_core.package_identification:_identify(src/carla_walker_agent) by extensions ['colcon_meta']
[0.317s] Level 1:colcon.colcon_core.package_identification:_identify(src/carla_walker_agent) by extension 'colcon_meta'
[0.317s] Level 1:colcon.colcon_core.package_identification:_identify(src/carla_walker_agent) by extensions ['ros']
[0.317s] Level 1:colcon.colcon_core.package_identification:_identify(src/carla_walker_agent) by extension 'ros'
[0.319s] DEBUG:colcon.colcon_core.package_identification:Package 'src/carla_walker_agent' with type 'ros.ament_python' and name 'carla_walker_agent'
[0.320s] Level 1:colcon.colcon_core.package_identification:_identify(src/carla_waypoint_publisher) by extensions ['ignore', 'ignore_ament_install']
[0.320s] Level 1:colcon.colcon_core.package_identification:_identify(src/carla_waypoint_publisher) by extension 'ignore'
[0.320s] Level 1:colcon.colcon_core.package_identification:_identify(src/carla_waypoint_publisher) by extension 'ignore_ament_install'
[0.320s] Level 1:colcon.colcon_core.package_identification:_identify(src/carla_waypoint_publisher) by extensions ['colcon_pkg']
[0.320s] Level 1:colcon.colcon_core.package_identification:_identify(src/carla_waypoint_publisher) by extension 'colcon_pkg'
[0.320s] Level 1:colcon.colcon_core.package_identification:_identify(src/carla_waypoint_publisher) by extensions ['colcon_meta']
[0.320s] Level 1:colcon.colcon_core.package_identification:_identify(src/carla_waypoint_publisher) by extension 'colcon_meta'
[0.320s] Level 1:colcon.colcon_core.package_identification:_identify(src/carla_waypoint_publisher) by extensions ['ros']
[0.320s] Level 1:colcon.colcon_core.package_identification:_identify(src/carla_waypoint_publisher) by extension 'ros'
[0.322s] DEBUG:colcon.colcon_core.package_identification:Package 'src/carla_waypoint_publisher' with type 'ros.ament_python' and name 'carla_waypoint_publisher'
[0.322s] Level 1:colcon.colcon_core.package_identification:_identify(src/carla_waypoint_types) by extensions ['ignore', 'ignore_ament_install']
[0.322s] Level 1:colcon.colcon_core.package_identification:_identify(src/carla_waypoint_types) by extension 'ignore'
[0.322s] Level 1:colcon.colcon_core.package_identification:_identify(src/carla_waypoint_types) by extension 'ignore_ament_install'
[0.322s] Level 1:colcon.colcon_core.package_identification:_identify(src/carla_waypoint_types) by extensions ['colcon_pkg']
[0.322s] Level 1:colcon.colcon_core.package_identification:_identify(src/carla_waypoint_types) by extension 'colcon_pkg'
[0.322s] Level 1:colcon.colcon_core.package_identification:_identify(src/carla_waypoint_types) by extensions ['colcon_meta']
[0.322s] Level 1:colcon.colcon_core.package_identification:_identify(src/carla_waypoint_types) by extension 'colcon_meta'
[0.322s] Level 1:colcon.colcon_core.package_identification:_identify(src/carla_waypoint_types) by extensions ['ros']
[0.322s] Level 1:colcon.colcon_core.package_identification:_identify(src/carla_waypoint_types) by extension 'ros'
[0.324s] DEBUG:colcon.colcon_core.package_identification:Package 'src/carla_waypoint_types' with type 'ros.ament_cmake' and name 'carla_waypoint_types'
[0.324s] Level 1:colcon.colcon_core.package_identification:_identify(src/docker) by extensions ['ignore', 'ignore_ament_install']
[0.324s] Level 1:colcon.colcon_core.package_identification:_identify(src/docker) by extension 'ignore'
[0.324s] Level 1:colcon.colcon_core.package_identification:_identify(src/docker) by extension 'ignore_ament_install'
[0.324s] Level 1:colcon.colcon_core.package_identification:_identify(src/docker) by extensions ['colcon_pkg']
[0.324s] Level 1:colcon.colcon_core.package_identification:_identify(src/docker) by extension 'colcon_pkg'
[0.324s] Level 1:colcon.colcon_core.package_identification:_identify(src/docker) by extensions ['colcon_meta']
[0.324s] Level 1:colcon.colcon_core.package_identification:_identify(src/docker) by extension 'colcon_meta'
[0.324s] Level 1:colcon.colcon_core.package_identification:_identify(src/docker) by extensions ['ros']
[0.324s] Level 1:colcon.colcon_core.package_identification:_identify(src/docker) by extension 'ros'
[0.324s] Level 1:colcon.colcon_core.package_identification:_identify(src/docker) by extensions ['cmake', 'python']
[0.324s] Level 1:colcon.colcon_core.package_identification:_identify(src/docker) by extension 'cmake'
[0.324s] Level 1:colcon.colcon_core.package_identification:_identify(src/docker) by extension 'python'
[0.324s] Level 1:colcon.colcon_core.package_identification:_identify(src/docker) by extensions ['python_setup_py']
[0.324s] Level 1:colcon.colcon_core.package_identification:_identify(src/docker) by extension 'python_setup_py'
[0.325s] Level 1:colcon.colcon_core.package_identification:_identify(src/docker/content) by extensions ['ignore', 'ignore_ament_install']
[0.325s] Level 1:colcon.colcon_core.package_identification:_identify(src/docker/content) by extension 'ignore'
[0.325s] Level 1:colcon.colcon_core.package_identification:_identify(src/docker/content) by extension 'ignore_ament_install'
[0.325s] Level 1:colcon.colcon_core.package_identification:_identify(src/docker/content) by extensions ['colcon_pkg']
[0.325s] Level 1:colcon.colcon_core.package_identification:_identify(src/docker/content) by extension 'colcon_pkg'
[0.325s] Level 1:colcon.colcon_core.package_identification:_identify(src/docker/content) by extensions ['colcon_meta']
[0.325s] Level 1:colcon.colcon_core.package_identification:_identify(src/docker/content) by extension 'colcon_meta'
[0.325s] Level 1:colcon.colcon_core.package_identification:_identify(src/docker/content) by extensions ['ros']
[0.325s] Level 1:colcon.colcon_core.package_identification:_identify(src/docker/content) by extension 'ros'
[0.325s] Level 1:colcon.colcon_core.package_identification:_identify(src/docker/content) by extensions ['cmake', 'python']
[0.325s] Level 1:colcon.colcon_core.package_identification:_identify(src/docker/content) by extension 'cmake'
[0.325s] Level 1:colcon.colcon_core.package_identification:_identify(src/docker/content) by extension 'python'
[0.325s] Level 1:colcon.colcon_core.package_identification:_identify(src/docker/content) by extensions ['python_setup_py']
[0.325s] Level 1:colcon.colcon_core.package_identification:_identify(src/docker/content) by extension 'python_setup_py'
[0.325s] Level 1:colcon.colcon_core.package_identification:_identify(src/docs) by extensions ['ignore', 'ignore_ament_install']
[0.325s] Level 1:colcon.colcon_core.package_identification:_identify(src/docs) by extension 'ignore'
[0.325s] Level 1:colcon.colcon_core.package_identification:_identify(src/docs) by extension 'ignore_ament_install'
[0.325s] Level 1:colcon.colcon_core.package_identification:_identify(src/docs) by extensions ['colcon_pkg']
[0.325s] Level 1:colcon.colcon_core.package_identification:_identify(src/docs) by extension 'colcon_pkg'
[0.325s] Level 1:colcon.colcon_core.package_identification:_identify(src/docs) by extensions ['colcon_meta']
[0.325s] Level 1:colcon.colcon_core.package_identification:_identify(src/docs) by extension 'colcon_meta'
[0.325s] Level 1:colcon.colcon_core.package_identification:_identify(src/docs) by extensions ['ros']
[0.325s] Level 1:colcon.colcon_core.package_identification:_identify(src/docs) by extension 'ros'
[0.325s] Level 1:colcon.colcon_core.package_identification:_identify(src/docs) by extensions ['cmake', 'python']
[0.325s] Level 1:colcon.colcon_core.package_identification:_identify(src/docs) by extension 'cmake'
[0.325s] Level 1:colcon.colcon_core.package_identification:_identify(src/docs) by extension 'python'
[0.325s] Level 1:colcon.colcon_core.package_identification:_identify(src/docs) by extensions ['python_setup_py']
[0.325s] Level 1:colcon.colcon_core.package_identification:_identify(src/docs) by extension 'python_setup_py'
[0.326s] Level 1:colcon.colcon_core.package_identification:_identify(src/docs/images) by extensions ['ignore', 'ignore_ament_install']
[0.326s] Level 1:colcon.colcon_core.package_identification:_identify(src/docs/images) by extension 'ignore'
[0.326s] Level 1:colcon.colcon_core.package_identification:_identify(src/docs/images) by extension 'ignore_ament_install'
[0.326s] Level 1:colcon.colcon_core.package_identification:_identify(src/docs/images) by extensions ['colcon_pkg']
[0.326s] Level 1:colcon.colcon_core.package_identification:_identify(src/docs/images) by extension 'colcon_pkg'
[0.326s] Level 1:colcon.colcon_core.package_identification:_identify(src/docs/images) by extensions ['colcon_meta']
[0.326s] Level 1:colcon.colcon_core.package_identification:_identify(src/docs/images) by extension 'colcon_meta'
[0.326s] Level 1:colcon.colcon_core.package_identification:_identify(src/docs/images) by extensions ['ros']
[0.326s] Level 1:colcon.colcon_core.package_identification:_identify(src/docs/images) by extension 'ros'
[0.326s] Level 1:colcon.colcon_core.package_identification:_identify(src/docs/images) by extensions ['cmake', 'python']
[0.326s] Level 1:colcon.colcon_core.package_identification:_identify(src/docs/images) by extension 'cmake'
[0.326s] Level 1:colcon.colcon_core.package_identification:_identify(src/docs/images) by extension 'python'
[0.326s] Level 1:colcon.colcon_core.package_identification:_identify(src/docs/images) by extensions ['python_setup_py']
[0.326s] Level 1:colcon.colcon_core.package_identification:_identify(src/docs/images) by extension 'python_setup_py'
[0.326s] Level 1:colcon.colcon_core.package_identification:_identify(src/packaging) by extensions ['ignore', 'ignore_ament_install']
[0.326s] Level 1:colcon.colcon_core.package_identification:_identify(src/packaging) by extension 'ignore'
[0.326s] Level 1:colcon.colcon_core.package_identification:_identify(src/packaging) by extension 'ignore_ament_install'
[0.326s] Level 1:colcon.colcon_core.package_identification:_identify(src/packaging) by extensions ['colcon_pkg']
[0.326s] Level 1:colcon.colcon_core.package_identification:_identify(src/packaging) by extension 'colcon_pkg'
[0.326s] Level 1:colcon.colcon_core.package_identification:_identify(src/packaging) by extensions ['colcon_meta']
[0.326s] Level 1:colcon.colcon_core.package_identification:_identify(src/packaging) by extension 'colcon_meta'
[0.326s] Level 1:colcon.colcon_core.package_identification:_identify(src/packaging) by extensions ['ros']
[0.326s] Level 1:colcon.colcon_core.package_identification:_identify(src/packaging) by extension 'ros'
[0.326s] Level 1:colcon.colcon_core.package_identification:_identify(src/packaging) by extensions ['cmake', 'python']
[0.326s] Level 1:colcon.colcon_core.package_identification:_identify(src/packaging) by extension 'cmake'
[0.326s] Level 1:colcon.colcon_core.package_identification:_identify(src/packaging) by extension 'python'
[0.326s] Level 1:colcon.colcon_core.package_identification:_identify(src/packaging) by extensions ['python_setup_py']
[0.327s] Level 1:colcon.colcon_core.package_identification:_identify(src/packaging) by extension 'python_setup_py'
[0.327s] Level 1:colcon.colcon_core.package_identification:_identify(src/packaging/debian) by extensions ['ignore', 'ignore_ament_install']
[0.327s] Level 1:colcon.colcon_core.package_identification:_identify(src/packaging/debian) by extension 'ignore'
[0.327s] Level 1:colcon.colcon_core.package_identification:_identify(src/packaging/debian) by extension 'ignore_ament_install'
[0.327s] Level 1:colcon.colcon_core.package_identification:_identify(src/packaging/debian) by extensions ['colcon_pkg']
[0.327s] Level 1:colcon.colcon_core.package_identification:_identify(src/packaging/debian) by extension 'colcon_pkg'
[0.327s] Level 1:colcon.colcon_core.package_identification:_identify(src/packaging/debian) by extensions ['colcon_meta']
[0.327s] Level 1:colcon.colcon_core.package_identification:_identify(src/packaging/debian) by extension 'colcon_meta'
[0.327s] Level 1:colcon.colcon_core.package_identification:_identify(src/packaging/debian) by extensions ['ros']
[0.327s] Level 1:colcon.colcon_core.package_identification:_identify(src/packaging/debian) by extension 'ros'
[0.327s] Level 1:colcon.colcon_core.package_identification:_identify(src/packaging/debian) by extensions ['cmake', 'python']
[0.328s] Level 1:colcon.colcon_core.package_identification:_identify(src/packaging/debian) by extension 'cmake'
[0.328s] Level 1:colcon.colcon_core.package_identification:_identify(src/packaging/debian) by extension 'python'
[0.328s] Level 1:colcon.colcon_core.package_identification:_identify(src/packaging/debian) by extensions ['python_setup_py']
[0.328s] Level 1:colcon.colcon_core.package_identification:_identify(src/packaging/debian) by extension 'python_setup_py'
[0.328s] Level 1:colcon.colcon_core.package_identification:_identify(src/packaging/debian/source) by extensions ['ignore', 'ignore_ament_install']
[0.328s] Level 1:colcon.colcon_core.package_identification:_identify(src/packaging/debian/source) by extension 'ignore'
[0.328s] Level 1:colcon.colcon_core.package_identification:_identify(src/packaging/debian/source) by extension 'ignore_ament_install'
[0.328s] Level 1:colcon.colcon_core.package_identification:_identify(src/packaging/debian/source) by extensions ['colcon_pkg']
[0.328s] Level 1:colcon.colcon_core.package_identification:_identify(src/packaging/debian/source) by extension 'colcon_pkg'
[0.328s] Level 1:colcon.colcon_core.package_identification:_identify(src/packaging/debian/source) by extensions ['colcon_meta']
[0.328s] Level 1:colcon.colcon_core.package_identification:_identify(src/packaging/debian/source) by extension 'colcon_meta'
[0.328s] Level 1:colcon.colcon_core.package_identification:_identify(src/packaging/debian/source) by extensions ['ros']
[0.328s] Level 1:colcon.colcon_core.package_identification:_identify(src/packaging/debian/source) by extension 'ros'
[0.328s] Level 1:colcon.colcon_core.package_identification:_identify(src/packaging/debian/source) by extensions ['cmake', 'python']
[0.329s] Level 1:colcon.colcon_core.package_identification:_identify(src/packaging/debian/source) by extension 'cmake'
[0.329s] Level 1:colcon.colcon_core.package_identification:_identify(src/packaging/debian/source) by extension 'python'
[0.329s] Level 1:colcon.colcon_core.package_identification:_identify(src/packaging/debian/source) by extensions ['python_setup_py']
[0.329s] Level 1:colcon.colcon_core.package_identification:_identify(src/packaging/debian/source) by extension 'python_setup_py'
[0.329s] Level 1:colcon.colcon_core.package_identification:_identify(src/pcl_recorder) by extensions ['ignore', 'ignore_ament_install']
[0.329s] Level 1:colcon.colcon_core.package_identification:_identify(src/pcl_recorder) by extension 'ignore'
[0.329s] Level 1:colcon.colcon_core.package_identification:_identify(src/pcl_recorder) by extension 'ignore_ament_install'
[0.329s] Level 1:colcon.colcon_core.package_identification:_identify(src/pcl_recorder) by extensions ['colcon_pkg']
[0.329s] Level 1:colcon.colcon_core.package_identification:_identify(src/pcl_recorder) by extension 'colcon_pkg'
[0.329s] Level 1:colcon.colcon_core.package_identification:_identify(src/pcl_recorder) by extensions ['colcon_meta']
[0.329s] Level 1:colcon.colcon_core.package_identification:_identify(src/pcl_recorder) by extension 'colcon_meta'
[0.329s] Level 1:colcon.colcon_core.package_identification:_identify(src/pcl_recorder) by extensions ['ros']
[0.329s] Level 1:colcon.colcon_core.package_identification:_identify(src/pcl_recorder) by extension 'ros'
[0.332s] DEBUG:colcon.colcon_core.package_identification:Package 'src/pcl_recorder' with type 'ros.ament_cmake' and name 'pcl_recorder'
[0.332s] Level 1:colcon.colcon_core.package_identification:_identify(src/ros_compatibility) by extensions ['ignore', 'ignore_ament_install']
[0.332s] Level 1:colcon.colcon_core.package_identification:_identify(src/ros_compatibility) by extension 'ignore'
[0.332s] Level 1:colcon.colcon_core.package_identification:_identify(src/ros_compatibility) by extension 'ignore_ament_install'
[0.332s] Level 1:colcon.colcon_core.package_identification:_identify(src/ros_compatibility) by extensions ['colcon_pkg']
[0.332s] Level 1:colcon.colcon_core.package_identification:_identify(src/ros_compatibility) by extension 'colcon_pkg'
[0.332s] Level 1:colcon.colcon_core.package_identification:_identify(src/ros_compatibility) by extensions ['colcon_meta']
[0.332s] Level 1:colcon.colcon_core.package_identification:_identify(src/ros_compatibility) by extension 'colcon_meta'
[0.332s] Level 1:colcon.colcon_core.package_identification:_identify(src/ros_compatibility) by extensions ['ros']
[0.332s] Level 1:colcon.colcon_core.package_identification:_identify(src/ros_compatibility) by extension 'ros'
[0.335s] DEBUG:colcon.colcon_core.package_identification:Package 'src/ros_compatibility' with type 'ros.ament_python' and name 'ros_compatibility'
[0.335s] Level 1:colcon.colcon_core.package_identification:_identify(src/rqt_carla_control) by extensions ['ignore', 'ignore_ament_install']
[0.335s] Level 1:colcon.colcon_core.package_identification:_identify(src/rqt_carla_control) by extension 'ignore'
[0.335s] Level 1:colcon.colcon_core.package_identification:_identify(src/rqt_carla_control) by extension 'ignore_ament_install'
[0.335s] Level 1:colcon.colcon_core.package_identification:_identify(src/rqt_carla_control) by extensions ['colcon_pkg']
[0.335s] Level 1:colcon.colcon_core.package_identification:_identify(src/rqt_carla_control) by extension 'colcon_pkg'
[0.335s] Level 1:colcon.colcon_core.package_identification:_identify(src/rqt_carla_control) by extensions ['colcon_meta']
[0.335s] Level 1:colcon.colcon_core.package_identification:_identify(src/rqt_carla_control) by extension 'colcon_meta'
[0.335s] Level 1:colcon.colcon_core.package_identification:_identify(src/rqt_carla_control) by extensions ['ros']
[0.335s] Level 1:colcon.colcon_core.package_identification:_identify(src/rqt_carla_control) by extension 'ros'
[0.337s] DEBUG:colcon.colcon_core.package_identification:Package 'src/rqt_carla_control' with type 'ros.ament_python' and name 'rqt_carla_control'
[0.337s] Level 1:colcon.colcon_core.package_identification:_identify(src/rviz_carla_plugin) by extensions ['ignore', 'ignore_ament_install']
[0.337s] Level 1:colcon.colcon_core.package_identification:_identify(src/rviz_carla_plugin) by extension 'ignore'
[0.337s] Level 1:colcon.colcon_core.package_identification:_identify(src/rviz_carla_plugin) by extension 'ignore_ament_install'
[0.337s] Level 1:colcon.colcon_core.package_identification:_identify(src/rviz_carla_plugin) by extensions ['colcon_pkg']
[0.337s] Level 1:colcon.colcon_core.package_identification:_identify(src/rviz_carla_plugin) by extension 'colcon_pkg'
[0.337s] Level 1:colcon.colcon_core.package_identification:_identify(src/rviz_carla_plugin) by extensions ['colcon_meta']
[0.337s] Level 1:colcon.colcon_core.package_identification:_identify(src/rviz_carla_plugin) by extension 'colcon_meta'
[0.337s] Level 1:colcon.colcon_core.package_identification:_identify(src/rviz_carla_plugin) by extensions ['ros']
[0.337s] Level 1:colcon.colcon_core.package_identification:_identify(src/rviz_carla_plugin) by extension 'ros'
[0.340s] DEBUG:colcon.colcon_core.package_identification:Package 'src/rviz_carla_plugin' with type 'ros.ament_cmake' and name 'rviz_carla_plugin'
[0.340s] Level 1:colcon.colcon_core.package_discovery:discover_packages(recursive) using defaults
[0.340s] Level 1:colcon.colcon_core.package_discovery:discover_packages(ignore) discover
[0.340s] Level 1:colcon.colcon_core.package_discovery:discover_packages(ignore) using defaults
[0.340s] Level 1:colcon.colcon_core.package_discovery:discover_packages(path) discover
[0.340s] Level 1:colcon.colcon_core.package_discovery:discover_packages(path) using defaults
[0.361s] INFO:colcon.colcon_core.package_selection:Skipping not selected package 'carla_common' in 'src/carla_common'
[0.361s] INFO:colcon.colcon_core.package_selection:Skipping not selected package 'carla_msgs' in 'src/carla_msgs'
[0.361s] INFO:colcon.colcon_core.package_selection:Skipping not selected package 'carla_ros_scenario_runner_types' in 'src/carla_ros_scenario_runner_types'
[0.361s] INFO:colcon.colcon_core.package_selection:Skipping not selected package 'carla_twist_to_control' in 'src/carla_twist_to_control'
[0.361s] INFO:colcon.colcon_core.package_selection:Skipping not selected package 'carla_waypoint_types' in 'src/carla_waypoint_types'
[0.361s] INFO:colcon.colcon_core.package_selection:Skipping not selected package 'ros_compatibility' in 'src/ros_compatibility'
[0.361s] INFO:colcon.colcon_core.package_selection:Skipping not selected package 'rqt_carla_control' in 'src/rqt_carla_control'
[0.361s] INFO:colcon.colcon_core.package_selection:Skipping not selected package 'carla_ackermann_msgs' in 'src/carla_ackermann_msgs'
[0.361s] INFO:colcon.colcon_core.package_selection:Skipping not selected package 'carla_ad_agent' in 'src/carla_ad_agent'
[0.361s] INFO:colcon.colcon_core.package_selection:Skipping not selected package 'carla_manual_control' in 'src/carla_manual_control'
[0.361s] INFO:colcon.colcon_core.package_selection:Skipping not selected package 'carla_ros_scenario_runner' in 'src/carla_ros_scenario_runner'
[0.361s] INFO:colcon.colcon_core.package_selection:Skipping not selected package 'carla_spawn_objects' in 'src/carla_spawn_objects'
[0.361s] INFO:colcon.colcon_core.package_selection:Skipping not selected package 'carla_walker_agent' in 'src/carla_walker_agent'
[0.361s] INFO:colcon.colcon_core.package_selection:Skipping not selected package 'carla_waypoint_publisher' in 'src/carla_waypoint_publisher'
[0.361s] INFO:colcon.colcon_core.package_selection:Skipping not selected package 'rviz_carla_plugin' in 'src/rviz_carla_plugin'
[0.361s] INFO:colcon.colcon_core.package_selection:Skipping not selected package 'carla_ros_bridge' in 'src/carla_ros_bridge'
[0.361s] INFO:colcon.colcon_core.package_selection:Skipping not selected package 'carla_ackermann_control' in 'src/carla_ackermann_control'
[0.361s] INFO:colcon.colcon_core.package_selection:Skipping not selected package 'carla_ad_demo' in 'src/carla_ad_demo'
[0.361s] INFO:colcon.colcon_core.package_selection:Skipping not selected package 'pcl_recorder' in 'src/pcl_recorder'
[0.361s] Level 1:colcon.colcon_core.package_discovery:discover_packages(prefix_path) check parameters
[0.361s] Level 1:colcon.colcon_core.package_discovery:discover_packages(prefix_path) discover
[0.364s] DEBUG:colcon.colcon_installed_package_information.package_discovery:Found 20 installed packages in /home/daniel/code/2025-phd-daniel-guerrero/ros-bridge/install
[0.364s] DEBUG:colcon.colcon_installed_package_information.package_discovery:Found 17 installed packages in /home/daniel/carla-ros-bridge/install
[0.366s] DEBUG:colcon.colcon_installed_package_information.package_discovery:Found 279 installed packages in /opt/ros/humble
[0.367s] Level 1:colcon.colcon_core.package_discovery:discover_packages(prefix_path) using defaults
[0.396s] Level 5:colcon.colcon_core.verb:set package 'carla_control_camera' build argument 'cmake_args' from command line to 'None'
[0.396s] Level 5:colcon.colcon_core.verb:set package 'carla_control_camera' build argument 'cmake_target' from command line to 'None'
[0.396s] Level 5:colcon.colcon_core.verb:set package 'carla_control_camera' build argument 'cmake_target_skip_unavailable' from command line to 'False'
[0.396s] Level 5:colcon.colcon_core.verb:set package 'carla_control_camera' build argument 'cmake_clean_cache' from command line to 'False'
[0.396s] Level 5:colcon.colcon_core.verb:set package 'carla_control_camera' build argument 'cmake_clean_first' from command line to 'False'
[0.396s] Level 5:colcon.colcon_core.verb:set package 'carla_control_camera' build argument 'cmake_force_configure' from command line to 'False'
[0.396s] Level 5:colcon.colcon_core.verb:set package 'carla_control_camera' build argument 'ament_cmake_args' from command line to 'None'
[0.396s] Level 5:colcon.colcon_core.verb:set package 'carla_control_camera' build argument 'catkin_cmake_args' from command line to 'None'
[0.396s] Level 5:colcon.colcon_core.verb:set package 'carla_control_camera' build argument 'catkin_skip_building_tests' from command line to 'False'
[0.396s] DEBUG:colcon.colcon_core.verb:Building package 'carla_control_camera' with the following arguments: {'ament_cmake_args': None, 'build_base': '/home/daniel/code/2025-phd-daniel-guerrero/ros-bridge/build/carla_control_camera', 'catkin_cmake_args': None, 'catkin_skip_building_tests': False, 'cmake_args': None, 'cmake_clean_cache': False, 'cmake_clean_first': False, 'cmake_force_configure': False, 'cmake_target': None, 'cmake_target_skip_unavailable': False, 'install_base': '/home/daniel/code/2025-phd-daniel-guerrero/ros-bridge/install/carla_control_camera', 'merge_install': False, 'path': '/home/daniel/code/2025-phd-daniel-guerrero/ros-bridge/src/carla_control_camera', 'symlink_install': False, 'test_result_base': None}
[0.396s] INFO:colcon.colcon_core.executor:Executing jobs using 'parallel' executor
[0.397s] DEBUG:colcon.colcon_parallel_executor.executor.parallel:run_until_complete
[0.397s] INFO:colcon.colcon_ros.task.ament_python.build:Building ROS package in '/home/daniel/code/2025-phd-daniel-guerrero/ros-bridge/src/carla_control_camera' with build type 'ament_python'
[0.397s] Level 1:colcon.colcon_core.shell:create_environment_hook('carla_control_camera', 'ament_prefix_path')
[0.399s] INFO:colcon.colcon_core.plugin_system:Skipping extension 'colcon_core.shell.bat': Not used on non-Windows systems
[0.400s] INFO:colcon.colcon_core.shell:Creating environment hook '/home/daniel/code/2025-phd-daniel-guerrero/ros-bridge/install/carla_control_camera/share/carla_control_camera/hook/ament_prefix_path.ps1'
[0.400s] INFO:colcon.colcon_core.shell:Creating environment descriptor '/home/daniel/code/2025-phd-daniel-guerrero/ros-bridge/install/carla_control_camera/share/carla_control_camera/hook/ament_prefix_path.dsv'
[0.400s] INFO:colcon.colcon_core.shell:Creating environment hook '/home/daniel/code/2025-phd-daniel-guerrero/ros-bridge/install/carla_control_camera/share/carla_control_camera/hook/ament_prefix_path.sh'
[0.401s] INFO:colcon.colcon_core.shell:Skip shell extension 'powershell' for command environment: Not usable outside of PowerShell
[0.401s] DEBUG:colcon.colcon_core.shell:Skip shell extension 'dsv' for command environment
[0.745s] INFO:colcon.colcon_core.task.python.build:Building Python package in '/home/daniel/code/2025-phd-daniel-guerrero/ros-bridge/src/carla_control_camera'
[0.745s] INFO:colcon.colcon_core.shell:Skip shell extension 'powershell' for command environment: Not usable outside of PowerShell
[0.745s] DEBUG:colcon.colcon_core.shell:Skip shell extension 'dsv' for command environment
[1.176s] DEBUG:colcon.colcon_core.event_handler.log_command:Invoking command in '/home/daniel/code/2025-phd-daniel-guerrero/ros-bridge/src/carla_control_camera': CMAKE_PREFIX_PATH=/home/daniel/code/2025-phd-daniel-guerrero/ros-bridge/install/carla_msgs:/home/daniel/code/2025-phd-daniel-guerrero/ros-bridge/install/carla_ad_demo:/home/daniel/code/2025-phd-daniel-guerrero/ros-bridge/install/rviz_carla_plugin:/home/daniel/code/2025-phd-daniel-guerrero/ros-bridge/install/pcl_recorder:/home/daniel/code/2025-phd-daniel-guerrero/ros-bridge/install/carla_waypoint_types:/home/daniel/code/2025-phd-daniel-guerrero/ros-bridge/install/carla_ros_scenario_runner_types:/home/daniel/code/2025-phd-daniel-guerrero/ros-bridge/install/carla_ackermann_msgs:/home/daniel/carla-ros-bridge/install/carla_waypoint_types:/home/daniel/carla-ros-bridge/install/carla_ros_scenario_runner_types:/home/daniel/carla-ros-bridge/install/carla_ackermann_msgs:/home/daniel/carla-ros-bridge/install/carla_msgs LD_LIBRARY_PATH=/home/daniel/code/2025-phd-daniel-guerrero/ros-bridge/install/carla_msgs/lib:/home/daniel/code/2025-phd-daniel-guerrero/ros-bridge/install/rviz_carla_plugin/lib:/home/daniel/code/2025-phd-daniel-guerrero/ros-bridge/install/carla_waypoint_types/lib:/home/daniel/code/2025-phd-daniel-guerrero/ros-bridge/install/carla_ros_scenario_runner_types/lib:/home/daniel/code/2025-phd-daniel-guerrero/ros-bridge/install/carla_ackermann_msgs/lib:/home/daniel/carla-ros-bridge/install/carla_waypoint_types/lib:/home/daniel/carla-ros-bridge/install/carla_ros_scenario_runner_types/lib:/home/daniel/carla-ros-bridge/install/carla_ackermann_msgs/lib:/home/daniel/carla-ros-bridge/install/carla_msgs/lib:/opt/ros/humble/opt/rviz_ogre_vendor/lib:/opt/ros/humble/lib/x86_64-linux-gnu:/opt/ros/humble/lib PYTHONPATH=/home/daniel/code/2025-phd-daniel-guerrero/ros-bridge/build/carla_control_camera/prefix_override:/usr/lib/python3/dist-packages/colcon_core/task/python/colcon_distutils_commands:/home/daniel/code/2025-phd-daniel-guerrero/ros-bridge/install/carla_control_camera/lib/python3.10/site-packages:${PYTHONPATH} /usr/bin/python3 -W ignore:setup.py install is deprecated -W ignore:easy_install command is deprecated setup.py egg_info --egg-base ../../build/carla_control_camera build --build-base /home/daniel/code/2025-phd-daniel-guerrero/ros-bridge/build/carla_control_camera/build install --record /home/daniel/code/2025-phd-daniel-guerrero/ros-bridge/build/carla_control_camera/install.log --single-version-externally-managed install_data
[1.525s] DEBUG:colcon.colcon_core.event_handler.log_command:Invoked command in '/home/daniel/code/2025-phd-daniel-guerrero/ros-bridge/src/carla_control_camera' returned '0': CMAKE_PREFIX_PATH=/home/daniel/code/2025-phd-daniel-guerrero/ros-bridge/install/carla_msgs:/home/daniel/code/2025-phd-daniel-guerrero/ros-bridge/install/carla_ad_demo:/home/daniel/code/2025-phd-daniel-guerrero/ros-bridge/install/rviz_carla_plugin:/home/daniel/code/2025-phd-daniel-guerrero/ros-bridge/install/pcl_recorder:/home/daniel/code/2025-phd-daniel-guerrero/ros-bridge/install/carla_waypoint_types:/home/daniel/code/2025-phd-daniel-guerrero/ros-bridge/install/carla_ros_scenario_runner_types:/home/daniel/code/2025-phd-daniel-guerrero/ros-bridge/install/carla_ackermann_msgs:/home/daniel/carla-ros-bridge/install/carla_waypoint_types:/home/daniel/carla-ros-bridge/install/carla_ros_scenario_runner_types:/home/daniel/carla-ros-bridge/install/carla_ackermann_msgs:/home/daniel/carla-ros-bridge/install/carla_msgs LD_LIBRARY_PATH=/home/daniel/code/2025-phd-daniel-guerrero/ros-bridge/install/carla_msgs/lib:/home/daniel/code/2025-phd-daniel-guerrero/ros-bridge/install/rviz_carla_plugin/lib:/home/daniel/code/2025-phd-daniel-guerrero/ros-bridge/install/carla_waypoint_types/lib:/home/daniel/code/2025-phd-daniel-guerrero/ros-bridge/install/carla_ros_scenario_runner_types/lib:/home/daniel/code/2025-phd-daniel-guerrero/ros-bridge/install/carla_ackermann_msgs/lib:/home/daniel/carla-ros-bridge/install/carla_waypoint_types/lib:/home/daniel/carla-ros-bridge/install/carla_ros_scenario_runner_types/lib:/home/daniel/carla-ros-bridge/install/carla_ackermann_msgs/lib:/home/daniel/carla-ros-bridge/install/carla_msgs/lib:/opt/ros/humble/opt/rviz_ogre_vendor/lib:/opt/ros/humble/lib/x86_64-linux-gnu:/opt/ros/humble/lib PYTHONPATH=/home/daniel/code/2025-phd-daniel-guerrero/ros-bridge/build/carla_control_camera/prefix_override:/usr/lib/python3/dist-packages/colcon_core/task/python/colcon_distutils_commands:/home/daniel/code/2025-phd-daniel-guerrero/ros-bridge/install/carla_control_camera/lib/python3.10/site-packages:${PYTHONPATH} /usr/bin/python3 -W ignore:setup.py install is deprecated -W ignore:easy_install command is deprecated setup.py egg_info --egg-base ../../build/carla_control_camera build --build-base /home/daniel/code/2025-phd-daniel-guerrero/ros-bridge/build/carla_control_camera/build install --record /home/daniel/code/2025-phd-daniel-guerrero/ros-bridge/build/carla_control_camera/install.log --single-version-externally-managed install_data
[1.529s] Level 1:colcon.colcon_core.environment:checking '/home/daniel/code/2025-phd-daniel-guerrero/ros-bridge/install/carla_control_camera' for CMake module files
[1.530s] Level 1:colcon.colcon_core.environment:checking '/home/daniel/code/2025-phd-daniel-guerrero/ros-bridge/install/carla_control_camera' for CMake config files
[1.531s] Level 1:colcon.colcon_core.environment:checking '/home/daniel/code/2025-phd-daniel-guerrero/ros-bridge/install/carla_control_camera/lib'
[1.531s] Level 1:colcon.colcon_core.environment:checking '/home/daniel/code/2025-phd-daniel-guerrero/ros-bridge/install/carla_control_camera/bin'
[1.531s] Level 1:colcon.colcon_core.environment:checking '/home/daniel/code/2025-phd-daniel-guerrero/ros-bridge/install/carla_control_camera/lib/pkgconfig/carla_control_camera.pc'
[1.532s] Level 1:colcon.colcon_core.environment:checking '/home/daniel/code/2025-phd-daniel-guerrero/ros-bridge/install/carla_control_camera/lib/python3.10/site-packages'
[1.532s] Level 1:colcon.colcon_core.shell:create_environment_hook('carla_control_camera', 'pythonpath')
[1.532s] INFO:colcon.colcon_core.shell:Creating environment hook '/home/daniel/code/2025-phd-daniel-guerrero/ros-bridge/install/carla_control_camera/share/carla_control_camera/hook/pythonpath.ps1'
[1.533s] INFO:colcon.colcon_core.shell:Creating environment descriptor '/home/daniel/code/2025-phd-daniel-guerrero/ros-bridge/install/carla_control_camera/share/carla_control_camera/hook/pythonpath.dsv'
[1.533s] INFO:colcon.colcon_core.shell:Creating environment hook '/home/daniel/code/2025-phd-daniel-guerrero/ros-bridge/install/carla_control_camera/share/carla_control_camera/hook/pythonpath.sh'
[1.534s] Level 1:colcon.colcon_core.environment:checking '/home/daniel/code/2025-phd-daniel-guerrero/ros-bridge/install/carla_control_camera/bin'
[1.534s] Level 1:colcon.colcon_core.environment:create_environment_scripts_only(carla_control_camera)
[1.535s] INFO:colcon.colcon_core.shell:Creating package script '/home/daniel/code/2025-phd-daniel-guerrero/ros-bridge/install/carla_control_camera/share/carla_control_camera/package.ps1'
[1.536s] INFO:colcon.colcon_core.shell:Creating package descriptor '/home/daniel/code/2025-phd-daniel-guerrero/ros-bridge/install/carla_control_camera/share/carla_control_camera/package.dsv'
[1.537s] INFO:colcon.colcon_core.shell:Creating package script '/home/daniel/code/2025-phd-daniel-guerrero/ros-bridge/install/carla_control_camera/share/carla_control_camera/package.sh'
[1.538s] INFO:colcon.colcon_core.shell:Creating package script '/home/daniel/code/2025-phd-daniel-guerrero/ros-bridge/install/carla_control_camera/share/carla_control_camera/package.bash'
[1.539s] INFO:colcon.colcon_core.shell:Creating package script '/home/daniel/code/2025-phd-daniel-guerrero/ros-bridge/install/carla_control_camera/share/carla_control_camera/package.zsh'
[1.540s] Level 1:colcon.colcon_core.environment:create_file_with_runtime_dependencies(/home/daniel/code/2025-phd-daniel-guerrero/ros-bridge/install/carla_control_camera/share/colcon-core/packages/carla_control_camera)
[1.540s] DEBUG:colcon.colcon_parallel_executor.executor.parallel:closing loop
[1.541s] DEBUG:colcon.colcon_parallel_executor.executor.parallel:loop closed
[1.541s] DEBUG:colcon.colcon_parallel_executor.executor.parallel:run_until_complete finished with '0'
[1.541s] DEBUG:colcon.colcon_core.event_reactor:joining thread
[1.550s] INFO:colcon.colcon_core.plugin_system:Skipping extension 'colcon_notification.desktop_notification.terminal_notifier': Not used on non-Darwin systems
[1.550s] INFO:colcon.colcon_core.plugin_system:Skipping extension 'colcon_notification.desktop_notification.win32': Not used on non-Windows systems
[1.551s] INFO:colcon.colcon_notification.desktop_notification:Sending desktop notification using 'notify2'
[1.564s] DEBUG:colcon.colcon_core.event_reactor:joined thread
[1.564s] INFO:colcon.colcon_core.shell:Creating prefix script '/home/daniel/code/2025-phd-daniel-guerrero/ros-bridge/install/local_setup.ps1'
[1.566s] INFO:colcon.colcon_core.shell:Creating prefix util module '/home/daniel/code/2025-phd-daniel-guerrero/ros-bridge/install/_local_setup_util_ps1.py'
[1.568s] INFO:colcon.colcon_core.shell:Creating prefix chain script '/home/daniel/code/2025-phd-daniel-guerrero/ros-bridge/install/setup.ps1'
[1.571s] INFO:colcon.colcon_core.shell:Creating prefix script '/home/daniel/code/2025-phd-daniel-guerrero/ros-bridge/install/local_setup.sh'
[1.572s] INFO:colcon.colcon_core.shell:Creating prefix util module '/home/daniel/code/2025-phd-daniel-guerrero/ros-bridge/install/_local_setup_util_sh.py'
[1.572s] INFO:colcon.colcon_core.shell:Creating prefix chain script '/home/daniel/code/2025-phd-daniel-guerrero/ros-bridge/install/setup.sh'
[1.576s] INFO:colcon.colcon_core.shell:Creating prefix script '/home/daniel/code/2025-phd-daniel-guerrero/ros-bridge/install/local_setup.bash'
[1.576s] INFO:colcon.colcon_core.shell:Creating prefix chain script '/home/daniel/code/2025-phd-daniel-guerrero/ros-bridge/install/setup.bash'
[1.580s] INFO:colcon.colcon_core.shell:Creating prefix script '/home/daniel/code/2025-phd-daniel-guerrero/ros-bridge/install/local_setup.zsh'
[1.580s] INFO:colcon.colcon_core.shell:Creating prefix chain script '/home/daniel/code/2025-phd-daniel-guerrero/ros-bridge/install/setup.zsh'
