[1.744s] Invoking command in '/home/daniel/code/2025-phd-daniel-guerrero/ros-bridge/build/carla_common': PYTHONPATH=/home/daniel/code/2025-phd-daniel-guerrero/ros-bridge/build/carla_common/prefix_override:/usr/lib/python3/dist-packages/colcon_core/task/python/colcon_distutils_commands:/home/daniel/code/2025-phd-daniel-guerrero/ros-bridge/install/carla_common/lib/python3.10/site-packages:${PYTHONPATH} /usr/bin/python3 -W ignore:setup.py install is deprecated -W ignore:easy_install command is deprecated setup.py develop --editable --build-directory /home/daniel/code/2025-phd-daniel-guerrero/ros-bridge/build/carla_common/build --no-deps symlink_data
[2.114s] running develop
[2.286s] running egg_info
[2.286s] creating src/carla_common.egg-info
[2.286s] writing src/carla_common.egg-info/PKG-INFO
[2.286s] writing dependency_links to src/carla_common.egg-info/dependency_links.txt
[2.286s] writing requirements to src/carla_common.egg-info/requires.txt
[2.286s] writing top-level names to src/carla_common.egg-info/top_level.txt
[2.286s] writing manifest file 'src/carla_common.egg-info/SOURCES.txt'
[2.288s] reading manifest file 'src/carla_common.egg-info/SOURCES.txt'
[2.288s] writing manifest file 'src/carla_common.egg-info/SOURCES.txt'
[2.324s] running build_ext
[2.325s] Creating /home/daniel/code/2025-phd-daniel-guerrero/ros-bridge/install/carla_common/lib/python3.10/site-packages/carla-common.egg-link (link to src)
[2.325s] 
[2.325s] Installed /home/daniel/code/2025-phd-daniel-guerrero/ros-bridge/build/carla_common/src
[2.325s] running symlink_data
[2.326s] creating /home/daniel/code/2025-phd-daniel-guerrero/ros-bridge/install/carla_common/share/ament_index
[2.326s] creating /home/daniel/code/2025-phd-daniel-guerrero/ros-bridge/install/carla_common/share/ament_index/resource_index
[2.326s] creating /home/daniel/code/2025-phd-daniel-guerrero/ros-bridge/install/carla_common/share/ament_index/resource_index/packages
[2.326s] symbolically linking /home/daniel/code/2025-phd-daniel-guerrero/ros-bridge/build/carla_common/resource/carla_common -> /home/daniel/code/2025-phd-daniel-guerrero/ros-bridge/install/carla_common/share/ament_index/resource_index/packages
[2.326s] symbolically linking /home/daniel/code/2025-phd-daniel-guerrero/ros-bridge/build/carla_common/package.xml -> /home/daniel/code/2025-phd-daniel-guerrero/ros-bridge/install/carla_common/share/carla_common
[2.374s] Invoked command in '/home/daniel/code/2025-phd-daniel-guerrero/ros-bridge/build/carla_common' returned '0': PYTHONPATH=/home/daniel/code/2025-phd-daniel-guerrero/ros-bridge/build/carla_common/prefix_override:/usr/lib/python3/dist-packages/colcon_core/task/python/colcon_distutils_commands:/home/daniel/code/2025-phd-daniel-guerrero/ros-bridge/install/carla_common/lib/python3.10/site-packages:${PYTHONPATH} /usr/bin/python3 -W ignore:setup.py install is deprecated -W ignore:easy_install command is deprecated setup.py develop --editable --build-directory /home/daniel/code/2025-phd-daniel-guerrero/ros-bridge/build/carla_common/build --no-deps symlink_data
