[1.878s] Invoking command in '/home/daniel/code/2025-phd-daniel-guerrero/robot_ws/build/carla_ros_scenario_runner': AMENT_PREFIX_PATH=/home/daniel/code/2025-phd-daniel-guerrero/robot_ws/install/carla_ros_scenario_runner_types:/home/daniel/code/2025-phd-daniel-guerrero/robot_ws/install/carla_msgs:/home/daniel/code/2025-phd-daniel-guerrero/robot_ws/install/carla_common:${AMENT_PREFIX_PATH} CMAKE_PREFIX_PATH=/home/daniel/code/2025-phd-daniel-guerrero/robot_ws/install/carla_ros_scenario_runner_types:/home/daniel/code/2025-phd-daniel-guerrero/robot_ws/install/carla_msgs LD_LIBRARY_PATH=/home/daniel/code/2025-phd-daniel-guerrero/robot_ws/install/carla_ros_scenario_runner_types/lib:/home/daniel/code/2025-phd-daniel-guerrero/robot_ws/install/carla_msgs/lib:${LD_LIBRARY_PATH} PYTHONPATH=/home/daniel/code/2025-phd-daniel-guerrero/robot_ws/build/carla_ros_scenario_runner/prefix_override:/usr/lib/python3/dist-packages/colcon_core/task/python/colcon_distutils_commands:/home/daniel/code/2025-phd-daniel-guerrero/robot_ws/install/carla_ros_scenario_runner/lib/python3.10/site-packages:/home/daniel/code/2025-phd-daniel-guerrero/robot_ws/install/carla_ros_scenario_runner_types/local/lib/python3.10/dist-packages:/home/daniel/code/2025-phd-daniel-guerrero/robot_ws/install/carla_msgs/local/lib/python3.10/dist-packages:/home/daniel/code/2025-phd-daniel-guerrero/robot_ws/build/carla_common/src:/home/daniel/code/2025-phd-daniel-guerrero/robot_ws/install/carla_common/lib/python3.10/site-packages:${PYTHONPATH} /usr/bin/python3 -W ignore:setup.py install is deprecated -W ignore:easy_install command is deprecated setup.py develop --editable --build-directory /home/daniel/code/2025-phd-daniel-guerrero/robot_ws/build/carla_ros_scenario_runner/build --no-deps symlink_data
[2.205s] running develop
[2.361s] running egg_info
[2.361s] creating src/carla_ros_scenario_runner.egg-info
[2.361s] writing src/carla_ros_scenario_runner.egg-info/PKG-INFO
[2.362s] writing dependency_links to src/carla_ros_scenario_runner.egg-info/dependency_links.txt
[2.362s] writing entry points to src/carla_ros_scenario_runner.egg-info/entry_points.txt
[2.362s] writing requirements to src/carla_ros_scenario_runner.egg-info/requires.txt
[2.362s] writing top-level names to src/carla_ros_scenario_runner.egg-info/top_level.txt
[2.362s] writing manifest file 'src/carla_ros_scenario_runner.egg-info/SOURCES.txt'
[2.363s] reading manifest file 'src/carla_ros_scenario_runner.egg-info/SOURCES.txt'
[2.364s] writing manifest file 'src/carla_ros_scenario_runner.egg-info/SOURCES.txt'
[2.397s] running build_ext
[2.397s] Creating /home/daniel/code/2025-phd-daniel-guerrero/robot_ws/install/carla_ros_scenario_runner/lib/python3.10/site-packages/carla-ros-scenario-runner.egg-link (link to src)
[2.398s] Installing carla_ros_scenario_runner script to /home/daniel/code/2025-phd-daniel-guerrero/robot_ws/install/carla_ros_scenario_runner/lib/carla_ros_scenario_runner
[2.398s] 
[2.398s] Installed /home/daniel/code/2025-phd-daniel-guerrero/robot_ws/build/carla_ros_scenario_runner/src
[2.398s] running symlink_data
[2.398s] creating /home/daniel/code/2025-phd-daniel-guerrero/robot_ws/install/carla_ros_scenario_runner/share/ament_index
[2.398s] creating /home/daniel/code/2025-phd-daniel-guerrero/robot_ws/install/carla_ros_scenario_runner/share/ament_index/resource_index
[2.398s] creating /home/daniel/code/2025-phd-daniel-guerrero/robot_ws/install/carla_ros_scenario_runner/share/ament_index/resource_index/packages
[2.399s] symbolically linking /home/daniel/code/2025-phd-daniel-guerrero/robot_ws/build/carla_ros_scenario_runner/resource/carla_ros_scenario_runner -> /home/daniel/code/2025-phd-daniel-guerrero/robot_ws/install/carla_ros_scenario_runner/share/ament_index/resource_index/packages
[2.399s] symbolically linking /home/daniel/code/2025-phd-daniel-guerrero/robot_ws/build/carla_ros_scenario_runner/package.xml -> /home/daniel/code/2025-phd-daniel-guerrero/robot_ws/install/carla_ros_scenario_runner/share/carla_ros_scenario_runner
[2.399s] symbolically linking /home/daniel/code/2025-phd-daniel-guerrero/robot_ws/build/carla_ros_scenario_runner/launch/carla_ros_scenario_runner.launch.py -> /home/daniel/code/2025-phd-daniel-guerrero/robot_ws/install/carla_ros_scenario_runner/share/carla_ros_scenario_runner
[2.442s] Invoked command in '/home/daniel/code/2025-phd-daniel-guerrero/robot_ws/build/carla_ros_scenario_runner' returned '0': AMENT_PREFIX_PATH=/home/daniel/code/2025-phd-daniel-guerrero/robot_ws/install/carla_ros_scenario_runner_types:/home/daniel/code/2025-phd-daniel-guerrero/robot_ws/install/carla_msgs:/home/daniel/code/2025-phd-daniel-guerrero/robot_ws/install/carla_common:${AMENT_PREFIX_PATH} CMAKE_PREFIX_PATH=/home/daniel/code/2025-phd-daniel-guerrero/robot_ws/install/carla_ros_scenario_runner_types:/home/daniel/code/2025-phd-daniel-guerrero/robot_ws/install/carla_msgs LD_LIBRARY_PATH=/home/daniel/code/2025-phd-daniel-guerrero/robot_ws/install/carla_ros_scenario_runner_types/lib:/home/daniel/code/2025-phd-daniel-guerrero/robot_ws/install/carla_msgs/lib:${LD_LIBRARY_PATH} PYTHONPATH=/home/daniel/code/2025-phd-daniel-guerrero/robot_ws/build/carla_ros_scenario_runner/prefix_override:/usr/lib/python3/dist-packages/colcon_core/task/python/colcon_distutils_commands:/home/daniel/code/2025-phd-daniel-guerrero/robot_ws/install/carla_ros_scenario_runner/lib/python3.10/site-packages:/home/daniel/code/2025-phd-daniel-guerrero/robot_ws/install/carla_ros_scenario_runner_types/local/lib/python3.10/dist-packages:/home/daniel/code/2025-phd-daniel-guerrero/robot_ws/install/carla_msgs/local/lib/python3.10/dist-packages:/home/daniel/code/2025-phd-daniel-guerrero/robot_ws/build/carla_common/src:/home/daniel/code/2025-phd-daniel-guerrero/robot_ws/install/carla_common/lib/python3.10/site-packages:${PYTHONPATH} /usr/bin/python3 -W ignore:setup.py install is deprecated -W ignore:easy_install command is deprecated setup.py develop --editable --build-directory /home/daniel/code/2025-phd-daniel-guerrero/robot_ws/build/carla_ros_scenario_runner/build --no-deps symlink_data
