[0.631s] Invoking command in '/home/daniel/code/2025-phd-daniel-guerrero/ros-bridge/build/carla_waypoint_types': CMAKE_PREFIX_PATH=${CMAKE_PREFIX_PATH}:/home/daniel/code/2025-phd-daniel-guerrero/ros-bridge/install/rqt_carla_control:/home/daniel/code/2025-phd-daniel-guerrero/ros-bridge/install/carla_waypoint_publisher:/home/daniel/code/2025-phd-daniel-guerrero/ros-bridge/install/carla_ackermann_control:/home/daniel/code/2025-phd-daniel-guerrero/ros-bridge/install/carla_ros_bridge:/home/daniel/code/2025-phd-daniel-guerrero/ros-bridge/install/carla_spawn_objects:/home/daniel/code/2025-phd-daniel-guerrero/ros-bridge/install/carla_manual_control:/home/daniel/code/2025-phd-daniel-guerrero/ros-bridge/install/carla_ad_agent:/home/daniel/code/2025-phd-daniel-guerrero/ros-bridge/install/ros_compatibility:/home/daniel/code/2025-phd-daniel-guerrero/ros-bridge/install/carla_walker_agent:/home/daniel/code/2025-phd-daniel-guerrero/ros-bridge/install/carla_twist_to_control:/home/daniel/code/2025-phd-daniel-guerrero/ros-bridge/install/carla_ros_scenario_runner:/home/daniel/code/2025-phd-daniel-guerrero/ros-bridge/install/carla_common:/home/daniel/carla-ros-bridge/install/rqt_carla_control:/home/daniel/carla-ros-bridge/install/carla_waypoint_publisher:/home/daniel/carla-ros-bridge/install/carla_ackermann_control:/home/daniel/carla-ros-bridge/install/carla_ros_bridge:/home/daniel/carla-ros-bridge/install/carla_spawn_objects:/home/daniel/carla-ros-bridge/install/carla_manual_control:/home/daniel/carla-ros-bridge/install/carla_ad_agent:/home/daniel/carla-ros-bridge/install/ros_compatibility:/home/daniel/carla-ros-bridge/install/carla_walker_agent:/home/daniel/carla-ros-bridge/install/carla_twist_to_control:/home/daniel/carla-ros-bridge/install/carla_ros_scenario_runner:/home/daniel/carla-ros-bridge/install/carla_common:/opt/ros/humble /opt/cmake-3.28.3-linux-x86_64/bin/cmake /home/daniel/code/2025-phd-daniel-guerrero/ros-bridge/src/carla_waypoint_types -DAMENT_CMAKE_SYMLINK_INSTALL=1 -DCMAKE_INSTALL_PREFIX=/home/daniel/code/2025-phd-daniel-guerrero/ros-bridge/install/carla_waypoint_types
[0.946s] -- The C compiler identification is GNU 11.4.0
[0.946s] -- The CXX compiler identification is GNU 7.5.0
[0.946s] -- Detecting C compiler ABI info
[0.946s] -- Detecting C compiler ABI info - done
[0.946s] -- Check for working C compiler: /usr/bin/cc - skipped
[0.946s] -- Detecting C compile features
[0.946s] -- Detecting C compile features - done
[0.946s] -- Detecting CXX compiler ABI info
[0.946s] -- Detecting CXX compiler ABI info - done
[0.946s] -- Check for working CXX compiler: /usr/bin/c++ - skipped
[0.946s] -- Detecting CXX compile features
[0.946s] -- Detecting CXX compile features - done
[0.946s] -- Found ros_environment: 3.2.2 (/opt/ros/humble/share/ros_environment/cmake)
[0.946s] -- Found ament_cmake: 1.3.11 (/opt/ros/humble/share/ament_cmake/cmake)
[1.047s] -- Found Python3: /usr/bin/python3 (found version "3.10.12") found components: Interpreter 
[1.106s] -- Override CMake install command with custom implementation using symlinks instead of copying resources
[1.187s] -- Found nav_msgs: 4.8.0 (/opt/ros/humble/share/nav_msgs/cmake)
[1.244s] -- Found rosidl_generator_c: 3.1.6 (/opt/ros/humble/share/rosidl_generator_c/cmake)
[1.252s] -- Found rosidl_adapter: 3.1.6 (/opt/ros/humble/share/rosidl_adapter/cmake)
[1.264s] -- Found rosidl_generator_cpp: 3.1.6 (/opt/ros/humble/share/rosidl_generator_cpp/cmake)
[1.282s] -- Using all available rosidl_typesupport_c: rosidl_typesupport_fastrtps_c;rosidl_typesupport_introspection_c
[1.306s] -- Using all available rosidl_typesupport_cpp: rosidl_typesupport_fastrtps_cpp;rosidl_typesupport_introspection_cpp
[1.395s] -- Found rosidl_default_generators: 1.2.0 (/opt/ros/humble/share/rosidl_default_generators/cmake)
[1.968s] -- Found ament_cmake_cppcheck: 0.12.12 (/opt/ros/humble/share/ament_cmake_cppcheck/cmake)
[1.974s] -- Found ament_cmake_cpplint: 0.12.12 (/opt/ros/humble/share/ament_cmake_cpplint/cmake)
[1.981s] -- Found ament_cmake_uncrustify: 0.12.12 (/opt/ros/humble/share/ament_cmake_uncrustify/cmake)
[1.988s] -- Found ament_cmake_ros: 0.10.0 (/opt/ros/humble/share/ament_cmake_ros/cmake)
[2.986s] -- Using all available rosidl_typesupport_c: rosidl_typesupport_fastrtps_c;rosidl_typesupport_introspection_c
[3.413s] -- Using all available rosidl_typesupport_cpp: rosidl_typesupport_fastrtps_cpp;rosidl_typesupport_introspection_cpp
[3.418s] [33mCMake Warning (dev) at /opt/ros/humble/share/rosidl_generator_py/cmake/rosidl_generator_py_generate_interfaces.cmake:20 (find_package):
[3.418s]   Policy CMP0148 is not set: The FindPythonInterp and FindPythonLibs modules
[3.418s]   are removed.  Run "cmake --help-policy CMP0148" for policy details.  Use
[3.418s]   the cmake_policy command to set the policy and suppress this warning.
[3.418s] 
[3.419s] Call Stack (most recent call first):
[3.419s]   /opt/ros/humble/share/ament_cmake_core/cmake/core/ament_execute_extensions.cmake:48 (include)
[3.419s]   /opt/ros/humble/share/rosidl_cmake/cmake/rosidl_generate_interfaces.cmake:286 (ament_execute_extensions)
[3.419s]   CMakeLists.txt:36 (rosidl_generate_interfaces)
[3.419s] This warning is for project developers.  Use -Wno-dev to suppress it.
[3.419s] [0m
[3.443s] -- Found PythonInterp: /usr/bin/python3 (found suitable version "3.10.12", minimum required is "3.6") 
[3.446s] -- Found python_cmake_module: 0.10.0 (/opt/ros/humble/share/python_cmake_module/cmake)
[3.447s] [33mCMake Warning (dev) at /opt/ros/humble/share/python_cmake_module/cmake/Modules/FindPythonExtra.cmake:52 (find_package):
[3.447s]   Policy CMP0148 is not set: The FindPythonInterp and FindPythonLibs modules
[3.447s]   are removed.  Run "cmake --help-policy CMP0148" for policy details.  Use
[3.447s]   the cmake_policy command to set the policy and suppress this warning.
[3.447s] 
[3.447s] Call Stack (most recent call first):
[3.447s]   /opt/ros/humble/share/rosidl_generator_py/cmake/rosidl_generator_py_generate_interfaces.cmake:23 (find_package)
[3.447s]   /opt/ros/humble/share/ament_cmake_core/cmake/core/ament_execute_extensions.cmake:48 (include)
[3.447s]   /opt/ros/humble/share/rosidl_cmake/cmake/rosidl_generate_interfaces.cmake:286 (ament_execute_extensions)
[3.447s]   CMakeLists.txt:36 (rosidl_generate_interfaces)
[3.448s] This warning is for project developers.  Use -Wno-dev to suppress it.
[3.448s] [0m
[3.469s] [33mCMake Warning (dev) at /opt/ros/humble/share/python_cmake_module/cmake/Modules/FindPythonExtra.cmake:140 (find_package):
[3.470s]   Policy CMP0148 is not set: The FindPythonInterp and FindPythonLibs modules
[3.470s]   are removed.  Run "cmake --help-policy CMP0148" for policy details.  Use
[3.470s]   the cmake_policy command to set the policy and suppress this warning.
[3.470s] 
[3.470s] Call Stack (most recent call first):
[3.470s]   /opt/ros/humble/share/rosidl_generator_py/cmake/rosidl_generator_py_generate_interfaces.cmake:23 (find_package)
[3.470s]   /opt/ros/humble/share/ament_cmake_core/cmake/core/ament_execute_extensions.cmake:48 (include)
[3.470s]   /opt/ros/humble/share/rosidl_cmake/cmake/rosidl_generate_interfaces.cmake:286 (ament_execute_extensions)
[3.470s]   CMakeLists.txt:36 (rosidl_generate_interfaces)
[3.470s] This warning is for project developers.  Use -Wno-dev to suppress it.
[3.470s] [0m
[3.481s] -- Found PythonLibs: /usr/lib/x86_64-linux-gnu/libpython3.10.so (found suitable version "3.10.12", minimum required is "3.5") 
[3.481s] -- Using PYTHON_EXECUTABLE: /usr/bin/python3
[3.481s] -- Using PYTHON_INCLUDE_DIRS: /usr/include/python3.10
[3.481s] -- Using PYTHON_LIBRARIES: /usr/lib/x86_64-linux-gnu/libpython3.10.so
[3.505s] -- Found PythonExtra: .so  
[3.624s] -- Found ament_cmake_flake8: 0.12.12 (/opt/ros/humble/share/ament_cmake_flake8/cmake)
[3.628s] -- Found ament_cmake_pep257: 0.12.12 (/opt/ros/humble/share/ament_cmake_pep257/cmake)
[3.634s] -- Found ament_lint_auto: 0.12.12 (/opt/ros/humble/share/ament_lint_auto/cmake)
[3.657s] -- Added test 'copyright' to check source files copyright and LICENSE
[3.658s] -- Added test 'lint_cmake' to check CMake code style
[3.659s] -- Added test 'xmllint' to check XML markup files
[3.664s] -- Configuring done (3.0s)
[3.711s] -- Generating done (0.0s)
[3.726s] -- Build files have been written to: /home/daniel/code/2025-phd-daniel-guerrero/ros-bridge/build/carla_waypoint_types
[3.736s] Invoked command in '/home/daniel/code/2025-phd-daniel-guerrero/ros-bridge/build/carla_waypoint_types' returned '0': CMAKE_PREFIX_PATH=${CMAKE_PREFIX_PATH}:/home/daniel/code/2025-phd-daniel-guerrero/ros-bridge/install/rqt_carla_control:/home/daniel/code/2025-phd-daniel-guerrero/ros-bridge/install/carla_waypoint_publisher:/home/daniel/code/2025-phd-daniel-guerrero/ros-bridge/install/carla_ackermann_control:/home/daniel/code/2025-phd-daniel-guerrero/ros-bridge/install/carla_ros_bridge:/home/daniel/code/2025-phd-daniel-guerrero/ros-bridge/install/carla_spawn_objects:/home/daniel/code/2025-phd-daniel-guerrero/ros-bridge/install/carla_manual_control:/home/daniel/code/2025-phd-daniel-guerrero/ros-bridge/install/carla_ad_agent:/home/daniel/code/2025-phd-daniel-guerrero/ros-bridge/install/ros_compatibility:/home/daniel/code/2025-phd-daniel-guerrero/ros-bridge/install/carla_walker_agent:/home/daniel/code/2025-phd-daniel-guerrero/ros-bridge/install/carla_twist_to_control:/home/daniel/code/2025-phd-daniel-guerrero/ros-bridge/install/carla_ros_scenario_runner:/home/daniel/code/2025-phd-daniel-guerrero/ros-bridge/install/carla_common:/home/daniel/carla-ros-bridge/install/rqt_carla_control:/home/daniel/carla-ros-bridge/install/carla_waypoint_publisher:/home/daniel/carla-ros-bridge/install/carla_ackermann_control:/home/daniel/carla-ros-bridge/install/carla_ros_bridge:/home/daniel/carla-ros-bridge/install/carla_spawn_objects:/home/daniel/carla-ros-bridge/install/carla_manual_control:/home/daniel/carla-ros-bridge/install/carla_ad_agent:/home/daniel/carla-ros-bridge/install/ros_compatibility:/home/daniel/carla-ros-bridge/install/carla_walker_agent:/home/daniel/carla-ros-bridge/install/carla_twist_to_control:/home/daniel/carla-ros-bridge/install/carla_ros_scenario_runner:/home/daniel/carla-ros-bridge/install/carla_common:/opt/ros/humble /opt/cmake-3.28.3-linux-x86_64/bin/cmake /home/daniel/code/2025-phd-daniel-guerrero/ros-bridge/src/carla_waypoint_types -DAMENT_CMAKE_SYMLINK_INSTALL=1 -DCMAKE_INSTALL_PREFIX=/home/daniel/code/2025-phd-daniel-guerrero/ros-bridge/install/carla_waypoint_types
[3.737s] Invoking command in '/home/daniel/code/2025-phd-daniel-guerrero/ros-bridge/build/carla_waypoint_types': CMAKE_PREFIX_PATH=${CMAKE_PREFIX_PATH}:/home/daniel/code/2025-phd-daniel-guerrero/ros-bridge/install/rqt_carla_control:/home/daniel/code/2025-phd-daniel-guerrero/ros-bridge/install/carla_waypoint_publisher:/home/daniel/code/2025-phd-daniel-guerrero/ros-bridge/install/carla_ackermann_control:/home/daniel/code/2025-phd-daniel-guerrero/ros-bridge/install/carla_ros_bridge:/home/daniel/code/2025-phd-daniel-guerrero/ros-bridge/install/carla_spawn_objects:/home/daniel/code/2025-phd-daniel-guerrero/ros-bridge/install/carla_manual_control:/home/daniel/code/2025-phd-daniel-guerrero/ros-bridge/install/carla_ad_agent:/home/daniel/code/2025-phd-daniel-guerrero/ros-bridge/install/ros_compatibility:/home/daniel/code/2025-phd-daniel-guerrero/ros-bridge/install/carla_walker_agent:/home/daniel/code/2025-phd-daniel-guerrero/ros-bridge/install/carla_twist_to_control:/home/daniel/code/2025-phd-daniel-guerrero/ros-bridge/install/carla_ros_scenario_runner:/home/daniel/code/2025-phd-daniel-guerrero/ros-bridge/install/carla_common:/home/daniel/carla-ros-bridge/install/rqt_carla_control:/home/daniel/carla-ros-bridge/install/carla_waypoint_publisher:/home/daniel/carla-ros-bridge/install/carla_ackermann_control:/home/daniel/carla-ros-bridge/install/carla_ros_bridge:/home/daniel/carla-ros-bridge/install/carla_spawn_objects:/home/daniel/carla-ros-bridge/install/carla_manual_control:/home/daniel/carla-ros-bridge/install/carla_ad_agent:/home/daniel/carla-ros-bridge/install/ros_compatibility:/home/daniel/carla-ros-bridge/install/carla_walker_agent:/home/daniel/carla-ros-bridge/install/carla_twist_to_control:/home/daniel/carla-ros-bridge/install/carla_ros_scenario_runner:/home/daniel/carla-ros-bridge/install/carla_common:/opt/ros/humble /opt/cmake-3.28.3-linux-x86_64/bin/cmake --build /home/daniel/code/2025-phd-daniel-guerrero/ros-bridge/build/carla_waypoint_types -- -j12 -l12
[3.757s] [  2%] [34m[1mGenerating C code for ROS interfaces[0m
[3.760s] [  4%] [34m[1mGenerating C++ code for ROS interfaces[0m
[3.764s] [  4%] Built target ament_cmake_python_symlink_carla_waypoint_types
[4.118s] [  8%] [32mBuilding C object CMakeFiles/carla_waypoint_types__rosidl_generator_c.dir/rosidl_generator_c/carla_waypoint_types/srv/detail/get_waypoint__functions.c.o[0m
[4.118s] [  8%] [32mBuilding C object CMakeFiles/carla_waypoint_types__rosidl_generator_c.dir/rosidl_generator_c/carla_waypoint_types/msg/detail/carla_waypoint__functions.c.o[0m
[4.122s] [ 10%] [32mBuilding C object CMakeFiles/carla_waypoint_types__rosidl_generator_c.dir/rosidl_generator_c/carla_waypoint_types/srv/detail/get_actor_waypoint__functions.c.o[0m
[4.189s] running egg_info
[4.190s] creating carla_waypoint_types.egg-info
[4.190s] writing carla_waypoint_types.egg-info/PKG-INFO
[4.190s] writing dependency_links to carla_waypoint_types.egg-info/dependency_links.txt
[4.190s] writing top-level names to carla_waypoint_types.egg-info/top_level.txt
[4.190s] writing manifest file 'carla_waypoint_types.egg-info/SOURCES.txt'
[4.191s] reading manifest file 'carla_waypoint_types.egg-info/SOURCES.txt'
[4.192s] writing manifest file 'carla_waypoint_types.egg-info/SOURCES.txt'
[4.195s] [ 12%] [32m[1mLinking C shared library libcarla_waypoint_types__rosidl_generator_c.so[0m
[4.213s] [ 12%] Built target ament_cmake_python_build_carla_waypoint_types_egg
[4.223s] [ 12%] Built target carla_waypoint_types__rosidl_generator_c
[4.228s] [ 14%] [34m[1mGenerating C type support dispatch for ROS interfaces[0m
[4.229s] [ 17%] [34m[1mGenerating C introspection for ROS interfaces[0m
[4.229s] [ 19%] [34m[1mGenerating C type support for eProsima Fast-RTPS[0m
[4.326s] [ 19%] Built target carla_waypoint_types__cpp
[4.334s] [ 21%] [34m[1mGenerating C++ type support dispatch for ROS interfaces[0m
[4.341s] [ 23%] [34m[1mGenerating C++ introspection for ROS interfaces[0m
[4.342s] [ 25%] [34m[1mGenerating C++ type support for eProsima Fast-RTPS[0m
[4.715s] [ 27%] [32mBuilding CXX object CMakeFiles/carla_waypoint_types__rosidl_typesupport_c.dir/rosidl_typesupport_c/carla_waypoint_types/msg/carla_waypoint__type_support.cpp.o[0m
[4.718s] [ 29%] [32mBuilding CXX object CMakeFiles/carla_waypoint_types__rosidl_typesupport_c.dir/rosidl_typesupport_c/carla_waypoint_types/srv/get_waypoint__type_support.cpp.o[0m
[4.726s] [ 31%] [32mBuilding CXX object CMakeFiles/carla_waypoint_types__rosidl_typesupport_c.dir/rosidl_typesupport_c/carla_waypoint_types/srv/get_actor_waypoint__type_support.cpp.o[0m
[4.796s] [ 34%] [32mBuilding CXX object CMakeFiles/carla_waypoint_types__rosidl_typesupport_fastrtps_c.dir/rosidl_typesupport_fastrtps_c/carla_waypoint_types/srv/detail/get_waypoint__type_support_c.cpp.o[0m
[4.796s] [ 36%] [32mBuilding CXX object CMakeFiles/carla_waypoint_types__rosidl_typesupport_fastrtps_c.dir/rosidl_typesupport_fastrtps_c/carla_waypoint_types/msg/detail/carla_waypoint__type_support_c.cpp.o[0m
[4.802s] [ 38%] [32mBuilding CXX object CMakeFiles/carla_waypoint_types__rosidl_typesupport_fastrtps_c.dir/rosidl_typesupport_fastrtps_c/carla_waypoint_types/srv/detail/get_actor_waypoint__type_support_c.cpp.o[0m
[4.814s] [ 40%] [32m[1mLinking CXX shared library libcarla_waypoint_types__rosidl_typesupport_c.so[0m
[4.824s] [ 42%] [32mBuilding CXX object CMakeFiles/carla_waypoint_types__rosidl_typesupport_cpp.dir/rosidl_typesupport_cpp/carla_waypoint_types/msg/carla_waypoint__type_support.cpp.o[0m
[4.832s] [ 44%] [32mBuilding CXX object CMakeFiles/carla_waypoint_types__rosidl_typesupport_cpp.dir/rosidl_typesupport_cpp/carla_waypoint_types/srv/get_waypoint__type_support.cpp.o[0m
[4.846s] [ 46%] [32mBuilding CXX object CMakeFiles/carla_waypoint_types__rosidl_typesupport_cpp.dir/rosidl_typesupport_cpp/carla_waypoint_types/srv/get_actor_waypoint__type_support.cpp.o[0m
[4.882s] [ 46%] Built target carla_waypoint_types__rosidl_typesupport_c
[4.910s] [ 48%] [32mBuilding C object CMakeFiles/carla_waypoint_types__rosidl_typesupport_introspection_c.dir/rosidl_typesupport_introspection_c/carla_waypoint_types/srv/detail/get_waypoint__type_support.c.o[0m
[4.913s] [ 51%] [32mBuilding C object CMakeFiles/carla_waypoint_types__rosidl_typesupport_introspection_c.dir/rosidl_typesupport_introspection_c/carla_waypoint_types/msg/detail/carla_waypoint__type_support.c.o[0m
[4.919s] [ 53%] [32mBuilding C object CMakeFiles/carla_waypoint_types__rosidl_typesupport_introspection_c.dir/rosidl_typesupport_introspection_c/carla_waypoint_types/srv/detail/get_actor_waypoint__type_support.c.o[0m
[5.036s] [ 55%] [32m[1mLinking C shared library libcarla_waypoint_types__rosidl_typesupport_introspection_c.so[0m
[5.091s] [ 57%] [32mBuilding CXX object CMakeFiles/carla_waypoint_types__rosidl_typesupport_fastrtps_cpp.dir/rosidl_typesupport_fastrtps_cpp/carla_waypoint_types/srv/detail/dds_fastrtps/get_waypoint__type_support.cpp.o[0m
[5.091s] [ 59%] [32mBuilding CXX object CMakeFiles/carla_waypoint_types__rosidl_typesupport_fastrtps_cpp.dir/rosidl_typesupport_fastrtps_cpp/carla_waypoint_types/msg/detail/dds_fastrtps/carla_waypoint__type_support.cpp.o[0m
[5.098s] [ 59%] Built target carla_waypoint_types__rosidl_typesupport_introspection_c
[5.103s] [ 61%] [32mBuilding CXX object CMakeFiles/carla_waypoint_types__rosidl_typesupport_fastrtps_cpp.dir/rosidl_typesupport_fastrtps_cpp/carla_waypoint_types/srv/detail/dds_fastrtps/get_actor_waypoint__type_support.cpp.o[0m
[5.117s] [ 63%] [32mBuilding CXX object CMakeFiles/carla_waypoint_types__rosidl_typesupport_introspection_cpp.dir/rosidl_typesupport_introspection_cpp/carla_waypoint_types/msg/detail/carla_waypoint__type_support.cpp.o[0m
[5.124s] [ 65%] [32mBuilding CXX object CMakeFiles/carla_waypoint_types__rosidl_typesupport_introspection_cpp.dir/rosidl_typesupport_introspection_cpp/carla_waypoint_types/srv/detail/get_waypoint__type_support.cpp.o[0m
[5.129s] [ 68%] [32mBuilding CXX object CMakeFiles/carla_waypoint_types__rosidl_typesupport_introspection_cpp.dir/rosidl_typesupport_introspection_cpp/carla_waypoint_types/srv/detail/get_actor_waypoint__type_support.cpp.o[0m
[5.573s] [ 70%] [32m[1mLinking CXX shared library libcarla_waypoint_types__rosidl_typesupport_cpp.so[0m
[5.669s] [ 72%] [32m[1mLinking CXX shared library libcarla_waypoint_types__rosidl_typesupport_fastrtps_c.so[0m
[5.672s] [ 72%] Built target carla_waypoint_types__rosidl_typesupport_cpp
[5.727s] [ 74%] [32m[1mLinking CXX shared library libcarla_waypoint_types__rosidl_typesupport_introspection_cpp.so[0m
[5.807s] [ 74%] Built target carla_waypoint_types__rosidl_typesupport_fastrtps_c
[5.836s] [ 74%] Built target carla_waypoint_types__rosidl_typesupport_introspection_cpp
[5.894s] [ 76%] [32m[1mLinking CXX shared library libcarla_waypoint_types__rosidl_typesupport_fastrtps_cpp.so[0m
[5.968s] [ 76%] Built target carla_waypoint_types__rosidl_typesupport_fastrtps_cpp
[5.978s] [ 76%] Built target carla_waypoint_types
[5.990s] [ 78%] [34m[1mGenerating Python code for ROS interfaces[0m
[6.856s] [ 78%] Built target carla_waypoint_types__py
[6.867s] [ 80%] [32mBuilding C object CMakeFiles/carla_waypoint_types__rosidl_generator_py.dir/rosidl_generator_py/carla_waypoint_types/msg/_carla_waypoint_s.c.o[0m
[6.868s] [ 82%] [32mBuilding C object CMakeFiles/carla_waypoint_types__rosidl_generator_py.dir/rosidl_generator_py/carla_waypoint_types/srv/_get_waypoint_s.c.o[0m
[6.868s] [ 85%] [32mBuilding C object CMakeFiles/carla_waypoint_types__rosidl_generator_py.dir/rosidl_generator_py/carla_waypoint_types/srv/_get_actor_waypoint_s.c.o[0m
[7.006s] [ 87%] [32m[1mLinking C shared library rosidl_generator_py/carla_waypoint_types/libcarla_waypoint_types__rosidl_generator_py.so[0m
[7.057s] [ 87%] Built target carla_waypoint_types__rosidl_generator_py
[7.071s] [ 89%] [32mBuilding C object CMakeFiles/carla_waypoint_types__rosidl_typesupport_c__pyext.dir/rosidl_generator_py/carla_waypoint_types/_carla_waypoint_types_s.ep.rosidl_typesupport_c.c.o[0m
[7.072s] [ 91%] [32mBuilding C object CMakeFiles/carla_waypoint_types__rosidl_typesupport_introspection_c__pyext.dir/rosidl_generator_py/carla_waypoint_types/_carla_waypoint_types_s.ep.rosidl_typesupport_introspection_c.c.o[0m
[7.072s] [ 93%] [32mBuilding C object CMakeFiles/carla_waypoint_types__rosidl_typesupport_fastrtps_c__pyext.dir/rosidl_generator_py/carla_waypoint_types/_carla_waypoint_types_s.ep.rosidl_typesupport_fastrtps_c.c.o[0m
[7.192s] [ 95%] [32m[1mLinking C shared library rosidl_generator_py/carla_waypoint_types/carla_waypoint_types_s__rosidl_typesupport_c.cpython-310-x86_64-linux-gnu.so[0m
[7.229s] [ 97%] [32m[1mLinking C shared library rosidl_generator_py/carla_waypoint_types/carla_waypoint_types_s__rosidl_typesupport_fastrtps_c.cpython-310-x86_64-linux-gnu.so[0m
[7.232s] [100%] [32m[1mLinking C shared library rosidl_generator_py/carla_waypoint_types/carla_waypoint_types_s__rosidl_typesupport_introspection_c.cpython-310-x86_64-linux-gnu.so[0m
[7.274s] [100%] Built target carla_waypoint_types__rosidl_typesupport_c__pyext
[7.303s] [100%] Built target carla_waypoint_types__rosidl_typesupport_fastrtps_c__pyext
[7.306s] [100%] Built target carla_waypoint_types__rosidl_typesupport_introspection_c__pyext
[7.339s] Invoked command in '/home/daniel/code/2025-phd-daniel-guerrero/ros-bridge/build/carla_waypoint_types' returned '0': CMAKE_PREFIX_PATH=${CMAKE_PREFIX_PATH}:/home/daniel/code/2025-phd-daniel-guerrero/ros-bridge/install/rqt_carla_control:/home/daniel/code/2025-phd-daniel-guerrero/ros-bridge/install/carla_waypoint_publisher:/home/daniel/code/2025-phd-daniel-guerrero/ros-bridge/install/carla_ackermann_control:/home/daniel/code/2025-phd-daniel-guerrero/ros-bridge/install/carla_ros_bridge:/home/daniel/code/2025-phd-daniel-guerrero/ros-bridge/install/carla_spawn_objects:/home/daniel/code/2025-phd-daniel-guerrero/ros-bridge/install/carla_manual_control:/home/daniel/code/2025-phd-daniel-guerrero/ros-bridge/install/carla_ad_agent:/home/daniel/code/2025-phd-daniel-guerrero/ros-bridge/install/ros_compatibility:/home/daniel/code/2025-phd-daniel-guerrero/ros-bridge/install/carla_walker_agent:/home/daniel/code/2025-phd-daniel-guerrero/ros-bridge/install/carla_twist_to_control:/home/daniel/code/2025-phd-daniel-guerrero/ros-bridge/install/carla_ros_scenario_runner:/home/daniel/code/2025-phd-daniel-guerrero/ros-bridge/install/carla_common:/home/daniel/carla-ros-bridge/install/rqt_carla_control:/home/daniel/carla-ros-bridge/install/carla_waypoint_publisher:/home/daniel/carla-ros-bridge/install/carla_ackermann_control:/home/daniel/carla-ros-bridge/install/carla_ros_bridge:/home/daniel/carla-ros-bridge/install/carla_spawn_objects:/home/daniel/carla-ros-bridge/install/carla_manual_control:/home/daniel/carla-ros-bridge/install/carla_ad_agent:/home/daniel/carla-ros-bridge/install/ros_compatibility:/home/daniel/carla-ros-bridge/install/carla_walker_agent:/home/daniel/carla-ros-bridge/install/carla_twist_to_control:/home/daniel/carla-ros-bridge/install/carla_ros_scenario_runner:/home/daniel/carla-ros-bridge/install/carla_common:/opt/ros/humble /opt/cmake-3.28.3-linux-x86_64/bin/cmake --build /home/daniel/code/2025-phd-daniel-guerrero/ros-bridge/build/carla_waypoint_types -- -j12 -l12
[7.339s] Invoking command in '/home/daniel/code/2025-phd-daniel-guerrero/ros-bridge/build/carla_waypoint_types': CMAKE_PREFIX_PATH=${CMAKE_PREFIX_PATH}:/home/daniel/code/2025-phd-daniel-guerrero/ros-bridge/install/rqt_carla_control:/home/daniel/code/2025-phd-daniel-guerrero/ros-bridge/install/carla_waypoint_publisher:/home/daniel/code/2025-phd-daniel-guerrero/ros-bridge/install/carla_ackermann_control:/home/daniel/code/2025-phd-daniel-guerrero/ros-bridge/install/carla_ros_bridge:/home/daniel/code/2025-phd-daniel-guerrero/ros-bridge/install/carla_spawn_objects:/home/daniel/code/2025-phd-daniel-guerrero/ros-bridge/install/carla_manual_control:/home/daniel/code/2025-phd-daniel-guerrero/ros-bridge/install/carla_ad_agent:/home/daniel/code/2025-phd-daniel-guerrero/ros-bridge/install/ros_compatibility:/home/daniel/code/2025-phd-daniel-guerrero/ros-bridge/install/carla_walker_agent:/home/daniel/code/2025-phd-daniel-guerrero/ros-bridge/install/carla_twist_to_control:/home/daniel/code/2025-phd-daniel-guerrero/ros-bridge/install/carla_ros_scenario_runner:/home/daniel/code/2025-phd-daniel-guerrero/ros-bridge/install/carla_common:/home/daniel/carla-ros-bridge/install/rqt_carla_control:/home/daniel/carla-ros-bridge/install/carla_waypoint_publisher:/home/daniel/carla-ros-bridge/install/carla_ackermann_control:/home/daniel/carla-ros-bridge/install/carla_ros_bridge:/home/daniel/carla-ros-bridge/install/carla_spawn_objects:/home/daniel/carla-ros-bridge/install/carla_manual_control:/home/daniel/carla-ros-bridge/install/carla_ad_agent:/home/daniel/carla-ros-bridge/install/ros_compatibility:/home/daniel/carla-ros-bridge/install/carla_walker_agent:/home/daniel/carla-ros-bridge/install/carla_twist_to_control:/home/daniel/carla-ros-bridge/install/carla_ros_scenario_runner:/home/daniel/carla-ros-bridge/install/carla_common:/opt/ros/humble /opt/cmake-3.28.3-linux-x86_64/bin/cmake --install /home/daniel/code/2025-phd-daniel-guerrero/ros-bridge/build/carla_waypoint_types
[7.343s] -- Install configuration: ""
[7.343s] -- Execute custom install script
[7.343s] -- Symlinking: /home/daniel/code/2025-phd-daniel-guerrero/ros-bridge/install/carla_waypoint_types/share/ament_index/resource_index/rosidl_interfaces/carla_waypoint_types
[7.347s] -- Symlinking: /home/daniel/code/2025-phd-daniel-guerrero/ros-bridge/install/carla_waypoint_types/include/carla_waypoint_types/carla_waypoint_types/msg/carla_waypoint.h
[7.356s] -- Symlinking: /home/daniel/code/2025-phd-daniel-guerrero/ros-bridge/install/carla_waypoint_types/include/carla_waypoint_types/carla_waypoint_types/msg/detail/carla_waypoint__functions.h
[7.361s] -- Symlinking: /home/daniel/code/2025-phd-daniel-guerrero/ros-bridge/install/carla_waypoint_types/include/carla_waypoint_types/carla_waypoint_types/msg/detail/carla_waypoint__struct.h
[7.368s] -- Symlinking: /home/daniel/code/2025-phd-daniel-guerrero/ros-bridge/install/carla_waypoint_types/include/carla_waypoint_types/carla_waypoint_types/msg/detail/carla_waypoint__type_support.h
[7.369s] -- Symlinking: /home/daniel/code/2025-phd-daniel-guerrero/ros-bridge/install/carla_waypoint_types/include/carla_waypoint_types/carla_waypoint_types/msg/rosidl_generator_c__visibility_control.h
[7.373s] -- Symlinking: /home/daniel/code/2025-phd-daniel-guerrero/ros-bridge/install/carla_waypoint_types/include/carla_waypoint_types/carla_waypoint_types/srv/detail/get_actor_waypoint__functions.h
[7.380s] -- Symlinking: /home/daniel/code/2025-phd-daniel-guerrero/ros-bridge/install/carla_waypoint_types/include/carla_waypoint_types/carla_waypoint_types/srv/detail/get_actor_waypoint__struct.h
[7.387s] -- Symlinking: /home/daniel/code/2025-phd-daniel-guerrero/ros-bridge/install/carla_waypoint_types/include/carla_waypoint_types/carla_waypoint_types/srv/detail/get_actor_waypoint__type_support.h
[7.391s] -- Symlinking: /home/daniel/code/2025-phd-daniel-guerrero/ros-bridge/install/carla_waypoint_types/include/carla_waypoint_types/carla_waypoint_types/srv/detail/get_waypoint__functions.h
[7.394s] -- Symlinking: /home/daniel/code/2025-phd-daniel-guerrero/ros-bridge/install/carla_waypoint_types/include/carla_waypoint_types/carla_waypoint_types/srv/detail/get_waypoint__struct.h
[7.402s] -- Symlinking: /home/daniel/code/2025-phd-daniel-guerrero/ros-bridge/install/carla_waypoint_types/include/carla_waypoint_types/carla_waypoint_types/srv/detail/get_waypoint__type_support.h
[7.405s] -- Symlinking: /home/daniel/code/2025-phd-daniel-guerrero/ros-bridge/install/carla_waypoint_types/include/carla_waypoint_types/carla_waypoint_types/srv/get_actor_waypoint.h
[7.409s] -- Symlinking: /home/daniel/code/2025-phd-daniel-guerrero/ros-bridge/install/carla_waypoint_types/include/carla_waypoint_types/carla_waypoint_types/srv/get_waypoint.h
[7.419s] -- Symlinking: /home/daniel/code/2025-phd-daniel-guerrero/ros-bridge/install/carla_waypoint_types/share/carla_waypoint_types/environment/library_path.sh
[7.421s] -- Symlinking: /home/daniel/code/2025-phd-daniel-guerrero/ros-bridge/install/carla_waypoint_types/share/carla_waypoint_types/environment/library_path.dsv
[7.429s] -- Symlinking: /home/daniel/code/2025-phd-daniel-guerrero/ros-bridge/install/carla_waypoint_types/include/carla_waypoint_types/carla_waypoint_types/msg/detail/carla_waypoint__rosidl_typesupport_fastrtps_c.h
[7.437s] -- Symlinking: /home/daniel/code/2025-phd-daniel-guerrero/ros-bridge/install/carla_waypoint_types/include/carla_waypoint_types/carla_waypoint_types/msg/rosidl_typesupport_fastrtps_c__visibility_control.h
[7.443s] -- Symlinking: /home/daniel/code/2025-phd-daniel-guerrero/ros-bridge/install/carla_waypoint_types/include/carla_waypoint_types/carla_waypoint_types/srv/detail/get_actor_waypoint__rosidl_typesupport_fastrtps_c.h
[7.448s] -- Symlinking: /home/daniel/code/2025-phd-daniel-guerrero/ros-bridge/install/carla_waypoint_types/include/carla_waypoint_types/carla_waypoint_types/srv/detail/get_waypoint__rosidl_typesupport_fastrtps_c.h
[7.454s] -- Symlinking: /home/daniel/code/2025-phd-daniel-guerrero/ros-bridge/install/carla_waypoint_types/include/carla_waypoint_types/carla_waypoint_types/msg/carla_waypoint.hpp
[7.459s] -- Symlinking: /home/daniel/code/2025-phd-daniel-guerrero/ros-bridge/install/carla_waypoint_types/include/carla_waypoint_types/carla_waypoint_types/msg/detail/carla_waypoint__builder.hpp
[7.462s] -- Symlinking: /home/daniel/code/2025-phd-daniel-guerrero/ros-bridge/install/carla_waypoint_types/include/carla_waypoint_types/carla_waypoint_types/msg/detail/carla_waypoint__struct.hpp
[7.466s] -- Symlinking: /home/daniel/code/2025-phd-daniel-guerrero/ros-bridge/install/carla_waypoint_types/include/carla_waypoint_types/carla_waypoint_types/msg/detail/carla_waypoint__traits.hpp
[7.470s] -- Symlinking: /home/daniel/code/2025-phd-daniel-guerrero/ros-bridge/install/carla_waypoint_types/include/carla_waypoint_types/carla_waypoint_types/msg/detail/carla_waypoint__type_support.hpp
[7.482s] -- Symlinking: /home/daniel/code/2025-phd-daniel-guerrero/ros-bridge/install/carla_waypoint_types/include/carla_waypoint_types/carla_waypoint_types/msg/rosidl_generator_cpp__visibility_control.hpp
[7.487s] -- Symlinking: /home/daniel/code/2025-phd-daniel-guerrero/ros-bridge/install/carla_waypoint_types/include/carla_waypoint_types/carla_waypoint_types/srv/detail/get_actor_waypoint__builder.hpp
[7.492s] -- Symlinking: /home/daniel/code/2025-phd-daniel-guerrero/ros-bridge/install/carla_waypoint_types/include/carla_waypoint_types/carla_waypoint_types/srv/detail/get_actor_waypoint__struct.hpp
[7.496s] -- Symlinking: /home/daniel/code/2025-phd-daniel-guerrero/ros-bridge/install/carla_waypoint_types/include/carla_waypoint_types/carla_waypoint_types/srv/detail/get_actor_waypoint__traits.hpp
[7.502s] -- Symlinking: /home/daniel/code/2025-phd-daniel-guerrero/ros-bridge/install/carla_waypoint_types/include/carla_waypoint_types/carla_waypoint_types/srv/detail/get_actor_waypoint__type_support.hpp
[7.509s] -- Symlinking: /home/daniel/code/2025-phd-daniel-guerrero/ros-bridge/install/carla_waypoint_types/include/carla_waypoint_types/carla_waypoint_types/srv/detail/get_waypoint__builder.hpp
[7.516s] -- Symlinking: /home/daniel/code/2025-phd-daniel-guerrero/ros-bridge/install/carla_waypoint_types/include/carla_waypoint_types/carla_waypoint_types/srv/detail/get_waypoint__struct.hpp
[7.522s] -- Symlinking: /home/daniel/code/2025-phd-daniel-guerrero/ros-bridge/install/carla_waypoint_types/include/carla_waypoint_types/carla_waypoint_types/srv/detail/get_waypoint__traits.hpp
[7.525s] -- Symlinking: /home/daniel/code/2025-phd-daniel-guerrero/ros-bridge/install/carla_waypoint_types/include/carla_waypoint_types/carla_waypoint_types/srv/detail/get_waypoint__type_support.hpp
[7.529s] -- Symlinking: /home/daniel/code/2025-phd-daniel-guerrero/ros-bridge/install/carla_waypoint_types/include/carla_waypoint_types/carla_waypoint_types/srv/get_actor_waypoint.hpp
[7.532s] -- Symlinking: /home/daniel/code/2025-phd-daniel-guerrero/ros-bridge/install/carla_waypoint_types/include/carla_waypoint_types/carla_waypoint_types/srv/get_waypoint.hpp
[7.538s] -- Symlinking: /home/daniel/code/2025-phd-daniel-guerrero/ros-bridge/install/carla_waypoint_types/include/carla_waypoint_types/carla_waypoint_types/msg/detail/carla_waypoint__rosidl_typesupport_fastrtps_cpp.hpp
[7.542s] -- Symlinking: /home/daniel/code/2025-phd-daniel-guerrero/ros-bridge/install/carla_waypoint_types/include/carla_waypoint_types/carla_waypoint_types/msg/rosidl_typesupport_fastrtps_cpp__visibility_control.h
[7.546s] -- Symlinking: /home/daniel/code/2025-phd-daniel-guerrero/ros-bridge/install/carla_waypoint_types/include/carla_waypoint_types/carla_waypoint_types/srv/detail/get_actor_waypoint__rosidl_typesupport_fastrtps_cpp.hpp
[7.550s] -- Symlinking: /home/daniel/code/2025-phd-daniel-guerrero/ros-bridge/install/carla_waypoint_types/include/carla_waypoint_types/carla_waypoint_types/srv/detail/get_waypoint__rosidl_typesupport_fastrtps_cpp.hpp
[7.553s] -- Symlinking: /home/daniel/code/2025-phd-daniel-guerrero/ros-bridge/install/carla_waypoint_types/include/carla_waypoint_types/carla_waypoint_types/msg/detail/carla_waypoint__rosidl_typesupport_introspection_c.h
[7.559s] -- Symlinking: /home/daniel/code/2025-phd-daniel-guerrero/ros-bridge/install/carla_waypoint_types/include/carla_waypoint_types/carla_waypoint_types/msg/rosidl_typesupport_introspection_c__visibility_control.h
[7.566s] -- Symlinking: /home/daniel/code/2025-phd-daniel-guerrero/ros-bridge/install/carla_waypoint_types/include/carla_waypoint_types/carla_waypoint_types/srv/detail/get_actor_waypoint__rosidl_typesupport_introspection_c.h
[7.570s] -- Symlinking: /home/daniel/code/2025-phd-daniel-guerrero/ros-bridge/install/carla_waypoint_types/include/carla_waypoint_types/carla_waypoint_types/srv/detail/get_waypoint__rosidl_typesupport_introspection_c.h
[7.574s] -- Symlinking: /home/daniel/code/2025-phd-daniel-guerrero/ros-bridge/install/carla_waypoint_types/include/carla_waypoint_types/carla_waypoint_types/msg/detail/carla_waypoint__rosidl_typesupport_introspection_cpp.hpp
[7.578s] -- Symlinking: /home/daniel/code/2025-phd-daniel-guerrero/ros-bridge/install/carla_waypoint_types/include/carla_waypoint_types/carla_waypoint_types/srv/detail/get_actor_waypoint__rosidl_typesupport_introspection_cpp.hpp
[7.581s] -- Symlinking: /home/daniel/code/2025-phd-daniel-guerrero/ros-bridge/install/carla_waypoint_types/include/carla_waypoint_types/carla_waypoint_types/srv/detail/get_waypoint__rosidl_typesupport_introspection_cpp.hpp
[7.586s] -- Symlinking: /home/daniel/code/2025-phd-daniel-guerrero/ros-bridge/install/carla_waypoint_types/share/carla_waypoint_types/environment/pythonpath.sh
[7.587s] -- Symlinking: /home/daniel/code/2025-phd-daniel-guerrero/ros-bridge/install/carla_waypoint_types/share/carla_waypoint_types/environment/pythonpath.dsv
[7.603s] -- Symlinking: /home/daniel/code/2025-phd-daniel-guerrero/ros-bridge/install/carla_waypoint_types/local/lib/python3.10/dist-packages/carla_waypoint_types-0.1.0-py3.10.egg-info/PKG-INFO
[7.603s] -- Symlinking: /home/daniel/code/2025-phd-daniel-guerrero/ros-bridge/install/carla_waypoint_types/local/lib/python3.10/dist-packages/carla_waypoint_types-0.1.0-py3.10.egg-info/SOURCES.txt
[7.603s] -- Symlinking: /home/daniel/code/2025-phd-daniel-guerrero/ros-bridge/install/carla_waypoint_types/local/lib/python3.10/dist-packages/carla_waypoint_types-0.1.0-py3.10.egg-info/dependency_links.txt
[7.604s] -- Symlinking: /home/daniel/code/2025-phd-daniel-guerrero/ros-bridge/install/carla_waypoint_types/local/lib/python3.10/dist-packages/carla_waypoint_types-0.1.0-py3.10.egg-info/top_level.txt
[7.604s] -- Symlinking: /home/daniel/code/2025-phd-daniel-guerrero/ros-bridge/install/carla_waypoint_types/local/lib/python3.10/dist-packages/carla_waypoint_types/__init__.py
[7.606s] -- Symlinking: /home/daniel/code/2025-phd-daniel-guerrero/ros-bridge/install/carla_waypoint_types/local/lib/python3.10/dist-packages/carla_waypoint_types/_carla_waypoint_types_s.ep.rosidl_typesupport_c.c
[7.609s] -- Symlinking: /home/daniel/code/2025-phd-daniel-guerrero/ros-bridge/install/carla_waypoint_types/local/lib/python3.10/dist-packages/carla_waypoint_types/_carla_waypoint_types_s.ep.rosidl_typesupport_fastrtps_c.c
[7.612s] -- Symlinking: /home/daniel/code/2025-phd-daniel-guerrero/ros-bridge/install/carla_waypoint_types/local/lib/python3.10/dist-packages/carla_waypoint_types/_carla_waypoint_types_s.ep.rosidl_typesupport_introspection_c.c
[7.617s] -- Symlinking: /home/daniel/code/2025-phd-daniel-guerrero/ros-bridge/install/carla_waypoint_types/local/lib/python3.10/dist-packages/carla_waypoint_types/carla_waypoint_types_s__rosidl_typesupport_c.cpython-310-x86_64-linux-gnu.so
[7.618s] -- Symlinking: /home/daniel/code/2025-phd-daniel-guerrero/ros-bridge/install/carla_waypoint_types/local/lib/python3.10/dist-packages/carla_waypoint_types/carla_waypoint_types_s__rosidl_typesupport_fastrtps_c.cpython-310-x86_64-linux-gnu.so
[7.623s] -- Symlinking: /home/daniel/code/2025-phd-daniel-guerrero/ros-bridge/install/carla_waypoint_types/local/lib/python3.10/dist-packages/carla_waypoint_types/carla_waypoint_types_s__rosidl_typesupport_introspection_c.cpython-310-x86_64-linux-gnu.so
[7.625s] -- Symlinking: /home/daniel/code/2025-phd-daniel-guerrero/ros-bridge/install/carla_waypoint_types/local/lib/python3.10/dist-packages/carla_waypoint_types/libcarla_waypoint_types__rosidl_generator_py.so
[7.628s] -- Symlinking: /home/daniel/code/2025-phd-daniel-guerrero/ros-bridge/install/carla_waypoint_types/local/lib/python3.10/dist-packages/carla_waypoint_types/msg/__init__.py
[7.632s] -- Symlinking: /home/daniel/code/2025-phd-daniel-guerrero/ros-bridge/install/carla_waypoint_types/local/lib/python3.10/dist-packages/carla_waypoint_types/msg/_carla_waypoint.py
[7.636s] -- Symlinking: /home/daniel/code/2025-phd-daniel-guerrero/ros-bridge/install/carla_waypoint_types/local/lib/python3.10/dist-packages/carla_waypoint_types/msg/_carla_waypoint_s.c
[7.639s] -- Symlinking: /home/daniel/code/2025-phd-daniel-guerrero/ros-bridge/install/carla_waypoint_types/local/lib/python3.10/dist-packages/carla_waypoint_types/srv/__init__.py
[7.643s] -- Symlinking: /home/daniel/code/2025-phd-daniel-guerrero/ros-bridge/install/carla_waypoint_types/local/lib/python3.10/dist-packages/carla_waypoint_types/srv/_get_actor_waypoint.py
[7.646s] -- Symlinking: /home/daniel/code/2025-phd-daniel-guerrero/ros-bridge/install/carla_waypoint_types/local/lib/python3.10/dist-packages/carla_waypoint_types/srv/_get_actor_waypoint_s.c
[7.650s] -- Symlinking: /home/daniel/code/2025-phd-daniel-guerrero/ros-bridge/install/carla_waypoint_types/local/lib/python3.10/dist-packages/carla_waypoint_types/srv/_get_waypoint.py
[7.653s] -- Symlinking: /home/daniel/code/2025-phd-daniel-guerrero/ros-bridge/install/carla_waypoint_types/local/lib/python3.10/dist-packages/carla_waypoint_types/srv/_get_waypoint_s.c
[7.657s] -- Up-to-date symlink: /home/daniel/code/2025-phd-daniel-guerrero/ros-bridge/install/carla_waypoint_types/local/lib/python3.10/dist-packages/carla_waypoint_types/carla_waypoint_types_s__rosidl_typesupport_fastrtps_c.cpython-310-x86_64-linux-gnu.so
[7.658s] -- Up-to-date symlink: /home/daniel/code/2025-phd-daniel-guerrero/ros-bridge/install/carla_waypoint_types/local/lib/python3.10/dist-packages/carla_waypoint_types/carla_waypoint_types_s__rosidl_typesupport_introspection_c.cpython-310-x86_64-linux-gnu.so
[7.658s] -- Up-to-date symlink: /home/daniel/code/2025-phd-daniel-guerrero/ros-bridge/install/carla_waypoint_types/local/lib/python3.10/dist-packages/carla_waypoint_types/carla_waypoint_types_s__rosidl_typesupport_c.cpython-310-x86_64-linux-gnu.so
[7.658s] -- Symlinking: /home/daniel/code/2025-phd-daniel-guerrero/ros-bridge/install/carla_waypoint_types/share/carla_waypoint_types/msg/CarlaWaypoint.idl
[7.662s] -- Symlinking: /home/daniel/code/2025-phd-daniel-guerrero/ros-bridge/install/carla_waypoint_types/share/carla_waypoint_types/srv/GetWaypoint.idl
[7.669s] -- Symlinking: /home/daniel/code/2025-phd-daniel-guerrero/ros-bridge/install/carla_waypoint_types/share/carla_waypoint_types/srv/GetActorWaypoint.idl
[7.669s] -- Symlinking: /home/daniel/code/2025-phd-daniel-guerrero/ros-bridge/install/carla_waypoint_types/share/carla_waypoint_types/msg/CarlaWaypoint.msg
[7.676s] -- Symlinking: /home/daniel/code/2025-phd-daniel-guerrero/ros-bridge/install/carla_waypoint_types/share/carla_waypoint_types/srv/GetWaypoint.srv
[7.677s] -- Symlinking: /home/daniel/code/2025-phd-daniel-guerrero/ros-bridge/install/carla_waypoint_types/share/carla_waypoint_types/srv/GetWaypoint_Request.msg
[7.680s] -- Symlinking: /home/daniel/code/2025-phd-daniel-guerrero/ros-bridge/install/carla_waypoint_types/share/carla_waypoint_types/srv/GetWaypoint_Response.msg
[7.684s] -- Symlinking: /home/daniel/code/2025-phd-daniel-guerrero/ros-bridge/install/carla_waypoint_types/share/carla_waypoint_types/srv/GetActorWaypoint.srv
[7.688s] -- Symlinking: /home/daniel/code/2025-phd-daniel-guerrero/ros-bridge/install/carla_waypoint_types/share/carla_waypoint_types/srv/GetActorWaypoint_Request.msg
[7.691s] -- Symlinking: /home/daniel/code/2025-phd-daniel-guerrero/ros-bridge/install/carla_waypoint_types/share/carla_waypoint_types/srv/GetActorWaypoint_Response.msg
[7.695s] -- Symlinking: /home/daniel/code/2025-phd-daniel-guerrero/ros-bridge/install/carla_waypoint_types/share/ament_index/resource_index/package_run_dependencies/carla_waypoint_types
[7.700s] -- Symlinking: /home/daniel/code/2025-phd-daniel-guerrero/ros-bridge/install/carla_waypoint_types/share/ament_index/resource_index/parent_prefix_path/carla_waypoint_types
[7.704s] -- Symlinking: /home/daniel/code/2025-phd-daniel-guerrero/ros-bridge/install/carla_waypoint_types/share/carla_waypoint_types/environment/ament_prefix_path.sh
[7.715s] -- Symlinking: /home/daniel/code/2025-phd-daniel-guerrero/ros-bridge/install/carla_waypoint_types/share/carla_waypoint_types/environment/ament_prefix_path.dsv
[7.717s] -- Symlinking: /home/daniel/code/2025-phd-daniel-guerrero/ros-bridge/install/carla_waypoint_types/share/carla_waypoint_types/environment/path.sh
[7.723s] -- Symlinking: /home/daniel/code/2025-phd-daniel-guerrero/ros-bridge/install/carla_waypoint_types/share/carla_waypoint_types/environment/path.dsv
[7.729s] -- Symlinking: /home/daniel/code/2025-phd-daniel-guerrero/ros-bridge/install/carla_waypoint_types/share/carla_waypoint_types/local_setup.bash
[7.734s] -- Symlinking: /home/daniel/code/2025-phd-daniel-guerrero/ros-bridge/install/carla_waypoint_types/share/carla_waypoint_types/local_setup.sh
[7.743s] -- Symlinking: /home/daniel/code/2025-phd-daniel-guerrero/ros-bridge/install/carla_waypoint_types/share/carla_waypoint_types/local_setup.zsh
[7.749s] -- Symlinking: /home/daniel/code/2025-phd-daniel-guerrero/ros-bridge/install/carla_waypoint_types/share/carla_waypoint_types/local_setup.dsv
[7.755s] -- Symlinking: /home/daniel/code/2025-phd-daniel-guerrero/ros-bridge/install/carla_waypoint_types/share/carla_waypoint_types/package.dsv
[7.761s] -- Symlinking: /home/daniel/code/2025-phd-daniel-guerrero/ros-bridge/install/carla_waypoint_types/share/ament_index/resource_index/packages/carla_waypoint_types
[7.766s] -- Symlinking: /home/daniel/code/2025-phd-daniel-guerrero/ros-bridge/install/carla_waypoint_types/share/carla_waypoint_types/cmake/rosidl_cmake-extras.cmake
[7.773s] -- Symlinking: /home/daniel/code/2025-phd-daniel-guerrero/ros-bridge/install/carla_waypoint_types/share/carla_waypoint_types/cmake/ament_cmake_export_dependencies-extras.cmake
[7.780s] -- Symlinking: /home/daniel/code/2025-phd-daniel-guerrero/ros-bridge/install/carla_waypoint_types/share/carla_waypoint_types/cmake/ament_cmake_export_include_directories-extras.cmake
[7.787s] -- Symlinking: /home/daniel/code/2025-phd-daniel-guerrero/ros-bridge/install/carla_waypoint_types/share/carla_waypoint_types/cmake/ament_cmake_export_libraries-extras.cmake
[7.797s] -- Symlinking: /home/daniel/code/2025-phd-daniel-guerrero/ros-bridge/install/carla_waypoint_types/share/carla_waypoint_types/cmake/ament_cmake_export_targets-extras.cmake
[7.803s] -- Symlinking: /home/daniel/code/2025-phd-daniel-guerrero/ros-bridge/install/carla_waypoint_types/share/carla_waypoint_types/cmake/rosidl_cmake_export_typesupport_targets-extras.cmake
[7.814s] -- Symlinking: /home/daniel/code/2025-phd-daniel-guerrero/ros-bridge/install/carla_waypoint_types/share/carla_waypoint_types/cmake/rosidl_cmake_export_typesupport_libraries-extras.cmake
[7.818s] -- Symlinking: /home/daniel/code/2025-phd-daniel-guerrero/ros-bridge/install/carla_waypoint_types/share/carla_waypoint_types/cmake/carla_waypoint_typesConfig.cmake
[7.818s] -- Symlinking: /home/daniel/code/2025-phd-daniel-guerrero/ros-bridge/install/carla_waypoint_types/share/carla_waypoint_types/cmake/carla_waypoint_typesConfig-version.cmake
[7.821s] -- Symlinking: /home/daniel/code/2025-phd-daniel-guerrero/ros-bridge/install/carla_waypoint_types/share/carla_waypoint_types/package.xml
[7.825s] -- Installing: /home/daniel/code/2025-phd-daniel-guerrero/ros-bridge/install/carla_waypoint_types/lib/libcarla_waypoint_types__rosidl_generator_c.so
[7.825s] -- Set non-toolchain portion of runtime path of "/home/daniel/code/2025-phd-daniel-guerrero/ros-bridge/install/carla_waypoint_types/lib/libcarla_waypoint_types__rosidl_generator_c.so" to ""
[7.825s] -- Installing: /home/daniel/code/2025-phd-daniel-guerrero/ros-bridge/install/carla_waypoint_types/lib/libcarla_waypoint_types__rosidl_typesupport_fastrtps_c.so
[7.826s] -- Set non-toolchain portion of runtime path of "/home/daniel/code/2025-phd-daniel-guerrero/ros-bridge/install/carla_waypoint_types/lib/libcarla_waypoint_types__rosidl_typesupport_fastrtps_c.so" to ""
[7.826s] -- Installing: /home/daniel/code/2025-phd-daniel-guerrero/ros-bridge/install/carla_waypoint_types/lib/libcarla_waypoint_types__rosidl_typesupport_fastrtps_cpp.so
[7.827s] -- Set non-toolchain portion of runtime path of "/home/daniel/code/2025-phd-daniel-guerrero/ros-bridge/install/carla_waypoint_types/lib/libcarla_waypoint_types__rosidl_typesupport_fastrtps_cpp.so" to ""
[7.827s] -- Installing: /home/daniel/code/2025-phd-daniel-guerrero/ros-bridge/install/carla_waypoint_types/lib/libcarla_waypoint_types__rosidl_typesupport_introspection_c.so
[7.827s] -- Set non-toolchain portion of runtime path of "/home/daniel/code/2025-phd-daniel-guerrero/ros-bridge/install/carla_waypoint_types/lib/libcarla_waypoint_types__rosidl_typesupport_introspection_c.so" to ""
[7.827s] -- Installing: /home/daniel/code/2025-phd-daniel-guerrero/ros-bridge/install/carla_waypoint_types/lib/libcarla_waypoint_types__rosidl_typesupport_c.so
[7.828s] -- Set non-toolchain portion of runtime path of "/home/daniel/code/2025-phd-daniel-guerrero/ros-bridge/install/carla_waypoint_types/lib/libcarla_waypoint_types__rosidl_typesupport_c.so" to ""
[7.828s] -- Installing: /home/daniel/code/2025-phd-daniel-guerrero/ros-bridge/install/carla_waypoint_types/lib/libcarla_waypoint_types__rosidl_typesupport_introspection_cpp.so
[7.829s] -- Set non-toolchain portion of runtime path of "/home/daniel/code/2025-phd-daniel-guerrero/ros-bridge/install/carla_waypoint_types/lib/libcarla_waypoint_types__rosidl_typesupport_introspection_cpp.so" to ""
[7.829s] -- Installing: /home/daniel/code/2025-phd-daniel-guerrero/ros-bridge/install/carla_waypoint_types/lib/libcarla_waypoint_types__rosidl_typesupport_cpp.so
[7.829s] -- Set non-toolchain portion of runtime path of "/home/daniel/code/2025-phd-daniel-guerrero/ros-bridge/install/carla_waypoint_types/lib/libcarla_waypoint_types__rosidl_typesupport_cpp.so" to ""
[7.897s] Listing '/home/daniel/code/2025-phd-daniel-guerrero/ros-bridge/install/carla_waypoint_types/local/lib/python3.10/dist-packages/carla_waypoint_types'...
[7.897s] Compiling '/home/daniel/code/2025-phd-daniel-guerrero/ros-bridge/install/carla_waypoint_types/local/lib/python3.10/dist-packages/carla_waypoint_types/__init__.py'...
[7.897s] Listing '/home/daniel/code/2025-phd-daniel-guerrero/ros-bridge/install/carla_waypoint_types/local/lib/python3.10/dist-packages/carla_waypoint_types/msg'...
[7.897s] Compiling '/home/daniel/code/2025-phd-daniel-guerrero/ros-bridge/install/carla_waypoint_types/local/lib/python3.10/dist-packages/carla_waypoint_types/msg/__init__.py'...
[7.897s] Compiling '/home/daniel/code/2025-phd-daniel-guerrero/ros-bridge/install/carla_waypoint_types/local/lib/python3.10/dist-packages/carla_waypoint_types/msg/_carla_waypoint.py'...
[7.897s] Listing '/home/daniel/code/2025-phd-daniel-guerrero/ros-bridge/install/carla_waypoint_types/local/lib/python3.10/dist-packages/carla_waypoint_types/srv'...
[7.897s] Compiling '/home/daniel/code/2025-phd-daniel-guerrero/ros-bridge/install/carla_waypoint_types/local/lib/python3.10/dist-packages/carla_waypoint_types/srv/__init__.py'...
[7.897s] Compiling '/home/daniel/code/2025-phd-daniel-guerrero/ros-bridge/install/carla_waypoint_types/local/lib/python3.10/dist-packages/carla_waypoint_types/srv/_get_actor_waypoint.py'...
[7.897s] Compiling '/home/daniel/code/2025-phd-daniel-guerrero/ros-bridge/install/carla_waypoint_types/local/lib/python3.10/dist-packages/carla_waypoint_types/srv/_get_waypoint.py'...
[7.902s] -- Installing: /home/daniel/code/2025-phd-daniel-guerrero/ros-bridge/install/carla_waypoint_types/lib/libcarla_waypoint_types__rosidl_generator_py.so
[7.902s] -- Set non-toolchain portion of runtime path of "/home/daniel/code/2025-phd-daniel-guerrero/ros-bridge/install/carla_waypoint_types/lib/libcarla_waypoint_types__rosidl_generator_py.so" to ""
[7.902s] -- Installing: /home/daniel/code/2025-phd-daniel-guerrero/ros-bridge/install/carla_waypoint_types/share/carla_waypoint_types/cmake/export_carla_waypoint_types__rosidl_generator_cExport.cmake
[7.902s] -- Installing: /home/daniel/code/2025-phd-daniel-guerrero/ros-bridge/install/carla_waypoint_types/share/carla_waypoint_types/cmake/export_carla_waypoint_types__rosidl_generator_cExport-noconfig.cmake
[7.903s] -- Installing: /home/daniel/code/2025-phd-daniel-guerrero/ros-bridge/install/carla_waypoint_types/share/carla_waypoint_types/cmake/export_carla_waypoint_types__rosidl_typesupport_fastrtps_cExport.cmake
[7.903s] -- Installing: /home/daniel/code/2025-phd-daniel-guerrero/ros-bridge/install/carla_waypoint_types/share/carla_waypoint_types/cmake/export_carla_waypoint_types__rosidl_typesupport_fastrtps_cExport-noconfig.cmake
[7.903s] -- Installing: /home/daniel/code/2025-phd-daniel-guerrero/ros-bridge/install/carla_waypoint_types/share/carla_waypoint_types/cmake/export_carla_waypoint_types__rosidl_generator_cppExport.cmake
[7.903s] -- Installing: /home/daniel/code/2025-phd-daniel-guerrero/ros-bridge/install/carla_waypoint_types/share/carla_waypoint_types/cmake/export_carla_waypoint_types__rosidl_typesupport_fastrtps_cppExport.cmake
[7.903s] -- Installing: /home/daniel/code/2025-phd-daniel-guerrero/ros-bridge/install/carla_waypoint_types/share/carla_waypoint_types/cmake/export_carla_waypoint_types__rosidl_typesupport_fastrtps_cppExport-noconfig.cmake
[7.904s] -- Installing: /home/daniel/code/2025-phd-daniel-guerrero/ros-bridge/install/carla_waypoint_types/share/carla_waypoint_types/cmake/carla_waypoint_types__rosidl_typesupport_introspection_cExport.cmake
[7.904s] -- Installing: /home/daniel/code/2025-phd-daniel-guerrero/ros-bridge/install/carla_waypoint_types/share/carla_waypoint_types/cmake/carla_waypoint_types__rosidl_typesupport_introspection_cExport-noconfig.cmake
[7.904s] -- Installing: /home/daniel/code/2025-phd-daniel-guerrero/ros-bridge/install/carla_waypoint_types/share/carla_waypoint_types/cmake/carla_waypoint_types__rosidl_typesupport_cExport.cmake
[7.904s] -- Installing: /home/daniel/code/2025-phd-daniel-guerrero/ros-bridge/install/carla_waypoint_types/share/carla_waypoint_types/cmake/carla_waypoint_types__rosidl_typesupport_cExport-noconfig.cmake
[7.904s] -- Installing: /home/daniel/code/2025-phd-daniel-guerrero/ros-bridge/install/carla_waypoint_types/share/carla_waypoint_types/cmake/carla_waypoint_types__rosidl_typesupport_introspection_cppExport.cmake
[7.906s] -- Installing: /home/daniel/code/2025-phd-daniel-guerrero/ros-bridge/install/carla_waypoint_types/share/carla_waypoint_types/cmake/carla_waypoint_types__rosidl_typesupport_introspection_cppExport-noconfig.cmake
[7.906s] -- Installing: /home/daniel/code/2025-phd-daniel-guerrero/ros-bridge/install/carla_waypoint_types/share/carla_waypoint_types/cmake/carla_waypoint_types__rosidl_typesupport_cppExport.cmake
[7.906s] -- Installing: /home/daniel/code/2025-phd-daniel-guerrero/ros-bridge/install/carla_waypoint_types/share/carla_waypoint_types/cmake/carla_waypoint_types__rosidl_typesupport_cppExport-noconfig.cmake
[7.906s] -- Installing: /home/daniel/code/2025-phd-daniel-guerrero/ros-bridge/install/carla_waypoint_types/share/carla_waypoint_types/cmake/export_carla_waypoint_types__rosidl_generator_pyExport.cmake
[7.906s] -- Installing: /home/daniel/code/2025-phd-daniel-guerrero/ros-bridge/install/carla_waypoint_types/share/carla_waypoint_types/cmake/export_carla_waypoint_types__rosidl_generator_pyExport-noconfig.cmake
[7.912s] Invoked command in '/home/daniel/code/2025-phd-daniel-guerrero/ros-bridge/build/carla_waypoint_types' returned '0': CMAKE_PREFIX_PATH=${CMAKE_PREFIX_PATH}:/home/daniel/code/2025-phd-daniel-guerrero/ros-bridge/install/rqt_carla_control:/home/daniel/code/2025-phd-daniel-guerrero/ros-bridge/install/carla_waypoint_publisher:/home/daniel/code/2025-phd-daniel-guerrero/ros-bridge/install/carla_ackermann_control:/home/daniel/code/2025-phd-daniel-guerrero/ros-bridge/install/carla_ros_bridge:/home/daniel/code/2025-phd-daniel-guerrero/ros-bridge/install/carla_spawn_objects:/home/daniel/code/2025-phd-daniel-guerrero/ros-bridge/install/carla_manual_control:/home/daniel/code/2025-phd-daniel-guerrero/ros-bridge/install/carla_ad_agent:/home/daniel/code/2025-phd-daniel-guerrero/ros-bridge/install/ros_compatibility:/home/daniel/code/2025-phd-daniel-guerrero/ros-bridge/install/carla_walker_agent:/home/daniel/code/2025-phd-daniel-guerrero/ros-bridge/install/carla_twist_to_control:/home/daniel/code/2025-phd-daniel-guerrero/ros-bridge/install/carla_ros_scenario_runner:/home/daniel/code/2025-phd-daniel-guerrero/ros-bridge/install/carla_common:/home/daniel/carla-ros-bridge/install/rqt_carla_control:/home/daniel/carla-ros-bridge/install/carla_waypoint_publisher:/home/daniel/carla-ros-bridge/install/carla_ackermann_control:/home/daniel/carla-ros-bridge/install/carla_ros_bridge:/home/daniel/carla-ros-bridge/install/carla_spawn_objects:/home/daniel/carla-ros-bridge/install/carla_manual_control:/home/daniel/carla-ros-bridge/install/carla_ad_agent:/home/daniel/carla-ros-bridge/install/ros_compatibility:/home/daniel/carla-ros-bridge/install/carla_walker_agent:/home/daniel/carla-ros-bridge/install/carla_twist_to_control:/home/daniel/carla-ros-bridge/install/carla_ros_scenario_runner:/home/daniel/carla-ros-bridge/install/carla_common:/opt/ros/humble /opt/cmake-3.28.3-linux-x86_64/bin/cmake --install /home/daniel/code/2025-phd-daniel-guerrero/ros-bridge/build/carla_waypoint_types
