[1.746s] Invoking command in '/home/daniel/code/2025-phd-daniel-guerrero/ros-bridge/build/ros_compatibility': PYTHONPATH=/home/daniel/code/2025-phd-daniel-guerrero/ros-bridge/build/ros_compatibility/prefix_override:/usr/lib/python3/dist-packages/colcon_core/task/python/colcon_distutils_commands:/home/daniel/code/2025-phd-daniel-guerrero/ros-bridge/install/ros_compatibility/lib/python3.10/site-packages:${PYTHONPATH} /usr/bin/python3 -W ignore:setup.py install is deprecated -W ignore:easy_install command is deprecated setup.py develop --editable --build-directory /home/daniel/code/2025-phd-daniel-guerrero/ros-bridge/build/ros_compatibility/build --no-deps symlink_data
[2.102s] running develop
[2.288s] running egg_info
[2.288s] creating src/ros_compatibility.egg-info
[2.288s] writing src/ros_compatibility.egg-info/PKG-INFO
[2.288s] writing dependency_links to src/ros_compatibility.egg-info/dependency_links.txt
[2.288s] writing requirements to src/ros_compatibility.egg-info/requires.txt
[2.288s] writing top-level names to src/ros_compatibility.egg-info/top_level.txt
[2.289s] writing manifest file 'src/ros_compatibility.egg-info/SOURCES.txt'
[2.290s] reading manifest file 'src/ros_compatibility.egg-info/SOURCES.txt'
[2.291s] writing manifest file 'src/ros_compatibility.egg-info/SOURCES.txt'
[2.332s] running build_ext
[2.332s] Creating /home/daniel/code/2025-phd-daniel-guerrero/ros-bridge/install/ros_compatibility/lib/python3.10/site-packages/ros-compatibility.egg-link (link to src)
[2.332s] 
[2.332s] Installed /home/daniel/code/2025-phd-daniel-guerrero/ros-bridge/build/ros_compatibility/src
[2.332s] running symlink_data
[2.332s] creating /home/daniel/code/2025-phd-daniel-guerrero/ros-bridge/install/ros_compatibility/share/ament_index
[2.332s] creating /home/daniel/code/2025-phd-daniel-guerrero/ros-bridge/install/ros_compatibility/share/ament_index/resource_index
[2.332s] creating /home/daniel/code/2025-phd-daniel-guerrero/ros-bridge/install/ros_compatibility/share/ament_index/resource_index/packages
[2.332s] symbolically linking /home/daniel/code/2025-phd-daniel-guerrero/ros-bridge/build/ros_compatibility/resource/ros_compatibility -> /home/daniel/code/2025-phd-daniel-guerrero/ros-bridge/install/ros_compatibility/share/ament_index/resource_index/packages
[2.333s] symbolically linking /home/daniel/code/2025-phd-daniel-guerrero/ros-bridge/build/ros_compatibility/package.xml -> /home/daniel/code/2025-phd-daniel-guerrero/ros-bridge/install/ros_compatibility/share/ros_compatibility
[2.390s] Invoked command in '/home/daniel/code/2025-phd-daniel-guerrero/ros-bridge/build/ros_compatibility' returned '0': PYTHONPATH=/home/daniel/code/2025-phd-daniel-guerrero/ros-bridge/build/ros_compatibility/prefix_override:/usr/lib/python3/dist-packages/colcon_core/task/python/colcon_distutils_commands:/home/daniel/code/2025-phd-daniel-guerrero/ros-bridge/install/ros_compatibility/lib/python3.10/site-packages:${PYTHONPATH} /usr/bin/python3 -W ignore:setup.py install is deprecated -W ignore:easy_install command is deprecated setup.py develop --editable --build-directory /home/daniel/code/2025-phd-daniel-guerrero/ros-bridge/build/ros_compatibility/build --no-deps symlink_data
