[0.012s] Invoking command in '/home/daniel/code/2025-phd-daniel-guerrero/robot_ws/build/carla_msgs': /opt/cmake-3.28.3-linux-x86_64/bin/cmake /home/daniel/code/2025-phd-daniel-guerrero/robot_ws/src/carla_ros/carla_msgs -DCATKIN_INSTALL_INTO_PREFIX_ROOT=0 -DCATKIN_SYMLINK_INSTALL=ON -DCMAKE_INSTALL_PREFIX=/home/daniel/code/2025-phd-daniel-guerrero/robot_ws/install/carla_msgs
[0.031s] [0mCMake Deprecation Warning at CMakeLists.txt:1 (cmake_minimum_required):
[0.031s]   Compatibility with CMake < 3.5 will be removed from a future version of
[0.031s]   CMake.
[0.031s] 
[0.031s]   Update the VERSION argument <min> value or use a ...<max> suffix to tell
[0.031s]   CMake that the project does not need compatibility with older versions.
[0.031s] 
[0.031s] [0m
[0.110s] -- The C compiler identification is GNU 11.4.0
[0.202s] -- The CXX compiler identification is GNU 7.5.0
[0.218s] -- Detecting C compiler ABI info
[0.275s] -- Detecting C compiler ABI info - done
[0.291s] -- Check for working C compiler: /usr/bin/cc - skipped
[0.292s] -- Detecting C compile features
[0.292s] -- Detecting C compile features - done
[0.304s] -- Detecting CXX compiler ABI info
[0.374s] -- Detecting CXX compiler ABI info - done
[0.390s] -- Check for working CXX compiler: /usr/bin/c++ - skipped
[0.390s] -- Detecting CXX compile features
[0.392s] -- Detecting CXX compile features - done
[0.402s] [31mCMake Error at CMakeLists.txt:4 (find_package):
[0.402s]   By not providing "Findros_environment.cmake" in CMAKE_MODULE_PATH this
[0.403s]   project has asked CMake to find a package configuration file provided by
[0.403s]   "ros_environment", but CMake did not find one.
[0.403s] 
[0.403s]   Could not find a package configuration file provided by "ros_environment"
[0.403s]   with any of the following names:
[0.403s] 
[0.403s]     ros_environmentConfig.cmake
[0.403s]     ros_environment-config.cmake
[0.403s] 
[0.403s]   Add the installation prefix of "ros_environment" to CMAKE_PREFIX_PATH or
[0.403s]   set "ros_environment_DIR" to a directory containing one of the above files.
[0.403s]   If "ros_environment" provides a separate development package or SDK, be
[0.403s]   sure it has been installed.
[0.403s] 
[0.403s] [0m
[0.404s] -- Configuring incomplete, errors occurred!
