-- Found ros_environment: 3.2.2 (/opt/ros/humble/share/ros_environment/cmake)
-- Found ament_cmake: 1.3.11 (/opt/ros/humble/share/ament_cmake/cmake)
-- Found Python3: /usr/bin/python3 (found version "3.10.12") found components: Interpreter 
-- Override CMake install command with custom implementation using symlinks instead of copying resources
-- Found builtin_interfaces: 1.2.1 (/opt/ros/humble/share/builtin_interfaces/cmake)
-- Found rosidl_generator_c: 3.1.6 (/opt/ros/humble/share/rosidl_generator_c/cmake)
-- Found rosidl_adapter: 3.1.6 (/opt/ros/humble/share/rosidl_adapter/cmake)
-- Found rosidl_generator_cpp: 3.1.6 (/opt/ros/humble/share/rosidl_generator_cpp/cmake)
-- Using all available rosidl_typesupport_c: rosidl_typesupport_fastrtps_c;rosidl_typesupport_introspection_c
[33mCMake Warning (dev) at CMakeLists.txt:1 (project):
  cmake_minimum_required() should be called prior to this top-level project()
  call.  Please see the cmake-commands(7) manual for usage documentation of
  both commands.
This warning is for project developers.  Use -Wno-dev to suppress it.
[0m
-- Using all available rosidl_typesupport_cpp: rosidl_typesupport_fastrtps_cpp;rosidl_typesupport_introspection_cpp
-- Found geometry_msgs: 4.8.0 (/opt/ros/humble/share/geometry_msgs/cmake)
-- Found rosidl_default_generators: 1.2.0 (/opt/ros/humble/share/rosidl_default_generators/cmake)
-- Found ament_cmake_cppcheck: 0.12.12 (/opt/ros/humble/share/ament_cmake_cppcheck/cmake)
-- Found ament_cmake_cpplint: 0.12.12 (/opt/ros/humble/share/ament_cmake_cpplint/cmake)
-- Found ament_cmake_uncrustify: 0.12.12 (/opt/ros/humble/share/ament_cmake_uncrustify/cmake)
-- Found ament_cmake_ros: 0.10.0 (/opt/ros/humble/share/ament_cmake_ros/cmake)
-- Using all available rosidl_typesupport_c: rosidl_typesupport_fastrtps_c;rosidl_typesupport_introspection_c
-- Using all available rosidl_typesupport_cpp: rosidl_typesupport_fastrtps_cpp;rosidl_typesupport_introspection_cpp
[33mCMake Warning (dev) at /opt/ros/humble/share/rosidl_generator_py/cmake/rosidl_generator_py_generate_interfaces.cmake:20 (find_package):
  Policy CMP0148 is not set: The FindPythonInterp and FindPythonLibs modules
  are removed.  Run "cmake --help-policy CMP0148" for policy details.  Use
  the cmake_policy command to set the policy and suppress this warning.

Call Stack (most recent call first):
  /opt/ros/humble/share/ament_cmake_core/cmake/core/ament_execute_extensions.cmake:48 (include)
  /opt/ros/humble/share/rosidl_cmake/cmake/rosidl_generate_interfaces.cmake:286 (ament_execute_extensions)
  CMakeLists.txt:39 (rosidl_generate_interfaces)
This warning is for project developers.  Use -Wno-dev to suppress it.
[0m
-- Found PythonInterp: /usr/bin/python3 (found suitable version "3.10.12", minimum required is "3.6") 
-- Found python_cmake_module: 0.10.0 (/opt/ros/humble/share/python_cmake_module/cmake)
[33mCMake Warning (dev) at /opt/ros/humble/share/python_cmake_module/cmake/Modules/FindPythonExtra.cmake:52 (find_package):
  Policy CMP0148 is not set: The FindPythonInterp and FindPythonLibs modules
  are removed.  Run "cmake --help-policy CMP0148" for policy details.  Use
  the cmake_policy command to set the policy and suppress this warning.

Call Stack (most recent call first):
  /opt/ros/humble/share/rosidl_generator_py/cmake/rosidl_generator_py_generate_interfaces.cmake:23 (find_package)
  /opt/ros/humble/share/ament_cmake_core/cmake/core/ament_execute_extensions.cmake:48 (include)
  /opt/ros/humble/share/rosidl_cmake/cmake/rosidl_generate_interfaces.cmake:286 (ament_execute_extensions)
  CMakeLists.txt:39 (rosidl_generate_interfaces)
This warning is for project developers.  Use -Wno-dev to suppress it.
[0m
[33mCMake Warning (dev) at /opt/ros/humble/share/python_cmake_module/cmake/Modules/FindPythonExtra.cmake:140 (find_package):
  Policy CMP0148 is not set: The FindPythonInterp and FindPythonLibs modules
  are removed.  Run "cmake --help-policy CMP0148" for policy details.  Use
  the cmake_policy command to set the policy and suppress this warning.

Call Stack (most recent call first):
  /opt/ros/humble/share/rosidl_generator_py/cmake/rosidl_generator_py_generate_interfaces.cmake:23 (find_package)
  /opt/ros/humble/share/ament_cmake_core/cmake/core/ament_execute_extensions.cmake:48 (include)
  /opt/ros/humble/share/rosidl_cmake/cmake/rosidl_generate_interfaces.cmake:286 (ament_execute_extensions)
  CMakeLists.txt:39 (rosidl_generate_interfaces)
This warning is for project developers.  Use -Wno-dev to suppress it.
[0m
-- Found PythonLibs: /usr/lib/x86_64-linux-gnu/libpython3.10.so (found suitable version "3.10.12", minimum required is "3.5") 
-- Using PYTHON_EXECUTABLE: /usr/bin/python3
-- Using PYTHON_INCLUDE_DIRS: /usr/include/python3.10
-- Using PYTHON_LIBRARIES: /usr/lib/x86_64-linux-gnu/libpython3.10.so
-- Found PythonExtra: .so  
-- Found ament_cmake_flake8: 0.12.12 (/opt/ros/humble/share/ament_cmake_flake8/cmake)
-- Found ament_cmake_pep257: 0.12.12 (/opt/ros/humble/share/ament_cmake_pep257/cmake)
-- Found ament_lint_auto: 0.12.12 (/opt/ros/humble/share/ament_lint_auto/cmake)
-- Added test 'copyright' to check source files copyright and LICENSE
-- Added test 'lint_cmake' to check CMake code style
-- Added test 'xmllint' to check XML markup files
-- Configuring done (2.0s)
-- Generating done (0.0s)
-- Build files have been written to: /home/daniel/code/2025-phd-daniel-guerrero/robot_ws/build/carla_ros_scenario_runner_types
[  1%] [34m[1mGenerating C code for ROS interfaces[0m
[  3%] [34m[1mGenerating C++ code for ROS interfaces[0m
[  3%] Built target ament_cmake_python_symlink_carla_ros_scenario_runner_types
running egg_info
creating carla_ros_scenario_runner_types.egg-info
writing carla_ros_scenario_runner_types.egg-info/PKG-INFO
writing dependency_links to carla_ros_scenario_runner_types.egg-info/dependency_links.txt
writing top-level names to carla_ros_scenario_runner_types.egg-info/top_level.txt
writing manifest file 'carla_ros_scenario_runner_types.egg-info/SOURCES.txt'
reading manifest file 'carla_ros_scenario_runner_types.egg-info/SOURCES.txt'
writing manifest file 'carla_ros_scenario_runner_types.egg-info/SOURCES.txt'
[  3%] Built target ament_cmake_python_build_carla_ros_scenario_runner_types_egg
[  5%] [32mBuilding C object CMakeFiles/carla_ros_scenario_runner_types__rosidl_generator_c.dir/rosidl_generator_c/carla_ros_scenario_runner_types/msg/detail/carla_scenario__functions.c.o[0m
[  7%] [32mBuilding C object CMakeFiles/carla_ros_scenario_runner_types__rosidl_generator_c.dir/rosidl_generator_c/carla_ros_scenario_runner_types/msg/detail/carla_scenario_list__functions.c.o[0m
[  9%] [32mBuilding C object CMakeFiles/carla_ros_scenario_runner_types__rosidl_generator_c.dir/rosidl_generator_c/carla_ros_scenario_runner_types/srv/detail/execute_scenario__functions.c.o[0m
[ 10%] [32mBuilding C object CMakeFiles/carla_ros_scenario_runner_types__rosidl_generator_c.dir/rosidl_generator_c/carla_ros_scenario_runner_types/msg/detail/carla_scenario_runner_status__functions.c.o[0m
[ 12%] [32m[1mLinking C shared library libcarla_ros_scenario_runner_types__rosidl_generator_c.so[0m
[ 12%] Built target carla_ros_scenario_runner_types__rosidl_generator_c
[ 14%] [34m[1mGenerating C introspection for ROS interfaces[0m
[ 16%] [34m[1mGenerating C type support for eProsima Fast-RTPS[0m
[ 18%] [34m[1mGenerating C type support dispatch for ROS interfaces[0m
[ 18%] Built target carla_ros_scenario_runner_types__cpp
[ 20%] [34m[1mGenerating C++ type support dispatch for ROS interfaces[0m
[ 21%] [34m[1mGenerating C++ type support for eProsima Fast-RTPS[0m
[ 23%] [34m[1mGenerating C++ introspection for ROS interfaces[0m
[ 25%] [32mBuilding CXX object CMakeFiles/carla_ros_scenario_runner_types__rosidl_typesupport_c.dir/rosidl_typesupport_c/carla_ros_scenario_runner_types/msg/carla_scenario__type_support.cpp.o[0m
[ 27%] [32mBuilding CXX object CMakeFiles/carla_ros_scenario_runner_types__rosidl_typesupport_c.dir/rosidl_typesupport_c/carla_ros_scenario_runner_types/msg/carla_scenario_list__type_support.cpp.o[0m
[ 29%] [32mBuilding CXX object CMakeFiles/carla_ros_scenario_runner_types__rosidl_typesupport_c.dir/rosidl_typesupport_c/carla_ros_scenario_runner_types/msg/carla_scenario_runner_status__type_support.cpp.o[0m
[ 30%] [32mBuilding CXX object CMakeFiles/carla_ros_scenario_runner_types__rosidl_typesupport_c.dir/rosidl_typesupport_c/carla_ros_scenario_runner_types/srv/execute_scenario__type_support.cpp.o[0m
[ 32%] [32mBuilding CXX object CMakeFiles/carla_ros_scenario_runner_types__rosidl_typesupport_cpp.dir/rosidl_typesupport_cpp/carla_ros_scenario_runner_types/msg/carla_scenario__type_support.cpp.o[0m
[ 34%] [32mBuilding CXX object CMakeFiles/carla_ros_scenario_runner_types__rosidl_typesupport_cpp.dir/rosidl_typesupport_cpp/carla_ros_scenario_runner_types/msg/carla_scenario_list__type_support.cpp.o[0m
[ 36%] [32mBuilding CXX object CMakeFiles/carla_ros_scenario_runner_types__rosidl_typesupport_cpp.dir/rosidl_typesupport_cpp/carla_ros_scenario_runner_types/msg/carla_scenario_runner_status__type_support.cpp.o[0m
[ 38%] [32mBuilding CXX object CMakeFiles/carla_ros_scenario_runner_types__rosidl_typesupport_cpp.dir/rosidl_typesupport_cpp/carla_ros_scenario_runner_types/srv/execute_scenario__type_support.cpp.o[0m
[ 40%] [32mBuilding C object CMakeFiles/carla_ros_scenario_runner_types__rosidl_typesupport_introspection_c.dir/rosidl_typesupport_introspection_c/carla_ros_scenario_runner_types/msg/detail/carla_scenario__type_support.c.o[0m
[ 41%] [32mBuilding C object CMakeFiles/carla_ros_scenario_runner_types__rosidl_typesupport_introspection_c.dir/rosidl_typesupport_introspection_c/carla_ros_scenario_runner_types/msg/detail/carla_scenario_list__type_support.c.o[0m
[ 43%] [32mBuilding C object CMakeFiles/carla_ros_scenario_runner_types__rosidl_typesupport_introspection_c.dir/rosidl_typesupport_introspection_c/carla_ros_scenario_runner_types/msg/detail/carla_scenario_runner_status__type_support.c.o[0m
[ 45%] [32m[1mLinking CXX shared library libcarla_ros_scenario_runner_types__rosidl_typesupport_c.so[0m
[ 47%] [32mBuilding C object CMakeFiles/carla_ros_scenario_runner_types__rosidl_typesupport_introspection_c.dir/rosidl_typesupport_introspection_c/carla_ros_scenario_runner_types/srv/detail/execute_scenario__type_support.c.o[0m
[ 49%] [32mBuilding CXX object CMakeFiles/carla_ros_scenario_runner_types__rosidl_typesupport_fastrtps_c.dir/rosidl_typesupport_fastrtps_c/carla_ros_scenario_runner_types/msg/detail/carla_scenario__type_support_c.cpp.o[0m
[ 50%] [32mBuilding CXX object CMakeFiles/carla_ros_scenario_runner_types__rosidl_typesupport_fastrtps_c.dir/rosidl_typesupport_fastrtps_c/carla_ros_scenario_runner_types/msg/detail/carla_scenario_list__type_support_c.cpp.o[0m
[ 52%] [32mBuilding CXX object CMakeFiles/carla_ros_scenario_runner_types__rosidl_typesupport_fastrtps_c.dir/rosidl_typesupport_fastrtps_c/carla_ros_scenario_runner_types/msg/detail/carla_scenario_runner_status__type_support_c.cpp.o[0m
[ 54%] [32mBuilding CXX object CMakeFiles/carla_ros_scenario_runner_types__rosidl_typesupport_fastrtps_c.dir/rosidl_typesupport_fastrtps_c/carla_ros_scenario_runner_types/srv/detail/execute_scenario__type_support_c.cpp.o[0m
[ 56%] [32m[1mLinking C shared library libcarla_ros_scenario_runner_types__rosidl_typesupport_introspection_c.so[0m
[ 56%] Built target carla_ros_scenario_runner_types__rosidl_typesupport_c
[ 58%] [32mBuilding CXX object CMakeFiles/carla_ros_scenario_runner_types__rosidl_typesupport_introspection_cpp.dir/rosidl_typesupport_introspection_cpp/carla_ros_scenario_runner_types/msg/detail/carla_scenario__type_support.cpp.o[0m
[ 60%] [32mBuilding CXX object CMakeFiles/carla_ros_scenario_runner_types__rosidl_typesupport_introspection_cpp.dir/rosidl_typesupport_introspection_cpp/carla_ros_scenario_runner_types/msg/detail/carla_scenario_list__type_support.cpp.o[0m
[ 60%] Built target carla_ros_scenario_runner_types__rosidl_typesupport_introspection_c
[ 61%] [32mBuilding CXX object CMakeFiles/carla_ros_scenario_runner_types__rosidl_typesupport_introspection_cpp.dir/rosidl_typesupport_introspection_cpp/carla_ros_scenario_runner_types/msg/detail/carla_scenario_runner_status__type_support.cpp.o[0m
[ 63%] [32mBuilding CXX object CMakeFiles/carla_ros_scenario_runner_types__rosidl_typesupport_fastrtps_cpp.dir/rosidl_typesupport_fastrtps_cpp/carla_ros_scenario_runner_types/msg/detail/dds_fastrtps/carla_scenario__type_support.cpp.o[0m
[ 65%] [32mBuilding CXX object CMakeFiles/carla_ros_scenario_runner_types__rosidl_typesupport_fastrtps_cpp.dir/rosidl_typesupport_fastrtps_cpp/carla_ros_scenario_runner_types/msg/detail/dds_fastrtps/carla_scenario_list__type_support.cpp.o[0m
[ 67%] [32mBuilding CXX object CMakeFiles/carla_ros_scenario_runner_types__rosidl_typesupport_introspection_cpp.dir/rosidl_typesupport_introspection_cpp/carla_ros_scenario_runner_types/srv/detail/execute_scenario__type_support.cpp.o[0m
[ 69%] [32mBuilding CXX object CMakeFiles/carla_ros_scenario_runner_types__rosidl_typesupport_fastrtps_cpp.dir/rosidl_typesupport_fastrtps_cpp/carla_ros_scenario_runner_types/msg/detail/dds_fastrtps/carla_scenario_runner_status__type_support.cpp.o[0m
[ 70%] [32mBuilding CXX object CMakeFiles/carla_ros_scenario_runner_types__rosidl_typesupport_fastrtps_cpp.dir/rosidl_typesupport_fastrtps_cpp/carla_ros_scenario_runner_types/srv/detail/dds_fastrtps/execute_scenario__type_support.cpp.o[0m
[ 72%] [32m[1mLinking CXX shared library libcarla_ros_scenario_runner_types__rosidl_typesupport_cpp.so[0m
[ 72%] Built target carla_ros_scenario_runner_types__rosidl_typesupport_cpp
[ 74%] [32m[1mLinking CXX shared library libcarla_ros_scenario_runner_types__rosidl_typesupport_fastrtps_c.so[0m
[ 76%] [32m[1mLinking CXX shared library libcarla_ros_scenario_runner_types__rosidl_typesupport_introspection_cpp.so[0m
[ 76%] Built target carla_ros_scenario_runner_types__rosidl_typesupport_fastrtps_c
[ 76%] Built target carla_ros_scenario_runner_types__rosidl_typesupport_introspection_cpp
[ 78%] [32m[1mLinking CXX shared library libcarla_ros_scenario_runner_types__rosidl_typesupport_fastrtps_cpp.so[0m
[ 78%] Built target carla_ros_scenario_runner_types__rosidl_typesupport_fastrtps_cpp
[ 78%] Built target carla_ros_scenario_runner_types
[ 80%] [34m[1mGenerating Python code for ROS interfaces[0m
[ 80%] Built target carla_ros_scenario_runner_types__py
[ 81%] [32mBuilding C object CMakeFiles/carla_ros_scenario_runner_types__rosidl_generator_py.dir/rosidl_generator_py/carla_ros_scenario_runner_types/msg/_carla_scenario_s.c.o[0m
[ 83%] [32mBuilding C object CMakeFiles/carla_ros_scenario_runner_types__rosidl_generator_py.dir/rosidl_generator_py/carla_ros_scenario_runner_types/msg/_carla_scenario_list_s.c.o[0m
[ 85%] [32mBuilding C object CMakeFiles/carla_ros_scenario_runner_types__rosidl_generator_py.dir/rosidl_generator_py/carla_ros_scenario_runner_types/msg/_carla_scenario_runner_status_s.c.o[0m
[ 87%] [32mBuilding C object CMakeFiles/carla_ros_scenario_runner_types__rosidl_generator_py.dir/rosidl_generator_py/carla_ros_scenario_runner_types/srv/_execute_scenario_s.c.o[0m
[ 89%] [32m[1mLinking C shared library rosidl_generator_py/carla_ros_scenario_runner_types/libcarla_ros_scenario_runner_types__rosidl_generator_py.so[0m
[ 89%] Built target carla_ros_scenario_runner_types__rosidl_generator_py
[ 90%] [32mBuilding C object CMakeFiles/carla_ros_scenario_runner_types__rosidl_typesupport_fastrtps_c__pyext.dir/rosidl_generator_py/carla_ros_scenario_runner_types/_carla_ros_scenario_runner_types_s.ep.rosidl_typesupport_fastrtps_c.c.o[0m
[ 92%] [32mBuilding C object CMakeFiles/carla_ros_scenario_runner_types__rosidl_typesupport_introspection_c__pyext.dir/rosidl_generator_py/carla_ros_scenario_runner_types/_carla_ros_scenario_runner_types_s.ep.rosidl_typesupport_introspection_c.c.o[0m
[ 94%] [32mBuilding C object CMakeFiles/carla_ros_scenario_runner_types__rosidl_typesupport_c__pyext.dir/rosidl_generator_py/carla_ros_scenario_runner_types/_carla_ros_scenario_runner_types_s.ep.rosidl_typesupport_c.c.o[0m
[ 96%] [32m[1mLinking C shared library rosidl_generator_py/carla_ros_scenario_runner_types/carla_ros_scenario_runner_types_s__rosidl_typesupport_introspection_c.cpython-310-x86_64-linux-gnu.so[0m
[ 98%] [32m[1mLinking C shared library rosidl_generator_py/carla_ros_scenario_runner_types/carla_ros_scenario_runner_types_s__rosidl_typesupport_fastrtps_c.cpython-310-x86_64-linux-gnu.so[0m
[100%] [32m[1mLinking C shared library rosidl_generator_py/carla_ros_scenario_runner_types/carla_ros_scenario_runner_types_s__rosidl_typesupport_c.cpython-310-x86_64-linux-gnu.so[0m
[100%] Built target carla_ros_scenario_runner_types__rosidl_typesupport_introspection_c__pyext
[100%] Built target carla_ros_scenario_runner_types__rosidl_typesupport_fastrtps_c__pyext
[100%] Built target carla_ros_scenario_runner_types__rosidl_typesupport_c__pyext
-- Install configuration: ""
-- Execute custom install script
-- Symlinking: /home/daniel/code/2025-phd-daniel-guerrero/robot_ws/install/carla_ros_scenario_runner_types/share/ament_index/resource_index/rosidl_interfaces/carla_ros_scenario_runner_types
-- Symlinking: /home/daniel/code/2025-phd-daniel-guerrero/robot_ws/install/carla_ros_scenario_runner_types/include/carla_ros_scenario_runner_types/carla_ros_scenario_runner_types/msg/carla_scenario.h
-- Symlinking: /home/daniel/code/2025-phd-daniel-guerrero/robot_ws/install/carla_ros_scenario_runner_types/include/carla_ros_scenario_runner_types/carla_ros_scenario_runner_types/msg/carla_scenario_list.h
-- Symlinking: /home/daniel/code/2025-phd-daniel-guerrero/robot_ws/install/carla_ros_scenario_runner_types/include/carla_ros_scenario_runner_types/carla_ros_scenario_runner_types/msg/carla_scenario_runner_status.h
-- Symlinking: /home/daniel/code/2025-phd-daniel-guerrero/robot_ws/install/carla_ros_scenario_runner_types/include/carla_ros_scenario_runner_types/carla_ros_scenario_runner_types/msg/detail/carla_scenario__functions.h
-- Symlinking: /home/daniel/code/2025-phd-daniel-guerrero/robot_ws/install/carla_ros_scenario_runner_types/include/carla_ros_scenario_runner_types/carla_ros_scenario_runner_types/msg/detail/carla_scenario__struct.h
-- Symlinking: /home/daniel/code/2025-phd-daniel-guerrero/robot_ws/install/carla_ros_scenario_runner_types/include/carla_ros_scenario_runner_types/carla_ros_scenario_runner_types/msg/detail/carla_scenario__type_support.h
-- Symlinking: /home/daniel/code/2025-phd-daniel-guerrero/robot_ws/install/carla_ros_scenario_runner_types/include/carla_ros_scenario_runner_types/carla_ros_scenario_runner_types/msg/detail/carla_scenario_list__functions.h
-- Symlinking: /home/daniel/code/2025-phd-daniel-guerrero/robot_ws/install/carla_ros_scenario_runner_types/include/carla_ros_scenario_runner_types/carla_ros_scenario_runner_types/msg/detail/carla_scenario_list__struct.h
-- Symlinking: /home/daniel/code/2025-phd-daniel-guerrero/robot_ws/install/carla_ros_scenario_runner_types/include/carla_ros_scenario_runner_types/carla_ros_scenario_runner_types/msg/detail/carla_scenario_list__type_support.h
-- Symlinking: /home/daniel/code/2025-phd-daniel-guerrero/robot_ws/install/carla_ros_scenario_runner_types/include/carla_ros_scenario_runner_types/carla_ros_scenario_runner_types/msg/detail/carla_scenario_runner_status__functions.h
-- Symlinking: /home/daniel/code/2025-phd-daniel-guerrero/robot_ws/install/carla_ros_scenario_runner_types/include/carla_ros_scenario_runner_types/carla_ros_scenario_runner_types/msg/detail/carla_scenario_runner_status__struct.h
-- Symlinking: /home/daniel/code/2025-phd-daniel-guerrero/robot_ws/install/carla_ros_scenario_runner_types/include/carla_ros_scenario_runner_types/carla_ros_scenario_runner_types/msg/detail/carla_scenario_runner_status__type_support.h
-- Symlinking: /home/daniel/code/2025-phd-daniel-guerrero/robot_ws/install/carla_ros_scenario_runner_types/include/carla_ros_scenario_runner_types/carla_ros_scenario_runner_types/msg/rosidl_generator_c__visibility_control.h
-- Symlinking: /home/daniel/code/2025-phd-daniel-guerrero/robot_ws/install/carla_ros_scenario_runner_types/include/carla_ros_scenario_runner_types/carla_ros_scenario_runner_types/srv/detail/execute_scenario__functions.h
-- Symlinking: /home/daniel/code/2025-phd-daniel-guerrero/robot_ws/install/carla_ros_scenario_runner_types/include/carla_ros_scenario_runner_types/carla_ros_scenario_runner_types/srv/detail/execute_scenario__struct.h
-- Symlinking: /home/daniel/code/2025-phd-daniel-guerrero/robot_ws/install/carla_ros_scenario_runner_types/include/carla_ros_scenario_runner_types/carla_ros_scenario_runner_types/srv/detail/execute_scenario__type_support.h
-- Symlinking: /home/daniel/code/2025-phd-daniel-guerrero/robot_ws/install/carla_ros_scenario_runner_types/include/carla_ros_scenario_runner_types/carla_ros_scenario_runner_types/srv/execute_scenario.h
-- Symlinking: /home/daniel/code/2025-phd-daniel-guerrero/robot_ws/install/carla_ros_scenario_runner_types/share/carla_ros_scenario_runner_types/environment/library_path.sh
-- Symlinking: /home/daniel/code/2025-phd-daniel-guerrero/robot_ws/install/carla_ros_scenario_runner_types/share/carla_ros_scenario_runner_types/environment/library_path.dsv
-- Symlinking: /home/daniel/code/2025-phd-daniel-guerrero/robot_ws/install/carla_ros_scenario_runner_types/include/carla_ros_scenario_runner_types/carla_ros_scenario_runner_types/msg/detail/carla_scenario__rosidl_typesupport_fastrtps_c.h
-- Symlinking: /home/daniel/code/2025-phd-daniel-guerrero/robot_ws/install/carla_ros_scenario_runner_types/include/carla_ros_scenario_runner_types/carla_ros_scenario_runner_types/msg/detail/carla_scenario_list__rosidl_typesupport_fastrtps_c.h
-- Symlinking: /home/daniel/code/2025-phd-daniel-guerrero/robot_ws/install/carla_ros_scenario_runner_types/include/carla_ros_scenario_runner_types/carla_ros_scenario_runner_types/msg/detail/carla_scenario_runner_status__rosidl_typesupport_fastrtps_c.h
-- Symlinking: /home/daniel/code/2025-phd-daniel-guerrero/robot_ws/install/carla_ros_scenario_runner_types/include/carla_ros_scenario_runner_types/carla_ros_scenario_runner_types/msg/rosidl_typesupport_fastrtps_c__visibility_control.h
-- Symlinking: /home/daniel/code/2025-phd-daniel-guerrero/robot_ws/install/carla_ros_scenario_runner_types/include/carla_ros_scenario_runner_types/carla_ros_scenario_runner_types/srv/detail/execute_scenario__rosidl_typesupport_fastrtps_c.h
-- Symlinking: /home/daniel/code/2025-phd-daniel-guerrero/robot_ws/install/carla_ros_scenario_runner_types/include/carla_ros_scenario_runner_types/carla_ros_scenario_runner_types/msg/carla_scenario.hpp
-- Symlinking: /home/daniel/code/2025-phd-daniel-guerrero/robot_ws/install/carla_ros_scenario_runner_types/include/carla_ros_scenario_runner_types/carla_ros_scenario_runner_types/msg/carla_scenario_list.hpp
-- Symlinking: /home/daniel/code/2025-phd-daniel-guerrero/robot_ws/install/carla_ros_scenario_runner_types/include/carla_ros_scenario_runner_types/carla_ros_scenario_runner_types/msg/carla_scenario_runner_status.hpp
-- Symlinking: /home/daniel/code/2025-phd-daniel-guerrero/robot_ws/install/carla_ros_scenario_runner_types/include/carla_ros_scenario_runner_types/carla_ros_scenario_runner_types/msg/detail/carla_scenario__builder.hpp
-- Symlinking: /home/daniel/code/2025-phd-daniel-guerrero/robot_ws/install/carla_ros_scenario_runner_types/include/carla_ros_scenario_runner_types/carla_ros_scenario_runner_types/msg/detail/carla_scenario__struct.hpp
-- Symlinking: /home/daniel/code/2025-phd-daniel-guerrero/robot_ws/install/carla_ros_scenario_runner_types/include/carla_ros_scenario_runner_types/carla_ros_scenario_runner_types/msg/detail/carla_scenario__traits.hpp
-- Symlinking: /home/daniel/code/2025-phd-daniel-guerrero/robot_ws/install/carla_ros_scenario_runner_types/include/carla_ros_scenario_runner_types/carla_ros_scenario_runner_types/msg/detail/carla_scenario__type_support.hpp
-- Symlinking: /home/daniel/code/2025-phd-daniel-guerrero/robot_ws/install/carla_ros_scenario_runner_types/include/carla_ros_scenario_runner_types/carla_ros_scenario_runner_types/msg/detail/carla_scenario_list__builder.hpp
-- Symlinking: /home/daniel/code/2025-phd-daniel-guerrero/robot_ws/install/carla_ros_scenario_runner_types/include/carla_ros_scenario_runner_types/carla_ros_scenario_runner_types/msg/detail/carla_scenario_list__struct.hpp
-- Symlinking: /home/daniel/code/2025-phd-daniel-guerrero/robot_ws/install/carla_ros_scenario_runner_types/include/carla_ros_scenario_runner_types/carla_ros_scenario_runner_types/msg/detail/carla_scenario_list__traits.hpp
-- Symlinking: /home/daniel/code/2025-phd-daniel-guerrero/robot_ws/install/carla_ros_scenario_runner_types/include/carla_ros_scenario_runner_types/carla_ros_scenario_runner_types/msg/detail/carla_scenario_list__type_support.hpp
-- Symlinking: /home/daniel/code/2025-phd-daniel-guerrero/robot_ws/install/carla_ros_scenario_runner_types/include/carla_ros_scenario_runner_types/carla_ros_scenario_runner_types/msg/detail/carla_scenario_runner_status__builder.hpp
-- Symlinking: /home/daniel/code/2025-phd-daniel-guerrero/robot_ws/install/carla_ros_scenario_runner_types/include/carla_ros_scenario_runner_types/carla_ros_scenario_runner_types/msg/detail/carla_scenario_runner_status__struct.hpp
-- Symlinking: /home/daniel/code/2025-phd-daniel-guerrero/robot_ws/install/carla_ros_scenario_runner_types/include/carla_ros_scenario_runner_types/carla_ros_scenario_runner_types/msg/detail/carla_scenario_runner_status__traits.hpp
-- Symlinking: /home/daniel/code/2025-phd-daniel-guerrero/robot_ws/install/carla_ros_scenario_runner_types/include/carla_ros_scenario_runner_types/carla_ros_scenario_runner_types/msg/detail/carla_scenario_runner_status__type_support.hpp
-- Symlinking: /home/daniel/code/2025-phd-daniel-guerrero/robot_ws/install/carla_ros_scenario_runner_types/include/carla_ros_scenario_runner_types/carla_ros_scenario_runner_types/msg/rosidl_generator_cpp__visibility_control.hpp
-- Symlinking: /home/daniel/code/2025-phd-daniel-guerrero/robot_ws/install/carla_ros_scenario_runner_types/include/carla_ros_scenario_runner_types/carla_ros_scenario_runner_types/srv/detail/execute_scenario__builder.hpp
-- Symlinking: /home/daniel/code/2025-phd-daniel-guerrero/robot_ws/install/carla_ros_scenario_runner_types/include/carla_ros_scenario_runner_types/carla_ros_scenario_runner_types/srv/detail/execute_scenario__struct.hpp
-- Symlinking: /home/daniel/code/2025-phd-daniel-guerrero/robot_ws/install/carla_ros_scenario_runner_types/include/carla_ros_scenario_runner_types/carla_ros_scenario_runner_types/srv/detail/execute_scenario__traits.hpp
-- Symlinking: /home/daniel/code/2025-phd-daniel-guerrero/robot_ws/install/carla_ros_scenario_runner_types/include/carla_ros_scenario_runner_types/carla_ros_scenario_runner_types/srv/detail/execute_scenario__type_support.hpp
-- Symlinking: /home/daniel/code/2025-phd-daniel-guerrero/robot_ws/install/carla_ros_scenario_runner_types/include/carla_ros_scenario_runner_types/carla_ros_scenario_runner_types/srv/execute_scenario.hpp
-- Symlinking: /home/daniel/code/2025-phd-daniel-guerrero/robot_ws/install/carla_ros_scenario_runner_types/include/carla_ros_scenario_runner_types/carla_ros_scenario_runner_types/msg/detail/carla_scenario__rosidl_typesupport_fastrtps_cpp.hpp
-- Symlinking: /home/daniel/code/2025-phd-daniel-guerrero/robot_ws/install/carla_ros_scenario_runner_types/include/carla_ros_scenario_runner_types/carla_ros_scenario_runner_types/msg/detail/carla_scenario_list__rosidl_typesupport_fastrtps_cpp.hpp
-- Symlinking: /home/daniel/code/2025-phd-daniel-guerrero/robot_ws/install/carla_ros_scenario_runner_types/include/carla_ros_scenario_runner_types/carla_ros_scenario_runner_types/msg/detail/carla_scenario_runner_status__rosidl_typesupport_fastrtps_cpp.hpp
-- Symlinking: /home/daniel/code/2025-phd-daniel-guerrero/robot_ws/install/carla_ros_scenario_runner_types/include/carla_ros_scenario_runner_types/carla_ros_scenario_runner_types/msg/rosidl_typesupport_fastrtps_cpp__visibility_control.h
-- Symlinking: /home/daniel/code/2025-phd-daniel-guerrero/robot_ws/install/carla_ros_scenario_runner_types/include/carla_ros_scenario_runner_types/carla_ros_scenario_runner_types/srv/detail/execute_scenario__rosidl_typesupport_fastrtps_cpp.hpp
-- Symlinking: /home/daniel/code/2025-phd-daniel-guerrero/robot_ws/install/carla_ros_scenario_runner_types/include/carla_ros_scenario_runner_types/carla_ros_scenario_runner_types/msg/detail/carla_scenario__rosidl_typesupport_introspection_c.h
-- Symlinking: /home/daniel/code/2025-phd-daniel-guerrero/robot_ws/install/carla_ros_scenario_runner_types/include/carla_ros_scenario_runner_types/carla_ros_scenario_runner_types/msg/detail/carla_scenario_list__rosidl_typesupport_introspection_c.h
-- Symlinking: /home/daniel/code/2025-phd-daniel-guerrero/robot_ws/install/carla_ros_scenario_runner_types/include/carla_ros_scenario_runner_types/carla_ros_scenario_runner_types/msg/detail/carla_scenario_runner_status__rosidl_typesupport_introspection_c.h
-- Symlinking: /home/daniel/code/2025-phd-daniel-guerrero/robot_ws/install/carla_ros_scenario_runner_types/include/carla_ros_scenario_runner_types/carla_ros_scenario_runner_types/msg/rosidl_typesupport_introspection_c__visibility_control.h
-- Symlinking: /home/daniel/code/2025-phd-daniel-guerrero/robot_ws/install/carla_ros_scenario_runner_types/include/carla_ros_scenario_runner_types/carla_ros_scenario_runner_types/srv/detail/execute_scenario__rosidl_typesupport_introspection_c.h
-- Symlinking: /home/daniel/code/2025-phd-daniel-guerrero/robot_ws/install/carla_ros_scenario_runner_types/include/carla_ros_scenario_runner_types/carla_ros_scenario_runner_types/msg/detail/carla_scenario__rosidl_typesupport_introspection_cpp.hpp
-- Symlinking: /home/daniel/code/2025-phd-daniel-guerrero/robot_ws/install/carla_ros_scenario_runner_types/include/carla_ros_scenario_runner_types/carla_ros_scenario_runner_types/msg/detail/carla_scenario_list__rosidl_typesupport_introspection_cpp.hpp
-- Symlinking: /home/daniel/code/2025-phd-daniel-guerrero/robot_ws/install/carla_ros_scenario_runner_types/include/carla_ros_scenario_runner_types/carla_ros_scenario_runner_types/msg/detail/carla_scenario_runner_status__rosidl_typesupport_introspection_cpp.hpp
-- Symlinking: /home/daniel/code/2025-phd-daniel-guerrero/robot_ws/install/carla_ros_scenario_runner_types/include/carla_ros_scenario_runner_types/carla_ros_scenario_runner_types/srv/detail/execute_scenario__rosidl_typesupport_introspection_cpp.hpp
-- Symlinking: /home/daniel/code/2025-phd-daniel-guerrero/robot_ws/install/carla_ros_scenario_runner_types/share/carla_ros_scenario_runner_types/environment/pythonpath.sh
-- Symlinking: /home/daniel/code/2025-phd-daniel-guerrero/robot_ws/install/carla_ros_scenario_runner_types/share/carla_ros_scenario_runner_types/environment/pythonpath.dsv
-- Symlinking: /home/daniel/code/2025-phd-daniel-guerrero/robot_ws/install/carla_ros_scenario_runner_types/local/lib/python3.10/dist-packages/carla_ros_scenario_runner_types-0.1.0-py3.10.egg-info/PKG-INFO
-- Symlinking: /home/daniel/code/2025-phd-daniel-guerrero/robot_ws/install/carla_ros_scenario_runner_types/local/lib/python3.10/dist-packages/carla_ros_scenario_runner_types-0.1.0-py3.10.egg-info/SOURCES.txt
-- Symlinking: /home/daniel/code/2025-phd-daniel-guerrero/robot_ws/install/carla_ros_scenario_runner_types/local/lib/python3.10/dist-packages/carla_ros_scenario_runner_types-0.1.0-py3.10.egg-info/dependency_links.txt
-- Symlinking: /home/daniel/code/2025-phd-daniel-guerrero/robot_ws/install/carla_ros_scenario_runner_types/local/lib/python3.10/dist-packages/carla_ros_scenario_runner_types-0.1.0-py3.10.egg-info/top_level.txt
-- Symlinking: /home/daniel/code/2025-phd-daniel-guerrero/robot_ws/install/carla_ros_scenario_runner_types/local/lib/python3.10/dist-packages/carla_ros_scenario_runner_types/__init__.py
-- Symlinking: /home/daniel/code/2025-phd-daniel-guerrero/robot_ws/install/carla_ros_scenario_runner_types/local/lib/python3.10/dist-packages/carla_ros_scenario_runner_types/_carla_ros_scenario_runner_types_s.ep.rosidl_typesupport_c.c
-- Symlinking: /home/daniel/code/2025-phd-daniel-guerrero/robot_ws/install/carla_ros_scenario_runner_types/local/lib/python3.10/dist-packages/carla_ros_scenario_runner_types/_carla_ros_scenario_runner_types_s.ep.rosidl_typesupport_fastrtps_c.c
-- Symlinking: /home/daniel/code/2025-phd-daniel-guerrero/robot_ws/install/carla_ros_scenario_runner_types/local/lib/python3.10/dist-packages/carla_ros_scenario_runner_types/_carla_ros_scenario_runner_types_s.ep.rosidl_typesupport_introspection_c.c
-- Symlinking: /home/daniel/code/2025-phd-daniel-guerrero/robot_ws/install/carla_ros_scenario_runner_types/local/lib/python3.10/dist-packages/carla_ros_scenario_runner_types/carla_ros_scenario_runner_types_s__rosidl_typesupport_c.cpython-310-x86_64-linux-gnu.so
-- Symlinking: /home/daniel/code/2025-phd-daniel-guerrero/robot_ws/install/carla_ros_scenario_runner_types/local/lib/python3.10/dist-packages/carla_ros_scenario_runner_types/carla_ros_scenario_runner_types_s__rosidl_typesupport_fastrtps_c.cpython-310-x86_64-linux-gnu.so
-- Symlinking: /home/daniel/code/2025-phd-daniel-guerrero/robot_ws/install/carla_ros_scenario_runner_types/local/lib/python3.10/dist-packages/carla_ros_scenario_runner_types/carla_ros_scenario_runner_types_s__rosidl_typesupport_introspection_c.cpython-310-x86_64-linux-gnu.so
-- Symlinking: /home/daniel/code/2025-phd-daniel-guerrero/robot_ws/install/carla_ros_scenario_runner_types/local/lib/python3.10/dist-packages/carla_ros_scenario_runner_types/libcarla_ros_scenario_runner_types__rosidl_generator_py.so
-- Symlinking: /home/daniel/code/2025-phd-daniel-guerrero/robot_ws/install/carla_ros_scenario_runner_types/local/lib/python3.10/dist-packages/carla_ros_scenario_runner_types/msg/__init__.py
-- Symlinking: /home/daniel/code/2025-phd-daniel-guerrero/robot_ws/install/carla_ros_scenario_runner_types/local/lib/python3.10/dist-packages/carla_ros_scenario_runner_types/msg/_carla_scenario.py
-- Symlinking: /home/daniel/code/2025-phd-daniel-guerrero/robot_ws/install/carla_ros_scenario_runner_types/local/lib/python3.10/dist-packages/carla_ros_scenario_runner_types/msg/_carla_scenario_list.py
-- Symlinking: /home/daniel/code/2025-phd-daniel-guerrero/robot_ws/install/carla_ros_scenario_runner_types/local/lib/python3.10/dist-packages/carla_ros_scenario_runner_types/msg/_carla_scenario_list_s.c
-- Symlinking: /home/daniel/code/2025-phd-daniel-guerrero/robot_ws/install/carla_ros_scenario_runner_types/local/lib/python3.10/dist-packages/carla_ros_scenario_runner_types/msg/_carla_scenario_runner_status.py
-- Symlinking: /home/daniel/code/2025-phd-daniel-guerrero/robot_ws/install/carla_ros_scenario_runner_types/local/lib/python3.10/dist-packages/carla_ros_scenario_runner_types/msg/_carla_scenario_runner_status_s.c
-- Symlinking: /home/daniel/code/2025-phd-daniel-guerrero/robot_ws/install/carla_ros_scenario_runner_types/local/lib/python3.10/dist-packages/carla_ros_scenario_runner_types/msg/_carla_scenario_s.c
-- Symlinking: /home/daniel/code/2025-phd-daniel-guerrero/robot_ws/install/carla_ros_scenario_runner_types/local/lib/python3.10/dist-packages/carla_ros_scenario_runner_types/srv/__init__.py
-- Symlinking: /home/daniel/code/2025-phd-daniel-guerrero/robot_ws/install/carla_ros_scenario_runner_types/local/lib/python3.10/dist-packages/carla_ros_scenario_runner_types/srv/_execute_scenario.py
-- Symlinking: /home/daniel/code/2025-phd-daniel-guerrero/robot_ws/install/carla_ros_scenario_runner_types/local/lib/python3.10/dist-packages/carla_ros_scenario_runner_types/srv/_execute_scenario_s.c
-- Up-to-date symlink: /home/daniel/code/2025-phd-daniel-guerrero/robot_ws/install/carla_ros_scenario_runner_types/local/lib/python3.10/dist-packages/carla_ros_scenario_runner_types/carla_ros_scenario_runner_types_s__rosidl_typesupport_fastrtps_c.cpython-310-x86_64-linux-gnu.so
-- Up-to-date symlink: /home/daniel/code/2025-phd-daniel-guerrero/robot_ws/install/carla_ros_scenario_runner_types/local/lib/python3.10/dist-packages/carla_ros_scenario_runner_types/carla_ros_scenario_runner_types_s__rosidl_typesupport_introspection_c.cpython-310-x86_64-linux-gnu.so
-- Up-to-date symlink: /home/daniel/code/2025-phd-daniel-guerrero/robot_ws/install/carla_ros_scenario_runner_types/local/lib/python3.10/dist-packages/carla_ros_scenario_runner_types/carla_ros_scenario_runner_types_s__rosidl_typesupport_c.cpython-310-x86_64-linux-gnu.so
-- Symlinking: /home/daniel/code/2025-phd-daniel-guerrero/robot_ws/install/carla_ros_scenario_runner_types/share/carla_ros_scenario_runner_types/msg/CarlaScenario.idl
-- Symlinking: /home/daniel/code/2025-phd-daniel-guerrero/robot_ws/install/carla_ros_scenario_runner_types/share/carla_ros_scenario_runner_types/msg/CarlaScenarioList.idl
-- Symlinking: /home/daniel/code/2025-phd-daniel-guerrero/robot_ws/install/carla_ros_scenario_runner_types/share/carla_ros_scenario_runner_types/msg/CarlaScenarioRunnerStatus.idl
-- Symlinking: /home/daniel/code/2025-phd-daniel-guerrero/robot_ws/install/carla_ros_scenario_runner_types/share/carla_ros_scenario_runner_types/srv/ExecuteScenario.idl
-- Symlinking: /home/daniel/code/2025-phd-daniel-guerrero/robot_ws/install/carla_ros_scenario_runner_types/share/carla_ros_scenario_runner_types/msg/CarlaScenario.msg
-- Symlinking: /home/daniel/code/2025-phd-daniel-guerrero/robot_ws/install/carla_ros_scenario_runner_types/share/carla_ros_scenario_runner_types/msg/CarlaScenarioList.msg
-- Symlinking: /home/daniel/code/2025-phd-daniel-guerrero/robot_ws/install/carla_ros_scenario_runner_types/share/carla_ros_scenario_runner_types/msg/CarlaScenarioRunnerStatus.msg
-- Symlinking: /home/daniel/code/2025-phd-daniel-guerrero/robot_ws/install/carla_ros_scenario_runner_types/share/carla_ros_scenario_runner_types/srv/ExecuteScenario.srv
-- Symlinking: /home/daniel/code/2025-phd-daniel-guerrero/robot_ws/install/carla_ros_scenario_runner_types/share/carla_ros_scenario_runner_types/srv/ExecuteScenario_Request.msg
-- Symlinking: /home/daniel/code/2025-phd-daniel-guerrero/robot_ws/install/carla_ros_scenario_runner_types/share/carla_ros_scenario_runner_types/srv/ExecuteScenario_Response.msg
-- Symlinking: /home/daniel/code/2025-phd-daniel-guerrero/robot_ws/install/carla_ros_scenario_runner_types/share/ament_index/resource_index/package_run_dependencies/carla_ros_scenario_runner_types
-- Symlinking: /home/daniel/code/2025-phd-daniel-guerrero/robot_ws/install/carla_ros_scenario_runner_types/share/ament_index/resource_index/parent_prefix_path/carla_ros_scenario_runner_types
-- Symlinking: /home/daniel/code/2025-phd-daniel-guerrero/robot_ws/install/carla_ros_scenario_runner_types/share/carla_ros_scenario_runner_types/environment/ament_prefix_path.sh
-- Symlinking: /home/daniel/code/2025-phd-daniel-guerrero/robot_ws/install/carla_ros_scenario_runner_types/share/carla_ros_scenario_runner_types/environment/ament_prefix_path.dsv
-- Symlinking: /home/daniel/code/2025-phd-daniel-guerrero/robot_ws/install/carla_ros_scenario_runner_types/share/carla_ros_scenario_runner_types/environment/path.sh
-- Symlinking: /home/daniel/code/2025-phd-daniel-guerrero/robot_ws/install/carla_ros_scenario_runner_types/share/carla_ros_scenario_runner_types/environment/path.dsv
-- Symlinking: /home/daniel/code/2025-phd-daniel-guerrero/robot_ws/install/carla_ros_scenario_runner_types/share/carla_ros_scenario_runner_types/local_setup.bash
-- Symlinking: /home/daniel/code/2025-phd-daniel-guerrero/robot_ws/install/carla_ros_scenario_runner_types/share/carla_ros_scenario_runner_types/local_setup.sh
-- Symlinking: /home/daniel/code/2025-phd-daniel-guerrero/robot_ws/install/carla_ros_scenario_runner_types/share/carla_ros_scenario_runner_types/local_setup.zsh
-- Symlinking: /home/daniel/code/2025-phd-daniel-guerrero/robot_ws/install/carla_ros_scenario_runner_types/share/carla_ros_scenario_runner_types/local_setup.dsv
-- Symlinking: /home/daniel/code/2025-phd-daniel-guerrero/robot_ws/install/carla_ros_scenario_runner_types/share/carla_ros_scenario_runner_types/package.dsv
-- Symlinking: /home/daniel/code/2025-phd-daniel-guerrero/robot_ws/install/carla_ros_scenario_runner_types/share/ament_index/resource_index/packages/carla_ros_scenario_runner_types
-- Symlinking: /home/daniel/code/2025-phd-daniel-guerrero/robot_ws/install/carla_ros_scenario_runner_types/share/carla_ros_scenario_runner_types/cmake/rosidl_cmake-extras.cmake
-- Symlinking: /home/daniel/code/2025-phd-daniel-guerrero/robot_ws/install/carla_ros_scenario_runner_types/share/carla_ros_scenario_runner_types/cmake/ament_cmake_export_dependencies-extras.cmake
-- Symlinking: /home/daniel/code/2025-phd-daniel-guerrero/robot_ws/install/carla_ros_scenario_runner_types/share/carla_ros_scenario_runner_types/cmake/ament_cmake_export_include_directories-extras.cmake
-- Symlinking: /home/daniel/code/2025-phd-daniel-guerrero/robot_ws/install/carla_ros_scenario_runner_types/share/carla_ros_scenario_runner_types/cmake/ament_cmake_export_libraries-extras.cmake
-- Symlinking: /home/daniel/code/2025-phd-daniel-guerrero/robot_ws/install/carla_ros_scenario_runner_types/share/carla_ros_scenario_runner_types/cmake/ament_cmake_export_targets-extras.cmake
-- Symlinking: /home/daniel/code/2025-phd-daniel-guerrero/robot_ws/install/carla_ros_scenario_runner_types/share/carla_ros_scenario_runner_types/cmake/rosidl_cmake_export_typesupport_targets-extras.cmake
-- Symlinking: /home/daniel/code/2025-phd-daniel-guerrero/robot_ws/install/carla_ros_scenario_runner_types/share/carla_ros_scenario_runner_types/cmake/rosidl_cmake_export_typesupport_libraries-extras.cmake
-- Symlinking: /home/daniel/code/2025-phd-daniel-guerrero/robot_ws/install/carla_ros_scenario_runner_types/share/carla_ros_scenario_runner_types/cmake/carla_ros_scenario_runner_typesConfig.cmake
-- Symlinking: /home/daniel/code/2025-phd-daniel-guerrero/robot_ws/install/carla_ros_scenario_runner_types/share/carla_ros_scenario_runner_types/cmake/carla_ros_scenario_runner_typesConfig-version.cmake
-- Symlinking: /home/daniel/code/2025-phd-daniel-guerrero/robot_ws/install/carla_ros_scenario_runner_types/share/carla_ros_scenario_runner_types/package.xml
-- Installing: /home/daniel/code/2025-phd-daniel-guerrero/robot_ws/install/carla_ros_scenario_runner_types/lib/libcarla_ros_scenario_runner_types__rosidl_generator_c.so
-- Set non-toolchain portion of runtime path of "/home/daniel/code/2025-phd-daniel-guerrero/robot_ws/install/carla_ros_scenario_runner_types/lib/libcarla_ros_scenario_runner_types__rosidl_generator_c.so" to ""
-- Installing: /home/daniel/code/2025-phd-daniel-guerrero/robot_ws/install/carla_ros_scenario_runner_types/lib/libcarla_ros_scenario_runner_types__rosidl_typesupport_fastrtps_c.so
-- Set non-toolchain portion of runtime path of "/home/daniel/code/2025-phd-daniel-guerrero/robot_ws/install/carla_ros_scenario_runner_types/lib/libcarla_ros_scenario_runner_types__rosidl_typesupport_fastrtps_c.so" to ""
-- Installing: /home/daniel/code/2025-phd-daniel-guerrero/robot_ws/install/carla_ros_scenario_runner_types/lib/libcarla_ros_scenario_runner_types__rosidl_typesupport_fastrtps_cpp.so
-- Set non-toolchain portion of runtime path of "/home/daniel/code/2025-phd-daniel-guerrero/robot_ws/install/carla_ros_scenario_runner_types/lib/libcarla_ros_scenario_runner_types__rosidl_typesupport_fastrtps_cpp.so" to ""
-- Installing: /home/daniel/code/2025-phd-daniel-guerrero/robot_ws/install/carla_ros_scenario_runner_types/lib/libcarla_ros_scenario_runner_types__rosidl_typesupport_introspection_c.so
-- Set non-toolchain portion of runtime path of "/home/daniel/code/2025-phd-daniel-guerrero/robot_ws/install/carla_ros_scenario_runner_types/lib/libcarla_ros_scenario_runner_types__rosidl_typesupport_introspection_c.so" to ""
-- Installing: /home/daniel/code/2025-phd-daniel-guerrero/robot_ws/install/carla_ros_scenario_runner_types/lib/libcarla_ros_scenario_runner_types__rosidl_typesupport_c.so
-- Set non-toolchain portion of runtime path of "/home/daniel/code/2025-phd-daniel-guerrero/robot_ws/install/carla_ros_scenario_runner_types/lib/libcarla_ros_scenario_runner_types__rosidl_typesupport_c.so" to ""
-- Installing: /home/daniel/code/2025-phd-daniel-guerrero/robot_ws/install/carla_ros_scenario_runner_types/lib/libcarla_ros_scenario_runner_types__rosidl_typesupport_introspection_cpp.so
-- Set non-toolchain portion of runtime path of "/home/daniel/code/2025-phd-daniel-guerrero/robot_ws/install/carla_ros_scenario_runner_types/lib/libcarla_ros_scenario_runner_types__rosidl_typesupport_introspection_cpp.so" to ""
-- Installing: /home/daniel/code/2025-phd-daniel-guerrero/robot_ws/install/carla_ros_scenario_runner_types/lib/libcarla_ros_scenario_runner_types__rosidl_typesupport_cpp.so
-- Set non-toolchain portion of runtime path of "/home/daniel/code/2025-phd-daniel-guerrero/robot_ws/install/carla_ros_scenario_runner_types/lib/libcarla_ros_scenario_runner_types__rosidl_typesupport_cpp.so" to ""
Listing '/home/daniel/code/2025-phd-daniel-guerrero/robot_ws/install/carla_ros_scenario_runner_types/local/lib/python3.10/dist-packages/carla_ros_scenario_runner_types'...
Compiling '/home/daniel/code/2025-phd-daniel-guerrero/robot_ws/install/carla_ros_scenario_runner_types/local/lib/python3.10/dist-packages/carla_ros_scenario_runner_types/__init__.py'...
Listing '/home/daniel/code/2025-phd-daniel-guerrero/robot_ws/install/carla_ros_scenario_runner_types/local/lib/python3.10/dist-packages/carla_ros_scenario_runner_types/msg'...
Compiling '/home/daniel/code/2025-phd-daniel-guerrero/robot_ws/install/carla_ros_scenario_runner_types/local/lib/python3.10/dist-packages/carla_ros_scenario_runner_types/msg/__init__.py'...
Compiling '/home/daniel/code/2025-phd-daniel-guerrero/robot_ws/install/carla_ros_scenario_runner_types/local/lib/python3.10/dist-packages/carla_ros_scenario_runner_types/msg/_carla_scenario.py'...
Compiling '/home/daniel/code/2025-phd-daniel-guerrero/robot_ws/install/carla_ros_scenario_runner_types/local/lib/python3.10/dist-packages/carla_ros_scenario_runner_types/msg/_carla_scenario_list.py'...
Compiling '/home/daniel/code/2025-phd-daniel-guerrero/robot_ws/install/carla_ros_scenario_runner_types/local/lib/python3.10/dist-packages/carla_ros_scenario_runner_types/msg/_carla_scenario_runner_status.py'...
Listing '/home/daniel/code/2025-phd-daniel-guerrero/robot_ws/install/carla_ros_scenario_runner_types/local/lib/python3.10/dist-packages/carla_ros_scenario_runner_types/srv'...
Compiling '/home/daniel/code/2025-phd-daniel-guerrero/robot_ws/install/carla_ros_scenario_runner_types/local/lib/python3.10/dist-packages/carla_ros_scenario_runner_types/srv/__init__.py'...
Compiling '/home/daniel/code/2025-phd-daniel-guerrero/robot_ws/install/carla_ros_scenario_runner_types/local/lib/python3.10/dist-packages/carla_ros_scenario_runner_types/srv/_execute_scenario.py'...
-- Installing: /home/daniel/code/2025-phd-daniel-guerrero/robot_ws/install/carla_ros_scenario_runner_types/lib/libcarla_ros_scenario_runner_types__rosidl_generator_py.so
-- Set non-toolchain portion of runtime path of "/home/daniel/code/2025-phd-daniel-guerrero/robot_ws/install/carla_ros_scenario_runner_types/lib/libcarla_ros_scenario_runner_types__rosidl_generator_py.so" to ""
-- Installing: /home/daniel/code/2025-phd-daniel-guerrero/robot_ws/install/carla_ros_scenario_runner_types/share/carla_ros_scenario_runner_types/cmake/export_carla_ros_scenario_runner_types__rosidl_generator_cExport.cmake
-- Installing: /home/daniel/code/2025-phd-daniel-guerrero/robot_ws/install/carla_ros_scenario_runner_types/share/carla_ros_scenario_runner_types/cmake/export_carla_ros_scenario_runner_types__rosidl_generator_cExport-noconfig.cmake
-- Installing: /home/daniel/code/2025-phd-daniel-guerrero/robot_ws/install/carla_ros_scenario_runner_types/share/carla_ros_scenario_runner_types/cmake/export_carla_ros_scenario_runner_types__rosidl_typesupport_fastrtps_cExport.cmake
-- Installing: /home/daniel/code/2025-phd-daniel-guerrero/robot_ws/install/carla_ros_scenario_runner_types/share/carla_ros_scenario_runner_types/cmake/export_carla_ros_scenario_runner_types__rosidl_typesupport_fastrtps_cExport-noconfig.cmake
-- Installing: /home/daniel/code/2025-phd-daniel-guerrero/robot_ws/install/carla_ros_scenario_runner_types/share/carla_ros_scenario_runner_types/cmake/export_carla_ros_scenario_runner_types__rosidl_generator_cppExport.cmake
-- Installing: /home/daniel/code/2025-phd-daniel-guerrero/robot_ws/install/carla_ros_scenario_runner_types/share/carla_ros_scenario_runner_types/cmake/export_carla_ros_scenario_runner_types__rosidl_typesupport_fastrtps_cppExport.cmake
-- Installing: /home/daniel/code/2025-phd-daniel-guerrero/robot_ws/install/carla_ros_scenario_runner_types/share/carla_ros_scenario_runner_types/cmake/export_carla_ros_scenario_runner_types__rosidl_typesupport_fastrtps_cppExport-noconfig.cmake
-- Installing: /home/daniel/code/2025-phd-daniel-guerrero/robot_ws/install/carla_ros_scenario_runner_types/share/carla_ros_scenario_runner_types/cmake/carla_ros_scenario_runner_types__rosidl_typesupport_introspection_cExport.cmake
-- Installing: /home/daniel/code/2025-phd-daniel-guerrero/robot_ws/install/carla_ros_scenario_runner_types/share/carla_ros_scenario_runner_types/cmake/carla_ros_scenario_runner_types__rosidl_typesupport_introspection_cExport-noconfig.cmake
-- Installing: /home/daniel/code/2025-phd-daniel-guerrero/robot_ws/install/carla_ros_scenario_runner_types/share/carla_ros_scenario_runner_types/cmake/carla_ros_scenario_runner_types__rosidl_typesupport_cExport.cmake
-- Installing: /home/daniel/code/2025-phd-daniel-guerrero/robot_ws/install/carla_ros_scenario_runner_types/share/carla_ros_scenario_runner_types/cmake/carla_ros_scenario_runner_types__rosidl_typesupport_cExport-noconfig.cmake
-- Installing: /home/daniel/code/2025-phd-daniel-guerrero/robot_ws/install/carla_ros_scenario_runner_types/share/carla_ros_scenario_runner_types/cmake/carla_ros_scenario_runner_types__rosidl_typesupport_introspection_cppExport.cmake
-- Installing: /home/daniel/code/2025-phd-daniel-guerrero/robot_ws/install/carla_ros_scenario_runner_types/share/carla_ros_scenario_runner_types/cmake/carla_ros_scenario_runner_types__rosidl_typesupport_introspection_cppExport-noconfig.cmake
-- Installing: /home/daniel/code/2025-phd-daniel-guerrero/robot_ws/install/carla_ros_scenario_runner_types/share/carla_ros_scenario_runner_types/cmake/carla_ros_scenario_runner_types__rosidl_typesupport_cppExport.cmake
-- Installing: /home/daniel/code/2025-phd-daniel-guerrero/robot_ws/install/carla_ros_scenario_runner_types/share/carla_ros_scenario_runner_types/cmake/carla_ros_scenario_runner_types__rosidl_typesupport_cppExport-noconfig.cmake
-- Installing: /home/daniel/code/2025-phd-daniel-guerrero/robot_ws/install/carla_ros_scenario_runner_types/share/carla_ros_scenario_runner_types/cmake/export_carla_ros_scenario_runner_types__rosidl_generator_pyExport.cmake
-- Installing: /home/daniel/code/2025-phd-daniel-guerrero/robot_ws/install/carla_ros_scenario_runner_types/share/carla_ros_scenario_runner_types/cmake/export_carla_ros_scenario_runner_types__rosidl_generator_pyExport-noconfig.cmake
