[1.622s] Invoking command in '/home/daniel/code/2025-phd-daniel-guerrero/robot_ws/build/ros_compatibility': PYTHONPATH=/home/daniel/code/2025-phd-daniel-guerrero/robot_ws/build/ros_compatibility/prefix_override:/usr/lib/python3/dist-packages/colcon_core/task/python/colcon_distutils_commands:/home/daniel/code/2025-phd-daniel-guerrero/robot_ws/install/ros_compatibility/lib/python3.10/site-packages:${PYTHONPATH} /usr/bin/python3 -W ignore:setup.py install is deprecated -W ignore:easy_install command is deprecated setup.py develop --editable --build-directory /home/daniel/code/2025-phd-daniel-guerrero/robot_ws/build/ros_compatibility/build --no-deps symlink_data
[1.957s] running develop
[2.130s] running egg_info
[2.130s] creating src/ros_compatibility.egg-info
[2.130s] writing src/ros_compatibility.egg-info/PKG-INFO
[2.130s] writing dependency_links to src/ros_compatibility.egg-info/dependency_links.txt
[2.130s] writing requirements to src/ros_compatibility.egg-info/requires.txt
[2.131s] writing top-level names to src/ros_compatibility.egg-info/top_level.txt
[2.131s] writing manifest file 'src/ros_compatibility.egg-info/SOURCES.txt'
[2.132s] reading manifest file 'src/ros_compatibility.egg-info/SOURCES.txt'
[2.132s] writing manifest file 'src/ros_compatibility.egg-info/SOURCES.txt'
[2.165s] running build_ext
[2.165s] Creating /home/daniel/code/2025-phd-daniel-guerrero/robot_ws/install/ros_compatibility/lib/python3.10/site-packages/ros-compatibility.egg-link (link to src)
[2.165s] 
[2.165s] Installed /home/daniel/code/2025-phd-daniel-guerrero/robot_ws/build/ros_compatibility/src
[2.165s] running symlink_data
[2.165s] creating /home/daniel/code/2025-phd-daniel-guerrero/robot_ws/install/ros_compatibility/share/ament_index
[2.165s] creating /home/daniel/code/2025-phd-daniel-guerrero/robot_ws/install/ros_compatibility/share/ament_index/resource_index
[2.166s] creating /home/daniel/code/2025-phd-daniel-guerrero/robot_ws/install/ros_compatibility/share/ament_index/resource_index/packages
[2.166s] symbolically linking /home/daniel/code/2025-phd-daniel-guerrero/robot_ws/build/ros_compatibility/resource/ros_compatibility -> /home/daniel/code/2025-phd-daniel-guerrero/robot_ws/install/ros_compatibility/share/ament_index/resource_index/packages
[2.166s] symbolically linking /home/daniel/code/2025-phd-daniel-guerrero/robot_ws/build/ros_compatibility/package.xml -> /home/daniel/code/2025-phd-daniel-guerrero/robot_ws/install/ros_compatibility/share/ros_compatibility
[2.201s] Invoked command in '/home/daniel/code/2025-phd-daniel-guerrero/robot_ws/build/ros_compatibility' returned '0': PYTHONPATH=/home/daniel/code/2025-phd-daniel-guerrero/robot_ws/build/ros_compatibility/prefix_override:/usr/lib/python3/dist-packages/colcon_core/task/python/colcon_distutils_commands:/home/daniel/code/2025-phd-daniel-guerrero/robot_ws/install/ros_compatibility/lib/python3.10/site-packages:${PYTHONPATH} /usr/bin/python3 -W ignore:setup.py install is deprecated -W ignore:easy_install command is deprecated setup.py develop --editable --build-directory /home/daniel/code/2025-phd-daniel-guerrero/robot_ws/build/ros_compatibility/build --no-deps symlink_data
