[1.608s] Invoking command in '/home/daniel/code/2025-phd-daniel-guerrero/robot_ws/build/carla_common': PYTHONPATH=/home/daniel/code/2025-phd-daniel-guerrero/robot_ws/build/carla_common/prefix_override:/usr/lib/python3/dist-packages/colcon_core/task/python/colcon_distutils_commands:/home/daniel/code/2025-phd-daniel-guerrero/robot_ws/install/carla_common/lib/python3.10/site-packages:${PYTHONPATH} /usr/bin/python3 -W ignore:setup.py install is deprecated -W ignore:easy_install command is deprecated setup.py develop --editable --build-directory /home/daniel/code/2025-phd-daniel-guerrero/robot_ws/build/carla_common/build --no-deps symlink_data
[1.905s] running develop
[2.066s] running egg_info
[2.066s] creating src/carla_common.egg-info
[2.066s] writing src/carla_common.egg-info/PKG-INFO
[2.066s] writing dependency_links to src/carla_common.egg-info/dependency_links.txt
[2.066s] writing requirements to src/carla_common.egg-info/requires.txt
[2.066s] writing top-level names to src/carla_common.egg-info/top_level.txt
[2.067s] writing manifest file 'src/carla_common.egg-info/SOURCES.txt'
[2.068s] reading manifest file 'src/carla_common.egg-info/SOURCES.txt'
[2.069s] writing manifest file 'src/carla_common.egg-info/SOURCES.txt'
[2.104s] running build_ext
[2.104s] Creating /home/daniel/code/2025-phd-daniel-guerrero/robot_ws/install/carla_common/lib/python3.10/site-packages/carla-common.egg-link (link to src)
[2.105s] 
[2.105s] Installed /home/daniel/code/2025-phd-daniel-guerrero/robot_ws/build/carla_common/src
[2.105s] running symlink_data
[2.105s] creating /home/daniel/code/2025-phd-daniel-guerrero/robot_ws/install/carla_common/share/ament_index
[2.105s] creating /home/daniel/code/2025-phd-daniel-guerrero/robot_ws/install/carla_common/share/ament_index/resource_index
[2.105s] creating /home/daniel/code/2025-phd-daniel-guerrero/robot_ws/install/carla_common/share/ament_index/resource_index/packages
[2.105s] symbolically linking /home/daniel/code/2025-phd-daniel-guerrero/robot_ws/build/carla_common/resource/carla_common -> /home/daniel/code/2025-phd-daniel-guerrero/robot_ws/install/carla_common/share/ament_index/resource_index/packages
[2.105s] symbolically linking /home/daniel/code/2025-phd-daniel-guerrero/robot_ws/build/carla_common/package.xml -> /home/daniel/code/2025-phd-daniel-guerrero/robot_ws/install/carla_common/share/carla_common
[2.138s] Invoked command in '/home/daniel/code/2025-phd-daniel-guerrero/robot_ws/build/carla_common' returned '0': PYTHONPATH=/home/daniel/code/2025-phd-daniel-guerrero/robot_ws/build/carla_common/prefix_override:/usr/lib/python3/dist-packages/colcon_core/task/python/colcon_distutils_commands:/home/daniel/code/2025-phd-daniel-guerrero/robot_ws/install/carla_common/lib/python3.10/site-packages:${PYTHONPATH} /usr/bin/python3 -W ignore:setup.py install is deprecated -W ignore:easy_install command is deprecated setup.py develop --editable --build-directory /home/daniel/code/2025-phd-daniel-guerrero/robot_ws/build/carla_common/build --no-deps symlink_data
